ROS 日志目录：/home/catas/elfin_citrus_data/calibration/dashboard_d455_eye_in_hand_20260811-074913/ros_log
复用当前已运行的 RealSense ROS 节点。
已核验标定相机：model=d455 name=Intel RealSense D455 serial=234222302617 USB=3.2
等待 RGB、对齐深度和机器人关节状态...
已收到 RGB 相机内参：/camera/color/camera_info（第 1 次探测）
已收到 对齐深度：/camera/aligned_depth_to_color/image_raw（第 1 次探测）
已收到 机器人关节状态：/joint_states（第 1 次探测）
连接完成。此工具只读相机与机器人状态，不会发送运动命令。
本终端按 Ctrl+C 将关闭标定、视觉、Panel，并请求机械臂 Servo Off。

(Elfin Eye-in-Hand Calibration:22684): dbind-WARNING **: 07:49:19.349: Couldn't register with accessibility bus: Did not receive a reply. Possible causes include: the remote application did not send a reply, the message bus security policy blocked the reply, the reply timeout expired, or the network connection was broken.
[WARN] [1786434664.198845]: 实体 POINT 本次未形成有效样本：未采集：机械臂尚未静止（近 0.45 s 位置跨度 0.0889 rad）
[WARN] [1786434692.502408]: 实体 POINT 本次未形成有效样本：未采集：与上一姿态太接近（0.2 mm / 0.0 deg），请换视角
[WARN] [1786434718.209549]: 实体 POINT 本次未形成有效样本：未采集：与上一姿态太接近（0.2 mm / 0.0 deg），请换视角
[WARN] [1786434730.022181]: 实体 POINT 本次未形成有效样本：未采集：与上一姿态太接近（0.2 mm / 0.0 deg），请换视角
[WARN] [1786434753.413488]: 实体 POINT 本次未形成有效样本：未采集：与上一姿态太接近（0.2 mm / 0.0 deg），请换视角
[WARN] [1786434841.005807]: 实体 POINT 本次未形成有效样本：未采集：Charuco 角点只有 10 个，至少需要 12 个
[WARN] [1786434849.700977]: 实体 POINT 本次未形成有效样本：未采集：机械臂尚未静止（近 0.45 s 位置跨度 0.1031 rad）
相机标定窗口按键：ENTER/SPACE=采样，U=删除最后一组，S=手动求解，Q=退出。
也可在机械臂静止后按实体 POINT，程序会自动采样。
达到 15 组后会自动求解；通常不需要按键盘 S。
程序不会发送任何机械臂运动、Servo、FREE 或输出命令。
[INFO] [1786434651.096579]: 检测到实体 POINT：等待机械臂静止后采集相机标定样本
[INFO] [1786434651.136543]: 已采集第 1 组；请改变距离和腕部俯仰/偏航后继续
[INFO] [1786434660.198774]: 检测到实体 POINT：等待机械臂静止后采集相机标定样本
[INFO] [1786434680.498566]: 检测到实体 POINT：等待机械臂静止后采集相机标定样本
[INFO] [1786434680.541589]: 已采集第 2 组；请改变距离和腕部俯仰/偏航后继续
[INFO] [1786434684.998178]: 检测到实体 POINT：等待机械臂静止后采集相机标定样本
[INFO] [1786434686.899645]: 检测到实体 POINT：等待机械臂静止后采集相机标定样本
[INFO] [1786434688.498403]: 检测到实体 POINT：等待机械臂静止后采集相机标定样本
[INFO] [1786434711.499153]: 检测到实体 POINT：等待机械臂静止后采集相机标定样本
[INFO] [1786434712.996718]: 检测到实体 POINT：等待机械臂静止后采集相机标定样本
[INFO] [1786434714.197249]: 检测到实体 POINT：等待机械臂静止后采集相机标定样本
[INFO] [1786434723.797115]: 检测到实体 POINT：等待机械臂静止后采集相机标定样本
[INFO] [1786434725.999438]: 检测到实体 POINT：等待机械臂静止后采集相机标定样本
[INFO] [1786434749.396712]: 检测到实体 POINT：等待机械臂静止后采集相机标定样本
[INFO] [1786434759.098752]: 检测到实体 POINT：等待机械臂静止后采集相机标定样本
[INFO] [1786434759.156531]: 已采集第 3 组；请改变距离和腕部俯仰/偏航后继续
[INFO] [1786434765.698981]: 检测到实体 POINT：等待机械臂静止后采集相机标定样本
[INFO] [1786434765.762331]: 已采集第 4 组；请改变距离和腕部俯仰/偏航后继续
[INFO] [1786434775.898637]: 检测到实体 POINT：等待机械臂静止后采集相机标定样本
[INFO] [1786434777.297735]: 检测到实体 POINT：等待机械臂静止后采集相机标定样本
[INFO] [1786434780.899195]: 检测到实体 POINT：等待机械臂静止后采集相机标定样本
[INFO] [1786434780.962134]: 已采集第 5 组；请改变距离和腕部俯仰/偏航后继续
[INFO] [1786434827.396491]: 检测到实体 POINT：等待机械臂静止后采集相机标定样本
[INFO] [1786434827.506974]: 已采集第 6 组；请改变距离和腕部俯仰/偏航后继续
[INFO] [1786434836.999887]: 检测到实体 POINT：等待机械臂静止后采集相机标定样本
[INFO] [1786434845.699577]: 检测到实体 POINT：等待机械臂静止后采集相机标定样本
[INFO] [1786434849.799829]: 检测到实体 POINT：等待机械臂静止后采集相机标定样本
[INFO] [1786434850.868755]: 已采集第 7 组；请改变距离和腕部俯仰/偏航后继续
[INFO] [1786434858.396953]: 检测到实体 POINT：等待机械臂静止后采集相机标定样本
[INFO] [1786434858.456834]: 已采集第 8 组；请改变距离和腕部俯仰/偏航后继续
[INFO] [1786434883.198031]: 检测到实体 POINT：等待机械臂静止后采集相机标定样本
[INFO] [1786434883.280869]: 已采集第 9 组；请改变距离和腕部俯仰/偏航后继续
[INFO] [1786434900.298234]: 检测到实体 POINT：等待机械臂静止后采集相机标定样本
[INFO] [1786434900.364172]: 已采集第 10 组；请改变距离和腕部俯仰/偏航后继续
[INFO] [1786434905.597965]: 检测到实体 POINT：等待机械臂静止后采集相机标定样本
[INFO] [1786434905.653056]: 已采集第 11 组；请改变距离和腕部俯仰/偏航后继续
[INFO] [1786434920.897551]: 检测到实体 POINT：等待机械臂静止后采集相机标定样本
[INFO] [1786434920.970138]: 已采集第 12 组；请改变距离和腕部俯仰/偏航后继续
[INFO] [1786434932.999663]: 检测到实体 POINT：等待机械臂静止后采集相机标定样本
[INFO] [1786434933.144078]: 已采集第 13 组；请改变距离和腕部俯仰/偏航后继续
[INFO] [1786434985.399589]: 检测到实体 POINT：等待机械臂静止后采集相机标定样本
[INFO] [1786434986.996690]: 检测到实体 POINT：等待机械臂静止后采集相机标定样本
[INFO] [1786434987.898462]: 检测到实体 POINT：等待机械臂静止后采集相机标定样本
[INFO] [1786434988.597661]: 检测到实体 POINT：等待机械臂静止后采集相机标定样本
[INFO] [1786434988.798943]: 检测到实体 POINT：等待机械臂静止后采集相机标定样本
[INFO] [1786434989.099537]: 检测到实体 POINT：等待机械臂静止后采集相机标定样本
[INFO] [1786434989.599915]: 检测到实体 POINT：等待机械臂静止后采集相机标定样本
[INFO] [1786434989.799986]: 检测到实体 POINT：等待机械臂静止后采集相机标定样本
[INFO] [1786434990.099795]: 检测到实体 POINT：等待机械臂静止后采集相机标定样本
[INFO] [1786434990.298202]: 检测到实体 POINT：等待机械臂静止后采集相机标定样本
[INFO] [1786434990.797429]: 检测到实体 POINT：等待机械臂静止后采集相机标定样本
[INFO] [1786434991.298194]: 检测到实体 POINT：等待机械臂静止后采集相机标定样本
[INFO] [1786434994.598867]: 检测到实体 POINT：等待机械臂静止后采集相机标定样本
[INFO] [1786434995.000062]: 检测到实体 POINT：等待机械臂静止后采集相机标定样本
[INFO] [1786434995.399418]: 检测到实体 POINT：等待机械臂静止后采集相机标定样本
[INFO] [1786434995.719481]: 已采集第 14 组；请改变距离和腕部俯仰/偏航后继续
[INFO] [1786435097.581574]: 已采集第 15 组；请改变距离和腕部俯仰/偏航后继续
[INFO] [1786435097.609933]: 候选已生成：质量通过；留出误差最大 4.6 mm / 2.08 deg；已备份旧配置并安装到 live

候选已生成：质量通过；留出误差最大 4.6 mm / 2.08 deg；已备份旧配置并安装到 live
候选文件：/home/catas/elfin_citrus_data/calibration/dashboard_d455_eye_in_hand_20260811-074913/camera_to_robot_candidate.yaml
样本文件：/home/catas/elfin_citrus_data/calibration/dashboard_d455_eye_in_hand_20260811-074913/samples.yaml
[INFO] [1786435213.761836]: 已采集第 16 组；请改变距离和腕部俯仰/偏航后继续
[INFO] [1786435213.802088]: 候选已生成：质量通过；留出误差最大 3.3 mm / 1.69 deg；已备份旧配置并安装到 live

候选已生成：质量通过；留出误差最大 3.3 mm / 1.69 deg；已备份旧配置并安装到 live
候选文件：/home/catas/elfin_citrus_data/calibration/dashboard_d455_eye_in_hand_20260811-074913/camera_to_robot_candidate.yaml
样本文件：/home/catas/elfin_citrus_data/calibration/dashboard_d455_eye_in_hand_20260811-074913/samples.yaml
标定采集已退出。数据目录：/home/catas/elfin_citrus_data/calibration/dashboard_d455_eye_in_hand_20260811-074913
A complete Elfin shutdown is already running; this terminal may exit.
