Starting isolated D455 motion stream without reset.
[0m[INFO] [1786496705.855841718]: Initializing nodelet with 32 worker threads.[0m
[0m[INFO] [1786496705.909325433]: RealSense ROS v2.3.2[0m
[0m[INFO] [1786496705.909343598]: Built with LibRealSense v2.55.1[0m
[0m[INFO] [1786496705.909349370]: Running with LibRealSense v2.55.1[0m
[0m[INFO] [1786496705.927802493]:  [0m
[0m[INFO] [1786496705.936191223]: Device with serial number 234222302617 was found.
[0m
[0m[INFO] [1786496705.936218503]: Device with physical ID /sys/devices/pci0000:00/0000:00:14.0/usb2/2-3/2-3:1.0/video4linux/video0 was found.[0m
[0m[INFO] [1786496705.936227676]: Device with name Intel RealSense D455 was found.[0m
[0m[INFO] [1786496705.936471160]: Device with port number 2-3 was found.[0m
[0m[INFO] [1786496705.936492986]: Device USB type: 3.2[0m
[0m[INFO] [1786496705.937983442]: getParameters...[0m
[0m[INFO] [1786496705.977999289]: setupDevice...[0m
[0m[INFO] [1786496705.978024245]: JSON file is not provided[0m
[0m[INFO] [1786496705.978041861]: ROS Node Namespace: camera_imu[0m
[0m[INFO] [1786496705.978053937]: Device Name: Intel RealSense D455[0m
[0m[INFO] [1786496705.978075176]: Device Serial No: 234222302617[0m
[0m[INFO] [1786496705.978087609]: Device physical port: /sys/devices/pci0000:00/0000:00:14.0/usb2/2-3/2-3:1.0/video4linux/video0[0m
[0m[INFO] [1786496705.978098263]: Device FW version: 5.17.3.10[0m
[0m[INFO] [1786496705.978108985]: Device Product ID: 0x0B5C[0m
[0m[INFO] [1786496705.978118625]: Enable PointCloud: Off[0m
[0m[INFO] [1786496705.978128503]: Align Depth: Off[0m
[0m[INFO] [1786496705.978138972]: Sync Mode: Off[0m
[0m[INFO] [1786496705.978166352]: Device Sensors: [0m
[0m[INFO] [1786496705.983456743]: Stereo Module was found.[0m
[0m[INFO] [1786496705.987459450]: RGB Camera was found.[0m
[0m[INFO] [1786496705.987669845]: Motion Module was found.[0m
[0m[INFO] [1786496705.987702891]: num_filters: 0[0m
[0m[INFO] [1786496705.987720801]: Setting Dynamic reconfig parameters.[0m
[0m[INFO] [1786496706.018399678]: Done Setting Dynamic reconfig parameters.[0m
[0m[INFO] [1786496706.018466864]: gyro stream is enabled - fps: 200[0m
[0m[INFO] [1786496706.018471391]: accel stream is enabled - fps: 100[0m
[0m[INFO] [1786496706.018477601]: setupPublishers...[0m
[0m[INFO] [1786496706.019320000]: setupStreams...[0m
 12/08 01:05:06,019 WARNING [140220938503936] (ds-calib-parsers.cpp:35) IMU Calibration is not available, default intrinsic and extrinsic will be used.
[0m[INFO] [1786496706.020414882]: SELECTED BASE:Depth, 0[0m
[0m[INFO] [1786496706.021177554]: RealSense Node Is Up![0m
[33m[WARN] [1786496706.131636975]: [0m
D455 motion stream ready: /camera_imu/gyro/sample + /camera_imu/accel/sample
[0m[INFO] [1786496709.315314521]: Initializing nodelet with 32 worker threads.[0m
[0m[INFO] [1786496709.362134416]: RealSense ROS v2.3.2[0m
[0m[INFO] [1786496709.362153150]: Built with LibRealSense v2.55.1[0m
[0m[INFO] [1786496709.362158943]: Running with LibRealSense v2.55.1[0m
[0m[INFO] [1786496709.382853949]:  [0m
[0m[INFO] [1786496709.390981190]: Device with serial number 234222302617 was found.
[0m
[0m[INFO] [1786496709.391010206]: Device with physical ID /sys/devices/pci0000:00/0000:00:14.0/usb2/2-3/2-3:1.0/video4linux/video0 was found.[0m
[0m[INFO] [1786496709.391020733]: Device with name Intel RealSense D455 was found.[0m
[0m[INFO] [1786496709.391224972]: Device with port number 2-3 was found.[0m
[0m[INFO] [1786496709.391251100]: Device USB type: 3.2[0m
[0m[INFO] [1786496709.392611641]: getParameters...[0m
[0m[INFO] [1786496709.417760016]: setupDevice...[0m
[0m[INFO] [1786496709.417785408]: JSON file is not provided[0m
[0m[INFO] [1786496709.417795705]: ROS Node Namespace: camera[0m
[0m[INFO] [1786496709.417807250]: Device Name: Intel RealSense D455[0m
[0m[INFO] [1786496709.417819255]: Device Serial No: 234222302617[0m
[0m[INFO] [1786496709.417829619]: Device physical port: /sys/devices/pci0000:00/0000:00:14.0/usb2/2-3/2-3:1.0/video4linux/video0[0m
[0m[INFO] [1786496709.417839037]: Device FW version: 5.17.3.10[0m
[0m[INFO] [1786496709.417848018]: Device Product ID: 0x0B5C[0m
[0m[INFO] [1786496709.417856728]: Enable PointCloud: On[0m
[0m[INFO] [1786496709.417867124]: Align Depth: On[0m
[0m[INFO] [1786496709.417882401]: Sync Mode: On[0m
[0m[INFO] [1786496709.417918344]: Device Sensors: [0m
[0m[INFO] [1786496709.423404620]: Stereo Module was found.[0m
[0m[INFO] [1786496709.426933714]: RGB Camera was found.[0m
[0m[INFO] [1786496709.427066878]: Motion Module was found.[0m
[0m[INFO] [1786496709.427111056]: Add Filter: pointcloud[0m
[0m[INFO] [1786496709.427169570]: num_filters: 2[0m
[0m[INFO] [1786496709.427183668]: Setting Dynamic reconfig parameters.[0m
[0m[INFO] [1786496709.478846262]: Done Setting Dynamic reconfig parameters.[0m
[0m[INFO] [1786496709.479286406]: depth stream is enabled - width: 640, height: 480, fps: 5, Format: Z16[0m
[0m[INFO] [1786496709.479667108]: color stream is enabled - width: 640, height: 480, fps: 15, Format: RGB8[0m
[0m[INFO] [1786496709.480565208]: setupPublishers...[0m
[0m[INFO] [1786496709.484719642]: Expected frequency for depth = 5.00000[0m
[0m[INFO] [1786496709.506034039]: Expected frequency for color = 15.00000[0m
[0m[INFO] [1786496709.519140981]: Expected frequency for aligned_depth_to_color = 15.00000[0m
[0m[INFO] [1786496709.532209495]: setupStreams...[0m
[0m[INFO] [1786496709.562687791]: SELECTED BASE:Depth, 0[0m
[0m[INFO] [1786496709.565182426]: RealSense Node Is Up![0m
[33m[WARN] [1786496710.127883015]: [0m
[0m[INFO] [1786496710.137432446]: publishing unordered pointcloud.[0m
[INFO] [1786496709.644400]: RGB-D vision status: starting:model_loading
[INFO] [1786496709.738215]: Loaded ONNX citrus model /home/catas/elfin_citrus_data/models/yolo26n_seg_converged_20260806/yolo26n_citrus_tree_best.onnx; classes={0: 'citrus', 1: 'tree'}; providers=['CPUExecutionProvider']
[INFO] [1786496709.739267]: Citrus model loading finished in 0.08 s: model_ready:onnxruntime
[INFO] [1786496715.024723]: RGB-D vision status: model_ready:onnxruntime targets:1 depth:1 tf:1 semantic_masks:4
[INFO] [1786496720.036259]: RGB-D vision status: model_ready:onnxruntime targets:1 depth:1 tf:1 semantic_masks:3
[INFO] [1786496730.232361]: RGB-D vision status: model_ready:onnxruntime targets:2 depth:2 tf:2 semantic_masks:3
[INFO] [1786496735.584333]: RGB-D vision status: model_ready:onnxruntime targets:1 depth:1 tf:1 semantic_masks:3
[INFO] [1786496741.177668]: RGB-D vision status: model_ready:onnxruntime targets:1 depth:1 tf:1 semantic_masks:3
[INFO] [1786496746.596110]: RGB-D vision status: model_ready:onnxruntime targets:1 depth:1 tf:1 semantic_masks:3
[INFO] [1786496752.609558]: RGB-D vision status: model_ready:onnxruntime targets:2 depth:2 tf:2 semantic_masks:3
[INFO] [1786496775.012567]: RGB-D vision status: model_ready:onnxruntime targets:1 depth:1 tf:1 semantic_masks:4
[INFO] [1786496820.425348]: RGB-D vision status: model_ready:onnxruntime targets:1 depth:1 tf:1 semantic_masks:4
[INFO] [1786496830.785637]: RGB-D vision status: model_ready:onnxruntime targets:1 depth:1 tf:1 semantic_masks:4
[INFO] [1786496855.413969]: RGB-D vision status: model_ready:onnxruntime targets:1 depth:1 tf:1 semantic_masks:4
[INFO] [1786496861.014897]: RGB-D vision status: model_ready:onnxruntime targets:1 depth:1 tf:1 semantic_masks:4
[INFO] [1786496867.031886]: RGB-D vision status: model_ready:onnxruntime targets:1 depth:1 tf:1 semantic_masks:4
[INFO] [1786496875.625211]: RGB-D vision status: model_ready:onnxruntime targets:1 depth:1 tf:1 semantic_masks:4
[INFO] [1786496883.266641]: RGB-D vision status: model_ready:onnxruntime targets:1 depth:1 tf:1 semantic_masks:4
[INFO] [1786496888.595345]: RGB-D vision status: model_ready:onnxruntime targets:1 depth:1 tf:1 semantic_masks:4
[INFO] [1786496893.604035]: RGB-D vision status: model_ready:onnxruntime targets:1 depth:1 tf:1 semantic_masks:4
[INFO] [1786496936.600321]: RGB-D vision status: model_ready:onnxruntime targets:1 depth:1 tf:1 semantic_masks:4
[INFO] [1786496954.048353]: RGB-D vision status: model_ready:onnxruntime targets:1 depth:1 tf:0 semantic_masks:3
[INFO] [1786496982.970980]: RGB-D vision status: model_ready:onnxruntime targets:1 depth:1 tf:1 semantic_masks:4
[INFO] [1786497021.417688]: RGB-D vision status: model_ready:onnxruntime targets:1 depth:1 tf:1 semantic_masks:4
[INFO] [1786497044.006903]: RGB-D vision status: model_ready:onnxruntime targets:1 depth:1 tf:1 semantic_masks:4
[INFO] [1786497053.599009]: RGB-D vision status: model_ready:onnxruntime targets:1 depth:1 tf:1 semantic_masks:4
[INFO] [1786497063.210311]: RGB-D vision status: model_ready:onnxruntime targets:1 depth:1 tf:1 semantic_masks:2
[INFO] [1786497078.781066]: RGB-D vision status: model_ready:onnxruntime targets:1 depth:1 tf:1 semantic_masks:2
[INFO] [1786497117.571814]: RGB-D vision status: model_ready:onnxruntime targets:1 depth:1 tf:1 semantic_masks:4
[INFO] [1786497122.800724]: RGB-D vision status: model_ready:onnxruntime targets:1 depth:1 tf:1 semantic_masks:2
[INFO] [1786497137.593368]: RGB-D vision status: model_ready:onnxruntime targets:1 depth:1 tf:1 semantic_masks:4
[INFO] [1786497144.377214]: RGB-D vision status: model_ready:onnxruntime targets:1 depth:1 tf:1 semantic_masks:4
[INFO] [1786497162.596593]: RGB-D vision status: model_ready:onnxruntime targets:1 depth:1 tf:1 semantic_masks:4
[INFO] [1786497178.221687]: RGB-D vision status: model_ready:onnxruntime targets:1 depth:1 tf:1 semantic_masks:4
[INFO] [1786497186.169299]: RGB-D vision status: model_ready:onnxruntime targets:1 depth:1 tf:1 semantic_masks:4
[INFO] [1786497196.159661]: RGB-D vision status: model_ready:onnxruntime targets:1 depth:1 tf:1 semantic_masks:2
[INFO] [1786497218.391391]: RGB-D vision status: model_ready:onnxruntime targets:1 depth:1 tf:1 semantic_masks:2
[INFO] [1786497223.793015]: RGB-D vision status: model_ready:onnxruntime targets:1 depth:1 tf:1 semantic_masks:4
[INFO] [1786497237.786963]: RGB-D vision status: model_ready:onnxruntime targets:1 depth:1 tf:1 semantic_masks:4
[INFO] [1786497251.213725]: RGB-D vision status: model_ready:onnxruntime targets:1 depth:1 tf:1 semantic_masks:4
[INFO] [1786497281.588512]: RGB-D vision status: model_ready:onnxruntime targets:1 depth:1 tf:1 semantic_masks:2
[INFO] [1786497305.768079]: RGB-D vision status: model_ready:onnxruntime targets:1 depth:1 tf:1 semantic_masks:4
[INFO] [1786497311.380955]: RGB-D vision status: model_ready:onnxruntime targets:1 depth:1 tf:1 semantic_masks:4
[INFO] [1786497381.204281]: RGB-D vision status: model_ready:onnxruntime targets:1 depth:1 tf:1 semantic_masks:2
[INFO] [1786497405.807002]: RGB-D vision status: model_ready:onnxruntime targets:1 depth:1 tf:1 semantic_masks:4
[INFO] [1786497443.963461]: RGB-D vision status: model_ready:onnxruntime targets:2 depth:2 tf:2 semantic_masks:3
[INFO] [1786497472.178383]: RGB-D vision status: model_ready:onnxruntime targets:1 depth:1 tf:1 semantic_masks:4
[INFO] [1786497483.002672]: RGB-D vision status: model_ready:onnxruntime targets:1 depth:1 tf:1 semantic_masks:2
[INFO] [1786497506.157834]: RGB-D vision status: model_ready:onnxruntime targets:2 depth:1 tf:1 semantic_masks:4
[INFO] [1786497512.942680]: RGB-D vision status: model_ready:onnxruntime targets:1 depth:1 tf:1 semantic_masks:2
[INFO] [1786497575.963930]: RGB-D vision status: model_ready:onnxruntime targets:1 depth:1 tf:1 semantic_masks:4
[INFO] [1786497603.955122]: RGB-D vision status: model_ready:onnxruntime targets:1 depth:1 tf:1 semantic_masks:4
[INFO] [1786497610.764032]: RGB-D vision status: model_ready:onnxruntime targets:1 depth:1 tf:1 semantic_masks:4
[INFO] [1786497618.576369]: RGB-D vision status: model_ready:onnxruntime targets:1 depth:1 tf:1 semantic_masks:2
[INFO] [1786497628.390467]: RGB-D vision status: model_ready:onnxruntime targets:1 depth:1 tf:1 semantic_masks:4
[INFO] [1786497648.964830]: RGB-D vision status: model_ready:onnxruntime targets:1 depth:1 tf:1 semantic_masks:4
... logging to /home/catas/.ros/log/28eebb68-95e6-11f1-bce8-c4c6e661f1ab/roslaunch-catas-15083.log
Checking log directory for disk usage. This may take a while.
Press Ctrl-C to interrupt
Done checking log file disk usage. Usage is <1GB.
]2;/home/catas/ros_ws/src/elfin_vision/launch/citrus_imu.launch
[1mstarted roslaunch server http://127.0.0.1:36411/[0m

SUMMARY
========

PARAMETERS
 * /camera_imu/realsense2_camera/accel_fps: 100
 * /camera_imu/realsense2_camera/accel_frame_id: camera_accel_frame
 * /camera_imu/realsense2_camera/accel_optical_frame_id: camera_accel_opti...
 * /camera_imu/realsense2_camera/align_depth: False
 * /camera_imu/realsense2_camera/aligned_depth_to_color_frame_id: camera_aligned_de...
 * /camera_imu/realsense2_camera/aligned_depth_to_fisheye1_frame_id: camera_aligned_de...
 * /camera_imu/realsense2_camera/aligned_depth_to_fisheye2_frame_id: camera_aligned_de...
 * /camera_imu/realsense2_camera/aligned_depth_to_fisheye_frame_id: camera_aligned_de...
 * /camera_imu/realsense2_camera/aligned_depth_to_infra1_frame_id: camera_aligned_de...
 * /camera_imu/realsense2_camera/aligned_depth_to_infra2_frame_id: camera_aligned_de...
 * /camera_imu/realsense2_camera/allow_no_texture_points: False
 * /camera_imu/realsense2_camera/base_frame_id: camera_link
 * /camera_imu/realsense2_camera/calib_odom_file: 
 * /camera_imu/realsense2_camera/clip_distance: -2.0
 * /camera_imu/realsense2_camera/color_fps: -1
 * /camera_imu/realsense2_camera/color_frame_id: camera_color_frame
 * /camera_imu/realsense2_camera/color_height: -1
 * /camera_imu/realsense2_camera/color_optical_frame_id: camera_color_opti...
 * /camera_imu/realsense2_camera/color_width: -1
 * /camera_imu/realsense2_camera/confidence_fps: -1
 * /camera_imu/realsense2_camera/confidence_height: -1
 * /camera_imu/realsense2_camera/confidence_width: -1
 * /camera_imu/realsense2_camera/depth_fps: -1
 * /camera_imu/realsense2_camera/depth_frame_id: camera_depth_frame
 * /camera_imu/realsense2_camera/depth_height: -1
 * /camera_imu/realsense2_camera/depth_optical_frame_id: camera_depth_opti...
 * /camera_imu/realsense2_camera/depth_width: -1
 * /camera_imu/realsense2_camera/device_type: d455
 * /camera_imu/realsense2_camera/enable_accel: True
 * /camera_imu/realsense2_camera/enable_color: False
 * /camera_imu/realsense2_camera/enable_confidence: False
 * /camera_imu/realsense2_camera/enable_depth: False
 * /camera_imu/realsense2_camera/enable_fisheye1: False
 * /camera_imu/realsense2_camera/enable_fisheye2: False
 * /camera_imu/realsense2_camera/enable_fisheye: False
 * /camera_imu/realsense2_camera/enable_gyro: True
 * /camera_imu/realsense2_camera/enable_infra1: False
 * /camera_imu/realsense2_camera/enable_infra2: False
 * /camera_imu/realsense2_camera/enable_infra: False
 * /camera_imu/realsense2_camera/enable_pointcloud: False
 * /camera_imu/realsense2_camera/enable_pose: False
 * /camera_imu/realsense2_camera/enable_sync: False
 * /camera_imu/realsense2_camera/filters: 
 * /camera_imu/realsense2_camera/fisheye1_frame_id: camera_fisheye1_f...
 * /camera_imu/realsense2_camera/fisheye1_optical_frame_id: camera_fisheye1_o...
 * /camera_imu/realsense2_camera/fisheye2_frame_id: camera_fisheye2_f...
 * /camera_imu/realsense2_camera/fisheye2_optical_frame_id: camera_fisheye2_o...
 * /camera_imu/realsense2_camera/fisheye_fps: -1
 * /camera_imu/realsense2_camera/fisheye_frame_id: camera_fisheye_frame
 * /camera_imu/realsense2_camera/fisheye_height: -1
 * /camera_imu/realsense2_camera/fisheye_optical_frame_id: camera_fisheye_op...
 * /camera_imu/realsense2_camera/fisheye_width: -1
 * /camera_imu/realsense2_camera/gyro_fps: 200
 * /camera_imu/realsense2_camera/gyro_frame_id: camera_gyro_frame
 * /camera_imu/realsense2_camera/gyro_optical_frame_id: camera_gyro_optic...
 * /camera_imu/realsense2_camera/imu_optical_frame_id: camera_imu_optica...
 * /camera_imu/realsense2_camera/infra1_frame_id: camera_infra1_frame
 * /camera_imu/realsense2_camera/infra1_optical_frame_id: camera_infra1_opt...
 * /camera_imu/realsense2_camera/infra2_frame_id: camera_infra2_frame
 * /camera_imu/realsense2_camera/infra2_optical_frame_id: camera_infra2_opt...
 * /camera_imu/realsense2_camera/infra_fps: 30
 * /camera_imu/realsense2_camera/infra_height: 480
 * /camera_imu/realsense2_camera/infra_rgb: False
 * /camera_imu/realsense2_camera/infra_width: 848
 * /camera_imu/realsense2_camera/initial_reset: False
 * /camera_imu/realsense2_camera/json_file_path: 
 * /camera_imu/realsense2_camera/linear_accel_cov: 0.01
 * /camera_imu/realsense2_camera/odom_frame_id: camera_odom_frame
 * /camera_imu/realsense2_camera/ordered_pc: False
 * /camera_imu/realsense2_camera/pointcloud_texture_index: 0
 * /camera_imu/realsense2_camera/pointcloud_texture_stream: RS2_STREAM_COLOR
 * /camera_imu/realsense2_camera/pose_frame_id: camera_pose_frame
 * /camera_imu/realsense2_camera/pose_optical_frame_id: camera_pose_optic...
 * /camera_imu/realsense2_camera/publish_odom_tf: True
 * /camera_imu/realsense2_camera/publish_tf: False
 * /camera_imu/realsense2_camera/reconnect_timeout: 10.0
 * /camera_imu/realsense2_camera/rosbag_filename: 
 * /camera_imu/realsense2_camera/serial_no: 234222302617
 * /camera_imu/realsense2_camera/stereo_module/exposure/1: 7500
 * /camera_imu/realsense2_camera/stereo_module/exposure/2: 1
 * /camera_imu/realsense2_camera/stereo_module/gain/1: 16
 * /camera_imu/realsense2_camera/stereo_module/gain/2: 16
 * /camera_imu/realsense2_camera/tf_publish_rate: 0.0
 * /camera_imu/realsense2_camera/topic_odom_in: odom_in
 * /camera_imu/realsense2_camera/unite_imu_method: none
 * /camera_imu/realsense2_camera/usb_port_id: 2-3
 * /camera_imu/realsense2_camera/wait_for_device_timeout: 15.0
 * /rosdistro: noetic
 * /rosversion: 1.17.4

NODES
  /camera_imu/
    realsense2_camera (nodelet/nodelet)
    realsense2_camera_imu_manager (nodelet/nodelet)

[1mROS_MASTER_URI=http://127.0.0.1:11311[0m
]2;/home/catas/ros_ws/src/elfin_vision/launch/citrus_imu.launch http://127.0.0.1:11311
[1mprocess[camera_imu/realsense2_camera_imu_manager-1]: started with pid [15186][0m
[1mprocess[camera_imu/realsense2_camera-2]: started with pid [15187][0m
[camera_imu/realsense2_camera-2] killing on exit
[camera_imu/realsense2_camera_imu_manager-1] killing on exit
shutting down processing monitor...
... shutting down processing monitor complete
[1mdone[0m
