Starting isolated D455 motion stream without reset.
[0m[INFO] [1786534821.090982178]: Initializing nodelet with 32 worker threads.[0m
[0m[INFO] [1786534821.148071347]: RealSense ROS v2.3.2[0m
[0m[INFO] [1786534821.148095052]: Built with LibRealSense v2.55.1[0m
[0m[INFO] [1786534821.148106664]: Running with LibRealSense v2.55.1[0m
[0m[INFO] [1786534821.167963440]:  [0m
[0m[INFO] [1786534821.177382455]: Device with serial number 234222302617 was found.
[0m
[0m[INFO] [1786534821.177409798]: Device with physical ID /sys/devices/pci0000:00/0000:00:14.0/usb2/2-3/2-3:1.0/video4linux/video0 was found.[0m
[0m[INFO] [1786534821.177422877]: Device with name Intel RealSense D455 was found.[0m
[0m[INFO] [1786534821.177661464]: Device with port number 2-3 was found.[0m
[0m[INFO] [1786534821.177692689]: Device USB type: 3.2[0m
[0m[INFO] [1786534821.178606926]: getParameters...[0m
[0m[INFO] [1786534821.203289677]: setupDevice...[0m
[0m[INFO] [1786534821.203303338]: JSON file is not provided[0m
[0m[INFO] [1786534821.203308440]: ROS Node Namespace: camera_imu[0m
[0m[INFO] [1786534821.203322166]: Device Name: Intel RealSense D455[0m
[0m[INFO] [1786534821.203328135]: Device Serial No: 234222302617[0m
[0m[INFO] [1786534821.203334984]: Device physical port: /sys/devices/pci0000:00/0000:00:14.0/usb2/2-3/2-3:1.0/video4linux/video0[0m
[0m[INFO] [1786534821.203341236]: Device FW version: 5.17.3.10[0m
[0m[INFO] [1786534821.203347296]: Device Product ID: 0x0B5C[0m
[0m[INFO] [1786534821.203352913]: Enable PointCloud: Off[0m
[0m[INFO] [1786534821.203369665]: Align Depth: Off[0m
[0m[INFO] [1786534821.203376065]: Sync Mode: Off[0m
[0m[INFO] [1786534821.203391687]: Device Sensors: [0m
[0m[INFO] [1786534821.208098727]: Stereo Module was found.[0m
[0m[INFO] [1786534821.212810492]: RGB Camera was found.[0m
[0m[INFO] [1786534821.212970367]: Motion Module was found.[0m
[0m[INFO] [1786534821.212992759]: num_filters: 0[0m
[0m[INFO] [1786534821.213006615]: Setting Dynamic reconfig parameters.[0m
[0m[INFO] [1786534821.236802787]: Done Setting Dynamic reconfig parameters.[0m
[0m[INFO] [1786534821.236887726]: gyro stream is enabled - fps: 200[0m
[0m[INFO] [1786534821.236901211]: accel stream is enabled - fps: 100[0m
[0m[INFO] [1786534821.236912396]: setupPublishers...[0m
[0m[INFO] [1786534821.238122078]: setupStreams...[0m
 12/08 11:40:21,238 WARNING [140408896984832] (ds-calib-parsers.cpp:35) IMU Calibration is not available, default intrinsic and extrinsic will be used.
[0m[INFO] [1786534821.239579076]: SELECTED BASE:Depth, 0[0m
[0m[INFO] [1786534821.240626562]: RealSense Node Is Up![0m
[33m[WARN] [1786534821.351624720]: [0m
D455 motion stream ready: /camera_imu/gyro/sample + /camera_imu/accel/sample
... logging to /home/catas/.ros/log/d297ef9a-9622-11f1-bce8-c4c6e661f1ab/roslaunch-catas-1378.log
Checking log directory for disk usage. This may take a while.
Press Ctrl-C to interrupt
Done checking log file disk usage. Usage is <1GB.
]2;/home/catas/ros_ws/src/elfin_vision/launch/citrus_sensor_runtime.launch
[1mstarted roslaunch server http://127.0.0.1:32817/[0m

SUMMARY
========

PARAMETERS
 * /camera/realsense2_camera/accel_fps: 100
 * /camera/realsense2_camera/accel_frame_id: camera_accel_frame
 * /camera/realsense2_camera/accel_optical_frame_id: camera_accel_opti...
 * /camera/realsense2_camera/align_depth: True
 * /camera/realsense2_camera/aligned_depth_to_color_frame_id: camera_aligned_de...
 * /camera/realsense2_camera/aligned_depth_to_fisheye1_frame_id: camera_aligned_de...
 * /camera/realsense2_camera/aligned_depth_to_fisheye2_frame_id: camera_aligned_de...
 * /camera/realsense2_camera/aligned_depth_to_fisheye_frame_id: camera_aligned_de...
 * /camera/realsense2_camera/aligned_depth_to_infra1_frame_id: camera_aligned_de...
 * /camera/realsense2_camera/aligned_depth_to_infra2_frame_id: camera_aligned_de...
 * /camera/realsense2_camera/allow_no_texture_points: False
 * /camera/realsense2_camera/base_frame_id: camera_link
 * /camera/realsense2_camera/calib_odom_file: 
 * /camera/realsense2_camera/clip_distance: -2.0
 * /camera/realsense2_camera/color_fps: 15
 * /camera/realsense2_camera/color_frame_id: camera_color_frame
 * /camera/realsense2_camera/color_height: 480
 * /camera/realsense2_camera/color_optical_frame_id: camera_color_opti...
 * /camera/realsense2_camera/color_width: 640
 * /camera/realsense2_camera/confidence_fps: -1
 * /camera/realsense2_camera/confidence_height: -1
 * /camera/realsense2_camera/confidence_width: -1
 * /camera/realsense2_camera/depth_fps: 5
 * /camera/realsense2_camera/depth_frame_id: camera_depth_frame
 * /camera/realsense2_camera/depth_height: 480
 * /camera/realsense2_camera/depth_optical_frame_id: camera_depth_opti...
 * /camera/realsense2_camera/depth_width: 640
 * /camera/realsense2_camera/device_type: d455
 * /camera/realsense2_camera/enable_accel: False
 * /camera/realsense2_camera/enable_color: True
 * /camera/realsense2_camera/enable_confidence: False
 * /camera/realsense2_camera/enable_depth: True
 * /camera/realsense2_camera/enable_fisheye1: False
 * /camera/realsense2_camera/enable_fisheye2: False
 * /camera/realsense2_camera/enable_fisheye: False
 * /camera/realsense2_camera/enable_gyro: False
 * /camera/realsense2_camera/enable_infra1: False
 * /camera/realsense2_camera/enable_infra2: False
 * /camera/realsense2_camera/enable_infra: False
 * /camera/realsense2_camera/enable_pointcloud: True
 * /camera/realsense2_camera/enable_pose: False
 * /camera/realsense2_camera/enable_sync: False
 * /camera/realsense2_camera/filters: 
 * /camera/realsense2_camera/fisheye1_frame_id: camera_fisheye1_f...
 * /camera/realsense2_camera/fisheye1_optical_frame_id: camera_fisheye1_o...
 * /camera/realsense2_camera/fisheye2_frame_id: camera_fisheye2_f...
 * /camera/realsense2_camera/fisheye2_optical_frame_id: camera_fisheye2_o...
 * /camera/realsense2_camera/fisheye_fps: -1
 * /camera/realsense2_camera/fisheye_frame_id: camera_fisheye_frame
 * /camera/realsense2_camera/fisheye_height: -1
 * /camera/realsense2_camera/fisheye_optical_frame_id: camera_fisheye_op...
 * /camera/realsense2_camera/fisheye_width: -1
 * /camera/realsense2_camera/gyro_fps: 200
 * /camera/realsense2_camera/gyro_frame_id: camera_gyro_frame
 * /camera/realsense2_camera/gyro_optical_frame_id: camera_gyro_optic...
 * /camera/realsense2_camera/imu_optical_frame_id: camera_imu_optica...
 * /camera/realsense2_camera/infra1_frame_id: camera_infra1_frame
 * /camera/realsense2_camera/infra1_optical_frame_id: camera_infra1_opt...
 * /camera/realsense2_camera/infra2_frame_id: camera_infra2_frame
 * /camera/realsense2_camera/infra2_optical_frame_id: camera_infra2_opt...
 * /camera/realsense2_camera/infra_fps: 30
 * /camera/realsense2_camera/infra_height: 480
 * /camera/realsense2_camera/infra_rgb: False
 * /camera/realsense2_camera/infra_width: 848
 * /camera/realsense2_camera/initial_reset: False
 * /camera/realsense2_camera/json_file_path: 
 * /camera/realsense2_camera/linear_accel_cov: 0.01
 * /camera/realsense2_camera/odom_frame_id: camera_odom_frame
 * /camera/realsense2_camera/ordered_pc: False
 * /camera/realsense2_camera/pointcloud_texture_index: 0
 * /camera/realsense2_camera/pointcloud_texture_stream: RS2_STREAM_ANY
 * /camera/realsense2_camera/pose_frame_id: camera_pose_frame
 * /camera/realsense2_camera/pose_optical_frame_id: camera_pose_optic...
 * /camera/realsense2_camera/publish_odom_tf: True
 * /camera/realsense2_camera/publish_tf: True
 * /camera/realsense2_camera/reconnect_timeout: 6.0
 * /camera/realsense2_camera/rosbag_filename: 
 * /camera/realsense2_camera/serial_no: 234222302617
 * /camera/realsense2_camera/stereo_module/exposure/1: 7500
 * /camera/realsense2_camera/stereo_module/exposure/2: 1
 * /camera/realsense2_camera/stereo_module/gain/1: 16
 * /camera/realsense2_camera/stereo_module/gain/2: 16
 * /camera/realsense2_camera/tf_publish_rate: 0.0
 * /camera/realsense2_camera/topic_odom_in: odom_in
 * /camera/realsense2_camera/unite_imu_method: none
 * /camera/realsense2_camera/usb_port_id: 2-3
 * /camera/realsense2_camera/wait_for_device_timeout: 8.0
 * /elfin_vision/citrus_rgbd_node/backend: onnxruntime
 * /elfin_vision/citrus_rgbd_node/citrus_circle_minimum_arc_deg: 80.0
 * /elfin_vision/citrus_rgbd_node/citrus_circle_minimum_inlier_ratio: 0.3
 * /elfin_vision/citrus_rgbd_node/citrus_circle_residual_px: 2.5
 * /elfin_vision/citrus_rgbd_node/citrus_merge_depth_tolerance_m: 0.025
 * /elfin_vision/citrus_rgbd_node/citrus_merge_gap_radius_ratio: 0.45
 * /elfin_vision/citrus_rgbd_node/citrus_polar_radius_max_m: 0.025
 * /elfin_vision/citrus_rgbd_node/citrus_polar_radius_min_m: 0.022
 * /elfin_vision/citrus_rgbd_node/citrus_radius_max_m: 0.033
 * /elfin_vision/citrus_rgbd_node/citrus_radius_min_m: 0.022
 * /elfin_vision/citrus_rgbd_node/class_names/0: citrus
 * /elfin_vision/citrus_rgbd_node/class_names/1: tree
 * /elfin_vision/citrus_rgbd_node/confidence: 0.35
 * /elfin_vision/citrus_rgbd_node/depth_max_m: 4.0
 * /elfin_vision/citrus_rgbd_node/depth_min_m: 0.2
 * /elfin_vision/citrus_rgbd_node/depth_min_samples: 20
 * /elfin_vision/citrus_rgbd_node/depth_pair_maximum_age_s: 0.35
 * /elfin_vision/citrus_rgbd_node/depth_pair_maximum_delta_s: 0.04
 * /elfin_vision/citrus_rgbd_node/device: auto
 * /elfin_vision/citrus_rgbd_node/engine_path: 
 * /elfin_vision/citrus_rgbd_node/engine_sha256: 
 * /elfin_vision/citrus_rgbd_node/image_size: 640
 * /elfin_vision/citrus_rgbd_node/inference_queue_size: 12
 * /elfin_vision/citrus_rgbd_node/inference_request_match_slop_s: 0.002
 * /elfin_vision/citrus_rgbd_node/iou: 0.45
 * /elfin_vision/citrus_rgbd_node/max_inference_hz: 8.0
 * /elfin_vision/citrus_rgbd_node/model_path: /home/catas/elfin...
 * /elfin_vision/citrus_rgbd_node/model_repo: 
 * /elfin_vision/citrus_rgbd_node/model_sha256: 371c56e82f2452cc9...
 * /elfin_vision/citrus_rgbd_node/publish_annotated_image: False
 * /elfin_vision/citrus_rgbd_node/remote_preferred: False
 * /elfin_vision/citrus_rgbd_node/remote_timeout_s: 0.8
 * /elfin_vision/citrus_rgbd_node/remote_token_file: /home/catas/.conf...
 * /elfin_vision/citrus_rgbd_node/remote_url: http://aiseon.loc...
 * /elfin_vision/citrus_rgbd_node/rgbd_history_size: 18
 * /elfin_vision/citrus_rgbd_node/semantic_class_ids: []
 * /elfin_vision/citrus_rgbd_node/semantic_labels: ['citrus', 'tree']
 * /elfin_vision/citrus_rgbd_node/target_class_ids: []
 * /elfin_vision/citrus_rgbd_node/target_frame: elfin_base_link
 * /elfin_vision/citrus_rgbd_node/target_labels: ['citrus', 'orang...
 * /rosdistro: noetic
 * /rosversion: 1.17.4

NODES
  /camera/
    realsense2_camera (nodelet/nodelet)
    realsense2_camera_manager (nodelet/nodelet)
  /elfin_vision/
    citrus_rgbd_node (elfin_vision/citrus_rgbd_node.py)

[1mROS_MASTER_URI=http://127.0.0.1:11311[0m
]2;/home/catas/ros_ws/src/elfin_vision/launch/citrus_sensor_runtime.launch http://127.0.0.1:11311
[0m[INFO] [1786534824.508207304]: Initializing nodelet with 32 worker threads.[0m
[0m[INFO] [1786534824.565224789]: RealSense ROS v2.3.2[0m
[0m[INFO] [1786534824.565252573]: Built with LibRealSense v2.55.1[0m
[0m[INFO] [1786534824.565263440]: Running with LibRealSense v2.55.1[0m
[0m[INFO] [1786534824.582840509]:  [0m
[0m[INFO] [1786534824.588951730]: Device with serial number 234222302617 was found.
[0m
[0m[INFO] [1786534824.588976697]: Device with physical ID /sys/devices/pci0000:00/0000:00:14.0/usb2/2-3/2-3:1.0/video4linux/video0 was found.[0m
[0m[INFO] [1786534824.588985364]: Device with name Intel RealSense D455 was found.[0m
[0m[INFO] [1786534824.589153811]: Device with port number 2-3 was found.[0m
[0m[INFO] [1786534824.589176617]: Device USB type: 3.2[0m
[0m[INFO] [1786534824.589981505]: getParameters...[0m
[0m[INFO] [1786534824.612693953]: setupDevice...[0m
[0m[INFO] [1786534824.612712395]: JSON file is not provided[0m
[0m[INFO] [1786534824.612722155]: ROS Node Namespace: camera[0m
[0m[INFO] [1786534824.612732357]: Device Name: Intel RealSense D455[0m
[0m[INFO] [1786534824.612740861]: Device Serial No: 234222302617[0m
[0m[INFO] [1786534824.612750070]: Device physical port: /sys/devices/pci0000:00/0000:00:14.0/usb2/2-3/2-3:1.0/video4linux/video0[0m
[0m[INFO] [1786534824.612761452]: Device FW version: 5.17.3.10[0m
[0m[INFO] [1786534824.612770623]: Device Product ID: 0x0B5C[0m
[0m[INFO] [1786534824.612785333]: Enable PointCloud: On[0m
[0m[INFO] [1786534824.612795648]: Align Depth: On[0m
[0m[INFO] [1786534824.612803866]: Sync Mode: On[0m
[0m[INFO] [1786534824.612831326]: Device Sensors: [0m
[0m[INFO] [1786534824.617992766]: Stereo Module was found.[0m
[0m[INFO] [1786534824.621432303]: RGB Camera was found.[0m
[0m[INFO] [1786534824.621557935]: Motion Module was found.[0m
[0m[INFO] [1786534824.621612709]: Add Filter: pointcloud[0m
[0m[INFO] [1786534824.621662829]: num_filters: 2[0m
[0m[INFO] [1786534824.621674384]: Setting Dynamic reconfig parameters.[0m
[0m[INFO] [1786534824.667771990]: Done Setting Dynamic reconfig parameters.[0m
[0m[INFO] [1786534824.668194354]: depth stream is enabled - width: 640, height: 480, fps: 5, Format: Z16[0m
[0m[INFO] [1786534824.668563567]: color stream is enabled - width: 640, height: 480, fps: 15, Format: RGB8[0m
[0m[INFO] [1786534824.669408742]: setupPublishers...[0m
[0m[INFO] [1786534824.671052889]: Expected frequency for depth = 5.00000[0m
[0m[INFO] [1786534824.690005467]: Expected frequency for color = 15.00000[0m
[0m[INFO] [1786534824.698905106]: Expected frequency for aligned_depth_to_color = 15.00000[0m
[0m[INFO] [1786534824.705066405]: setupStreams...[0m
[0m[INFO] [1786534824.734922647]: SELECTED BASE:Depth, 0[0m
[0m[INFO] [1786534824.737530115]: RealSense Node Is Up![0m
[33m[WARN] [1786534825.318617733]: [0m
[0m[INFO] [1786534825.329896111]: publishing unordered pointcloud.[0m
[WARN] [1786534825.409988]: CITRUS_CENTER reject instances=0 reason=aligned depth unavailable
[WARN] [1786534825.411040]: 开始进行多边形确认 · 多边形确认失败 · rejected=1 · elapsed_ms=2.6
[WARN] [1786534825.537096]: 开始进行多边形确认 · 多边形确认失败 · rejected=1 · elapsed_ms=2.0
[WARN] [1786534825.646104]: 开始进行多边形确认 · 多边形确认失败 · rejected=1 · elapsed_ms=1.5
[WARN] [1786534825.774684]: 开始进行多边形确认 · 多边形确认失败 · rejected=1 · elapsed_ms=1.8
[WARN] [1786534825.907407]: 开始进行多边形确认 · 多边形确认失败 · rejected=1 · elapsed_ms=2.1
[WARN] [1786534826.026713]: 开始进行多边形确认 · 多边形确认失败 · rejected=1 · elapsed_ms=2.3
[WARN] [1786534826.204266]: 开始进行多边形确认 · 多边形确认失败 · rejected=1 · elapsed_ms=1.9
[WARN] [1786534826.401928]: 开始进行多边形确认 · 多边形确认失败 · rejected=1 · elapsed_ms=1.6
[WARN] [1786534826.601839]: 开始进行多边形确认 · 多边形确认失败 · rejected=1 · elapsed_ms=1.8
[WARN] [1786534826.825080]: 开始进行多边形确认 · 多边形确认失败 · rejected=1 · elapsed_ms=14.7
[WARN] [1786534827.209459]: 开始进行多边形确认 · 多边形确认失败 · rejected=0 · elapsed_ms=1.2
[WARN] [1786534827.396013]: 开始进行多边形确认 · 多边形确认失败 · rejected=0 · elapsed_ms=0.9
[WARN] [1786534827.635124]: 开始进行多边形确认 · 多边形确认失败 · rejected=0 · elapsed_ms=1.2
[WARN] [1786534827.794885]: 开始进行多边形确认 · 多边形确认失败 · rejected=0 · elapsed_ms=1.0
[WARN] [1786534827.983490]: 开始进行多边形确认 · 多边形确认失败 · rejected=0 · elapsed_ms=1.1
[WARN] [1786534828.199036]: 开始进行多边形确认 · 多边形确认失败 · rejected=0 · elapsed_ms=1.3
[WARN] [1786534828.401843]: 开始进行多边形确认 · 多边形确认失败 · rejected=0 · elapsed_ms=1.1
[WARN] [1786534828.588331]: 开始进行多边形确认 · 多边形确认失败 · rejected=0 · elapsed_ms=1.1
[WARN] [1786534828.797365]: 开始进行多边形确认 · 多边形确认失败 · rejected=0 · elapsed_ms=1.3
[WARN] [1786534829.000995]: 开始进行多边形确认 · 多边形确认失败 · rejected=0 · elapsed_ms=2.0
[WARN] [1786534829.211899]: 开始进行多边形确认 · 多边形确认失败 · rejected=0 · elapsed_ms=1.1
[WARN] [1786534829.408827]: 开始进行多边形确认 · 多边形确认失败 · rejected=0 · elapsed_ms=1.1
[WARN] [1786534829.609670]: CITRUS_CENTER reject instances=1 reason=polygon has only 0 valid depth samples
[WARN] [1786534829.610376]: 开始进行多边形确认 · 多边形确认失败 · rejected=1 · elapsed_ms=2.4
[WARN] [1786534829.805828]: 开始进行多边形确认 · 多边形确认失败 · rejected=1 · elapsed_ms=1.8
[WARN] [1786534830.008776]: 开始进行多边形确认 · 多边形确认失败 · rejected=1 · elapsed_ms=2.0
[WARN] [1786534830.203326]: 开始进行多边形确认 · 多边形确认失败 · rejected=1 · elapsed_ms=2.4
[WARN] [1786534830.410813]: 开始进行多边形确认 · 多边形确认失败 · rejected=1 · elapsed_ms=1.9
[WARN] [1786534830.600391]: 开始进行多边形确认 · 多边形确认失败 · rejected=0 · elapsed_ms=1.2
[WARN] [1786534830.721509]: 开始进行多边形确认 · 多边形确认失败 · rejected=0 · elapsed_ms=1.4
[WARN] [1786534830.837839]: 开始进行多边形确认 · 多边形确认失败 · rejected=0 · elapsed_ms=1.2
[WARN] [1786534830.992473]: 开始进行多边形确认 · 多边形确认失败 · rejected=0 · elapsed_ms=1.2
[WARN] [1786534831.209451]: 开始进行多边形确认 · 多边形确认失败 · rejected=1 · elapsed_ms=1.9
[WARN] [1786534831.383864]: 开始进行多边形确认 · 多边形确认失败 · rejected=0 · elapsed_ms=1.5
[WARN] [1786534831.790023]: 开始进行多边形确认 · 多边形确认失败 · rejected=0 · elapsed_ms=1.5
[WARN] [1786534831.974144]: 开始进行多边形确认 · 多边形确认失败 · rejected=0 · elapsed_ms=1.2
[INFO] [1786534824.852201]: RGB-D vision status: starting:model_loading
[INFO] [1786534824.959273]: Loaded ONNX citrus model /home/catas/elfin_citrus_data/models/yolo26n_seg_converged_20260806/yolo26n_citrus_tree_best.onnx; classes={0: 'citrus', 1: 'tree'}; providers=['CPUExecutionProvider']
[INFO] [1786534824.959975]: Citrus model loading finished in 0.10 s: model_ready:onnxruntime
[INFO] [1786534825.408580]: 开始进行多边形确认 · detections=1
[INFO] [1786534825.535174]: 开始进行多边形确认 · detections=2
[INFO] [1786534825.644638]: 开始进行多边形确认 · detections=2
[INFO] [1786534825.772947]: 开始进行多边形确认 · detections=2
[INFO] [1786534825.905410]: 开始进行多边形确认 · detections=2
[INFO] [1786534826.024495]: 开始进行多边形确认 · detections=2
[INFO] [1786534826.202457]: 开始进行多边形确认 · detections=2
[INFO] [1786534826.400358]: 开始进行多边形确认 · detections=2
[INFO] [1786534826.600159]: 开始进行多边形确认 · detections=2
[INFO] [1786534826.810445]: 开始进行多边形确认 · detections=2
[INFO] [1786534827.208283]: 开始进行多边形确认 · detections=1
[INFO] [1786534827.395126]: 开始进行多边形确认 · detections=2
[INFO] [1786534827.633997]: 开始进行多边形确认 · detections=1
[INFO] [1786534827.793927]: 开始进行多边形确认 · detections=1
[INFO] [1786534827.982406]: 开始进行多边形确认 · detections=2
[INFO] [1786534828.197771]: 开始进行多边形确认 · detections=1
[INFO] [1786534828.400780]: 开始进行多边形确认 · detections=1
[INFO] [1786534828.587325]: 开始进行多边形确认 · detections=1
[INFO] [1786534828.796155]: 开始进行多边形确认 · detections=1
[INFO] [1786534828.998996]: 开始进行多边形确认 · detections=1
[INFO] [1786534829.210841]: 开始进行多边形确认 · detections=1
[INFO] [1786534829.407759]: 开始进行多边形确认 · detections=1
[INFO] [1786534829.608011]: 开始进行多边形确认 · detections=2
[INFO] [1786534829.804054]: 开始进行多边形确认 · detections=2
[INFO] [1786534830.006870]: 开始进行多边形确认 · detections=2
[INFO] [1786534830.201015]: 开始进行多边形确认 · detections=2
[INFO] [1786534830.408998]: 开始进行多边形确认 · detections=2
[INFO] [1786534830.599238]: 开始进行多边形确认 · detections=1
[INFO] [1786534830.601489]: RGB-D vision status: model_ready:onnxruntime targets:0 centers:0 tf:0 rejected:0 merged:0 semantic_masks:1
[INFO] [1786534830.720181]: 开始进行多边形确认 · detections=1
[INFO] [1786534830.836702]: 开始进行多边形确认 · detections=1
[INFO] [1786534830.991375]: 开始进行多边形确认 · detections=1
[INFO] [1786534831.207651]: 开始进行多边形确认 · detections=2
[INFO] [1786534831.382423]: 开始进行多边形确认 · detections=1
[INFO] [1786534831.591090]: 开始进行多边形确认 · detections=2
[INFO] [1786534831.597859]: CITRUS_CENTER ok pixel=(529,44) depth=2.939 m radius=33.3 mm arc=303 deg error=0.55 px fragments=1
[INFO] [1786534831.598856]: 开始进行多边形确认 · centers=1 · rejected=0 · merged=0 · elapsed_ms=7.8
[INFO] [1786534831.788497]: 开始进行多边形确认 · detections=1
[INFO] [1786534831.972962]: 开始进行多边形确认 · detections=1
[1mprocess[camera/realsense2_camera_manager-1]: started with pid [1468][0m
[1mprocess[camera/realsense2_camera-2]: started with pid [1470][0m
[1mprocess[elfin_vision/citrus_rgbd_node-3]: started with pid [1471][0m
[elfin_vision/citrus_rgbd_node-3] killing on exit
[camera/realsense2_camera-2] killing on exit
[camera/realsense2_camera_manager-1] killing on exit
shutting down processing monitor...
... shutting down processing monitor complete
[1mdone[0m
... logging to /home/catas/.ros/log/d297ef9a-9622-11f1-bce8-c4c6e661f1ab/roslaunch-catas-952.log
Checking log directory for disk usage. This may take a while.
Press Ctrl-C to interrupt
Done checking log file disk usage. Usage is <1GB.
]2;/home/catas/ros_ws/src/elfin_vision/launch/citrus_imu.launch
[1mstarted roslaunch server http://127.0.0.1:41947/[0m

SUMMARY
========

PARAMETERS
 * /camera_imu/realsense2_camera/accel_fps: 100
 * /camera_imu/realsense2_camera/accel_frame_id: camera_accel_frame
 * /camera_imu/realsense2_camera/accel_optical_frame_id: camera_accel_opti...
 * /camera_imu/realsense2_camera/align_depth: False
 * /camera_imu/realsense2_camera/aligned_depth_to_color_frame_id: camera_aligned_de...
 * /camera_imu/realsense2_camera/aligned_depth_to_fisheye1_frame_id: camera_aligned_de...
 * /camera_imu/realsense2_camera/aligned_depth_to_fisheye2_frame_id: camera_aligned_de...
 * /camera_imu/realsense2_camera/aligned_depth_to_fisheye_frame_id: camera_aligned_de...
 * /camera_imu/realsense2_camera/aligned_depth_to_infra1_frame_id: camera_aligned_de...
 * /camera_imu/realsense2_camera/aligned_depth_to_infra2_frame_id: camera_aligned_de...
 * /camera_imu/realsense2_camera/allow_no_texture_points: False
 * /camera_imu/realsense2_camera/base_frame_id: camera_link
 * /camera_imu/realsense2_camera/calib_odom_file: 
 * /camera_imu/realsense2_camera/clip_distance: -2.0
 * /camera_imu/realsense2_camera/color_fps: -1
 * /camera_imu/realsense2_camera/color_frame_id: camera_color_frame
 * /camera_imu/realsense2_camera/color_height: -1
 * /camera_imu/realsense2_camera/color_optical_frame_id: camera_color_opti...
 * /camera_imu/realsense2_camera/color_width: -1
 * /camera_imu/realsense2_camera/confidence_fps: -1
 * /camera_imu/realsense2_camera/confidence_height: -1
 * /camera_imu/realsense2_camera/confidence_width: -1
 * /camera_imu/realsense2_camera/depth_fps: -1
 * /camera_imu/realsense2_camera/depth_frame_id: camera_depth_frame
 * /camera_imu/realsense2_camera/depth_height: -1
 * /camera_imu/realsense2_camera/depth_optical_frame_id: camera_depth_opti...
 * /camera_imu/realsense2_camera/depth_width: -1
 * /camera_imu/realsense2_camera/device_type: d455
 * /camera_imu/realsense2_camera/enable_accel: True
 * /camera_imu/realsense2_camera/enable_color: False
 * /camera_imu/realsense2_camera/enable_confidence: False
 * /camera_imu/realsense2_camera/enable_depth: False
 * /camera_imu/realsense2_camera/enable_fisheye1: False
 * /camera_imu/realsense2_camera/enable_fisheye2: False
 * /camera_imu/realsense2_camera/enable_fisheye: False
 * /camera_imu/realsense2_camera/enable_gyro: True
 * /camera_imu/realsense2_camera/enable_infra1: False
 * /camera_imu/realsense2_camera/enable_infra2: False
 * /camera_imu/realsense2_camera/enable_infra: False
 * /camera_imu/realsense2_camera/enable_pointcloud: False
 * /camera_imu/realsense2_camera/enable_pose: False
 * /camera_imu/realsense2_camera/enable_sync: False
 * /camera_imu/realsense2_camera/filters: 
 * /camera_imu/realsense2_camera/fisheye1_frame_id: camera_fisheye1_f...
 * /camera_imu/realsense2_camera/fisheye1_optical_frame_id: camera_fisheye1_o...
 * /camera_imu/realsense2_camera/fisheye2_frame_id: camera_fisheye2_f...
 * /camera_imu/realsense2_camera/fisheye2_optical_frame_id: camera_fisheye2_o...
 * /camera_imu/realsense2_camera/fisheye_fps: -1
 * /camera_imu/realsense2_camera/fisheye_frame_id: camera_fisheye_frame
 * /camera_imu/realsense2_camera/fisheye_height: -1
 * /camera_imu/realsense2_camera/fisheye_optical_frame_id: camera_fisheye_op...
 * /camera_imu/realsense2_camera/fisheye_width: -1
 * /camera_imu/realsense2_camera/gyro_fps: 200
 * /camera_imu/realsense2_camera/gyro_frame_id: camera_gyro_frame
 * /camera_imu/realsense2_camera/gyro_optical_frame_id: camera_gyro_optic...
 * /camera_imu/realsense2_camera/imu_optical_frame_id: camera_imu_optica...
 * /camera_imu/realsense2_camera/infra1_frame_id: camera_infra1_frame
 * /camera_imu/realsense2_camera/infra1_optical_frame_id: camera_infra1_opt...
 * /camera_imu/realsense2_camera/infra2_frame_id: camera_infra2_frame
 * /camera_imu/realsense2_camera/infra2_optical_frame_id: camera_infra2_opt...
 * /camera_imu/realsense2_camera/infra_fps: 30
 * /camera_imu/realsense2_camera/infra_height: 480
 * /camera_imu/realsense2_camera/infra_rgb: False
 * /camera_imu/realsense2_camera/infra_width: 848
 * /camera_imu/realsense2_camera/initial_reset: False
 * /camera_imu/realsense2_camera/json_file_path: 
 * /camera_imu/realsense2_camera/linear_accel_cov: 0.01
 * /camera_imu/realsense2_camera/odom_frame_id: camera_odom_frame
 * /camera_imu/realsense2_camera/ordered_pc: False
 * /camera_imu/realsense2_camera/pointcloud_texture_index: 0
 * /camera_imu/realsense2_camera/pointcloud_texture_stream: RS2_STREAM_COLOR
 * /camera_imu/realsense2_camera/pose_frame_id: camera_pose_frame
 * /camera_imu/realsense2_camera/pose_optical_frame_id: camera_pose_optic...
 * /camera_imu/realsense2_camera/publish_odom_tf: True
 * /camera_imu/realsense2_camera/publish_tf: False
 * /camera_imu/realsense2_camera/reconnect_timeout: 10.0
 * /camera_imu/realsense2_camera/rosbag_filename: 
 * /camera_imu/realsense2_camera/serial_no: 234222302617
 * /camera_imu/realsense2_camera/stereo_module/exposure/1: 7500
 * /camera_imu/realsense2_camera/stereo_module/exposure/2: 1
 * /camera_imu/realsense2_camera/stereo_module/gain/1: 16
 * /camera_imu/realsense2_camera/stereo_module/gain/2: 16
 * /camera_imu/realsense2_camera/tf_publish_rate: 0.0
 * /camera_imu/realsense2_camera/topic_odom_in: odom_in
 * /camera_imu/realsense2_camera/unite_imu_method: none
 * /camera_imu/realsense2_camera/usb_port_id: 2-3
 * /camera_imu/realsense2_camera/wait_for_device_timeout: 15.0
 * /rosdistro: noetic
 * /rosversion: 1.17.4

NODES
  /camera_imu/
    realsense2_camera (nodelet/nodelet)
    realsense2_camera_imu_manager (nodelet/nodelet)

[1mROS_MASTER_URI=http://127.0.0.1:11311[0m
]2;/home/catas/ros_ws/src/elfin_vision/launch/citrus_imu.launch http://127.0.0.1:11311
[1mprocess[camera_imu/realsense2_camera_imu_manager-1]: started with pid [1063][0m
[1mprocess[camera_imu/realsense2_camera-2]: started with pid [1064][0m
[camera_imu/realsense2_camera-2] killing on exit
[camera_imu/realsense2_camera_imu_manager-1] killing on exit
shutting down processing monitor...
... shutting down processing monitor complete
[1mdone[0m
