Starting isolated D455 motion stream without reset.
[0m[INFO] [1786453193.744879679]: Initializing nodelet with 32 worker threads.[0m
[0m[INFO] [1786453193.805755663]: RealSense ROS v2.3.2[0m
[0m[INFO] [1786453193.805769780]: Built with LibRealSense v2.55.1[0m
[0m[INFO] [1786453193.805774464]: Running with LibRealSense v2.55.1[0m
[0m[INFO] [1786453193.828150453]:  [0m
[0m[INFO] [1786453193.838836676]: Device with serial number 234222302617 was found.
[0m
[0m[INFO] [1786453193.838870786]: Device with physical ID /sys/devices/pci0000:00/0000:00:14.0/usb2/2-3/2-3:1.0/video4linux/video0 was found.[0m
[0m[INFO] [1786453193.838884148]: Device with name Intel RealSense D455 was found.[0m
[0m[INFO] [1786453193.839093406]: Device with port number 2-3 was found.[0m
[0m[INFO] [1786453193.839120974]: Device USB type: 3.2[0m
[0m[INFO] [1786453193.840974817]: getParameters...[0m
[0m[INFO] [1786453193.878728700]: setupDevice...[0m
[0m[INFO] [1786453193.878759934]: JSON file is not provided[0m
[0m[INFO] [1786453193.878769786]: ROS Node Namespace: camera_imu[0m
[0m[INFO] [1786453193.878781416]: Device Name: Intel RealSense D455[0m
[0m[INFO] [1786453193.878790056]: Device Serial No: 234222302617[0m
[0m[INFO] [1786453193.878827288]: Device physical port: /sys/devices/pci0000:00/0000:00:14.0/usb2/2-3/2-3:1.0/video4linux/video0[0m
[0m[INFO] [1786453193.878836785]: Device FW version: 5.17.3.10[0m
[0m[INFO] [1786453193.878845713]: Device Product ID: 0x0B5C[0m
[0m[INFO] [1786453193.878853718]: Enable PointCloud: Off[0m
[0m[INFO] [1786453193.878868018]: Align Depth: Off[0m
[0m[INFO] [1786453193.878879104]: Sync Mode: Off[0m
[0m[INFO] [1786453193.878905547]: Device Sensors: [0m
[0m[INFO] [1786453193.885221953]: Stereo Module was found.[0m
[0m[INFO] [1786453193.891958141]: RGB Camera was found.[0m
[0m[INFO] [1786453193.892159375]: Motion Module was found.[0m
[0m[INFO] [1786453193.892196719]: num_filters: 0[0m
[0m[INFO] [1786453193.892214369]: Setting Dynamic reconfig parameters.[0m
[0m[INFO] [1786453193.949745737]: Done Setting Dynamic reconfig parameters.[0m
[0m[INFO] [1786453193.949867500]: gyro stream is enabled - fps: 200[0m
[0m[INFO] [1786453193.949886402]: accel stream is enabled - fps: 100[0m
[0m[INFO] [1786453193.949904430]: setupPublishers...[0m
[0m[INFO] [1786453193.952491950]: setupStreams...[0m
 11/08 12:59:53,953 WARNING [140191289308928] (ds-calib-parsers.cpp:35) IMU Calibration is not available, default intrinsic and extrinsic will be used.
[0m[INFO] [1786453193.954773532]: SELECTED BASE:Depth, 0[0m
[0m[INFO] [1786453193.957078301]: RealSense Node Is Up![0m
[33m[WARN] [1786453194.062385914]: [0m
D455 motion stream ready: /camera_imu/gyro/sample + /camera_imu/accel/sample
[0m[INFO] [1786453197.196724781]: Initializing nodelet with 32 worker threads.[0m
[0m[INFO] [1786453197.248767884]: RealSense ROS v2.3.2[0m
[0m[INFO] [1786453197.248784163]: Built with LibRealSense v2.55.1[0m
[0m[INFO] [1786453197.248789228]: Running with LibRealSense v2.55.1[0m
[0m[INFO] [1786453197.267793071]:  [0m
[0m[INFO] [1786453197.275079954]: Device with serial number 234222302617 was found.
[0m
[0m[INFO] [1786453197.275103311]: Device with physical ID /sys/devices/pci0000:00/0000:00:14.0/usb2/2-3/2-3:1.0/video4linux/video0 was found.[0m
[0m[INFO] [1786453197.275112310]: Device with name Intel RealSense D455 was found.[0m
[0m[INFO] [1786453197.275278908]: Device with port number 2-3 was found.[0m
[0m[INFO] [1786453197.275300006]: Device USB type: 3.2[0m
[0m[INFO] [1786453197.276104473]: getParameters...[0m
[0m[INFO] [1786453197.295847682]: setupDevice...[0m
[0m[INFO] [1786453197.295863632]: JSON file is not provided[0m
[0m[INFO] [1786453197.295872061]: ROS Node Namespace: camera[0m
[0m[INFO] [1786453197.295880938]: Device Name: Intel RealSense D455[0m
[0m[INFO] [1786453197.295888273]: Device Serial No: 234222302617[0m
[0m[INFO] [1786453197.295898829]: Device physical port: /sys/devices/pci0000:00/0000:00:14.0/usb2/2-3/2-3:1.0/video4linux/video0[0m
[0m[INFO] [1786453197.295907735]: Device FW version: 5.17.3.10[0m
[0m[INFO] [1786453197.295916073]: Device Product ID: 0x0B5C[0m
[0m[INFO] [1786453197.295923269]: Enable PointCloud: On[0m
[0m[INFO] [1786453197.295930409]: Align Depth: On[0m
[0m[INFO] [1786453197.295937586]: Sync Mode: On[0m
[0m[INFO] [1786453197.295964045]: Device Sensors: [0m
[0m[INFO] [1786453197.301329362]: Stereo Module was found.[0m
[0m[INFO] [1786453197.304463684]: RGB Camera was found.[0m
[0m[INFO] [1786453197.304580889]: Motion Module was found.[0m
[0m[INFO] [1786453197.304619210]: Add Filter: pointcloud[0m
[0m[INFO] [1786453197.304669595]: num_filters: 2[0m
[0m[INFO] [1786453197.304682691]: Setting Dynamic reconfig parameters.[0m
[0m[INFO] [1786453197.375983649]: Done Setting Dynamic reconfig parameters.[0m
[0m[INFO] [1786453197.376247040]: depth stream is enabled - width: 640, height: 480, fps: 5, Format: Z16[0m
[0m[INFO] [1786453197.376489654]: color stream is enabled - width: 640, height: 480, fps: 15, Format: RGB8[0m
[0m[INFO] [1786453197.377028567]: setupPublishers...[0m
[0m[INFO] [1786453197.377993087]: Expected frequency for depth = 5.00000[0m
[0m[INFO] [1786453197.400283120]: Expected frequency for color = 15.00000[0m
[0m[INFO] [1786453197.416582672]: Expected frequency for aligned_depth_to_color = 15.00000[0m
[0m[INFO] [1786453197.433420884]: setupStreams...[0m
[0m[INFO] [1786453197.464791179]: SELECTED BASE:Depth, 0[0m
[0m[INFO] [1786453197.477219634]: RealSense Node Is Up![0m
[33m[WARN] [1786453198.048309562]: [0m
[0m[INFO] [1786453198.059699855]: publishing unordered pointcloud.[0m
[INFO] [1786453197.473508]: RGB-D vision status: starting:model_loading
[INFO] [1786453197.554497]: Loaded ONNX citrus model /home/catas/elfin_citrus_data/models/yolo26n_seg_converged_20260806/yolo26n_citrus_tree_best.onnx; classes={0: 'citrus', 1: 'tree'}; providers=['CPUExecutionProvider']
[INFO] [1786453197.555400]: Citrus model loading finished in 0.07 s: model_ready:onnxruntime
[INFO] [1786453202.580825]: RGB-D vision status: model_ready:onnxruntime targets:1 depth:0 tf:0 semantic_masks:2
[INFO] [1786453207.670132]: RGB-D vision status: model_ready:onnxruntime targets:0 depth:0 tf:0 semantic_masks:0
[INFO] [1786453212.855861]: RGB-D vision status: model_ready:onnxruntime targets:1 depth:0 tf:0 semantic_masks:1
[INFO] [1786453218.053050]: RGB-D vision status: model_ready:onnxruntime targets:1 depth:0 tf:0 semantic_masks:1
[INFO] [1786453223.124535]: RGB-D vision status: model_ready:onnxruntime targets:1 depth:0 tf:0 semantic_masks:1
[INFO] [1786453228.129363]: RGB-D vision status: model_ready:onnxruntime targets:1 depth:0 tf:0 semantic_masks:1
[INFO] [1786453233.721582]: RGB-D vision status: model_ready:onnxruntime targets:1 depth:0 tf:0 semantic_masks:1
[INFO] [1786453238.900157]: RGB-D vision status: model_ready:onnxruntime targets:0 depth:0 tf:0 semantic_masks:0
[INFO] [1786453244.111773]: RGB-D vision status: model_ready:onnxruntime targets:0 depth:0 tf:0 semantic_masks:0
[INFO] [1786453249.722236]: RGB-D vision status: model_ready:onnxruntime targets:1 depth:0 tf:0 semantic_masks:1
[INFO] [1786453255.224619]: RGB-D vision status: model_ready:onnxruntime targets:1 depth:0 tf:0 semantic_masks:1
[INFO] [1786453260.235301]: RGB-D vision status: model_ready:onnxruntime targets:1 depth:0 tf:0 semantic_masks:1
[INFO] [1786453265.298214]: RGB-D vision status: model_ready:onnxruntime targets:0 depth:0 tf:0 semantic_masks:0
[INFO] [1786453270.584239]: RGB-D vision status: model_ready:onnxruntime targets:1 depth:0 tf:0 semantic_masks:1
[INFO] [1786453275.596123]: RGB-D vision status: model_ready:onnxruntime targets:0 depth:0 tf:0 semantic_masks:0
[INFO] [1786453280.906196]: RGB-D vision status: model_ready:onnxruntime targets:0 depth:0 tf:0 semantic_masks:0
[INFO] [1786453286.522520]: RGB-D vision status: model_ready:onnxruntime targets:1 depth:0 tf:0 semantic_masks:1
[INFO] [1786453292.128936]: RGB-D vision status: model_ready:onnxruntime targets:1 depth:0 tf:0 semantic_masks:1
[INFO] [1786453297.905255]: RGB-D vision status: model_ready:onnxruntime targets:1 depth:0 tf:0 semantic_masks:1
[INFO] [1786453304.303904]: RGB-D vision status: model_ready:onnxruntime targets:1 depth:0 tf:0 semantic_masks:1
[INFO] [1786453309.537866]: RGB-D vision status: model_ready:onnxruntime targets:1 depth:0 tf:0 semantic_masks:1
[INFO] [1786453315.101904]: RGB-D vision status: model_ready:onnxruntime targets:1 depth:0 tf:0 semantic_masks:1
[INFO] [1786453320.344342]: RGB-D vision status: model_ready:onnxruntime targets:1 depth:0 tf:0 semantic_masks:1
[INFO] [1786453325.506703]: RGB-D vision status: model_ready:onnxruntime targets:1 depth:0 tf:0 semantic_masks:1
[INFO] [1786453330.627678]: RGB-D vision status: model_ready:onnxruntime targets:1 depth:0 tf:0 semantic_masks:1
[INFO] [1786453335.710690]: RGB-D vision status: model_ready:onnxruntime targets:1 depth:0 tf:0 semantic_masks:1
[INFO] [1786453341.031921]: RGB-D vision status: model_ready:onnxruntime targets:1 depth:0 tf:0 semantic_masks:1
[INFO] [1786453346.960570]: RGB-D vision status: model_ready:onnxruntime targets:1 depth:0 tf:0 semantic_masks:1
[INFO] [1786453352.055038]: RGB-D vision status: model_ready:onnxruntime targets:1 depth:0 tf:0 semantic_masks:1
[INFO] [1786453357.152318]: RGB-D vision status: model_ready:onnxruntime targets:2 depth:0 tf:0 semantic_masks:2
... logging to /home/catas/.ros/log/12968b68-9567-11f1-a517-c4c6e661f1ab/roslaunch-catas-17350.log
Checking log directory for disk usage. This may take a while.
Press Ctrl-C to interrupt
Done checking log file disk usage. Usage is <1GB.
]2;/home/catas/ros_ws/src/elfin_vision/launch/citrus_imu.launch
[1mstarted roslaunch server http://127.0.0.1:43265/[0m

SUMMARY
========

PARAMETERS
 * /camera_imu/realsense2_camera/accel_fps: 100
 * /camera_imu/realsense2_camera/accel_frame_id: camera_accel_frame
 * /camera_imu/realsense2_camera/accel_optical_frame_id: camera_accel_opti...
 * /camera_imu/realsense2_camera/align_depth: False
 * /camera_imu/realsense2_camera/aligned_depth_to_color_frame_id: camera_aligned_de...
 * /camera_imu/realsense2_camera/aligned_depth_to_fisheye1_frame_id: camera_aligned_de...
 * /camera_imu/realsense2_camera/aligned_depth_to_fisheye2_frame_id: camera_aligned_de...
 * /camera_imu/realsense2_camera/aligned_depth_to_fisheye_frame_id: camera_aligned_de...
 * /camera_imu/realsense2_camera/aligned_depth_to_infra1_frame_id: camera_aligned_de...
 * /camera_imu/realsense2_camera/aligned_depth_to_infra2_frame_id: camera_aligned_de...
 * /camera_imu/realsense2_camera/allow_no_texture_points: False
 * /camera_imu/realsense2_camera/base_frame_id: camera_link
 * /camera_imu/realsense2_camera/calib_odom_file: 
 * /camera_imu/realsense2_camera/clip_distance: -2.0
 * /camera_imu/realsense2_camera/color_fps: -1
 * /camera_imu/realsense2_camera/color_frame_id: camera_color_frame
 * /camera_imu/realsense2_camera/color_height: -1
 * /camera_imu/realsense2_camera/color_optical_frame_id: camera_color_opti...
 * /camera_imu/realsense2_camera/color_width: -1
 * /camera_imu/realsense2_camera/confidence_fps: -1
 * /camera_imu/realsense2_camera/confidence_height: -1
 * /camera_imu/realsense2_camera/confidence_width: -1
 * /camera_imu/realsense2_camera/depth_fps: -1
 * /camera_imu/realsense2_camera/depth_frame_id: camera_depth_frame
 * /camera_imu/realsense2_camera/depth_height: -1
 * /camera_imu/realsense2_camera/depth_optical_frame_id: camera_depth_opti...
 * /camera_imu/realsense2_camera/depth_width: -1
 * /camera_imu/realsense2_camera/device_type: d455
 * /camera_imu/realsense2_camera/enable_accel: True
 * /camera_imu/realsense2_camera/enable_color: False
 * /camera_imu/realsense2_camera/enable_confidence: False
 * /camera_imu/realsense2_camera/enable_depth: False
 * /camera_imu/realsense2_camera/enable_fisheye1: False
 * /camera_imu/realsense2_camera/enable_fisheye2: False
 * /camera_imu/realsense2_camera/enable_fisheye: False
 * /camera_imu/realsense2_camera/enable_gyro: True
 * /camera_imu/realsense2_camera/enable_infra1: False
 * /camera_imu/realsense2_camera/enable_infra2: False
 * /camera_imu/realsense2_camera/enable_infra: False
 * /camera_imu/realsense2_camera/enable_pointcloud: False
 * /camera_imu/realsense2_camera/enable_pose: False
 * /camera_imu/realsense2_camera/enable_sync: False
 * /camera_imu/realsense2_camera/filters: 
 * /camera_imu/realsense2_camera/fisheye1_frame_id: camera_fisheye1_f...
 * /camera_imu/realsense2_camera/fisheye1_optical_frame_id: camera_fisheye1_o...
 * /camera_imu/realsense2_camera/fisheye2_frame_id: camera_fisheye2_f...
 * /camera_imu/realsense2_camera/fisheye2_optical_frame_id: camera_fisheye2_o...
 * /camera_imu/realsense2_camera/fisheye_fps: -1
 * /camera_imu/realsense2_camera/fisheye_frame_id: camera_fisheye_frame
 * /camera_imu/realsense2_camera/fisheye_height: -1
 * /camera_imu/realsense2_camera/fisheye_optical_frame_id: camera_fisheye_op...
 * /camera_imu/realsense2_camera/fisheye_width: -1
 * /camera_imu/realsense2_camera/gyro_fps: 200
 * /camera_imu/realsense2_camera/gyro_frame_id: camera_gyro_frame
 * /camera_imu/realsense2_camera/gyro_optical_frame_id: camera_gyro_optic...
 * /camera_imu/realsense2_camera/imu_optical_frame_id: camera_imu_optica...
 * /camera_imu/realsense2_camera/infra1_frame_id: camera_infra1_frame
 * /camera_imu/realsense2_camera/infra1_optical_frame_id: camera_infra1_opt...
 * /camera_imu/realsense2_camera/infra2_frame_id: camera_infra2_frame
 * /camera_imu/realsense2_camera/infra2_optical_frame_id: camera_infra2_opt...
 * /camera_imu/realsense2_camera/infra_fps: 30
 * /camera_imu/realsense2_camera/infra_height: 480
 * /camera_imu/realsense2_camera/infra_rgb: False
 * /camera_imu/realsense2_camera/infra_width: 848
 * /camera_imu/realsense2_camera/initial_reset: False
 * /camera_imu/realsense2_camera/json_file_path: 
 * /camera_imu/realsense2_camera/linear_accel_cov: 0.01
 * /camera_imu/realsense2_camera/odom_frame_id: camera_odom_frame
 * /camera_imu/realsense2_camera/ordered_pc: False
 * /camera_imu/realsense2_camera/pointcloud_texture_index: 0
 * /camera_imu/realsense2_camera/pointcloud_texture_stream: RS2_STREAM_COLOR
 * /camera_imu/realsense2_camera/pose_frame_id: camera_pose_frame
 * /camera_imu/realsense2_camera/pose_optical_frame_id: camera_pose_optic...
 * /camera_imu/realsense2_camera/publish_odom_tf: True
 * /camera_imu/realsense2_camera/publish_tf: False
 * /camera_imu/realsense2_camera/reconnect_timeout: 10.0
 * /camera_imu/realsense2_camera/rosbag_filename: 
 * /camera_imu/realsense2_camera/serial_no: 234222302617
 * /camera_imu/realsense2_camera/stereo_module/exposure/1: 7500
 * /camera_imu/realsense2_camera/stereo_module/exposure/2: 1
 * /camera_imu/realsense2_camera/stereo_module/gain/1: 16
 * /camera_imu/realsense2_camera/stereo_module/gain/2: 16
 * /camera_imu/realsense2_camera/tf_publish_rate: 0.0
 * /camera_imu/realsense2_camera/topic_odom_in: odom_in
 * /camera_imu/realsense2_camera/unite_imu_method: none
 * /camera_imu/realsense2_camera/usb_port_id: 2-3
 * /camera_imu/realsense2_camera/wait_for_device_timeout: 15.0
 * /rosdistro: noetic
 * /rosversion: 1.17.4

NODES
  /camera_imu/
    realsense2_camera (nodelet/nodelet)
    realsense2_camera_imu_manager (nodelet/nodelet)

[1mROS_MASTER_URI=http://127.0.0.1:11311[0m
]2;/home/catas/ros_ws/src/elfin_vision/launch/citrus_imu.launch http://127.0.0.1:11311
[1mprocess[camera_imu/realsense2_camera_imu_manager-1]: started with pid [17465][0m
[1mprocess[camera_imu/realsense2_camera-2]: started with pid [17466][0m
[camera_imu/realsense2_camera-2] killing on exit
[camera_imu/realsense2_camera_imu_manager-1] killing on exit
shutting down processing monitor...
... shutting down processing monitor complete
[1mdone[0m
