Starting isolated D455 motion stream without reset.
[0m[INFO] [1786497671.309318263]: Initializing nodelet with 32 worker threads.[0m
[0m[INFO] [1786497671.368098421]: RealSense ROS v2.3.2[0m
[0m[INFO] [1786497671.368116330]: Built with LibRealSense v2.55.1[0m
[0m[INFO] [1786497671.368121828]: Running with LibRealSense v2.55.1[0m
[0m[INFO] [1786497671.386513826]:  [0m
[0m[INFO] [1786497671.395381469]: Device with serial number 234222302617 was found.
[0m
[0m[INFO] [1786497671.395411825]: Device with physical ID /sys/devices/pci0000:00/0000:00:14.0/usb2/2-3/2-3:1.0/video4linux/video0 was found.[0m
[0m[INFO] [1786497671.395420408]: Device with name Intel RealSense D455 was found.[0m
[0m[INFO] [1786497671.395666864]: Device with port number 2-3 was found.[0m
[0m[INFO] [1786497671.395694134]: Device USB type: 3.2[0m
[0m[INFO] [1786497671.397105308]: getParameters...[0m
[0m[INFO] [1786497671.419777830]: setupDevice...[0m
[0m[INFO] [1786497671.419788933]: JSON file is not provided[0m
[0m[INFO] [1786497671.419792524]: ROS Node Namespace: camera_imu[0m
[0m[INFO] [1786497671.419796938]: Device Name: Intel RealSense D455[0m
[0m[INFO] [1786497671.419822359]: Device Serial No: 234222302617[0m
[0m[INFO] [1786497671.419826242]: Device physical port: /sys/devices/pci0000:00/0000:00:14.0/usb2/2-3/2-3:1.0/video4linux/video0[0m
[0m[INFO] [1786497671.419829741]: Device FW version: 5.17.3.10[0m
[0m[INFO] [1786497671.419832990]: Device Product ID: 0x0B5C[0m
[0m[INFO] [1786497671.419835866]: Enable PointCloud: Off[0m
[0m[INFO] [1786497671.419840050]: Align Depth: Off[0m
[0m[INFO] [1786497671.419842914]: Sync Mode: Off[0m
[0m[INFO] [1786497671.419855258]: Device Sensors: [0m
[0m[INFO] [1786497671.422599601]: Stereo Module was found.[0m
[0m[INFO] [1786497671.424560006]: RGB Camera was found.[0m
[0m[INFO] [1786497671.424652963]: Motion Module was found.[0m
[0m[INFO] [1786497671.424662672]: num_filters: 0[0m
[0m[INFO] [1786497671.424678173]: Setting Dynamic reconfig parameters.[0m
[0m[INFO] [1786497671.463591425]: Done Setting Dynamic reconfig parameters.[0m
[0m[INFO] [1786497671.463641894]: gyro stream is enabled - fps: 200[0m
[0m[INFO] [1786497671.463646776]: accel stream is enabled - fps: 100[0m
[0m[INFO] [1786497671.463651450]: setupPublishers...[0m
[0m[INFO] [1786497671.464564756]: setupStreams...[0m
 12/08 01:21:11,464 WARNING [140599621515008] (ds-calib-parsers.cpp:35) IMU Calibration is not available, default intrinsic and extrinsic will be used.
[0m[INFO] [1786497671.465664678]: SELECTED BASE:Depth, 0[0m
[0m[INFO] [1786497671.467109143]: RealSense Node Is Up![0m
[33m[WARN] [1786497671.567132800]: [0m
D455 motion stream ready: /camera_imu/gyro/sample + /camera_imu/accel/sample
[0m[INFO] [1786497674.741823392]: Initializing nodelet with 32 worker threads.[0m
[0m[INFO] [1786497674.797094158]: RealSense ROS v2.3.2[0m
[0m[INFO] [1786497674.797111169]: Built with LibRealSense v2.55.1[0m
[0m[INFO] [1786497674.797117752]: Running with LibRealSense v2.55.1[0m
[0m[INFO] [1786497674.817123617]:  [0m
[0m[INFO] [1786497674.824687786]: Device with serial number 234222302617 was found.
[0m
[0m[INFO] [1786497674.824708074]: Device with physical ID /sys/devices/pci0000:00/0000:00:14.0/usb2/2-3/2-3:1.0/video4linux/video0 was found.[0m
[0m[INFO] [1786497674.824716921]: Device with name Intel RealSense D455 was found.[0m
[0m[INFO] [1786497674.824880765]: Device with port number 2-3 was found.[0m
[0m[INFO] [1786497674.824902349]: Device USB type: 3.2[0m
[0m[INFO] [1786497674.825745245]: getParameters...[0m
[0m[INFO] [1786497674.848587380]: setupDevice...[0m
[0m[INFO] [1786497674.848602729]: JSON file is not provided[0m
[0m[INFO] [1786497674.848607036]: ROS Node Namespace: camera[0m
[0m[INFO] [1786497674.848612529]: Device Name: Intel RealSense D455[0m
[0m[INFO] [1786497674.848619449]: Device Serial No: 234222302617[0m
[0m[INFO] [1786497674.848623739]: Device physical port: /sys/devices/pci0000:00/0000:00:14.0/usb2/2-3/2-3:1.0/video4linux/video0[0m
[0m[INFO] [1786497674.848627806]: Device FW version: 5.17.3.10[0m
[0m[INFO] [1786497674.848632407]: Device Product ID: 0x0B5C[0m
[0m[INFO] [1786497674.848635739]: Enable PointCloud: On[0m
[0m[INFO] [1786497674.848639089]: Align Depth: On[0m
[0m[INFO] [1786497674.848642282]: Sync Mode: On[0m
[0m[INFO] [1786497674.848664030]: Device Sensors: [0m
[0m[INFO] [1786497674.852859371]: Stereo Module was found.[0m
[0m[INFO] [1786497674.855393597]: RGB Camera was found.[0m
[0m[INFO] [1786497674.855482592]: Motion Module was found.[0m
[0m[INFO] [1786497674.855514788]: Add Filter: pointcloud[0m
[0m[INFO] [1786497674.855549639]: num_filters: 2[0m
[0m[INFO] [1786497674.855556379]: Setting Dynamic reconfig parameters.[0m
[0m[INFO] [1786497674.902108491]: Done Setting Dynamic reconfig parameters.[0m
[0m[INFO] [1786497674.902396426]: depth stream is enabled - width: 640, height: 480, fps: 5, Format: Z16[0m
[0m[INFO] [1786497674.902638162]: color stream is enabled - width: 640, height: 480, fps: 15, Format: RGB8[0m
[0m[INFO] [1786497674.903234186]: setupPublishers...[0m
[0m[INFO] [1786497674.904307059]: Expected frequency for depth = 5.00000[0m
[0m[INFO] [1786497674.917633236]: Expected frequency for color = 15.00000[0m
[0m[INFO] [1786497674.931113914]: Expected frequency for aligned_depth_to_color = 15.00000[0m
[0m[INFO] [1786497674.941455996]: setupStreams...[0m
[0m[INFO] [1786497674.972354551]: SELECTED BASE:Depth, 0[0m
[0m[INFO] [1786497674.979609604]: RealSense Node Is Up![0m
[33m[WARN] [1786497675.555847712]: [0m
[0m[INFO] [1786497675.560712341]: publishing unordered pointcloud.[0m
 12/08 01:21:58,084 ERROR [139704605579008] (ds-options.cpp:93) Asic Temperature value is not valid!
 12/08 01:21:58,978 ERROR [139704817153792] (ds-options.cpp:93) Asic Temperature value is not valid!
 12/08 01:21:59,086 ERROR [139704605579008] (ds-options.cpp:93) Asic Temperature value is not valid!
 12/08 01:22:00,089 ERROR [139704605579008] (ds-options.cpp:93) Asic Temperature value is not valid!
[INFO] [1786497675.059000]: RGB-D vision status: starting:model_loading
[INFO] [1786497675.166091]: Loaded ONNX citrus model /home/catas/elfin_citrus_data/models/yolo26n_seg_converged_20260806/yolo26n_citrus_tree_best.onnx; classes={0: 'citrus', 1: 'tree'}; providers=['CPUExecutionProvider']
[INFO] [1786497675.167534]: Citrus model loading finished in 0.10 s: model_ready:onnxruntime
[INFO] [1786497685.060589]: RGB-D vision status: model_ready:onnxruntime targets:2 depth:2 tf:2 semantic_masks:4
[INFO] [1786497694.650240]: RGB-D vision status: model_ready:onnxruntime targets:1 depth:1 tf:1 semantic_masks:3
[INFO] [1786497700.230641]: RGB-D vision status: model_ready:onnxruntime targets:1 depth:1 tf:1 semantic_masks:3
[INFO] [1786497705.239892]: RGB-D vision status: model_ready:onnxruntime targets:1 depth:1 tf:1 semantic_masks:3
[INFO] [1786497711.019386]: RGB-D vision status: model_ready:onnxruntime targets:1 depth:1 tf:1 semantic_masks:2
[INFO] [1786497716.633531]: RGB-D vision status: model_ready:onnxruntime targets:2 depth:1 tf:1 semantic_masks:3
[INFO] [1786497722.053410]: RGB-D vision status: model_ready:onnxruntime targets:2 depth:2 tf:2 semantic_masks:4
[INFO] [1786497729.239600]: RGB-D vision status: model_ready:onnxruntime targets:1 depth:1 tf:1 semantic_masks:4
[INFO] [1786497760.060481]: RGB-D vision status: model_ready:onnxruntime targets:1 depth:1 tf:1 semantic_masks:4
[INFO] [1786497799.437467]: RGB-D vision status: model_ready:onnxruntime targets:1 depth:1 tf:1 semantic_masks:4
[INFO] [1786497804.459272]: RGB-D vision status: model_ready:onnxruntime targets:1 depth:1 tf:1 semantic_masks:3
[INFO] [1786497848.633415]: RGB-D vision status: model_ready:onnxruntime targets:1 depth:1 tf:1 semantic_masks:4
[INFO] [1786497860.437150]: RGB-D vision status: model_ready:onnxruntime targets:1 depth:1 tf:1 semantic_masks:4
[INFO] [1786497898.056054]: RGB-D vision status: model_ready:onnxruntime targets:1 depth:1 tf:1 semantic_masks:4
[INFO] [1786497912.276333]: RGB-D vision status: model_ready:onnxruntime targets:1 depth:1 tf:1 semantic_masks:4
[INFO] [1786497958.681590]: RGB-D vision status: model_ready:onnxruntime targets:1 depth:1 tf:1 semantic_masks:4
[INFO] [1786498001.887951]: RGB-D vision status: model_ready:onnxruntime targets:1 depth:1 tf:1 semantic_masks:4
[INFO] [1786498007.901664]: RGB-D vision status: model_ready:onnxruntime targets:1 depth:1 tf:1 semantic_masks:4
[INFO] [1786498019.866629]: RGB-D vision status: model_ready:onnxruntime targets:1 depth:1 tf:1 semantic_masks:4
[INFO] [1786498042.289850]: RGB-D vision status: model_ready:onnxruntime targets:1 depth:1 tf:1 semantic_masks:4
[INFO] [1786498057.680466]: RGB-D vision status: model_ready:onnxruntime targets:1 depth:1 tf:1 semantic_masks:4
[INFO] [1786498068.903875]: RGB-D vision status: model_ready:onnxruntime targets:1 depth:1 tf:1 semantic_masks:4
[INFO] [1786498080.680346]: RGB-D vision status: model_ready:onnxruntime targets:1 depth:1 tf:1 semantic_masks:4
[INFO] [1786498088.474595]: RGB-D vision status: model_ready:onnxruntime targets:1 depth:1 tf:1 semantic_masks:4
[INFO] [1786498109.659603]: RGB-D vision status: model_ready:onnxruntime targets:1 depth:1 tf:1 semantic_masks:4
[INFO] [1786498143.919544]: RGB-D vision status: model_ready:onnxruntime targets:1 depth:1 tf:1 semantic_masks:4
[INFO] [1786498160.268797]: RGB-D vision status: model_ready:onnxruntime targets:1 depth:1 tf:1 semantic_masks:5
[INFO] [1786498167.523598]: RGB-D vision status: model_ready:onnxruntime targets:1 depth:1 tf:1 semantic_masks:4
[INFO] [1786498237.864804]: RGB-D vision status: model_ready:onnxruntime targets:1 depth:1 tf:1 semantic_masks:4
[INFO] [1786498259.499098]: RGB-D vision status: model_ready:onnxruntime targets:1 depth:1 tf:1 semantic_masks:4
[INFO] [1786498276.487201]: RGB-D vision status: model_ready:onnxruntime targets:1 depth:1 tf:1 semantic_masks:4
[INFO] [1786498281.888015]: RGB-D vision status: model_ready:onnxruntime targets:1 depth:1 tf:1 semantic_masks:4
[INFO] [1786498300.121823]: RGB-D vision status: model_ready:onnxruntime targets:1 depth:1 tf:1 semantic_masks:4
[INFO] [1786498323.303605]: RGB-D vision status: model_ready:onnxruntime targets:1 depth:1 tf:1 semantic_masks:4
[INFO] [1786498333.889840]: RGB-D vision status: model_ready:onnxruntime targets:1 depth:1 tf:1 semantic_masks:4
[INFO] [1786498339.874038]: RGB-D vision status: model_ready:onnxruntime targets:1 depth:1 tf:1 semantic_masks:4
[INFO] [1786498384.696800]: RGB-D vision status: model_ready:onnxruntime targets:1 depth:1 tf:1 semantic_masks:4
[INFO] [1786498389.697813]: RGB-D vision status: model_ready:onnxruntime targets:1 depth:1 tf:1 semantic_masks:3
[INFO] [1786498407.703658]: RGB-D vision status: model_ready:onnxruntime targets:1 depth:1 tf:1 semantic_masks:4
[INFO] [1786498441.295650]: RGB-D vision status: model_ready:onnxruntime targets:1 depth:1 tf:1 semantic_masks:4
[INFO] [1786498451.700825]: RGB-D vision status: model_ready:onnxruntime targets:1 depth:1 tf:1 semantic_masks:4
[INFO] [1786498459.873446]: RGB-D vision status: model_ready:onnxruntime targets:1 depth:1 tf:1 semantic_masks:4
[INFO] [1786498467.272078]: RGB-D vision status: model_ready:onnxruntime targets:1 depth:1 tf:1 semantic_masks:4
[INFO] [1786498476.288779]: RGB-D vision status: model_ready:onnxruntime targets:1 depth:1 tf:1 semantic_masks:4
[INFO] [1786498483.102729]: RGB-D vision status: model_ready:onnxruntime targets:1 depth:1 tf:1 semantic_masks:4
[INFO] [1786498488.282515]: RGB-D vision status: model_ready:onnxruntime targets:1 depth:1 tf:1 semantic_masks:3
[INFO] [1786498498.903560]: RGB-D vision status: model_ready:onnxruntime targets:1 depth:1 tf:1 semantic_masks:4
[INFO] [1786498529.497926]: RGB-D vision status: model_ready:onnxruntime targets:1 depth:1 tf:1 semantic_masks:4
[INFO] [1786498537.475272]: RGB-D vision status: model_ready:onnxruntime targets:1 depth:1 tf:1 semantic_masks:4
[INFO] [1786498544.466797]: RGB-D vision status: model_ready:onnxruntime targets:1 depth:1 tf:1 semantic_masks:4
[INFO] [1786498552.077041]: RGB-D vision status: model_ready:onnxruntime targets:1 depth:1 tf:1 semantic_masks:2
[INFO] [1786498559.900733]: RGB-D vision status: model_ready:onnxruntime targets:1 depth:1 tf:1 semantic_masks:4
[INFO] [1786498570.886725]: RGB-D vision status: model_ready:onnxruntime targets:1 depth:1 tf:1 semantic_masks:4
[INFO] [1786498576.293480]: RGB-D vision status: model_ready:onnxruntime targets:1 depth:1 tf:1 semantic_masks:4
[INFO] [1786498599.900811]: RGB-D vision status: model_ready:onnxruntime targets:1 depth:1 tf:1 semantic_masks:4
[INFO] [1786498624.694957]: RGB-D vision status: model_ready:onnxruntime targets:1 depth:1 tf:1 semantic_masks:4
[INFO] [1786498639.670844]: RGB-D vision status: model_ready:onnxruntime targets:1 depth:1 tf:1 semantic_masks:2
[INFO] [1786498645.085988]: RGB-D vision status: model_ready:onnxruntime targets:1 depth:1 tf:1 semantic_masks:4
[INFO] [1786498651.279672]: RGB-D vision status: model_ready:onnxruntime targets:1 depth:1 tf:1 semantic_masks:4
[INFO] [1786498683.874885]: RGB-D vision status: model_ready:onnxruntime targets:1 depth:1 tf:1 semantic_masks:4
[INFO] [1786498690.486531]: RGB-D vision status: model_ready:onnxruntime targets:1 depth:1 tf:1 semantic_masks:4
[INFO] [1786498703.456292]: RGB-D vision status: model_ready:onnxruntime targets:1 depth:1 tf:1 semantic_masks:4
