[0m[INFO] [1785561026.106965366]: Initializing nodelet with 32 worker threads.[0m
[0m[INFO] [1785561026.169687017]: RealSense ROS v2.3.2[0m
[0m[INFO] [1785561026.169710903]: Built with LibRealSense v2.50.0[0m
[0m[INFO] [1785561026.169721511]: Running with LibRealSense v2.50.0[0m
[0m[INFO] [1785561026.192978791]:  [0m
[0m[INFO] [1785561026.281963281]: Device with serial number 233522078111 was found.
[0m
[0m[INFO] [1785561026.281994822]: Device with physical ID 2-3-5 was found.[0m
[0m[INFO] [1785561026.282012324]: Device with name Intel RealSense D435 was found.[0m
[0m[INFO] [1785561026.282329616]: Device with port number 2-3 was found.[0m
[0m[INFO] [1785561026.282361877]: Device USB type: 3.2[0m
[0m[INFO] [1785561026.284015678]: getParameters...[0m
[0m[INFO] [1785561026.308563616]: setupDevice...[0m
[0m[INFO] [1785561026.308587039]: JSON file is not provided[0m
[0m[INFO] [1785561026.308596155]: ROS Node Namespace: camera[0m
[0m[INFO] [1785561026.308608708]: Device Name: Intel RealSense D435[0m
[0m[INFO] [1785561026.308616230]: Device Serial No: 233522078111[0m
[0m[INFO] [1785561026.308624134]: Device physical port: 2-3-5[0m
[0m[INFO] [1785561026.308631370]: Device FW version: 05.13.00.55[0m
[0m[INFO] [1785561026.308638956]: Device Product ID: 0x0B07[0m
[0m[INFO] [1785561026.308645997]: Enable PointCloud: On[0m
[0m[INFO] [1785561026.308652998]: Align Depth: On[0m
[0m[INFO] [1785561026.308659874]: Sync Mode: On[0m
[0m[INFO] [1785561026.308697706]: Device Sensors: [0m
[0m[INFO] [1785561026.368997077]: Stereo Module was found.[0m
[0m[INFO] [1785561026.376805293]: RGB Camera was found.[0m
[0m[INFO] [1785561026.377080519]: Add Filter: pointcloud[0m
[0m[INFO] [1785561026.377468561]: num_filters: 2[0m
[0m[INFO] [1785561026.377485567]: Setting Dynamic reconfig parameters.[0m
[0m[INFO] [1785561029.350258042]: Done Setting Dynamic reconfig parameters.[0m
[33m[WARN] [1785561029.350397919]: Given stream configuration is not supported by the device!  Stream: Depth, Stream Index: 0, Width: 640, Height: 480, FPS: 10, Format: Z16[0m
[33m[WARN] [1785561029.350416165]: Using default profile instead.[0m
[0m[INFO] [1785561029.350775442]: depth stream is enabled - width: 848, height: 480, fps: 30, Format: Z16[0m
[0m[INFO] [1785561029.351176781]: color stream is enabled - width: 640, height: 480, fps: 15, Format: RGB8[0m
[0m[INFO] [1785561029.352355542]: setupPublishers...[0m
[0m[INFO] [1785561029.353822083]: Expected frequency for depth = 30.00000[0m
[0m[INFO] [1785561029.374146287]: Expected frequency for color = 15.00000[0m
[0m[INFO] [1785561029.387024402]: Expected frequency for aligned_depth_to_color = 15.00000[0m
[0m[INFO] [1785561029.399815886]: setupStreams...[0m
 01/08 05:10:29,632 WARNING [140434048976640] (messenger-libusb.cpp:42) control_transfer returned error, index: 768, error: Resource temporarily unavailable, number: 11
[0m[INFO] [1785561029.682871462]: SELECTED BASE:Depth, 0[0m
[0m[INFO] [1785561029.691112272]: RealSense Node Is Up![0m
[33m[WARN] [1785561029.750436629]: [0m
 01/08 05:10:29,750 WARNING [140434048976640] (messenger-libusb.cpp:42) control_transfer returned error, index: 768, error: Resource temporarily unavailable, number: 11
[0m[INFO] [1785561029.754272977]: publishing unordered pointcloud.[0m
 01/08 05:10:29,801 WARNING [140434048976640] (messenger-libusb.cpp:42) control_transfer returned error, index: 768, error: Resource temporarily unavailable, number: 11
 01/08 05:10:29,852 WARNING [140434048976640] (messenger-libusb.cpp:42) control_transfer returned error, index: 768, error: Resource temporarily unavailable, number: 11
 01/08 05:10:30,003 WARNING [140434048976640] (messenger-libusb.cpp:42) control_transfer returned error, index: 768, error: Resource temporarily unavailable, number: 11
 01/08 05:10:30,092 WARNING [140434048976640] (messenger-libusb.cpp:42) control_transfer returned error, index: 768, error: Resource temporarily unavailable, number: 11
 01/08 05:10:30,143 WARNING [140434048976640] (messenger-libusb.cpp:42) control_transfer returned error, index: 768, error: Resource temporarily unavailable, number: 11
 01/08 05:10:30,193 WARNING [140434048976640] (messenger-libusb.cpp:42) control_transfer returned error, index: 768, error: Resource temporarily unavailable, number: 11
 01/08 05:10:30,244 WARNING [140434048976640] (messenger-libusb.cpp:42) control_transfer returned error, index: 768, error: Resource temporarily unavailable, number: 11
 01/08 05:12:21,374 WARNING [140434048976640] (messenger-libusb.cpp:42) control_transfer returned error, index: 768, error: Resource temporarily unavailable, number: 11
 01/08 05:22:34,839 WARNING [140434048976640] (messenger-libusb.cpp:42) control_transfer returned error, index: 768, error: Resource temporarily unavailable, number: 11
[WARN] [1785561026.468672]: Remote inference unavailable, loading local fallback: [Errno -2] Name or service not known
[WARN] [1785561026.486067]: TensorRT unavailable, falling back to ONNX Runtime: No module named 'pycuda'
[ERROR] [1785561026.495903]: model load failed: Remote: [Errno -2] Name or service not known; TensorRT: No module named 'pycuda'; auto: No module named 'onnxruntime'
[INFO] [1785561026.421088]: RGB-D vision status: starting:model_loading
[INFO] [1785561026.496937]: Citrus model loading finished in 0.06 s: model_error
shutdown request: user request
 01/08 05:56:55,210 WARNING [140434048976640] (messenger-libusb.cpp:42) control_transfer returned error, index: 768, error: Resource temporarily unavailable, number: 11
 01/08 06:58:10,298 WARNING [140434048976640] (messenger-libusb.cpp:42) control_transfer returned error, index: 768, error: Resource temporarily unavailable, number: 11
 01/08 06:59:40,392 WARNING [140434048976640] (messenger-libusb.cpp:42) control_transfer returned error, index: 768, error: Resource temporarily unavailable, number: 11
 01/08 06:59:40,442 WARNING [140434048976640] (messenger-libusb.cpp:42) control_transfer returned error, index: 768, error: Resource temporarily unavailable, number: 11
 01/08 07:00:02,504 WARNING [140434048976640] (messenger-libusb.cpp:42) control_transfer returned error, index: 768, error: Resource temporarily unavailable, number: 11
 01/08 07:00:02,554 WARNING [140434048976640] (messenger-libusb.cpp:42) control_transfer returned error, index: 768, error: Resource temporarily unavailable, number: 11
 01/08 07:00:32,623 WARNING [140434048976640] (messenger-libusb.cpp:42) control_transfer returned error, index: 768, error: Resource temporarily unavailable, number: 11
 01/08 07:02:10,746 WARNING [140434048976640] (messenger-libusb.cpp:42) control_transfer returned error, index: 768, error: Resource temporarily unavailable, number: 11
 01/08 07:04:26,845 ERROR [140433074153216] (ds5-options.cpp:88) Asic Temperature value is not valid!
 01/08 07:04:27,847 ERROR [140433074153216] (ds5-options.cpp:88) Asic Temperature value is not valid!
 01/08 07:04:28,850 ERROR [140433074153216] (ds5-options.cpp:88) Asic Temperature value is not valid!
 01/08 07:11:07,076 WARNING [140434048976640] (messenger-libusb.cpp:42) control_transfer returned error, index: 768, error: Resource temporarily unavailable, number: 11
 01/08 07:12:46,166 WARNING [140434048976640] (messenger-libusb.cpp:42) control_transfer returned error, index: 768, error: Resource temporarily unavailable, number: 11
 01/08 07:12:46,216 WARNING [140434048976640] (messenger-libusb.cpp:42) control_transfer returned error, index: 768, error: Resource temporarily unavailable, number: 11
 01/08 07:13:33,294 WARNING [140434048976640] (messenger-libusb.cpp:42) control_transfer returned error, index: 768, error: Resource temporarily unavailable, number: 11
 01/08 07:15:12,390 WARNING [140434048976640] (messenger-libusb.cpp:42) control_transfer returned error, index: 768, error: Resource temporarily unavailable, number: 11
 01/08 07:15:12,440 WARNING [140434048976640] (messenger-libusb.cpp:42) control_transfer returned error, index: 768, error: Resource temporarily unavailable, number: 11
 01/08 07:22:16,697 WARNING [140434048976640] (messenger-libusb.cpp:42) control_transfer returned error, index: 768, error: Resource temporarily unavailable, number: 11
 01/08 07:23:46,791 WARNING [140434048976640] (messenger-libusb.cpp:42) control_transfer returned error, index: 768, error: Resource temporarily unavailable, number: 11
 01/08 07:23:46,841 WARNING [140434048976640] (messenger-libusb.cpp:42) control_transfer returned error, index: 768, error: Resource temporarily unavailable, number: 11
 01/08 07:23:49,895 WARNING [140434048976640] (messenger-libusb.cpp:42) control_transfer returned error, index: 768, error: Resource temporarily unavailable, number: 11
 01/08 07:23:49,945 WARNING [140434048976640] (messenger-libusb.cpp:42) control_transfer returned error, index: 768, error: Resource temporarily unavailable, number: 11
 01/08 07:28:32,121 WARNING [140434048976640] (messenger-libusb.cpp:42) control_transfer returned error, index: 768, error: Resource temporarily unavailable, number: 11
 01/08 07:28:44,178 WARNING [140434048976640] (messenger-libusb.cpp:42) control_transfer returned error, index: 768, error: Resource temporarily unavailable, number: 11
 01/08 07:28:44,229 WARNING [140434048976640] (messenger-libusb.cpp:42) control_transfer returned error, index: 768, error: Resource temporarily unavailable, number: 11
 01/08 07:28:47,281 WARNING [140434048976640] (messenger-libusb.cpp:42) control_transfer returned error, index: 768, error: Resource temporarily unavailable, number: 11
 01/08 07:28:47,332 WARNING [140434048976640] (messenger-libusb.cpp:42) control_transfer returned error, index: 768, error: Resource temporarily unavailable, number: 11
 01/08 07:28:50,384 WARNING [140434048976640] (messenger-libusb.cpp:42) control_transfer returned error, index: 768, error: Resource temporarily unavailable, number: 11
 01/08 07:28:50,435 WARNING [140434048976640] (messenger-libusb.cpp:42) control_transfer returned error, index: 768, error: Resource temporarily unavailable, number: 11
 01/08 07:29:55,510 WARNING [140434048976640] (messenger-libusb.cpp:42) control_transfer returned error, index: 768, error: Resource temporarily unavailable, number: 11
 01/08 07:33:28,668 WARNING [140434048976640] (messenger-libusb.cpp:42) control_transfer returned error, index: 768, error: Resource temporarily unavailable, number: 11
 01/08 07:34:16,743 WARNING [140434048976640] (messenger-libusb.cpp:42) control_transfer returned error, index: 768, error: Resource temporarily unavailable, number: 11
 01/08 07:34:16,793 WARNING [140434048976640] (messenger-libusb.cpp:42) control_transfer returned error, index: 768, error: Resource temporarily unavailable, number: 11
 01/08 07:34:17,845 WARNING [140434048976640] (messenger-libusb.cpp:42) control_transfer returned error, index: 768, error: Resource temporarily unavailable, number: 11
 01/08 07:34:17,895 WARNING [140434048976640] (messenger-libusb.cpp:42) control_transfer returned error, index: 768, error: Resource temporarily unavailable, number: 11
 01/08 07:34:55,967 WARNING [140434048976640] (messenger-libusb.cpp:42) control_transfer returned error, index: 768, error: Resource temporarily unavailable, number: 11
 01/08 07:34:56,017 WARNING [140434048976640] (messenger-libusb.cpp:42) control_transfer returned error, index: 768, error: Resource temporarily unavailable, number: 11
 01/08 07:35:40,091 WARNING [140434048976640] (messenger-libusb.cpp:42) control_transfer returned error, index: 768, error: Resource temporarily unavailable, number: 11
 01/08 07:36:56,183 WARNING [140434048976640] (messenger-libusb.cpp:42) control_transfer returned error, index: 768, error: Resource temporarily unavailable, number: 11
 01/08 07:36:56,233 WARNING [140434048976640] (messenger-libusb.cpp:42) control_transfer returned error, index: 768, error: Resource temporarily unavailable, number: 11
 01/08 07:37:11,289 WARNING [140434048976640] (messenger-libusb.cpp:42) control_transfer returned error, index: 768, error: Resource temporarily unavailable, number: 11
 01/08 07:37:11,339 WARNING [140434048976640] (messenger-libusb.cpp:42) control_transfer returned error, index: 768, error: Resource temporarily unavailable, number: 11
 01/08 07:37:19,392 WARNING [140434048976640] (messenger-libusb.cpp:42) control_transfer returned error, index: 768, error: Resource temporarily unavailable, number: 11
 01/08 07:37:19,443 WARNING [140434048976640] (messenger-libusb.cpp:42) control_transfer returned error, index: 768, error: Resource temporarily unavailable, number: 11
 01/08 07:37:21,493 WARNING [140434048976640] (messenger-libusb.cpp:42) control_transfer returned error, index: 768, error: Resource temporarily unavailable, number: 11
 01/08 07:37:21,544 WARNING [140434048976640] (messenger-libusb.cpp:42) control_transfer returned error, index: 768, error: Resource temporarily unavailable, number: 11
 01/08 07:38:44,888 ERROR [140433074153216] (ds5-options.cpp:88) Asic Temperature value is not valid!
 01/08 07:38:45,891 ERROR [140433074153216] (ds5-options.cpp:88) Asic Temperature value is not valid!
 01/08 07:38:46,894 ERROR [140433074153216] (ds5-options.cpp:88) Asic Temperature value is not valid!
 01/08 08:16:03,900 WARNING [140434048976640] (messenger-libusb.cpp:42) control_transfer returned error, index: 768, error: Resource temporarily unavailable, number: 11
 01/08 08:22:51,159 WARNING [140434048976640] (messenger-libusb.cpp:42) control_transfer returned error, index: 768, error: Resource temporarily unavailable, number: 11
 01/08 08:49:49,048 WARNING [140434048976640] (messenger-libusb.cpp:42) control_transfer returned error, index: 768, error: Resource temporarily unavailable, number: 11
 01/08 08:52:33,192 WARNING [140434048976640] (messenger-libusb.cpp:42) control_transfer returned error, index: 768, error: Resource temporarily unavailable, number: 11
... logging to /home/catas/.ros/log/9099e03a-8d62-11f1-a782-c4c6e661f1ab/roslaunch-catas-23094.log
Checking log directory for disk usage. This may take a while.
Press Ctrl-C to interrupt
Done checking log file disk usage. Usage is <1GB.
]2;/home/catas/ros_ws/src/elfin_vision/launch/citrus_sensor_runtime.launch
[1mstarted roslaunch server http://127.0.0.1:39603/[0m

SUMMARY
========

PARAMETERS
 * /camera/realsense2_camera/accel_fps: -1
 * /camera/realsense2_camera/accel_frame_id: camera_accel_frame
 * /camera/realsense2_camera/accel_optical_frame_id: camera_accel_opti...
 * /camera/realsense2_camera/align_depth: True
 * /camera/realsense2_camera/aligned_depth_to_color_frame_id: camera_aligned_de...
 * /camera/realsense2_camera/aligned_depth_to_fisheye1_frame_id: camera_aligned_de...
 * /camera/realsense2_camera/aligned_depth_to_fisheye2_frame_id: camera_aligned_de...
 * /camera/realsense2_camera/aligned_depth_to_fisheye_frame_id: camera_aligned_de...
 * /camera/realsense2_camera/aligned_depth_to_infra1_frame_id: camera_aligned_de...
 * /camera/realsense2_camera/aligned_depth_to_infra2_frame_id: camera_aligned_de...
 * /camera/realsense2_camera/allow_no_texture_points: False
 * /camera/realsense2_camera/base_frame_id: camera_link
 * /camera/realsense2_camera/calib_odom_file: 
 * /camera/realsense2_camera/clip_distance: -2.0
 * /camera/realsense2_camera/color_fps: 15
 * /camera/realsense2_camera/color_frame_id: camera_color_frame
 * /camera/realsense2_camera/color_height: 480
 * /camera/realsense2_camera/color_optical_frame_id: camera_color_opti...
 * /camera/realsense2_camera/color_width: 640
 * /camera/realsense2_camera/confidence_fps: -1
 * /camera/realsense2_camera/confidence_height: -1
 * /camera/realsense2_camera/confidence_width: -1
 * /camera/realsense2_camera/depth_fps: 10
 * /camera/realsense2_camera/depth_frame_id: camera_depth_frame
 * /camera/realsense2_camera/depth_height: 480
 * /camera/realsense2_camera/depth_optical_frame_id: camera_depth_opti...
 * /camera/realsense2_camera/depth_width: 640
 * /camera/realsense2_camera/device_type: d435
 * /camera/realsense2_camera/enable_accel: False
 * /camera/realsense2_camera/enable_color: True
 * /camera/realsense2_camera/enable_confidence: False
 * /camera/realsense2_camera/enable_depth: True
 * /camera/realsense2_camera/enable_fisheye1: False
 * /camera/realsense2_camera/enable_fisheye2: False
 * /camera/realsense2_camera/enable_fisheye: False
 * /camera/realsense2_camera/enable_gyro: False
 * /camera/realsense2_camera/enable_infra1: False
 * /camera/realsense2_camera/enable_infra2: False
 * /camera/realsense2_camera/enable_infra: False
 * /camera/realsense2_camera/enable_pointcloud: True
 * /camera/realsense2_camera/enable_pose: False
 * /camera/realsense2_camera/enable_sync: True
 * /camera/realsense2_camera/filters: 
 * /camera/realsense2_camera/fisheye1_frame_id: camera_fisheye1_f...
 * /camera/realsense2_camera/fisheye1_optical_frame_id: camera_fisheye1_o...
 * /camera/realsense2_camera/fisheye2_frame_id: camera_fisheye2_f...
 * /camera/realsense2_camera/fisheye2_optical_frame_id: camera_fisheye2_o...
 * /camera/realsense2_camera/fisheye_fps: -1
 * /camera/realsense2_camera/fisheye_frame_id: camera_fisheye_frame
 * /camera/realsense2_camera/fisheye_height: -1
 * /camera/realsense2_camera/fisheye_optical_frame_id: camera_fisheye_op...
 * /camera/realsense2_camera/fisheye_width: -1
 * /camera/realsense2_camera/gyro_fps: -1
 * /camera/realsense2_camera/gyro_frame_id: camera_gyro_frame
 * /camera/realsense2_camera/gyro_optical_frame_id: camera_gyro_optic...
 * /camera/realsense2_camera/imu_optical_frame_id: camera_imu_optica...
 * /camera/realsense2_camera/infra1_frame_id: camera_infra1_frame
 * /camera/realsense2_camera/infra1_optical_frame_id: camera_infra1_opt...
 * /camera/realsense2_camera/infra2_frame_id: camera_infra2_frame
 * /camera/realsense2_camera/infra2_optical_frame_id: camera_infra2_opt...
 * /camera/realsense2_camera/infra_fps: 30
 * /camera/realsense2_camera/infra_height: 480
 * /camera/realsense2_camera/infra_rgb: False
 * /camera/realsense2_camera/infra_width: 848
 * /camera/realsense2_camera/initial_reset: False
 * /camera/realsense2_camera/json_file_path: 
 * /camera/realsense2_camera/linear_accel_cov: 0.01
 * /camera/realsense2_camera/odom_frame_id: camera_odom_frame
 * /camera/realsense2_camera/ordered_pc: False
 * /camera/realsense2_camera/pointcloud_texture_index: 0
 * /camera/realsense2_camera/pointcloud_texture_stream: RS2_STREAM_ANY
 * /camera/realsense2_camera/pose_frame_id: camera_pose_frame
 * /camera/realsense2_camera/pose_optical_frame_id: camera_pose_optic...
 * /camera/realsense2_camera/publish_odom_tf: True
 * /camera/realsense2_camera/publish_tf: True
 * /camera/realsense2_camera/reconnect_timeout: 6.0
 * /camera/realsense2_camera/rosbag_filename: 
 * /camera/realsense2_camera/serial_no: 233522078111
 * /camera/realsense2_camera/stereo_module/exposure/1: 7500
 * /camera/realsense2_camera/stereo_module/exposure/2: 1
 * /camera/realsense2_camera/stereo_module/gain/1: 16
 * /camera/realsense2_camera/stereo_module/gain/2: 16
 * /camera/realsense2_camera/tf_publish_rate: 0.0
 * /camera/realsense2_camera/topic_odom_in: odom_in
 * /camera/realsense2_camera/unite_imu_method: 
 * /camera/realsense2_camera/usb_port_id: 2-3
 * /camera/realsense2_camera/wait_for_device_timeout: 8.0
 * /elfin_vision/citrus_rgbd_node/backend: auto
 * /elfin_vision/citrus_rgbd_node/class_names/0: citrus
 * /elfin_vision/citrus_rgbd_node/class_names/1: tree
 * /elfin_vision/citrus_rgbd_node/confidence: 0.35
 * /elfin_vision/citrus_rgbd_node/depth_max_m: 4.0
 * /elfin_vision/citrus_rgbd_node/depth_min_m: 0.2
 * /elfin_vision/citrus_rgbd_node/depth_min_samples: 20
 * /elfin_vision/citrus_rgbd_node/depth_roi_scale: 0.35
 * /elfin_vision/citrus_rgbd_node/device: auto
 * /elfin_vision/citrus_rgbd_node/engine_path: /home/catas/elfin...
 * /elfin_vision/citrus_rgbd_node/engine_sha256: c876f0927ac1eb12e...
 * /elfin_vision/citrus_rgbd_node/image_size: 640
 * /elfin_vision/citrus_rgbd_node/iou: 0.45
 * /elfin_vision/citrus_rgbd_node/max_inference_hz: 8.0
 * /elfin_vision/citrus_rgbd_node/model_path: /home/catas/elfin...
 * /elfin_vision/citrus_rgbd_node/model_repo: 
 * /elfin_vision/citrus_rgbd_node/model_sha256: 507821ee21f312497...
 * /elfin_vision/citrus_rgbd_node/publish_annotated_image: True
 * /elfin_vision/citrus_rgbd_node/remote_failure_limit: 3
 * /elfin_vision/citrus_rgbd_node/remote_preferred: True
 * /elfin_vision/citrus_rgbd_node/remote_retry_interval_s: 5.0
 * /elfin_vision/citrus_rgbd_node/remote_timeout_s: 0.8
 * /elfin_vision/citrus_rgbd_node/remote_token_file: /home/catas/.conf...
 * /elfin_vision/citrus_rgbd_node/remote_url: http://aiseon.loc...
 * /elfin_vision/citrus_rgbd_node/target_class_ids: []
 * /elfin_vision/citrus_rgbd_node/target_frame: elfin_base_link
 * /elfin_vision/citrus_rgbd_node/target_labels: ['citrus', 'orang...
 * /rosdistro: noetic
 * /rosversion: 1.17.4

NODES
  /camera/
    realsense2_camera (nodelet/nodelet)
    realsense2_camera_manager (nodelet/nodelet)
  /elfin_vision/
    citrus_rgbd_node (elfin_vision/citrus_rgbd_node.py)

[1mROS_MASTER_URI=http://127.0.0.1:11311[0m
]2;/home/catas/ros_ws/src/elfin_vision/launch/citrus_sensor_runtime.launch http://127.0.0.1:11311
[1mprocess[camera/realsense2_camera_manager-1]: started with pid [23110][0m
[1mprocess[camera/realsense2_camera-2]: started with pid [23111][0m
[1mprocess[elfin_vision/citrus_rgbd_node-3]: started with pid [23112][0m
[1m[elfin_vision/citrus_rgbd_node-3] process has finished cleanly
log file: /home/catas/.ros/log/9099e03a-8d62-11f1-a782-c4c6e661f1ab/elfin_vision-citrus_rgbd_node-3*.log[0m
[camera/realsense2_camera-2] killing on exit
[camera/realsense2_camera_manager-1] killing on exit
shutting down processing monitor...
... shutting down processing monitor complete
[1mdone[0m
