Starting isolated D455 motion stream without reset.
[0m[INFO] [1786430193.730221859]: Initializing nodelet with 32 worker threads.[0m
[0m[INFO] [1786430193.793942539]: RealSense ROS v2.3.2[0m
[0m[INFO] [1786430193.793967196]: Built with LibRealSense v2.55.1[0m
[0m[INFO] [1786430193.793979076]: Running with LibRealSense v2.55.1[0m
[0m[INFO] [1786430193.817359858]:  [0m
[0m[INFO] [1786430193.822334104]: Device with serial number 234222302617 was found.
[0m
[0m[INFO] [1786430193.822351557]: Device with physical ID /sys/devices/pci0000:00/0000:00:14.0/usb2/2-3/2-3:1.0/video4linux/video0 was found.[0m
[0m[INFO] [1786430193.822357266]: Device with name Intel RealSense D455 was found.[0m
[0m[INFO] [1786430193.822517346]: Device with port number 2-3 was found.[0m
[0m[INFO] [1786430193.822531958]: Device USB type: 3.2[0m
[0m[INFO] [1786430193.823861138]: getParameters...[0m
[0m[INFO] [1786430193.845395017]: setupDevice...[0m
[0m[INFO] [1786430193.845410289]: JSON file is not provided[0m
[0m[INFO] [1786430193.845418750]: ROS Node Namespace: camera_imu[0m
[0m[INFO] [1786430193.845434464]: Device Name: Intel RealSense D455[0m
[0m[INFO] [1786430193.845442146]: Device Serial No: 234222302617[0m
[0m[INFO] [1786430193.845450398]: Device physical port: /sys/devices/pci0000:00/0000:00:14.0/usb2/2-3/2-3:1.0/video4linux/video0[0m
[0m[INFO] [1786430193.845457993]: Device FW version: 5.17.3.10[0m
[0m[INFO] [1786430193.845465431]: Device Product ID: 0x0B5C[0m
[0m[INFO] [1786430193.845474904]: Enable PointCloud: Off[0m
[0m[INFO] [1786430193.845482132]: Align Depth: Off[0m
[0m[INFO] [1786430193.845489067]: Sync Mode: Off[0m
[0m[INFO] [1786430193.845506786]: Device Sensors: [0m
[0m[INFO] [1786430193.850088785]: Stereo Module was found.[0m
[0m[INFO] [1786430193.853316732]: RGB Camera was found.[0m
[0m[INFO] [1786430193.853459918]: Motion Module was found.[0m
[0m[INFO] [1786430193.853485336]: num_filters: 0[0m
[0m[INFO] [1786430193.853508256]: Setting Dynamic reconfig parameters.[0m
[0m[INFO] [1786430193.890130335]: Done Setting Dynamic reconfig parameters.[0m
[0m[INFO] [1786430193.890215337]: gyro stream is enabled - fps: 200[0m
[0m[INFO] [1786430193.890228472]: accel stream is enabled - fps: 100[0m
[0m[INFO] [1786430193.890262075]: setupPublishers...[0m
[0m[INFO] [1786430193.892044243]: setupStreams...[0m
 11/08 06:36:33,892 WARNING [140371326404352] (ds-calib-parsers.cpp:35) IMU Calibration is not available, default intrinsic and extrinsic will be used.
[0m[INFO] [1786430193.893750889]: SELECTED BASE:Depth, 0[0m
[0m[INFO] [1786430193.895044225]: RealSense Node Is Up![0m
[33m[WARN] [1786430194.001481584]: [0m
D455 motion stream ready: /camera_imu/gyro/sample + /camera_imu/accel/sample
[0m[INFO] [1786430197.167863122]: Initializing nodelet with 32 worker threads.[0m
[0m[INFO] [1786430197.228862144]: RealSense ROS v2.3.2[0m
[0m[INFO] [1786430197.228885566]: Built with LibRealSense v2.55.1[0m
[0m[INFO] [1786430197.228899277]: Running with LibRealSense v2.55.1[0m
[0m[INFO] [1786430197.247279455]:  [0m
[0m[INFO] [1786430197.253131731]: Device with serial number 234222302617 was found.
[0m
[0m[INFO] [1786430197.253149015]: Device with physical ID /sys/devices/pci0000:00/0000:00:14.0/usb2/2-3/2-3:1.0/video4linux/video0 was found.[0m
[0m[INFO] [1786430197.253153054]: Device with name Intel RealSense D455 was found.[0m
[0m[INFO] [1786430197.253270951]: Device with port number 2-3 was found.[0m
[0m[INFO] [1786430197.253283005]: Device USB type: 3.2[0m
[0m[INFO] [1786430197.253723661]: getParameters...[0m
[0m[INFO] [1786430197.266335514]: setupDevice...[0m
[0m[INFO] [1786430197.266347630]: JSON file is not provided[0m
[0m[INFO] [1786430197.266352453]: ROS Node Namespace: camera[0m
[0m[INFO] [1786430197.266357238]: Device Name: Intel RealSense D455[0m
[0m[INFO] [1786430197.266360411]: Device Serial No: 234222302617[0m
[0m[INFO] [1786430197.266364338]: Device physical port: /sys/devices/pci0000:00/0000:00:14.0/usb2/2-3/2-3:1.0/video4linux/video0[0m
[0m[INFO] [1786430197.266367636]: Device FW version: 5.17.3.10[0m
[0m[INFO] [1786430197.266371588]: Device Product ID: 0x0B5C[0m
[0m[INFO] [1786430197.266374496]: Enable PointCloud: On[0m
[0m[INFO] [1786430197.266377590]: Align Depth: On[0m
[0m[INFO] [1786430197.266380391]: Sync Mode: On[0m
[0m[INFO] [1786430197.266398989]: Device Sensors: [0m
[0m[INFO] [1786430197.269056137]: Stereo Module was found.[0m
[0m[INFO] [1786430197.271174437]: RGB Camera was found.[0m
[0m[INFO] [1786430197.271251554]: Motion Module was found.[0m
[0m[INFO] [1786430197.271276351]: Add Filter: pointcloud[0m
[0m[INFO] [1786430197.271308230]: num_filters: 2[0m
[0m[INFO] [1786430197.271313349]: Setting Dynamic reconfig parameters.[0m
[0m[INFO] [1786430197.308518105]: Done Setting Dynamic reconfig parameters.[0m
[0m[INFO] [1786430197.308825308]: depth stream is enabled - width: 640, height: 480, fps: 5, Format: Z16[0m
[0m[INFO] [1786430197.309088632]: color stream is enabled - width: 640, height: 480, fps: 15, Format: RGB8[0m
[0m[INFO] [1786430197.309723489]: setupPublishers...[0m
[0m[INFO] [1786430197.310686370]: Expected frequency for depth = 5.00000[0m
[0m[INFO] [1786430197.321587299]: Expected frequency for color = 15.00000[0m
[0m[INFO] [1786430197.327147966]: Expected frequency for aligned_depth_to_color = 15.00000[0m
[0m[INFO] [1786430197.332774639]: setupStreams...[0m
[0m[INFO] [1786430197.362823924]: SELECTED BASE:Depth, 0[0m
[0m[INFO] [1786430197.366269136]: RealSense Node Is Up![0m
[33m[WARN] [1786430197.944483507]: [0m
[0m[INFO] [1786430197.955407213]: publishing unordered pointcloud.[0m
 11/08 06:37:59,585 ERROR [139702756976384] (ds-options.cpp:93) Asic Temperature value is not valid!
 11/08 06:38:00,587 ERROR [139702756976384] (ds-options.cpp:93) Asic Temperature value is not valid!
 11/08 06:38:01,376 ERROR [139702904534784] (ds-options.cpp:93) Asic Temperature value is not valid!
 11/08 06:38:01,590 ERROR [139702756976384] (ds-options.cpp:93) Asic Temperature value is not valid!
 11/08 06:39:56,887 ERROR [139702756976384] (ds-options.cpp:93) Asic Temperature value is not valid!
 11/08 06:39:57,392 ERROR [139702904534784] (ds-options.cpp:93) Asic Temperature value is not valid!
 11/08 06:39:57,890 ERROR [139702756976384] (ds-options.cpp:93) Asic Temperature value is not valid!
 11/08 06:39:58,893 ERROR [139702756976384] (ds-options.cpp:93) Asic Temperature value is not valid!
 11/08 06:39:59,392 ERROR [139702904534784] (ds-options.cpp:93) Asic Temperature value is not valid!
[INFO] [1786430197.435576]: RGB-D vision status: starting:model_loading
[INFO] [1786430197.547313]: Loaded ONNX citrus model /home/catas/elfin_citrus_data/models/yolo26n_seg_converged_20260806/yolo26n_citrus_tree_best.onnx; classes={0: 'citrus', 1: 'tree'}; providers=['CPUExecutionProvider']
[INFO] [1786430197.549306]: Citrus model loading finished in 0.09 s: model_ready:onnxruntime
[INFO] [1786430202.886418]: RGB-D vision status: model_ready:onnxruntime targets:0 depth:0 tf:0 semantic_masks:1
[INFO] [1786430207.943488]: RGB-D vision status: model_ready:onnxruntime targets:0 depth:0 tf:0 semantic_masks:1
[INFO] [1786430213.226151]: RGB-D vision status: model_ready:onnxruntime targets:0 depth:0 tf:0 semantic_masks:2
[INFO] [1786430221.202299]: RGB-D vision status: model_ready:onnxruntime targets:1 depth:0 tf:0 semantic_masks:2
[INFO] [1786430226.646964]: RGB-D vision status: model_ready:onnxruntime targets:0 depth:0 tf:0 semantic_masks:1
[INFO] [1786430231.806308]: RGB-D vision status: model_ready:onnxruntime targets:0 depth:0 tf:0 semantic_masks:1
[INFO] [1786430238.621952]: RGB-D vision status: model_ready:onnxruntime targets:1 depth:1 tf:1 semantic_masks:2
[INFO] [1786430244.027638]: RGB-D vision status: model_ready:onnxruntime targets:2 depth:2 tf:2 semantic_masks:3
[INFO] [1786430249.189785]: RGB-D vision status: model_ready:onnxruntime targets:2 depth:2 tf:2 semantic_masks:4
[INFO] [1786430254.224179]: RGB-D vision status: model_ready:onnxruntime targets:2 depth:2 tf:2 semantic_masks:3
[INFO] [1786430259.337085]: RGB-D vision status: model_ready:onnxruntime targets:0 depth:0 tf:0 semantic_masks:1
[INFO] [1786430264.410842]: RGB-D vision status: model_ready:onnxruntime targets:0 depth:0 tf:0 semantic_masks:1
[INFO] [1786430272.686376]: RGB-D vision status: model_ready:onnxruntime targets:1 depth:0 tf:0 semantic_masks:2
[INFO] [1786430277.746439]: RGB-D vision status: model_ready:onnxruntime targets:0 depth:0 tf:0 semantic_masks:2
[INFO] [1786430284.018558]: RGB-D vision status: model_ready:onnxruntime targets:0 depth:0 tf:0 semantic_masks:2
[INFO] [1786430289.090390]: RGB-D vision status: model_ready:onnxruntime targets:0 depth:0 tf:0 semantic_masks:1
[INFO] [1786430294.203971]: RGB-D vision status: model_ready:onnxruntime targets:0 depth:0 tf:0 semantic_masks:2
[INFO] [1786430299.590289]: RGB-D vision status: model_ready:onnxruntime targets:0 depth:0 tf:0 semantic_masks:0
[INFO] [1786430304.612999]: RGB-D vision status: model_ready:onnxruntime targets:0 depth:0 tf:0 semantic_masks:1
[INFO] [1786430310.207051]: RGB-D vision status: model_ready:onnxruntime targets:0 depth:0 tf:0 semantic_masks:1
[INFO] [1786430315.229376]: RGB-D vision status: model_ready:onnxruntime targets:0 depth:0 tf:0 semantic_masks:1
[INFO] [1786430320.232014]: RGB-D vision status: model_ready:onnxruntime targets:1 depth:1 tf:1 semantic_masks:3
[INFO] [1786430325.455450]: RGB-D vision status: model_ready:onnxruntime targets:2 depth:2 tf:2 semantic_masks:3
[INFO] [1786430330.800464]: RGB-D vision status: model_ready:onnxruntime targets:3 depth:2 tf:2 semantic_masks:5
[INFO] [1786430336.130805]: RGB-D vision status: model_ready:onnxruntime targets:3 depth:3 tf:3 semantic_masks:4
[INFO] [1786430342.262252]: RGB-D vision status: model_ready:onnxruntime targets:2 depth:2 tf:2 semantic_masks:3
[INFO] [1786430347.346558]: RGB-D vision status: model_ready:onnxruntime targets:1 depth:1 tf:1 semantic_masks:2
[INFO] [1786430352.416394]: RGB-D vision status: model_ready:onnxruntime targets:1 depth:1 tf:1 semantic_masks:2
[INFO] [1786430357.492093]: RGB-D vision status: model_ready:onnxruntime targets:1 depth:0 tf:0 semantic_masks:2
[INFO] [1786430362.629411]: RGB-D vision status: model_ready:onnxruntime targets:1 depth:1 tf:1 semantic_masks:2
[INFO] [1786430367.827903]: RGB-D vision status: model_ready:onnxruntime targets:2 depth:2 tf:2 semantic_masks:3
[INFO] [1786430373.018964]: RGB-D vision status: model_ready:onnxruntime targets:1 depth:1 tf:1 semantic_masks:2
[INFO] [1786430378.201177]: RGB-D vision status: model_ready:onnxruntime targets:3 depth:3 tf:3 semantic_masks:5
[INFO] [1786430388.413464]: RGB-D vision status: model_ready:onnxruntime targets:0 depth:0 tf:0 semantic_masks:1
[INFO] [1786430394.005867]: RGB-D vision status: model_ready:onnxruntime targets:2 depth:2 tf:2 semantic_masks:2
[INFO] [1786430399.591876]: RGB-D vision status: model_ready:onnxruntime targets:2 depth:2 tf:2 semantic_masks:2
[INFO] [1786430404.661006]: RGB-D vision status: model_ready:onnxruntime targets:2 depth:2 tf:2 semantic_masks:3
[INFO] [1786430409.859831]: RGB-D vision status: model_ready:onnxruntime targets:2 depth:2 tf:2 semantic_masks:3
[INFO] [1786430415.210770]: RGB-D vision status: model_ready:onnxruntime targets:1 depth:1 tf:1 semantic_masks:2
[INFO] [1786430420.288584]: RGB-D vision status: model_ready:onnxruntime targets:4 depth:3 tf:3 semantic_masks:5
[INFO] [1786430425.545060]: RGB-D vision status: model_ready:onnxruntime targets:3 depth:2 tf:2 semantic_masks:4
[INFO] [1786430430.627645]: RGB-D vision status: model_ready:onnxruntime targets:2 depth:2 tf:2 semantic_masks:5
[INFO] [1786430435.712960]: RGB-D vision status: model_ready:onnxruntime targets:3 depth:2 tf:2 semantic_masks:4
[INFO] [1786430440.893013]: RGB-D vision status: model_ready:onnxruntime targets:3 depth:2 tf:2 semantic_masks:4
[INFO] [1786430446.806731]: RGB-D vision status: model_ready:onnxruntime targets:2 depth:2 tf:2 semantic_masks:3
[INFO] [1786430452.619861]: RGB-D vision status: model_ready:onnxruntime targets:1 depth:1 tf:1 semantic_masks:2
[INFO] [1786430458.000345]: RGB-D vision status: model_ready:onnxruntime targets:2 depth:2 tf:2 semantic_masks:3
[INFO] [1786430463.208083]: RGB-D vision status: model_ready:onnxruntime targets:2 depth:2 tf:2 semantic_masks:3
[INFO] [1786430468.426366]: RGB-D vision status: model_ready:onnxruntime targets:2 depth:2 tf:2 semantic_masks:3
[INFO] [1786430474.394488]: RGB-D vision status: model_ready:onnxruntime targets:2 depth:2 tf:2 semantic_masks:3
[INFO] [1786430480.505366]: RGB-D vision status: model_ready:onnxruntime targets:0 depth:0 tf:0 semantic_masks:2
[INFO] [1786430489.011573]: RGB-D vision status: model_ready:onnxruntime targets:0 depth:0 tf:0 semantic_masks:2
[INFO] [1786430494.139936]: RGB-D vision status: model_ready:onnxruntime targets:2 depth:2 tf:2 semantic_masks:3
[INFO] [1786430499.232834]: RGB-D vision status: model_ready:onnxruntime targets:1 depth:1 tf:1 semantic_masks:2
[INFO] [1786430504.355280]: RGB-D vision status: model_ready:onnxruntime targets:1 depth:0 tf:0 semantic_masks:2
[INFO] [1786430509.479799]: RGB-D vision status: model_ready:onnxruntime targets:1 depth:1 tf:1 semantic_masks:2
[INFO] [1786430518.443336]: RGB-D vision status: model_ready:onnxruntime targets:1 depth:1 tf:1 semantic_masks:3
[INFO] [1786430523.606886]: RGB-D vision status: model_ready:onnxruntime targets:2 depth:1 tf:1 semantic_masks:3
[INFO] [1786430529.004007]: RGB-D vision status: model_ready:onnxruntime targets:1 depth:1 tf:1 semantic_masks:2
[INFO] [1786430534.209991]: RGB-D vision status: model_ready:onnxruntime targets:1 depth:1 tf:1 semantic_masks:2
[INFO] [1786430539.417970]: RGB-D vision status: model_ready:onnxruntime targets:1 depth:1 tf:1 semantic_masks:2
[INFO] [1786430544.418395]: RGB-D vision status: model_ready:onnxruntime targets:2 depth:2 tf:2 semantic_masks:3
[INFO] [1786430549.607976]: RGB-D vision status: model_ready:onnxruntime targets:1 depth:1 tf:1 semantic_masks:3
[INFO] [1786430554.662144]: RGB-D vision status: model_ready:onnxruntime targets:0 depth:0 tf:0 semantic_masks:2
[INFO] [1786430559.742821]: RGB-D vision status: model_ready:onnxruntime targets:1 depth:0 tf:0 semantic_masks:2
[INFO] [1786430564.748036]: RGB-D vision status: model_ready:onnxruntime targets:0 depth:0 tf:0 semantic_masks:3
[INFO] [1786430570.012820]: RGB-D vision status: model_ready:onnxruntime targets:0 depth:0 tf:0 semantic_masks:1
[INFO] [1786430575.080620]: RGB-D vision status: model_ready:onnxruntime targets:0 depth:0 tf:0 semantic_masks:0
[INFO] [1786430580.152526]: RGB-D vision status: model_ready:onnxruntime targets:1 depth:0 tf:0 semantic_masks:4
[INFO] [1786430585.549503]: RGB-D vision status: model_ready:onnxruntime targets:1 depth:1 tf:1 semantic_masks:4
... logging to /home/catas/.ros/log/cf92149e-954e-11f1-a517-c4c6e661f1ab/roslaunch-catas-13247.log
Checking log directory for disk usage. This may take a while.
Press Ctrl-C to interrupt
Done checking log file disk usage. Usage is <1GB.
]2;/home/catas/ros_ws/src/elfin_vision/launch/citrus_imu.launch
[1mstarted roslaunch server http://127.0.0.1:43119/[0m

SUMMARY
========

PARAMETERS
 * /camera_imu/realsense2_camera/accel_fps: 100
 * /camera_imu/realsense2_camera/accel_frame_id: camera_accel_frame
 * /camera_imu/realsense2_camera/accel_optical_frame_id: camera_accel_opti...
 * /camera_imu/realsense2_camera/align_depth: False
 * /camera_imu/realsense2_camera/aligned_depth_to_color_frame_id: camera_aligned_de...
 * /camera_imu/realsense2_camera/aligned_depth_to_fisheye1_frame_id: camera_aligned_de...
 * /camera_imu/realsense2_camera/aligned_depth_to_fisheye2_frame_id: camera_aligned_de...
 * /camera_imu/realsense2_camera/aligned_depth_to_fisheye_frame_id: camera_aligned_de...
 * /camera_imu/realsense2_camera/aligned_depth_to_infra1_frame_id: camera_aligned_de...
 * /camera_imu/realsense2_camera/aligned_depth_to_infra2_frame_id: camera_aligned_de...
 * /camera_imu/realsense2_camera/allow_no_texture_points: False
 * /camera_imu/realsense2_camera/base_frame_id: camera_link
 * /camera_imu/realsense2_camera/calib_odom_file: 
 * /camera_imu/realsense2_camera/clip_distance: -2.0
 * /camera_imu/realsense2_camera/color_fps: -1
 * /camera_imu/realsense2_camera/color_frame_id: camera_color_frame
 * /camera_imu/realsense2_camera/color_height: -1
 * /camera_imu/realsense2_camera/color_optical_frame_id: camera_color_opti...
 * /camera_imu/realsense2_camera/color_width: -1
 * /camera_imu/realsense2_camera/confidence_fps: -1
 * /camera_imu/realsense2_camera/confidence_height: -1
 * /camera_imu/realsense2_camera/confidence_width: -1
 * /camera_imu/realsense2_camera/depth_fps: -1
 * /camera_imu/realsense2_camera/depth_frame_id: camera_depth_frame
 * /camera_imu/realsense2_camera/depth_height: -1
 * /camera_imu/realsense2_camera/depth_optical_frame_id: camera_depth_opti...
 * /camera_imu/realsense2_camera/depth_width: -1
 * /camera_imu/realsense2_camera/device_type: d455
 * /camera_imu/realsense2_camera/enable_accel: True
 * /camera_imu/realsense2_camera/enable_color: False
 * /camera_imu/realsense2_camera/enable_confidence: False
 * /camera_imu/realsense2_camera/enable_depth: False
 * /camera_imu/realsense2_camera/enable_fisheye1: False
 * /camera_imu/realsense2_camera/enable_fisheye2: False
 * /camera_imu/realsense2_camera/enable_fisheye: False
 * /camera_imu/realsense2_camera/enable_gyro: True
 * /camera_imu/realsense2_camera/enable_infra1: False
 * /camera_imu/realsense2_camera/enable_infra2: False
 * /camera_imu/realsense2_camera/enable_infra: False
 * /camera_imu/realsense2_camera/enable_pointcloud: False
 * /camera_imu/realsense2_camera/enable_pose: False
 * /camera_imu/realsense2_camera/enable_sync: False
 * /camera_imu/realsense2_camera/filters: 
 * /camera_imu/realsense2_camera/fisheye1_frame_id: camera_fisheye1_f...
 * /camera_imu/realsense2_camera/fisheye1_optical_frame_id: camera_fisheye1_o...
 * /camera_imu/realsense2_camera/fisheye2_frame_id: camera_fisheye2_f...
 * /camera_imu/realsense2_camera/fisheye2_optical_frame_id: camera_fisheye2_o...
 * /camera_imu/realsense2_camera/fisheye_fps: -1
 * /camera_imu/realsense2_camera/fisheye_frame_id: camera_fisheye_frame
 * /camera_imu/realsense2_camera/fisheye_height: -1
 * /camera_imu/realsense2_camera/fisheye_optical_frame_id: camera_fisheye_op...
 * /camera_imu/realsense2_camera/fisheye_width: -1
 * /camera_imu/realsense2_camera/gyro_fps: 200
 * /camera_imu/realsense2_camera/gyro_frame_id: camera_gyro_frame
 * /camera_imu/realsense2_camera/gyro_optical_frame_id: camera_gyro_optic...
 * /camera_imu/realsense2_camera/imu_optical_frame_id: camera_imu_optica...
 * /camera_imu/realsense2_camera/infra1_frame_id: camera_infra1_frame
 * /camera_imu/realsense2_camera/infra1_optical_frame_id: camera_infra1_opt...
 * /camera_imu/realsense2_camera/infra2_frame_id: camera_infra2_frame
 * /camera_imu/realsense2_camera/infra2_optical_frame_id: camera_infra2_opt...
 * /camera_imu/realsense2_camera/infra_fps: 30
 * /camera_imu/realsense2_camera/infra_height: 480
 * /camera_imu/realsense2_camera/infra_rgb: False
 * /camera_imu/realsense2_camera/infra_width: 848
 * /camera_imu/realsense2_camera/initial_reset: False
 * /camera_imu/realsense2_camera/json_file_path: 
 * /camera_imu/realsense2_camera/linear_accel_cov: 0.01
 * /camera_imu/realsense2_camera/odom_frame_id: camera_odom_frame
 * /camera_imu/realsense2_camera/ordered_pc: False
 * /camera_imu/realsense2_camera/pointcloud_texture_index: 0
 * /camera_imu/realsense2_camera/pointcloud_texture_stream: RS2_STREAM_COLOR
 * /camera_imu/realsense2_camera/pose_frame_id: camera_pose_frame
 * /camera_imu/realsense2_camera/pose_optical_frame_id: camera_pose_optic...
 * /camera_imu/realsense2_camera/publish_odom_tf: True
 * /camera_imu/realsense2_camera/publish_tf: False
 * /camera_imu/realsense2_camera/reconnect_timeout: 10.0
 * /camera_imu/realsense2_camera/rosbag_filename: 
 * /camera_imu/realsense2_camera/serial_no: 234222302617
 * /camera_imu/realsense2_camera/stereo_module/exposure/1: 7500
 * /camera_imu/realsense2_camera/stereo_module/exposure/2: 1
 * /camera_imu/realsense2_camera/stereo_module/gain/1: 16
 * /camera_imu/realsense2_camera/stereo_module/gain/2: 16
 * /camera_imu/realsense2_camera/tf_publish_rate: 0.0
 * /camera_imu/realsense2_camera/topic_odom_in: odom_in
 * /camera_imu/realsense2_camera/unite_imu_method: none
 * /camera_imu/realsense2_camera/usb_port_id: 2-3
 * /camera_imu/realsense2_camera/wait_for_device_timeout: 15.0
 * /rosdistro: noetic
 * /rosversion: 1.17.4

NODES
  /camera_imu/
    realsense2_camera (nodelet/nodelet)
    realsense2_camera_imu_manager (nodelet/nodelet)

[1mROS_MASTER_URI=http://127.0.0.1:11311[0m
]2;/home/catas/ros_ws/src/elfin_vision/launch/citrus_imu.launch http://127.0.0.1:11311
[1mprocess[camera_imu/realsense2_camera_imu_manager-1]: started with pid [13352][0m
[1mprocess[camera_imu/realsense2_camera-2]: started with pid [13353][0m
[camera_imu/realsense2_camera-2] killing on exit
[camera_imu/realsense2_camera_imu_manager-1] killing on exit
shutting down processing monitor...
... shutting down processing monitor complete
[1mdone[0m
