Starting isolated D455 motion stream without reset.
[0m[INFO] [1786524726.670772230]: Initializing nodelet with 32 worker threads.[0m
[0m[INFO] [1786524726.724652354]: RealSense ROS v2.3.2[0m
[0m[INFO] [1786524726.724667519]: Built with LibRealSense v2.55.1[0m
[0m[INFO] [1786524726.724672355]: Running with LibRealSense v2.55.1[0m
[0m[INFO] [1786524726.745097977]:  [0m
[0m[INFO] [1786524726.750866953]: Device with serial number 234222302617 was found.
[0m
[0m[INFO] [1786524726.750889140]: Device with physical ID /sys/devices/pci0000:00/0000:00:14.0/usb2/2-3/2-3:1.0/video4linux/video0 was found.[0m
[0m[INFO] [1786524726.750897142]: Device with name Intel RealSense D455 was found.[0m
[0m[INFO] [1786524726.751097207]: Device with port number 2-3 was found.[0m
[0m[INFO] [1786524726.751117575]: Device USB type: 3.2[0m
[0m[INFO] [1786524726.752389478]: getParameters...[0m
[0m[INFO] [1786524726.798097810]: setupDevice...[0m
[0m[INFO] [1786524726.798115972]: JSON file is not provided[0m
[0m[INFO] [1786524726.798121664]: ROS Node Namespace: camera_imu[0m
[0m[INFO] [1786524726.798129074]: Device Name: Intel RealSense D455[0m
[0m[INFO] [1786524726.798134638]: Device Serial No: 234222302617[0m
[0m[INFO] [1786524726.798149067]: Device physical port: /sys/devices/pci0000:00/0000:00:14.0/usb2/2-3/2-3:1.0/video4linux/video0[0m
[0m[INFO] [1786524726.798155736]: Device FW version: 5.17.3.10[0m
[0m[INFO] [1786524726.798160850]: Device Product ID: 0x0B5C[0m
[0m[INFO] [1786524726.798166585]: Enable PointCloud: Off[0m
[0m[INFO] [1786524726.798172083]: Align Depth: Off[0m
[0m[INFO] [1786524726.798178209]: Sync Mode: Off[0m
[0m[INFO] [1786524726.798197924]: Device Sensors: [0m
[0m[INFO] [1786524726.801893474]: Stereo Module was found.[0m
[0m[INFO] [1786524726.805660812]: RGB Camera was found.[0m
[0m[INFO] [1786524726.805804807]: Motion Module was found.[0m
[0m[INFO] [1786524726.805825682]: num_filters: 0[0m
[0m[INFO] [1786524726.805836006]: Setting Dynamic reconfig parameters.[0m
[0m[INFO] [1786524726.851375737]: Done Setting Dynamic reconfig parameters.[0m
[0m[INFO] [1786524726.851437445]: gyro stream is enabled - fps: 200[0m
[0m[INFO] [1786524726.851445961]: accel stream is enabled - fps: 100[0m
[0m[INFO] [1786524726.851453568]: setupPublishers...[0m
[0m[INFO] [1786524726.852682413]: setupStreams...[0m
 12/08 08:52:06,852 WARNING [140128541234944] (ds-calib-parsers.cpp:35) IMU Calibration is not available, default intrinsic and extrinsic will be used.
[0m[INFO] [1786524726.853810825]: SELECTED BASE:Depth, 0[0m
[0m[INFO] [1786524726.854755435]: RealSense Node Is Up![0m
[33m[WARN] [1786524726.956194778]: [0m
D455 motion stream ready: /camera_imu/gyro/sample + /camera_imu/accel/sample
... logging to /home/catas/.ros/log/d297ef9a-9622-11f1-bce8-c4c6e661f1ab/roslaunch-catas-28501.log
Checking log directory for disk usage. This may take a while.
Press Ctrl-C to interrupt
Done checking log file disk usage. Usage is <1GB.
]2;/home/catas/ros_ws/src/elfin_vision/launch/citrus_sensor_runtime.launch
[1mstarted roslaunch server http://127.0.0.1:38903/[0m

SUMMARY
========

PARAMETERS
 * /camera/realsense2_camera/accel_fps: 100
 * /camera/realsense2_camera/accel_frame_id: camera_accel_frame
 * /camera/realsense2_camera/accel_optical_frame_id: camera_accel_opti...
 * /camera/realsense2_camera/align_depth: True
 * /camera/realsense2_camera/aligned_depth_to_color_frame_id: camera_aligned_de...
 * /camera/realsense2_camera/aligned_depth_to_fisheye1_frame_id: camera_aligned_de...
 * /camera/realsense2_camera/aligned_depth_to_fisheye2_frame_id: camera_aligned_de...
 * /camera/realsense2_camera/aligned_depth_to_fisheye_frame_id: camera_aligned_de...
 * /camera/realsense2_camera/aligned_depth_to_infra1_frame_id: camera_aligned_de...
 * /camera/realsense2_camera/aligned_depth_to_infra2_frame_id: camera_aligned_de...
 * /camera/realsense2_camera/allow_no_texture_points: False
 * /camera/realsense2_camera/base_frame_id: camera_link
 * /camera/realsense2_camera/calib_odom_file: 
 * /camera/realsense2_camera/clip_distance: -2.0
 * /camera/realsense2_camera/color_fps: 15
 * /camera/realsense2_camera/color_frame_id: camera_color_frame
 * /camera/realsense2_camera/color_height: 480
 * /camera/realsense2_camera/color_optical_frame_id: camera_color_opti...
 * /camera/realsense2_camera/color_width: 640
 * /camera/realsense2_camera/confidence_fps: -1
 * /camera/realsense2_camera/confidence_height: -1
 * /camera/realsense2_camera/confidence_width: -1
 * /camera/realsense2_camera/depth_fps: 5
 * /camera/realsense2_camera/depth_frame_id: camera_depth_frame
 * /camera/realsense2_camera/depth_height: 480
 * /camera/realsense2_camera/depth_optical_frame_id: camera_depth_opti...
 * /camera/realsense2_camera/depth_width: 640
 * /camera/realsense2_camera/device_type: d455
 * /camera/realsense2_camera/enable_accel: False
 * /camera/realsense2_camera/enable_color: True
 * /camera/realsense2_camera/enable_confidence: False
 * /camera/realsense2_camera/enable_depth: True
 * /camera/realsense2_camera/enable_fisheye1: False
 * /camera/realsense2_camera/enable_fisheye2: False
 * /camera/realsense2_camera/enable_fisheye: False
 * /camera/realsense2_camera/enable_gyro: False
 * /camera/realsense2_camera/enable_infra1: False
 * /camera/realsense2_camera/enable_infra2: False
 * /camera/realsense2_camera/enable_infra: False
 * /camera/realsense2_camera/enable_pointcloud: True
 * /camera/realsense2_camera/enable_pose: False
 * /camera/realsense2_camera/enable_sync: False
 * /camera/realsense2_camera/filters: 
 * /camera/realsense2_camera/fisheye1_frame_id: camera_fisheye1_f...
 * /camera/realsense2_camera/fisheye1_optical_frame_id: camera_fisheye1_o...
 * /camera/realsense2_camera/fisheye2_frame_id: camera_fisheye2_f...
 * /camera/realsense2_camera/fisheye2_optical_frame_id: camera_fisheye2_o...
 * /camera/realsense2_camera/fisheye_fps: -1
 * /camera/realsense2_camera/fisheye_frame_id: camera_fisheye_frame
 * /camera/realsense2_camera/fisheye_height: -1
 * /camera/realsense2_camera/fisheye_optical_frame_id: camera_fisheye_op...
 * /camera/realsense2_camera/fisheye_width: -1
 * /camera/realsense2_camera/gyro_fps: 200
 * /camera/realsense2_camera/gyro_frame_id: camera_gyro_frame
 * /camera/realsense2_camera/gyro_optical_frame_id: camera_gyro_optic...
 * /camera/realsense2_camera/imu_optical_frame_id: camera_imu_optica...
 * /camera/realsense2_camera/infra1_frame_id: camera_infra1_frame
 * /camera/realsense2_camera/infra1_optical_frame_id: camera_infra1_opt...
 * /camera/realsense2_camera/infra2_frame_id: camera_infra2_frame
 * /camera/realsense2_camera/infra2_optical_frame_id: camera_infra2_opt...
 * /camera/realsense2_camera/infra_fps: 30
 * /camera/realsense2_camera/infra_height: 480
 * /camera/realsense2_camera/infra_rgb: False
 * /camera/realsense2_camera/infra_width: 848
 * /camera/realsense2_camera/initial_reset: False
 * /camera/realsense2_camera/json_file_path: 
 * /camera/realsense2_camera/linear_accel_cov: 0.01
 * /camera/realsense2_camera/odom_frame_id: camera_odom_frame
 * /camera/realsense2_camera/ordered_pc: False
 * /camera/realsense2_camera/pointcloud_texture_index: 0
 * /camera/realsense2_camera/pointcloud_texture_stream: RS2_STREAM_ANY
 * /camera/realsense2_camera/pose_frame_id: camera_pose_frame
 * /camera/realsense2_camera/pose_optical_frame_id: camera_pose_optic...
 * /camera/realsense2_camera/publish_odom_tf: True
 * /camera/realsense2_camera/publish_tf: True
 * /camera/realsense2_camera/reconnect_timeout: 6.0
 * /camera/realsense2_camera/rosbag_filename: 
 * /camera/realsense2_camera/serial_no: 234222302617
 * /camera/realsense2_camera/stereo_module/exposure/1: 7500
 * /camera/realsense2_camera/stereo_module/exposure/2: 1
 * /camera/realsense2_camera/stereo_module/gain/1: 16
 * /camera/realsense2_camera/stereo_module/gain/2: 16
 * /camera/realsense2_camera/tf_publish_rate: 0.0
 * /camera/realsense2_camera/topic_odom_in: odom_in
 * /camera/realsense2_camera/unite_imu_method: none
 * /camera/realsense2_camera/usb_port_id: 2-3
 * /camera/realsense2_camera/wait_for_device_timeout: 8.0
 * /elfin_vision/citrus_rgbd_node/backend: onnxruntime
 * /elfin_vision/citrus_rgbd_node/citrus_circle_minimum_arc_deg: 80.0
 * /elfin_vision/citrus_rgbd_node/citrus_circle_minimum_inlier_ratio: 0.3
 * /elfin_vision/citrus_rgbd_node/citrus_circle_residual_px: 2.5
 * /elfin_vision/citrus_rgbd_node/citrus_merge_depth_tolerance_m: 0.025
 * /elfin_vision/citrus_rgbd_node/citrus_merge_gap_radius_ratio: 0.45
 * /elfin_vision/citrus_rgbd_node/citrus_polar_radius_max_m: 0.025
 * /elfin_vision/citrus_rgbd_node/citrus_polar_radius_min_m: 0.022
 * /elfin_vision/citrus_rgbd_node/citrus_radius_max_m: 0.033
 * /elfin_vision/citrus_rgbd_node/citrus_radius_min_m: 0.022
 * /elfin_vision/citrus_rgbd_node/class_names/0: citrus
 * /elfin_vision/citrus_rgbd_node/class_names/1: tree
 * /elfin_vision/citrus_rgbd_node/confidence: 0.35
 * /elfin_vision/citrus_rgbd_node/depth_max_m: 4.0
 * /elfin_vision/citrus_rgbd_node/depth_min_m: 0.2
 * /elfin_vision/citrus_rgbd_node/depth_min_samples: 20
 * /elfin_vision/citrus_rgbd_node/depth_pair_maximum_age_s: 0.35
 * /elfin_vision/citrus_rgbd_node/depth_pair_maximum_delta_s: 0.04
 * /elfin_vision/citrus_rgbd_node/device: auto
 * /elfin_vision/citrus_rgbd_node/engine_path: 
 * /elfin_vision/citrus_rgbd_node/engine_sha256: 
 * /elfin_vision/citrus_rgbd_node/image_size: 640
 * /elfin_vision/citrus_rgbd_node/inference_queue_size: 12
 * /elfin_vision/citrus_rgbd_node/inference_request_match_slop_s: 0.002
 * /elfin_vision/citrus_rgbd_node/iou: 0.45
 * /elfin_vision/citrus_rgbd_node/max_inference_hz: 8.0
 * /elfin_vision/citrus_rgbd_node/model_path: /home/catas/elfin...
 * /elfin_vision/citrus_rgbd_node/model_repo: 
 * /elfin_vision/citrus_rgbd_node/model_sha256: 371c56e82f2452cc9...
 * /elfin_vision/citrus_rgbd_node/publish_annotated_image: False
 * /elfin_vision/citrus_rgbd_node/remote_preferred: False
 * /elfin_vision/citrus_rgbd_node/remote_timeout_s: 0.8
 * /elfin_vision/citrus_rgbd_node/remote_token_file: /home/catas/.conf...
 * /elfin_vision/citrus_rgbd_node/remote_url: http://aiseon.loc...
 * /elfin_vision/citrus_rgbd_node/rgbd_history_size: 18
 * /elfin_vision/citrus_rgbd_node/semantic_class_ids: []
 * /elfin_vision/citrus_rgbd_node/semantic_labels: ['citrus', 'tree']
 * /elfin_vision/citrus_rgbd_node/target_class_ids: []
 * /elfin_vision/citrus_rgbd_node/target_frame: elfin_base_link
 * /elfin_vision/citrus_rgbd_node/target_labels: ['citrus', 'orang...
 * /rosdistro: noetic
 * /rosversion: 1.17.4

NODES
  /camera/
    realsense2_camera (nodelet/nodelet)
    realsense2_camera_manager (nodelet/nodelet)
  /elfin_vision/
    citrus_rgbd_node (elfin_vision/citrus_rgbd_node.py)

[1mROS_MASTER_URI=http://127.0.0.1:11311[0m
]2;/home/catas/ros_ws/src/elfin_vision/launch/citrus_sensor_runtime.launch http://127.0.0.1:11311
[0m[INFO] [1786524730.000683590]: Initializing nodelet with 32 worker threads.[0m
[0m[INFO] [1786524730.046669124]: RealSense ROS v2.3.2[0m
[0m[INFO] [1786524730.046686220]: Built with LibRealSense v2.55.1[0m
[0m[INFO] [1786524730.046691791]: Running with LibRealSense v2.55.1[0m
[0m[INFO] [1786524730.064274313]:  [0m
[0m[INFO] [1786524730.069334389]: Device with serial number 234222302617 was found.
[0m
[0m[INFO] [1786524730.069356992]: Device with physical ID /sys/devices/pci0000:00/0000:00:14.0/usb2/2-3/2-3:1.0/video4linux/video0 was found.[0m
[0m[INFO] [1786524730.069361659]: Device with name Intel RealSense D455 was found.[0m
[0m[INFO] [1786524730.069489833]: Device with port number 2-3 was found.[0m
[0m[INFO] [1786524730.069502592]: Device USB type: 3.2[0m
[0m[INFO] [1786524730.070556989]: getParameters...[0m
[0m[INFO] [1786524730.091235081]: setupDevice...[0m
[0m[INFO] [1786524730.091247214]: JSON file is not provided[0m
[0m[INFO] [1786524730.091251460]: ROS Node Namespace: camera[0m
[0m[INFO] [1786524730.091256663]: Device Name: Intel RealSense D455[0m
[0m[INFO] [1786524730.091260041]: Device Serial No: 234222302617[0m
[0m[INFO] [1786524730.091265023]: Device physical port: /sys/devices/pci0000:00/0000:00:14.0/usb2/2-3/2-3:1.0/video4linux/video0[0m
[0m[INFO] [1786524730.091268873]: Device FW version: 5.17.3.10[0m
[0m[INFO] [1786524730.091272307]: Device Product ID: 0x0B5C[0m
[0m[INFO] [1786524730.091275506]: Enable PointCloud: On[0m
[0m[INFO] [1786524730.091278811]: Align Depth: On[0m
[0m[INFO] [1786524730.091281940]: Sync Mode: On[0m
[0m[INFO] [1786524730.091301626]: Device Sensors: [0m
[0m[INFO] [1786524730.094226127]: Stereo Module was found.[0m
[0m[INFO] [1786524730.096360381]: RGB Camera was found.[0m
[0m[INFO] [1786524730.096435344]: Motion Module was found.[0m
[0m[INFO] [1786524730.096459131]: Add Filter: pointcloud[0m
[0m[INFO] [1786524730.096510394]: num_filters: 2[0m
[0m[INFO] [1786524730.096517452]: Setting Dynamic reconfig parameters.[0m
[0m[INFO] [1786524730.134796689]: Done Setting Dynamic reconfig parameters.[0m
[0m[INFO] [1786524730.135076186]: depth stream is enabled - width: 640, height: 480, fps: 5, Format: Z16[0m
[0m[INFO] [1786524730.135327193]: color stream is enabled - width: 640, height: 480, fps: 15, Format: RGB8[0m
[0m[INFO] [1786524730.135898935]: setupPublishers...[0m
[0m[INFO] [1786524730.136914259]: Expected frequency for depth = 5.00000[0m
[0m[INFO] [1786524730.153113353]: Expected frequency for color = 15.00000[0m
[0m[INFO] [1786524730.165312729]: Expected frequency for aligned_depth_to_color = 15.00000[0m
[0m[INFO] [1786524730.175800217]: setupStreams...[0m
[0m[INFO] [1786524730.206563045]: SELECTED BASE:Depth, 0[0m
[0m[INFO] [1786524730.221479088]: RealSense Node Is Up![0m
[33m[WARN] [1786524730.788633814]: [0m
[0m[INFO] [1786524730.800295741]: publishing unordered pointcloud.[0m
[WARN] [1786524730.866019]: CITRUS_CENTER reject instances=0 reason=aligned depth unavailable
[WARN] [1786524730.867092]: 开始进行多边形确认 · 多边形确认失败 · rejected=2 · elapsed_ms=2.6
[WARN] [1786524730.990345]: 开始进行多边形确认 · 多边形确认失败 · rejected=2 · elapsed_ms=1.5
[WARN] [1786524731.120545]: 开始进行多边形确认 · 多边形确认失败 · rejected=2 · elapsed_ms=1.5
[WARN] [1786524731.394632]: 开始进行多边形确认 · 多边形确认失败 · rejected=3 · elapsed_ms=24.7
[WARN] [1786524731.516741]: 开始进行多边形确认 · 多边形确认失败 · rejected=2 · elapsed_ms=23.2
[WARN] [1786524731.692103]: 开始进行多边形确认 · 多边形确认失败 · rejected=2 · elapsed_ms=23.5
[WARN] [1786524731.880510]: 开始进行多边形确认 · 多边形确认失败 · rejected=2 · elapsed_ms=8.5
[WARN] [1786524732.288777]: 开始进行多边形确认 · 多边形确认失败 · rejected=2 · elapsed_ms=25.9
[WARN] [1786524732.663242]: 开始进行多边形确认 · 多边形确认失败 · rejected=2 · elapsed_ms=19.1
[WARN] [1786524732.781181]: 开始进行多边形确认 · 多边形确认失败 · rejected=2 · elapsed_ms=8.6
[WARN] [1786524732.894210]: CITRUS_CENTER reject instances=1 reason=reconstructed citrus radius 37.9 mm is outside 22.0..33.0 mm
[WARN] [1786524732.895156]: 开始进行多边形确认 · 多边形确认失败 · rejected=1 · elapsed_ms=8.0
[WARN] [1786524733.053496]: 开始进行多边形确认 · 多边形确认失败 · rejected=0 · elapsed_ms=1.1
[WARN] [1786524733.252235]: 开始进行多边形确认 · 多边形确认失败 · rejected=0 · elapsed_ms=1.1
[WARN] [1786524733.485280]: 开始进行多边形确认 · 多边形确认失败 · rejected=1 · elapsed_ms=8.8
[WARN] [1786524733.681581]: 开始进行多边形确认 · 多边形确认失败 · rejected=1 · elapsed_ms=6.6
[WARN] [1786524733.867565]: 开始进行多边形确认 · 多边形确认失败 · rejected=0 · elapsed_ms=1.2
[WARN] [1786524734.049118]: 开始进行多边形确认 · 多边形确认失败 · rejected=0 · elapsed_ms=1.1
[WARN] [1786524734.884541]: 开始进行多边形确认 · 多边形确认失败 · rejected=1 · elapsed_ms=6.5
[WARN] [1786524735.061433]: 开始进行多边形确认 · 多边形确认失败 · rejected=0 · elapsed_ms=1.1
[WARN] [1786524735.281511]: 开始进行多边形确认 · 多边形确认失败 · rejected=0 · elapsed_ms=1.4
[WARN] [1786524735.483700]: 开始进行多边形确认 · 多边形确认失败 · rejected=0 · elapsed_ms=1.3
[WARN] [1786524735.674738]: 开始进行多边形确认 · 多边形确认失败 · rejected=0 · elapsed_ms=1.4
[WARN] [1786524735.884562]: 开始进行多边形确认 · 多边形确认失败 · rejected=0 · elapsed_ms=1.4
[WARN] [1786524736.484849]: CITRUS_CENTER reject instances=1 reason=reconstructed citrus radius 36.7 mm is outside 22.0..33.0 mm
[WARN] [1786524736.485967]: 开始进行多边形确认 · 多边形确认失败 · rejected=1 · elapsed_ms=14.1
[WARN] [1786524736.690657]: 开始进行多边形确认 · 多边形确认失败 · rejected=2 · elapsed_ms=2.4
[WARN] [1786524736.870465]: 开始进行多边形确认 · 多边形确认失败 · rejected=2 · elapsed_ms=2.5
[WARN] [1786524737.073371]: 开始进行多边形确认 · 多边形确认失败 · rejected=1 · elapsed_ms=1.5
[WARN] [1786524737.179303]: 开始进行多边形确认 · 多边形确认失败 · rejected=1 · elapsed_ms=1.7
[WARN] [1786524737.314464]: 开始进行多边形确认 · 多边形确认失败 · rejected=1 · elapsed_ms=1.8
[WARN] [1786524737.463429]: 开始进行多边形确认 · 多边形确认失败 · rejected=2 · elapsed_ms=1.9
[WARN] [1786524737.662312]: 开始进行多边形确认 · 多边形确认失败 · rejected=2 · elapsed_ms=2.0
[WARN] [1786524737.885429]: 开始进行多边形确认 · 多边形确认失败 · rejected=2 · elapsed_ms=15.6
[WARN] [1786524738.060557]: 开始进行多边形确认 · 多边形确认失败 · rejected=1 · elapsed_ms=1.6
[WARN] [1786524738.256166]: 开始进行多边形确认 · 多边形确认失败 · rejected=1 · elapsed_ms=1.8
[WARN] [1786524738.465863]: 开始进行多边形确认 · 多边形确认失败 · rejected=1 · elapsed_ms=1.6
[WARN] [1786524738.672692]: CITRUS_CENTER reject instances=0 reason=polygon has only 0 valid depth samples
[WARN] [1786524738.673415]: 开始进行多边形确认 · 多边形确认失败 · rejected=1 · elapsed_ms=2.3
[WARN] [1786524738.861458]: 开始进行多边形确认 · 多边形确认失败 · rejected=1 · elapsed_ms=3.6
[WARN] [1786524739.059297]: 开始进行多边形确认 · 多边形确认失败 · rejected=3 · elapsed_ms=3.0
[WARN] [1786524739.262221]: 开始进行多边形确认 · 多边形确认失败 · rejected=2 · elapsed_ms=5.3
[INFO] [1786524730.321845]: RGB-D vision status: starting:model_loading
[INFO] [1786524730.427531]: Loaded ONNX citrus model /home/catas/elfin_citrus_data/models/yolo26n_seg_converged_20260806/yolo26n_citrus_tree_best.onnx; classes={0: 'citrus', 1: 'tree'}; providers=['CPUExecutionProvider']
[INFO] [1786524730.429308]: Citrus model loading finished in 0.09 s: model_ready:onnxruntime
[INFO] [1786524730.864562]: 开始进行多边形确认 · detections=3
[INFO] [1786524730.988906]: 开始进行多边形确认 · detections=3
[INFO] [1786524731.119169]: 开始进行多边形确认 · detections=3
[INFO] [1786524731.242554]: 开始进行多边形确认 · detections=3
[INFO] [1786524731.266524]: CITRUS_CENTER ok pixel=(372,455) depth=0.408 m radius=33.6 mm arc=241 deg error=0.81 px fragments=1
[INFO] [1786524731.267675]: 开始进行多边形确认 · centers=1 · rejected=1 · merged=0 · elapsed_ms=25.2
[INFO] [1786524731.370015]: 开始进行多边形确认 · detections=4
[INFO] [1786524731.493605]: 开始进行多边形确认 · detections=3
[INFO] [1786524731.668642]: 开始进行多边形确认 · detections=3
[INFO] [1786524731.872135]: 开始进行多边形确认 · detections=3
[INFO] [1786524732.061888]: 开始进行多边形确认 · detections=3
[INFO] [1786524732.083519]: 开始进行多边形确认 · centers=1 · rejected=1 · merged=0 · elapsed_ms=21.7
[INFO] [1786524732.262943]: 开始进行多边形确认 · detections=3
[INFO] [1786524732.644206]: 开始进行多边形确认 · detections=3
[INFO] [1786524732.772618]: 开始进行多边形确认 · detections=3
[INFO] [1786524732.887160]: 开始进行多边形确认 · detections=2
[INFO] [1786524733.052400]: 开始进行多边形确认 · detections=1
[INFO] [1786524733.251221]: 开始进行多边形确认 · detections=1
[INFO] [1786524733.476480]: 开始进行多边形确认 · detections=2
[INFO] [1786524733.675078]: 开始进行多边形确认 · detections=2
[INFO] [1786524733.866397]: 开始进行多边形确认 · detections=1
[INFO] [1786524734.048064]: 开始进行多边形确认 · detections=1
[INFO] [1786524734.260205]: 开始进行多边形确认 · detections=2
[INFO] [1786524734.274629]: CITRUS_CENTER ok pixel=(360,463) depth=0.370 m radius=31.0 mm arc=102 deg error=0.77 px fragments=1
[INFO] [1786524734.275850]: 开始进行多边形确认 · centers=1 · rejected=0 · merged=0 · elapsed_ms=15.7
[INFO] [1786524734.465173]: 开始进行多边形确认 · detections=2
[INFO] [1786524734.477950]: 开始进行多边形确认 · centers=1 · rejected=0 · merged=0 · elapsed_ms=12.8
[INFO] [1786524734.680189]: 开始进行多边形确认 · detections=2
[INFO] [1786524734.690931]: 开始进行多边形确认 · centers=1 · rejected=0 · merged=0 · elapsed_ms=10.8
[INFO] [1786524734.878060]: 开始进行多边形确认 · detections=2
[INFO] [1786524735.060339]: 开始进行多边形确认 · detections=2
[INFO] [1786524735.280186]: 开始进行多边形确认 · detections=1
[INFO] [1786524735.482474]: 开始进行多边形确认 · detections=1
[INFO] [1786524735.673341]: 开始进行多边形确认 · detections=1
[INFO] [1786524735.883276]: 开始进行多边形确认 · detections=1
[INFO] [1786524736.067835]: 开始进行多边形确认 · detections=1
[INFO] [1786524736.081763]: 开始进行多边形确认 · centers=1 · rejected=0 · merged=0 · elapsed_ms=14.0
[INFO] [1786524736.083099]: RGB-D vision status: model_ready:onnxruntime targets:1 centers:1 tf:1 rejected:0 merged:0 semantic_masks:1
[INFO] [1786524736.270407]: 开始进行多边形确认 · detections=2
[INFO] [1786524736.284204]: CITRUS_CENTER ok pixel=(355,439) depth=0.356 m radius=30.8 mm arc=112 deg error=0.67 px fragments=1
[INFO] [1786524736.285336]: 开始进行多边形确认 · centers=1 · rejected=0 · merged=0 · elapsed_ms=15.0
[INFO] [1786524736.471977]: 开始进行多边形确认 · detections=2
[INFO] [1786524736.688360]: 开始进行多边形确认 · detections=3
[INFO] [1786524736.868008]: 开始进行多边形确认 · detections=3
[INFO] [1786524737.071973]: 开始进行多边形确认 · detections=1
[INFO] [1786524737.177649]: 开始进行多边形确认 · detections=1
[INFO] [1786524737.312730]: 开始进行多边形确认 · detections=1
[INFO] [1786524737.461551]: 开始进行多边形确认 · detections=2
[INFO] [1786524737.660358]: 开始进行多边形确认 · detections=2
[INFO] [1786524737.869930]: 开始进行多边形确认 · detections=2
[INFO] [1786524738.058960]: 开始进行多边形确认 · detections=1
[INFO] [1786524738.254453]: 开始进行多边形确认 · detections=1
[INFO] [1786524738.464358]: 开始进行多边形确认 · detections=1
[INFO] [1786524738.671165]: 开始进行多边形确认 · detections=2
[INFO] [1786524738.857867]: 开始进行多边形确认 · detections=1
[INFO] [1786524739.056300]: 开始进行多边形确认 · detections=3
[INFO] [1786524739.256924]: 开始进行多边形确认 · detections=2
[1mprocess[camera/realsense2_camera_manager-1]: started with pid [28553][0m
[1mprocess[camera/realsense2_camera-2]: started with pid [28554][0m
[1mprocess[elfin_vision/citrus_rgbd_node-3]: started with pid [28556][0m
[elfin_vision/citrus_rgbd_node-3] killing on exit
[camera/realsense2_camera-2] killing on exit
[camera/realsense2_camera_manager-1] killing on exit
shutting down processing monitor...
... shutting down processing monitor complete
[1mdone[0m
... logging to /home/catas/.ros/log/d297ef9a-9622-11f1-bce8-c4c6e661f1ab/roslaunch-catas-28130.log
Checking log directory for disk usage. This may take a while.
Press Ctrl-C to interrupt
Done checking log file disk usage. Usage is <1GB.
]2;/home/catas/ros_ws/src/elfin_vision/launch/citrus_imu.launch
[1mstarted roslaunch server http://127.0.0.1:33825/[0m

SUMMARY
========

PARAMETERS
 * /camera_imu/realsense2_camera/accel_fps: 100
 * /camera_imu/realsense2_camera/accel_frame_id: camera_accel_frame
 * /camera_imu/realsense2_camera/accel_optical_frame_id: camera_accel_opti...
 * /camera_imu/realsense2_camera/align_depth: False
 * /camera_imu/realsense2_camera/aligned_depth_to_color_frame_id: camera_aligned_de...
 * /camera_imu/realsense2_camera/aligned_depth_to_fisheye1_frame_id: camera_aligned_de...
 * /camera_imu/realsense2_camera/aligned_depth_to_fisheye2_frame_id: camera_aligned_de...
 * /camera_imu/realsense2_camera/aligned_depth_to_fisheye_frame_id: camera_aligned_de...
 * /camera_imu/realsense2_camera/aligned_depth_to_infra1_frame_id: camera_aligned_de...
 * /camera_imu/realsense2_camera/aligned_depth_to_infra2_frame_id: camera_aligned_de...
 * /camera_imu/realsense2_camera/allow_no_texture_points: False
 * /camera_imu/realsense2_camera/base_frame_id: camera_link
 * /camera_imu/realsense2_camera/calib_odom_file: 
 * /camera_imu/realsense2_camera/clip_distance: -2.0
 * /camera_imu/realsense2_camera/color_fps: -1
 * /camera_imu/realsense2_camera/color_frame_id: camera_color_frame
 * /camera_imu/realsense2_camera/color_height: -1
 * /camera_imu/realsense2_camera/color_optical_frame_id: camera_color_opti...
 * /camera_imu/realsense2_camera/color_width: -1
 * /camera_imu/realsense2_camera/confidence_fps: -1
 * /camera_imu/realsense2_camera/confidence_height: -1
 * /camera_imu/realsense2_camera/confidence_width: -1
 * /camera_imu/realsense2_camera/depth_fps: -1
 * /camera_imu/realsense2_camera/depth_frame_id: camera_depth_frame
 * /camera_imu/realsense2_camera/depth_height: -1
 * /camera_imu/realsense2_camera/depth_optical_frame_id: camera_depth_opti...
 * /camera_imu/realsense2_camera/depth_width: -1
 * /camera_imu/realsense2_camera/device_type: d455
 * /camera_imu/realsense2_camera/enable_accel: True
 * /camera_imu/realsense2_camera/enable_color: False
 * /camera_imu/realsense2_camera/enable_confidence: False
 * /camera_imu/realsense2_camera/enable_depth: False
 * /camera_imu/realsense2_camera/enable_fisheye1: False
 * /camera_imu/realsense2_camera/enable_fisheye2: False
 * /camera_imu/realsense2_camera/enable_fisheye: False
 * /camera_imu/realsense2_camera/enable_gyro: True
 * /camera_imu/realsense2_camera/enable_infra1: False
 * /camera_imu/realsense2_camera/enable_infra2: False
 * /camera_imu/realsense2_camera/enable_infra: False
 * /camera_imu/realsense2_camera/enable_pointcloud: False
 * /camera_imu/realsense2_camera/enable_pose: False
 * /camera_imu/realsense2_camera/enable_sync: False
 * /camera_imu/realsense2_camera/filters: 
 * /camera_imu/realsense2_camera/fisheye1_frame_id: camera_fisheye1_f...
 * /camera_imu/realsense2_camera/fisheye1_optical_frame_id: camera_fisheye1_o...
 * /camera_imu/realsense2_camera/fisheye2_frame_id: camera_fisheye2_f...
 * /camera_imu/realsense2_camera/fisheye2_optical_frame_id: camera_fisheye2_o...
 * /camera_imu/realsense2_camera/fisheye_fps: -1
 * /camera_imu/realsense2_camera/fisheye_frame_id: camera_fisheye_frame
 * /camera_imu/realsense2_camera/fisheye_height: -1
 * /camera_imu/realsense2_camera/fisheye_optical_frame_id: camera_fisheye_op...
 * /camera_imu/realsense2_camera/fisheye_width: -1
 * /camera_imu/realsense2_camera/gyro_fps: 200
 * /camera_imu/realsense2_camera/gyro_frame_id: camera_gyro_frame
 * /camera_imu/realsense2_camera/gyro_optical_frame_id: camera_gyro_optic...
 * /camera_imu/realsense2_camera/imu_optical_frame_id: camera_imu_optica...
 * /camera_imu/realsense2_camera/infra1_frame_id: camera_infra1_frame
 * /camera_imu/realsense2_camera/infra1_optical_frame_id: camera_infra1_opt...
 * /camera_imu/realsense2_camera/infra2_frame_id: camera_infra2_frame
 * /camera_imu/realsense2_camera/infra2_optical_frame_id: camera_infra2_opt...
 * /camera_imu/realsense2_camera/infra_fps: 30
 * /camera_imu/realsense2_camera/infra_height: 480
 * /camera_imu/realsense2_camera/infra_rgb: False
 * /camera_imu/realsense2_camera/infra_width: 848
 * /camera_imu/realsense2_camera/initial_reset: False
 * /camera_imu/realsense2_camera/json_file_path: 
 * /camera_imu/realsense2_camera/linear_accel_cov: 0.01
 * /camera_imu/realsense2_camera/odom_frame_id: camera_odom_frame
 * /camera_imu/realsense2_camera/ordered_pc: False
 * /camera_imu/realsense2_camera/pointcloud_texture_index: 0
 * /camera_imu/realsense2_camera/pointcloud_texture_stream: RS2_STREAM_COLOR
 * /camera_imu/realsense2_camera/pose_frame_id: camera_pose_frame
 * /camera_imu/realsense2_camera/pose_optical_frame_id: camera_pose_optic...
 * /camera_imu/realsense2_camera/publish_odom_tf: True
 * /camera_imu/realsense2_camera/publish_tf: False
 * /camera_imu/realsense2_camera/reconnect_timeout: 10.0
 * /camera_imu/realsense2_camera/rosbag_filename: 
 * /camera_imu/realsense2_camera/serial_no: 234222302617
 * /camera_imu/realsense2_camera/stereo_module/exposure/1: 7500
 * /camera_imu/realsense2_camera/stereo_module/exposure/2: 1
 * /camera_imu/realsense2_camera/stereo_module/gain/1: 16
 * /camera_imu/realsense2_camera/stereo_module/gain/2: 16
 * /camera_imu/realsense2_camera/tf_publish_rate: 0.0
 * /camera_imu/realsense2_camera/topic_odom_in: odom_in
 * /camera_imu/realsense2_camera/unite_imu_method: none
 * /camera_imu/realsense2_camera/usb_port_id: 2-3
 * /camera_imu/realsense2_camera/wait_for_device_timeout: 15.0
 * /rosdistro: noetic
 * /rosversion: 1.17.4

NODES
  /camera_imu/
    realsense2_camera (nodelet/nodelet)
    realsense2_camera_imu_manager (nodelet/nodelet)

[1mROS_MASTER_URI=http://127.0.0.1:11311[0m
]2;/home/catas/ros_ws/src/elfin_vision/launch/citrus_imu.launch http://127.0.0.1:11311
[1mprocess[camera_imu/realsense2_camera_imu_manager-1]: started with pid [28235][0m
[1mprocess[camera_imu/realsense2_camera-2]: started with pid [28236][0m
[camera_imu/realsense2_camera-2] killing on exit
[camera_imu/realsense2_camera_imu_manager-1] killing on exit
shutting down processing monitor...
... shutting down processing monitor complete
[1mdone[0m
