Starting isolated D455 motion stream without reset.
[0m[INFO] [1786453468.012347431]: Initializing nodelet with 32 worker threads.[0m
[0m[INFO] [1786453468.068418523]: RealSense ROS v2.3.2[0m
[0m[INFO] [1786453468.068445856]: Built with LibRealSense v2.55.1[0m
[0m[INFO] [1786453468.068458160]: Running with LibRealSense v2.55.1[0m
[0m[INFO] [1786453468.086537122]:  [0m
[0m[INFO] [1786453468.091505460]: Device with serial number 234222302617 was found.
[0m
[0m[INFO] [1786453468.091524301]: Device with physical ID /sys/devices/pci0000:00/0000:00:14.0/usb2/2-3/2-3:1.0/video4linux/video0 was found.[0m
[0m[INFO] [1786453468.091531842]: Device with name Intel RealSense D455 was found.[0m
[0m[INFO] [1786453468.091689636]: Device with port number 2-3 was found.[0m
[0m[INFO] [1786453468.091705314]: Device USB type: 3.2[0m
[0m[INFO] [1786453468.092748973]: getParameters...[0m
[0m[INFO] [1786453468.163873227]: setupDevice...[0m
[0m[INFO] [1786453468.163896896]: JSON file is not provided[0m
[0m[INFO] [1786453468.163910212]: ROS Node Namespace: camera_imu[0m
[0m[INFO] [1786453468.163924761]: Device Name: Intel RealSense D455[0m
[0m[INFO] [1786453468.163936424]: Device Serial No: 234222302617[0m
[0m[INFO] [1786453468.163949365]: Device physical port: /sys/devices/pci0000:00/0000:00:14.0/usb2/2-3/2-3:1.0/video4linux/video0[0m
[0m[INFO] [1786453468.163961060]: Device FW version: 5.17.3.10[0m
[0m[INFO] [1786453468.163973016]: Device Product ID: 0x0B5C[0m
[0m[INFO] [1786453468.163983853]: Enable PointCloud: Off[0m
[0m[INFO] [1786453468.163994931]: Align Depth: Off[0m
[0m[INFO] [1786453468.164005745]: Sync Mode: Off[0m
[0m[INFO] [1786453468.164035557]: Device Sensors: [0m
[0m[INFO] [1786453468.170496608]: Stereo Module was found.[0m
[0m[INFO] [1786453468.176567653]: RGB Camera was found.[0m
[0m[INFO] [1786453468.176740359]: Motion Module was found.[0m
[0m[INFO] [1786453468.176768817]: num_filters: 0[0m
[0m[INFO] [1786453468.176784040]: Setting Dynamic reconfig parameters.[0m
[0m[INFO] [1786453468.221159308]: Done Setting Dynamic reconfig parameters.[0m
[0m[INFO] [1786453468.221247754]: gyro stream is enabled - fps: 200[0m
[0m[INFO] [1786453468.221262055]: accel stream is enabled - fps: 100[0m
[0m[INFO] [1786453468.221275379]: setupPublishers...[0m
[0m[INFO] [1786453468.222900759]: setupStreams...[0m
 11/08 13:04:28,223 WARNING [140403932120832] (ds-calib-parsers.cpp:35) IMU Calibration is not available, default intrinsic and extrinsic will be used.
[0m[INFO] [1786453468.224652202]: SELECTED BASE:Depth, 0[0m
[0m[INFO] [1786453468.226671169]: RealSense Node Is Up![0m
[33m[WARN] [1786453468.334037190]: [0m
D455 motion stream ready: /camera_imu/gyro/sample + /camera_imu/accel/sample
[0m[INFO] [1786453471.517372920]: Initializing nodelet with 32 worker threads.[0m
[0m[INFO] [1786453471.577501581]: RealSense ROS v2.3.2[0m
[0m[INFO] [1786453471.577525429]: Built with LibRealSense v2.55.1[0m
[0m[INFO] [1786453471.577536877]: Running with LibRealSense v2.55.1[0m
[0m[INFO] [1786453471.596778784]:  [0m
[0m[INFO] [1786453471.603264200]: Device with serial number 234222302617 was found.
[0m
[0m[INFO] [1786453471.603282987]: Device with physical ID /sys/devices/pci0000:00/0000:00:14.0/usb2/2-3/2-3:1.0/video4linux/video0 was found.[0m
[0m[INFO] [1786453471.603291671]: Device with name Intel RealSense D455 was found.[0m
[0m[INFO] [1786453471.603458953]: Device with port number 2-3 was found.[0m
[0m[INFO] [1786453471.603481058]: Device USB type: 3.2[0m
[0m[INFO] [1786453471.604263773]: getParameters...[0m
[0m[INFO] [1786453471.627410911]: setupDevice...[0m
[0m[INFO] [1786453471.627426515]: JSON file is not provided[0m
[0m[INFO] [1786453471.627430362]: ROS Node Namespace: camera[0m
[0m[INFO] [1786453471.627435085]: Device Name: Intel RealSense D455[0m
[0m[INFO] [1786453471.627438004]: Device Serial No: 234222302617[0m
[0m[INFO] [1786453471.627444683]: Device physical port: /sys/devices/pci0000:00/0000:00:14.0/usb2/2-3/2-3:1.0/video4linux/video0[0m
[0m[INFO] [1786453471.627447903]: Device FW version: 5.17.3.10[0m
[0m[INFO] [1786453471.627450868]: Device Product ID: 0x0B5C[0m
[0m[INFO] [1786453471.627453626]: Enable PointCloud: On[0m
[0m[INFO] [1786453471.627456505]: Align Depth: On[0m
[0m[INFO] [1786453471.627459173]: Sync Mode: On[0m
[0m[INFO] [1786453471.627481519]: Device Sensors: [0m
[0m[INFO] [1786453471.630229977]: Stereo Module was found.[0m
[0m[INFO] [1786453471.632194236]: RGB Camera was found.[0m
[0m[INFO] [1786453471.632262686]: Motion Module was found.[0m
[0m[INFO] [1786453471.632284712]: Add Filter: pointcloud[0m
[0m[INFO] [1786453471.632316143]: num_filters: 2[0m
[0m[INFO] [1786453471.632321835]: Setting Dynamic reconfig parameters.[0m
[0m[INFO] [1786453471.652613766]: Done Setting Dynamic reconfig parameters.[0m
[0m[INFO] [1786453471.652853555]: depth stream is enabled - width: 640, height: 480, fps: 5, Format: Z16[0m
[0m[INFO] [1786453471.653068813]: color stream is enabled - width: 640, height: 480, fps: 15, Format: RGB8[0m
[0m[INFO] [1786453471.653622724]: setupPublishers...[0m
[0m[INFO] [1786453471.655778345]: Expected frequency for depth = 5.00000[0m
[0m[INFO] [1786453471.677548508]: Expected frequency for color = 15.00000[0m
[0m[INFO] [1786453471.689798509]: Expected frequency for aligned_depth_to_color = 15.00000[0m
[0m[INFO] [1786453471.706297532]: setupStreams...[0m
[0m[INFO] [1786453471.738839025]: SELECTED BASE:Depth, 0[0m
[0m[INFO] [1786453471.751479654]: RealSense Node Is Up![0m
[33m[WARN] [1786453472.320869712]: [0m
[0m[INFO] [1786453472.329028895]: publishing unordered pointcloud.[0m
[INFO] [1786453471.772537]: RGB-D vision status: starting:model_loading
[INFO] [1786453471.856517]: Loaded ONNX citrus model /home/catas/elfin_citrus_data/models/yolo26n_seg_converged_20260806/yolo26n_citrus_tree_best.onnx; classes={0: 'citrus', 1: 'tree'}; providers=['CPUExecutionProvider']
[INFO] [1786453471.859166]: Citrus model loading finished in 0.08 s: model_ready:onnxruntime
[INFO] [1786453476.852562]: RGB-D vision status: model_ready:onnxruntime targets:1 depth:1 tf:1 semantic_masks:2
[INFO] [1786453483.299479]: RGB-D vision status: model_ready:onnxruntime targets:1 depth:1 tf:1 semantic_masks:1
[INFO] [1786453490.397848]: RGB-D vision status: model_ready:onnxruntime targets:0 depth:0 tf:0 semantic_masks:0
[INFO] [1786453496.801615]: RGB-D vision status: model_ready:onnxruntime targets:1 depth:0 tf:0 semantic_masks:1
[INFO] [1786453501.865171]: RGB-D vision status: model_ready:onnxruntime targets:0 depth:0 tf:0 semantic_masks:0
[INFO] [1786453507.579147]: RGB-D vision status: model_ready:onnxruntime targets:2 depth:1 tf:1 semantic_masks:3
[INFO] [1786453513.793796]: RGB-D vision status: model_ready:onnxruntime targets:0 depth:0 tf:0 semantic_masks:1
[INFO] [1786453519.374512]: RGB-D vision status: model_ready:onnxruntime targets:2 depth:1 tf:1 semantic_masks:3
[INFO] [1786453524.574752]: RGB-D vision status: model_ready:onnxruntime targets:1 depth:0 tf:0 semantic_masks:2
[INFO] [1786453529.975294]: RGB-D vision status: model_ready:onnxruntime targets:0 depth:0 tf:0 semantic_masks:1
[INFO] [1786453535.379532]: RGB-D vision status: model_ready:onnxruntime targets:0 depth:0 tf:0 semantic_masks:1
[INFO] [1786453540.565912]: RGB-D vision status: model_ready:onnxruntime targets:2 depth:1 tf:1 semantic_masks:3
[INFO] [1786453545.596339]: RGB-D vision status: model_ready:onnxruntime targets:2 depth:1 tf:1 semantic_masks:2
[INFO] [1786453550.637287]: RGB-D vision status: model_ready:onnxruntime targets:1 depth:0 tf:0 semantic_masks:2
[INFO] [1786453555.716559]: RGB-D vision status: model_ready:onnxruntime targets:1 depth:0 tf:0 semantic_masks:1
[INFO] [1786453560.785618]: RGB-D vision status: model_ready:onnxruntime targets:2 depth:1 tf:1 semantic_masks:3
