[0m[INFO] [1785894734.383888341]: Initializing nodelet with 32 worker threads.[0m
[0m[INFO] [1785894734.454353867]: RealSense ROS v2.3.2[0m
[0m[INFO] [1785894734.454414461]: Built with LibRealSense v2.50.0[0m
[0m[INFO] [1785894734.454426930]: Running with LibRealSense v2.50.0[0m
[0m[INFO] [1785894734.474395553]:  [0m
[0m[INFO] [1785894734.566982197]: Device with serial number 234222302617 was found.
[0m
[0m[INFO] [1785894734.567013925]: Device with physical ID 2-3-3 was found.[0m
[0m[INFO] [1785894734.567024746]: Device with name Intel RealSense D455 was found.[0m
[0m[INFO] [1785894734.567294923]: Device with port number 2-3 was found.[0m
[0m[INFO] [1785894734.567320064]: Device USB type: 3.2[0m
[0m[INFO] [1785894734.568618876]: getParameters...[0m
[0m[INFO] [1785894734.601243077]: setupDevice...[0m
[0m[INFO] [1785894734.601275592]: JSON file is not provided[0m
[0m[INFO] [1785894734.601288360]: ROS Node Namespace: camera[0m
[0m[INFO] [1785894734.601302616]: Device Name: Intel RealSense D455[0m
[0m[INFO] [1785894734.601312849]: Device Serial No: 234222302617[0m
[0m[INFO] [1785894734.601356591]: Device physical port: 2-3-3[0m
[0m[INFO] [1785894734.601369734]: Device FW version: 05.17.03.10[0m
[0m[INFO] [1785894734.601384361]: Device Product ID: 0x0B5C[0m
[0m[INFO] [1785894734.601395249]: Enable PointCloud: On[0m
[0m[INFO] [1785894734.601406328]: Align Depth: On[0m
[0m[INFO] [1785894734.601417153]: Sync Mode: On[0m
[0m[INFO] [1785894734.601467165]: Device Sensors: [0m
[0m[INFO] [1785894734.710141162]: Stereo Module was found.[0m
[0m[INFO] [1785894734.722523272]: RGB Camera was found.[0m
[0m[INFO] [1785894734.722677043]: Motion Module was found.[0m
[0m[INFO] [1785894734.722966094]: Add Filter: pointcloud[0m
[0m[INFO] [1785894734.723436988]: num_filters: 2[0m
[0m[INFO] [1785894734.723462390]: Setting Dynamic reconfig parameters.[0m
hwmon command 0x80( 5 0 0 0 ) failed (response -7= HW not ready)
hwmon command 0x80( 5 0 0 0 ) failed (response -7= HW not ready)
hwmon command 0x80( 5 0 0 0 ) failed (response -7= HW not ready)
hwmon command 0x80( 5 0 0 0 ) failed (response -7= HW not ready)
[0m[INFO] [1785894737.760239689]: Done Setting Dynamic reconfig parameters.[0m
[33m[WARN] [1785894737.760439277]: Given stream configuration is not supported by the device!  Stream: Depth, Stream Index: 0, Width: 640, Height: 480, FPS: 10, Format: Z16[0m
[33m[WARN] [1785894737.760457359]: Using default profile instead.[0m
[0m[INFO] [1785894737.760833052]: depth stream is enabled - width: 848, height: 480, fps: 30, Format: Z16[0m
[0m[INFO] [1785894737.761214086]: color stream is enabled - width: 640, height: 480, fps: 15, Format: RGB8[0m
[0m[INFO] [1785894737.762392212]: gyro stream is enabled - fps: 200[0m
[0m[INFO] [1785894737.762412264]: accel stream is enabled - fps: 100[0m
[0m[INFO] [1785894737.762430564]: setupPublishers...[0m
[0m[INFO] [1785894737.764007722]: Expected frequency for depth = 30.00000[0m
[0m[INFO] [1785894737.784179938]: Expected frequency for color = 15.00000[0m
[0m[INFO] [1785894737.798659857]: Expected frequency for aligned_depth_to_color = 15.00000[0m
[0m[INFO] [1785894737.812928345]: setupStreams...[0m
 05/08 01:52:18,023 WARNING [140562241111808] (ds5-motion.cpp:473) IMU Calibration is not available, default intrinsic and extrinsic will be used.
 05/08 01:52:20,210 WARNING [140562215933696] (messenger-libusb.cpp:42) control_transfer returned error, index: 768, error: Resource temporarily unavailable, number: 11
 05/08 01:52:20,260 WARNING [140562215933696] (messenger-libusb.cpp:42) control_transfer returned error, index: 768, error: Resource temporarily unavailable, number: 11
 05/08 01:52:20,310 WARNING [140562215933696] (messenger-libusb.cpp:42) control_transfer returned error, index: 768, error: Resource temporarily unavailable, number: 11
[0m[INFO] [1785894740.361594925]: SELECTED BASE:Depth, 0[0m
[0m[INFO] [1785894740.369699068]: RealSense Node Is Up![0m
[33m[WARN] [1785894740.401494669]: [0m
 05/08 01:52:20,402 WARNING [140562215933696] (messenger-libusb.cpp:42) control_transfer returned error, index: 768, error: Resource temporarily unavailable, number: 11
[0m[INFO] [1785894740.408503551]: publishing unordered pointcloud.[0m
 05/08 01:52:20,452 WARNING [140562215933696] (messenger-libusb.cpp:42) control_transfer returned error, index: 768, error: Resource temporarily unavailable, number: 11
 05/08 01:52:20,503 WARNING [140562215933696] (messenger-libusb.cpp:42) control_transfer returned error, index: 768, error: Resource temporarily unavailable, number: 11
 05/08 01:52:20,554 WARNING [140562215933696] (messenger-libusb.cpp:42) control_transfer returned error, index: 768, error: Resource temporarily unavailable, number: 11
 05/08 01:52:20,634 WARNING [140562215933696] (messenger-libusb.cpp:42) control_transfer returned error, index: 768, error: Resource temporarily unavailable, number: 11
 05/08 01:52:20,685 WARNING [140562215933696] (messenger-libusb.cpp:42) control_transfer returned error, index: 300, error: Resource temporarily unavailable, number: b
 05/08 01:52:20,736 WARNING [140562215933696] (messenger-libusb.cpp:42) control_transfer returned error, index: 768, error: Resource temporarily unavailable, number: 11
 05/08 01:52:20,787 WARNING [140562215933696] (messenger-libusb.cpp:42) control_transfer returned error, index: 768, error: Resource temporarily unavailable, number: 11
 05/08 01:52:21,038 WARNING [140562215933696] (messenger-libusb.cpp:42) control_transfer returned error, index: 768, error: Resource temporarily unavailable, number: 11
 05/08 01:52:51,010 WARNING [140562215933696] (messenger-libusb.cpp:42) control_transfer returned error, index: 768, error: Resource temporarily unavailable, number: 11
[WARN] [1785894734.722531]: Remote inference unavailable, loading local fallback: [Errno -2] Name or service not known
[WARN] [1785894734.731864]: TensorRT unavailable, falling back to ONNX Runtime: No module named 'pycuda'
[WARN] [1785894740.688735]: Remote inference recovery probe failed; local inference continues and another probe will run in 5.0 s: [Errno -2] Name or service not known
[WARN] [1785894745.821461]: Remote inference recovery probe failed; local inference continues and another probe will run in 5.0 s: [Errno -2] Name or service not known
[WARN] [1785894750.964551]: Remote inference recovery probe failed; local inference continues and another probe will run in 5.0 s: [Errno -2] Name or service not known
[WARN] [1785894756.090656]: Remote inference recovery probe failed; local inference continues and another probe will run in 5.0 s: [Errno -2] Name or service not known
[WARN] [1785894761.177362]: Remote inference recovery probe failed; local inference continues and another probe will run in 5.0 s: [Errno -2] Name or service not known
[WARN] [1785894766.240688]: Remote inference recovery probe failed; local inference continues and another probe will run in 5.0 s: [Errno -2] Name or service not known
[WARN] [1785894771.324966]: Remote inference recovery probe failed; local inference continues and another probe will run in 5.0 s: [Errno -2] Name or service not known
[WARN] [1785894776.526868]: Remote inference recovery probe failed; local inference continues and another probe will run in 5.0 s: [Errno -2] Name or service not known
[WARN] [1785894781.722575]: Remote inference recovery probe failed; local inference continues and another probe will run in 5.0 s: [Errno -2] Name or service not known
[INFO] [1785894734.682120]: RGB-D vision status: starting:model_loading
[INFO] [1785894734.789348]: Loaded ONNX citrus model /home/catas/elfin_citrus_data/server_bundle_20260722/best_citrus_seg.onnx; classes={0: 'citrus', 1: 'tree'}; providers=['CPUExecutionProvider']
[INFO] [1785894734.790923]: Citrus model loading finished in 0.10 s: model_ready:onnxruntime
[INFO] [1785894740.693644]: RGB-D vision status: model_ready:onnxruntime targets:2 depth:0 tf:0 semantic_masks:3
[INFO] [1785894745.972119]: RGB-D vision status: model_ready:onnxruntime targets:5 depth:2 tf:2 semantic_masks:6
[INFO] [1785894750.973674]: RGB-D vision status: model_ready:onnxruntime targets:5 depth:0 tf:0 semantic_masks:6
[INFO] [1785894756.097105]: RGB-D vision status: model_ready:onnxruntime targets:4 depth:0 tf:0 semantic_masks:5
[INFO] [1785894761.459695]: RGB-D vision status: model_ready:onnxruntime targets:3 depth:0 tf:0 semantic_masks:4
[INFO] [1785894766.786066]: RGB-D vision status: model_ready:onnxruntime targets:4 depth:1 tf:1 semantic_masks:5
[INFO] [1785894774.680596]: RGB-D vision status: model_ready:onnxruntime targets:4 depth:1 tf:1 semantic_masks:5
[INFO] [1785894781.174791]: RGB-D vision status: model_ready:onnxruntime targets:4 depth:1 tf:1 semantic_masks:5
... logging to /home/catas/.ros/log/578f1618-9067-11f1-b9d1-c4c6e661f1ab/roslaunch-catas-3921.log
Checking log directory for disk usage. This may take a while.
Press Ctrl-C to interrupt
Done checking log file disk usage. Usage is <1GB.
]2;/home/catas/ros_ws/src/elfin_vision/launch/citrus_sensor_runtime.launch
[1mstarted roslaunch server http://127.0.0.1:46499/[0m

SUMMARY
========

PARAMETERS
 * /camera/realsense2_camera/accel_fps: 100
 * /camera/realsense2_camera/accel_frame_id: camera_accel_frame
 * /camera/realsense2_camera/accel_optical_frame_id: camera_accel_opti...
 * /camera/realsense2_camera/align_depth: True
 * /camera/realsense2_camera/aligned_depth_to_color_frame_id: camera_aligned_de...
 * /camera/realsense2_camera/aligned_depth_to_fisheye1_frame_id: camera_aligned_de...
 * /camera/realsense2_camera/aligned_depth_to_fisheye2_frame_id: camera_aligned_de...
 * /camera/realsense2_camera/aligned_depth_to_fisheye_frame_id: camera_aligned_de...
 * /camera/realsense2_camera/aligned_depth_to_infra1_frame_id: camera_aligned_de...
 * /camera/realsense2_camera/aligned_depth_to_infra2_frame_id: camera_aligned_de...
 * /camera/realsense2_camera/allow_no_texture_points: False
 * /camera/realsense2_camera/base_frame_id: camera_link
 * /camera/realsense2_camera/calib_odom_file: 
 * /camera/realsense2_camera/clip_distance: -2.0
 * /camera/realsense2_camera/color_fps: 15
 * /camera/realsense2_camera/color_frame_id: camera_color_frame
 * /camera/realsense2_camera/color_height: 480
 * /camera/realsense2_camera/color_optical_frame_id: camera_color_opti...
 * /camera/realsense2_camera/color_width: 640
 * /camera/realsense2_camera/confidence_fps: -1
 * /camera/realsense2_camera/confidence_height: -1
 * /camera/realsense2_camera/confidence_width: -1
 * /camera/realsense2_camera/depth_fps: 10
 * /camera/realsense2_camera/depth_frame_id: camera_depth_frame
 * /camera/realsense2_camera/depth_height: 480
 * /camera/realsense2_camera/depth_optical_frame_id: camera_depth_opti...
 * /camera/realsense2_camera/depth_width: 640
 * /camera/realsense2_camera/device_type: d455
 * /camera/realsense2_camera/enable_accel: True
 * /camera/realsense2_camera/enable_color: True
 * /camera/realsense2_camera/enable_confidence: False
 * /camera/realsense2_camera/enable_depth: True
 * /camera/realsense2_camera/enable_fisheye1: False
 * /camera/realsense2_camera/enable_fisheye2: False
 * /camera/realsense2_camera/enable_fisheye: False
 * /camera/realsense2_camera/enable_gyro: True
 * /camera/realsense2_camera/enable_infra1: False
 * /camera/realsense2_camera/enable_infra2: False
 * /camera/realsense2_camera/enable_infra: False
 * /camera/realsense2_camera/enable_pointcloud: True
 * /camera/realsense2_camera/enable_pose: False
 * /camera/realsense2_camera/enable_sync: False
 * /camera/realsense2_camera/filters: 
 * /camera/realsense2_camera/fisheye1_frame_id: camera_fisheye1_f...
 * /camera/realsense2_camera/fisheye1_optical_frame_id: camera_fisheye1_o...
 * /camera/realsense2_camera/fisheye2_frame_id: camera_fisheye2_f...
 * /camera/realsense2_camera/fisheye2_optical_frame_id: camera_fisheye2_o...
 * /camera/realsense2_camera/fisheye_fps: -1
 * /camera/realsense2_camera/fisheye_frame_id: camera_fisheye_frame
 * /camera/realsense2_camera/fisheye_height: -1
 * /camera/realsense2_camera/fisheye_optical_frame_id: camera_fisheye_op...
 * /camera/realsense2_camera/fisheye_width: -1
 * /camera/realsense2_camera/gyro_fps: 200
 * /camera/realsense2_camera/gyro_frame_id: camera_gyro_frame
 * /camera/realsense2_camera/gyro_optical_frame_id: camera_gyro_optic...
 * /camera/realsense2_camera/imu_optical_frame_id: camera_imu_optica...
 * /camera/realsense2_camera/infra1_frame_id: camera_infra1_frame
 * /camera/realsense2_camera/infra1_optical_frame_id: camera_infra1_opt...
 * /camera/realsense2_camera/infra2_frame_id: camera_infra2_frame
 * /camera/realsense2_camera/infra2_optical_frame_id: camera_infra2_opt...
 * /camera/realsense2_camera/infra_fps: 30
 * /camera/realsense2_camera/infra_height: 480
 * /camera/realsense2_camera/infra_rgb: False
 * /camera/realsense2_camera/infra_width: 848
 * /camera/realsense2_camera/initial_reset: False
 * /camera/realsense2_camera/json_file_path: 
 * /camera/realsense2_camera/linear_accel_cov: 0.01
 * /camera/realsense2_camera/odom_frame_id: camera_odom_frame
 * /camera/realsense2_camera/ordered_pc: False
 * /camera/realsense2_camera/pointcloud_texture_index: 0
 * /camera/realsense2_camera/pointcloud_texture_stream: RS2_STREAM_ANY
 * /camera/realsense2_camera/pose_frame_id: camera_pose_frame
 * /camera/realsense2_camera/pose_optical_frame_id: camera_pose_optic...
 * /camera/realsense2_camera/publish_odom_tf: True
 * /camera/realsense2_camera/publish_tf: True
 * /camera/realsense2_camera/reconnect_timeout: 6.0
 * /camera/realsense2_camera/rosbag_filename: 
 * /camera/realsense2_camera/serial_no: 234222302617
 * /camera/realsense2_camera/stereo_module/exposure/1: 7500
 * /camera/realsense2_camera/stereo_module/exposure/2: 1
 * /camera/realsense2_camera/stereo_module/gain/1: 16
 * /camera/realsense2_camera/stereo_module/gain/2: 16
 * /camera/realsense2_camera/tf_publish_rate: 0.0
 * /camera/realsense2_camera/topic_odom_in: odom_in
 * /camera/realsense2_camera/unite_imu_method: none
 * /camera/realsense2_camera/usb_port_id: 2-3
 * /camera/realsense2_camera/wait_for_device_timeout: 8.0
 * /elfin_vision/citrus_rgbd_node/backend: auto
 * /elfin_vision/citrus_rgbd_node/class_names/0: citrus
 * /elfin_vision/citrus_rgbd_node/class_names/1: tree
 * /elfin_vision/citrus_rgbd_node/confidence: 0.35
 * /elfin_vision/citrus_rgbd_node/depth_max_m: 4.0
 * /elfin_vision/citrus_rgbd_node/depth_min_m: 0.2
 * /elfin_vision/citrus_rgbd_node/depth_min_samples: 20
 * /elfin_vision/citrus_rgbd_node/depth_roi_scale: 0.35
 * /elfin_vision/citrus_rgbd_node/device: auto
 * /elfin_vision/citrus_rgbd_node/engine_path: /home/catas/elfin...
 * /elfin_vision/citrus_rgbd_node/engine_sha256: c876f0927ac1eb12e...
 * /elfin_vision/citrus_rgbd_node/image_size: 640
 * /elfin_vision/citrus_rgbd_node/iou: 0.45
 * /elfin_vision/citrus_rgbd_node/max_inference_hz: 8.0
 * /elfin_vision/citrus_rgbd_node/model_path: /home/catas/elfin...
 * /elfin_vision/citrus_rgbd_node/model_repo: 
 * /elfin_vision/citrus_rgbd_node/model_sha256: 507821ee21f312497...
 * /elfin_vision/citrus_rgbd_node/publish_annotated_image: True
 * /elfin_vision/citrus_rgbd_node/remote_failure_limit: 3
 * /elfin_vision/citrus_rgbd_node/remote_preferred: True
 * /elfin_vision/citrus_rgbd_node/remote_retry_interval_s: 5.0
 * /elfin_vision/citrus_rgbd_node/remote_timeout_s: 0.8
 * /elfin_vision/citrus_rgbd_node/remote_token_file: /home/catas/.conf...
 * /elfin_vision/citrus_rgbd_node/remote_url: http://aiseon.loc...
 * /elfin_vision/citrus_rgbd_node/semantic_class_ids: []
 * /elfin_vision/citrus_rgbd_node/semantic_labels: ['citrus', 'tree']
 * /elfin_vision/citrus_rgbd_node/target_class_ids: []
 * /elfin_vision/citrus_rgbd_node/target_frame: elfin_base_link
 * /elfin_vision/citrus_rgbd_node/target_labels: ['citrus', 'orang...
 * /rosdistro: noetic
 * /rosversion: 1.17.4

NODES
  /camera/
    realsense2_camera (nodelet/nodelet)
    realsense2_camera_manager (nodelet/nodelet)
  /elfin_vision/
    citrus_rgbd_node (elfin_vision/citrus_rgbd_node.py)

[1mROS_MASTER_URI=http://127.0.0.1:11311[0m
]2;/home/catas/ros_ws/src/elfin_vision/launch/citrus_sensor_runtime.launch http://127.0.0.1:11311
[1mprocess[camera/realsense2_camera_manager-1]: started with pid [3972][0m
[1mprocess[camera/realsense2_camera-2]: started with pid [3973][0m
[1mprocess[elfin_vision/citrus_rgbd_node-3]: started with pid [3974][0m
[elfin_vision/citrus_rgbd_node-3] killing on exit
[camera/realsense2_camera-2] killing on exit
[camera/realsense2_camera_manager-1] killing on exit
shutting down processing monitor...
... shutting down processing monitor complete
[1mdone[0m
