[0m[INFO] [1785576986.333641848]: Initializing nodelet with 32 worker threads.[0m
[0m[INFO] [1785576986.382224959]: RealSense ROS v2.3.2[0m
[0m[INFO] [1785576986.382244678]: Built with LibRealSense v2.50.0[0m
[0m[INFO] [1785576986.382249742]: Running with LibRealSense v2.50.0[0m
[0m[INFO] [1785576986.405578389]:  [0m
[0m[INFO] [1785576986.487215755]: Device with serial number 233522078111 was found.
[0m
[0m[INFO] [1785576986.487240558]: Device with physical ID 2-3-10 was found.[0m
[0m[INFO] [1785576986.487251627]: Device with name Intel RealSense D435 was found.[0m
[0m[INFO] [1785576986.487512739]: Device with port number 2-3 was found.[0m
[0m[INFO] [1785576986.487535204]: Device USB type: 3.2[0m
[0m[INFO] [1785576986.488850118]: getParameters...[0m
[0m[INFO] [1785576986.525026019]: setupDevice...[0m
[0m[INFO] [1785576986.525050442]: JSON file is not provided[0m
[0m[INFO] [1785576986.525061192]: ROS Node Namespace: camera[0m
[0m[INFO] [1785576986.525069224]: Device Name: Intel RealSense D435[0m
[0m[INFO] [1785576986.525075269]: Device Serial No: 233522078111[0m
[0m[INFO] [1785576986.525080743]: Device physical port: 2-3-10[0m
[0m[INFO] [1785576986.525085821]: Device FW version: 05.13.00.55[0m
[0m[INFO] [1785576986.525090991]: Device Product ID: 0x0B07[0m
[0m[INFO] [1785576986.525096275]: Enable PointCloud: On[0m
[0m[INFO] [1785576986.525101020]: Align Depth: On[0m
[0m[INFO] [1785576986.525105653]: Sync Mode: On[0m
[0m[INFO] [1785576986.525137227]: Device Sensors: [0m
[0m[INFO] [1785576986.656976185]: Stereo Module was found.[0m
[0m[INFO] [1785576986.666432902]: RGB Camera was found.[0m
[0m[INFO] [1785576986.666625824]: Add Filter: pointcloud[0m
[0m[INFO] [1785576986.666888375]: num_filters: 2[0m
[0m[INFO] [1785576986.666899030]: Setting Dynamic reconfig parameters.[0m
[0m[INFO] [1785576989.747785332]: Done Setting Dynamic reconfig parameters.[0m
[33m[WARN] [1785576989.747907059]: Given stream configuration is not supported by the device!  Stream: Depth, Stream Index: 0, Width: 640, Height: 480, FPS: 10, Format: Z16[0m
[33m[WARN] [1785576989.747922074]: Using default profile instead.[0m
[0m[INFO] [1785576989.748240231]: depth stream is enabled - width: 848, height: 480, fps: 30, Format: Z16[0m
[0m[INFO] [1785576989.748602081]: color stream is enabled - width: 640, height: 480, fps: 15, Format: RGB8[0m
[0m[INFO] [1785576989.749693752]: setupPublishers...[0m
[0m[INFO] [1785576989.751774986]: Expected frequency for depth = 30.00000[0m
[0m[INFO] [1785576989.772620637]: Expected frequency for color = 15.00000[0m
[0m[INFO] [1785576989.780599408]: Expected frequency for aligned_depth_to_color = 15.00000[0m
[0m[INFO] [1785576989.787644658]: setupStreams...[0m
 01/08 09:36:30,046 WARNING [139881755182848] (messenger-libusb.cpp:42) control_transfer returned error, index: 768, error: Resource temporarily unavailable, number: 11
[0m[INFO] [1785576990.097236841]: SELECTED BASE:Depth, 0[0m
[0m[INFO] [1785576990.103190356]: RealSense Node Is Up![0m
[33m[WARN] [1785576990.165571970]: [0m
 01/08 09:36:30,166 WARNING [139881755182848] (messenger-libusb.cpp:42) control_transfer returned error, index: 768, error: Resource temporarily unavailable, number: 11
[0m[INFO] [1785576990.174160790]: publishing unordered pointcloud.[0m
 01/08 09:36:30,217 WARNING [139881755182848] (messenger-libusb.cpp:42) control_transfer returned error, index: 768, error: Resource temporarily unavailable, number: 11
 01/08 09:36:30,267 WARNING [139881755182848] (messenger-libusb.cpp:42) control_transfer returned error, index: 768, error: Resource temporarily unavailable, number: 11
 01/08 09:36:30,418 WARNING [139881755182848] (messenger-libusb.cpp:42) control_transfer returned error, index: 768, error: Resource temporarily unavailable, number: 11
 01/08 09:36:30,526 WARNING [139881755182848] (messenger-libusb.cpp:42) control_transfer returned error, index: 768, error: Resource temporarily unavailable, number: 11
 01/08 09:36:30,576 WARNING [139881755182848] (messenger-libusb.cpp:42) control_transfer returned error, index: 768, error: Resource temporarily unavailable, number: 11
 01/08 09:36:30,627 WARNING [139881755182848] (messenger-libusb.cpp:42) control_transfer returned error, index: 768, error: Resource temporarily unavailable, number: 11
 01/08 09:36:30,678 WARNING [139881755182848] (messenger-libusb.cpp:42) control_transfer returned error, index: 768, error: Resource temporarily unavailable, number: 11
 01/08 09:36:30,931 WARNING [139881755182848] (messenger-libusb.cpp:42) control_transfer returned error, index: 768, error: Resource temporarily unavailable, number: 11
 01/08 09:36:30,981 WARNING [139881755182848] (messenger-libusb.cpp:42) control_transfer returned error, index: 768, error: Resource temporarily unavailable, number: 11
 01/08 09:36:31,736 WARNING [139881755182848] (messenger-libusb.cpp:42) control_transfer returned error, index: 768, error: Resource temporarily unavailable, number: 11
 01/08 09:36:31,787 WARNING [139881755182848] (messenger-libusb.cpp:42) control_transfer returned error, index: 768, error: Resource temporarily unavailable, number: 11
 01/08 09:36:31,938 WARNING [139881755182848] (messenger-libusb.cpp:42) control_transfer returned error, index: 768, error: Resource temporarily unavailable, number: 11
 01/08 09:36:31,988 WARNING [139881755182848] (messenger-libusb.cpp:42) control_transfer returned error, index: 768, error: Resource temporarily unavailable, number: 11
 01/08 09:36:34,040 WARNING [139881755182848] (messenger-libusb.cpp:42) control_transfer returned error, index: 768, error: Resource temporarily unavailable, number: 11
 01/08 09:36:34,090 WARNING [139881755182848] (messenger-libusb.cpp:42) control_transfer returned error, index: 768, error: Resource temporarily unavailable, number: 11
 01/08 09:36:43,147 WARNING [139881755182848] (messenger-libusb.cpp:42) control_transfer returned error, index: 768, error: Resource temporarily unavailable, number: 11
 01/08 09:36:43,197 WARNING [139881755182848] (messenger-libusb.cpp:42) control_transfer returned error, index: 768, error: Resource temporarily unavailable, number: 11
 01/08 09:36:45,145 ERROR [139880986433280] (ds5-options.cpp:88) Asic Temperature value is not valid!
 01/08 09:36:46,147 ERROR [139880986433280] (ds5-options.cpp:88) Asic Temperature value is not valid!
 01/08 09:36:46,250 WARNING [139881755182848] (messenger-libusb.cpp:42) control_transfer returned error, index: 768, error: Resource temporarily unavailable, number: 11
 01/08 09:36:46,300 WARNING [139881755182848] (messenger-libusb.cpp:42) control_transfer returned error, index: 768, error: Resource temporarily unavailable, number: 11
 01/08 09:36:47,150 ERROR [139880986433280] (ds5-options.cpp:88) Asic Temperature value is not valid!
 01/08 09:36:47,351 WARNING [139881755182848] (messenger-libusb.cpp:42) control_transfer returned error, index: 768, error: Resource temporarily unavailable, number: 11
 01/08 09:37:50,442 WARNING [139881755182848] (messenger-libusb.cpp:42) control_transfer returned error, index: 768, error: Resource temporarily unavailable, number: 11
 01/08 09:37:50,493 WARNING [139881755182848] (messenger-libusb.cpp:42) control_transfer returned error, index: 768, error: Resource temporarily unavailable, number: 11
 01/08 09:37:51,544 WARNING [139881755182848] (messenger-libusb.cpp:42) control_transfer returned error, index: 768, error: Resource temporarily unavailable, number: 11
 01/08 09:37:51,594 WARNING [139881755182848] (messenger-libusb.cpp:42) control_transfer returned error, index: 768, error: Resource temporarily unavailable, number: 11
 01/08 09:37:52,645 WARNING [139881755182848] (messenger-libusb.cpp:42) control_transfer returned error, index: 768, error: Resource temporarily unavailable, number: 11
 01/08 09:37:52,696 WARNING [139881755182848] (messenger-libusb.cpp:42) control_transfer returned error, index: 768, error: Resource temporarily unavailable, number: 11
 01/08 09:37:53,747 WARNING [139881755182848] (messenger-libusb.cpp:42) control_transfer returned error, index: 768, error: Resource temporarily unavailable, number: 11
 01/08 09:37:53,798 WARNING [139881755182848] (messenger-libusb.cpp:42) control_transfer returned error, index: 768, error: Resource temporarily unavailable, number: 11
 01/08 09:38:07,857 WARNING [139881755182848] (messenger-libusb.cpp:42) control_transfer returned error, index: 768, error: Resource temporarily unavailable, number: 11
 01/08 09:38:07,908 WARNING [139881755182848] (messenger-libusb.cpp:42) control_transfer returned error, index: 768, error: Resource temporarily unavailable, number: 11
 01/08 09:38:08,959 WARNING [139881755182848] (messenger-libusb.cpp:42) control_transfer returned error, index: 768, error: Resource temporarily unavailable, number: 11
 01/08 09:38:09,010 WARNING [139881755182848] (messenger-libusb.cpp:42) control_transfer returned error, index: 768, error: Resource temporarily unavailable, number: 11
 01/08 09:38:10,061 WARNING [139881755182848] (messenger-libusb.cpp:42) control_transfer returned error, index: 768, error: Resource temporarily unavailable, number: 11
 01/08 09:38:10,111 WARNING [139881755182848] (messenger-libusb.cpp:42) control_transfer returned error, index: 768, error: Resource temporarily unavailable, number: 11
[33m[WARN] [1785577092.573643651]: Shutdown request received. Reason: [user request][0m
[33m[WARN] [1785577092.574251459]: Shutdown request received.[0m
[33m[WARN] [1785577092.574286993]: Reason given for shutdown: [user request][0m
[WARN] [1785576986.695462]: Remote inference unavailable, loading local fallback: [Errno -2] Name or service not known
[WARN] [1785576986.706433]: TensorRT unavailable, falling back to ONNX Runtime: No module named 'pycuda'
[WARN] [1785576990.583399]: Remote inference recovery probe failed; local inference continues and another probe will run in 5.0 s: [Errno -2] Name or service not known
[WARN] [1785576995.735204]: Remote inference recovery probe failed; local inference continues and another probe will run in 5.0 s: [Errno -2] Name or service not known
[WARN] [1785577000.795578]: Remote inference recovery probe failed; local inference continues and another probe will run in 5.0 s: [Errno -2] Name or service not known
[WARN] [1785577005.877268]: Remote inference recovery probe failed; local inference continues and another probe will run in 5.0 s: [Errno -2] Name or service not known
[WARN] [1785577010.929384]: Remote inference recovery probe failed; local inference continues and another probe will run in 5.0 s: [Errno -2] Name or service not known
[WARN] [1785577016.021054]: Remote inference recovery probe failed; local inference continues and another probe will run in 5.0 s: [Errno -2] Name or service not known
[WARN] [1785577021.152764]: Remote inference recovery probe failed; local inference continues and another probe will run in 5.0 s: [Errno -2] Name or service not known
[WARN] [1785577026.208012]: Remote inference recovery probe failed; local inference continues and another probe will run in 5.0 s: [Errno -2] Name or service not known
[WARN] [1785577031.276173]: Remote inference recovery probe failed; local inference continues and another probe will run in 5.0 s: [Errno -2] Name or service not known
[WARN] [1785577036.363043]: Remote inference recovery probe failed; local inference continues and another probe will run in 5.0 s: [Errno -2] Name or service not known
[WARN] [1785577041.467311]: Remote inference recovery probe failed; local inference continues and another probe will run in 5.0 s: [Errno -2] Name or service not known
[WARN] [1785577046.627354]: Remote inference recovery probe failed; local inference continues and another probe will run in 5.0 s: [Errno -2] Name or service not known
[WARN] [1785577051.707298]: Remote inference recovery probe failed; local inference continues and another probe will run in 5.0 s: [Errno -2] Name or service not known
[WARN] [1785577056.755115]: Remote inference recovery probe failed; local inference continues and another probe will run in 5.0 s: [Errno -2] Name or service not known
[WARN] [1785577061.846095]: Remote inference recovery probe failed; local inference continues and another probe will run in 5.0 s: [Errno -2] Name or service not known
[WARN] [1785577066.901899]: Remote inference recovery probe failed; local inference continues and another probe will run in 5.0 s: [Errno -2] Name or service not known
[WARN] [1785577071.976651]: Remote inference recovery probe failed; local inference continues and another probe will run in 5.0 s: [Errno -2] Name or service not known
[WARN] [1785577077.051710]: Remote inference recovery probe failed; local inference continues and another probe will run in 5.0 s: [Errno -2] Name or service not known
[WARN] [1785577082.100969]: Remote inference recovery probe failed; local inference continues and another probe will run in 5.0 s: [Errno -2] Name or service not known
[WARN] [1785577087.166489]: Remote inference recovery probe failed; local inference continues and another probe will run in 5.0 s: [Errno -2] Name or service not known
[WARN] [1785577092.347033]: Remote inference recovery probe failed; local inference continues and another probe will run in 5.0 s: [Errno -2] Name or service not known
[INFO] [1785576986.662259]: RGB-D vision status: starting:model_loading
[INFO] [1785576986.751446]: Loaded ONNX citrus model /home/catas/elfin_citrus_data/server_bundle_20260722/best_citrus_seg.onnx; classes={0: 'citrus', 1: 'tree'}; providers=['CPUExecutionProvider']
[INFO] [1785576986.752867]: Citrus model loading finished in 0.08 s: model_ready:onnxruntime
[INFO] [1785576997.724971]: RGB-D vision status: model_ready:onnxruntime targets:1 depth:1 tf:1
[INFO] [1785577002.809163]: RGB-D vision status: model_ready:onnxruntime targets:1 depth:1 tf:1
[INFO] [1785577010.392023]: RGB-D vision status: model_ready:onnxruntime targets:1 depth:0 tf:0
[INFO] [1785577015.488127]: RGB-D vision status: model_ready:onnxruntime targets:1 depth:0 tf:0
[INFO] [1785577020.618031]: RGB-D vision status: model_ready:onnxruntime targets:0 depth:0 tf:0
[INFO] [1785577025.939250]: RGB-D vision status: model_ready:onnxruntime targets:0 depth:0 tf:0
[INFO] [1785577031.008508]: RGB-D vision status: model_ready:onnxruntime targets:0 depth:0 tf:0
[INFO] [1785577036.080076]: RGB-D vision status: model_ready:onnxruntime targets:1 depth:0 tf:0
[INFO] [1785577045.039799]: RGB-D vision status: model_ready:onnxruntime targets:1 depth:1 tf:1
[INFO] [1785577050.120194]: RGB-D vision status: model_ready:onnxruntime targets:2 depth:1 tf:1
[INFO] [1785577055.490611]: RGB-D vision status: model_ready:onnxruntime targets:1 depth:0 tf:0
[INFO] [1785577060.514665]: RGB-D vision status: model_ready:onnxruntime targets:2 depth:2 tf:2
[INFO] [1785577069.847108]: RGB-D vision status: model_ready:onnxruntime targets:1 depth:0 tf:0
[INFO] [1785577075.048723]: RGB-D vision status: model_ready:onnxruntime targets:2 depth:2 tf:2
[INFO] [1785577080.714950]: RGB-D vision status: model_ready:onnxruntime targets:3 depth:1 tf:1
[INFO] [1785577085.725168]: RGB-D vision status: model_ready:onnxruntime targets:1 depth:1 tf:1
[INFO] [1785577092.455325]: RGB-D vision status: model_ready:onnxruntime targets:1 depth:0 tf:0
shutdown request: user request
... logging to /home/catas/.ros/log/49378f6c-8d8a-11f1-a782-c4c6e661f1ab/roslaunch-catas-13718.log
Checking log directory for disk usage. This may take a while.
Press Ctrl-C to interrupt
Done checking log file disk usage. Usage is <1GB.
]2;/home/catas/ros_ws/src/elfin_vision/launch/citrus_sensor_runtime.launch
[1mstarted roslaunch server http://127.0.0.1:39899/[0m

SUMMARY
========

PARAMETERS
 * /camera/realsense2_camera/accel_fps: -1
 * /camera/realsense2_camera/accel_frame_id: camera_accel_frame
 * /camera/realsense2_camera/accel_optical_frame_id: camera_accel_opti...
 * /camera/realsense2_camera/align_depth: True
 * /camera/realsense2_camera/aligned_depth_to_color_frame_id: camera_aligned_de...
 * /camera/realsense2_camera/aligned_depth_to_fisheye1_frame_id: camera_aligned_de...
 * /camera/realsense2_camera/aligned_depth_to_fisheye2_frame_id: camera_aligned_de...
 * /camera/realsense2_camera/aligned_depth_to_fisheye_frame_id: camera_aligned_de...
 * /camera/realsense2_camera/aligned_depth_to_infra1_frame_id: camera_aligned_de...
 * /camera/realsense2_camera/aligned_depth_to_infra2_frame_id: camera_aligned_de...
 * /camera/realsense2_camera/allow_no_texture_points: False
 * /camera/realsense2_camera/base_frame_id: camera_link
 * /camera/realsense2_camera/calib_odom_file: 
 * /camera/realsense2_camera/clip_distance: -2.0
 * /camera/realsense2_camera/color_fps: 15
 * /camera/realsense2_camera/color_frame_id: camera_color_frame
 * /camera/realsense2_camera/color_height: 480
 * /camera/realsense2_camera/color_optical_frame_id: camera_color_opti...
 * /camera/realsense2_camera/color_width: 640
 * /camera/realsense2_camera/confidence_fps: -1
 * /camera/realsense2_camera/confidence_height: -1
 * /camera/realsense2_camera/confidence_width: -1
 * /camera/realsense2_camera/depth_fps: 10
 * /camera/realsense2_camera/depth_frame_id: camera_depth_frame
 * /camera/realsense2_camera/depth_height: 480
 * /camera/realsense2_camera/depth_optical_frame_id: camera_depth_opti...
 * /camera/realsense2_camera/depth_width: 640
 * /camera/realsense2_camera/device_type: d435
 * /camera/realsense2_camera/enable_accel: False
 * /camera/realsense2_camera/enable_color: True
 * /camera/realsense2_camera/enable_confidence: False
 * /camera/realsense2_camera/enable_depth: True
 * /camera/realsense2_camera/enable_fisheye1: False
 * /camera/realsense2_camera/enable_fisheye2: False
 * /camera/realsense2_camera/enable_fisheye: False
 * /camera/realsense2_camera/enable_gyro: False
 * /camera/realsense2_camera/enable_infra1: False
 * /camera/realsense2_camera/enable_infra2: False
 * /camera/realsense2_camera/enable_infra: False
 * /camera/realsense2_camera/enable_pointcloud: True
 * /camera/realsense2_camera/enable_pose: False
 * /camera/realsense2_camera/enable_sync: True
 * /camera/realsense2_camera/filters: 
 * /camera/realsense2_camera/fisheye1_frame_id: camera_fisheye1_f...
 * /camera/realsense2_camera/fisheye1_optical_frame_id: camera_fisheye1_o...
 * /camera/realsense2_camera/fisheye2_frame_id: camera_fisheye2_f...
 * /camera/realsense2_camera/fisheye2_optical_frame_id: camera_fisheye2_o...
 * /camera/realsense2_camera/fisheye_fps: -1
 * /camera/realsense2_camera/fisheye_frame_id: camera_fisheye_frame
 * /camera/realsense2_camera/fisheye_height: -1
 * /camera/realsense2_camera/fisheye_optical_frame_id: camera_fisheye_op...
 * /camera/realsense2_camera/fisheye_width: -1
 * /camera/realsense2_camera/gyro_fps: -1
 * /camera/realsense2_camera/gyro_frame_id: camera_gyro_frame
 * /camera/realsense2_camera/gyro_optical_frame_id: camera_gyro_optic...
 * /camera/realsense2_camera/imu_optical_frame_id: camera_imu_optica...
 * /camera/realsense2_camera/infra1_frame_id: camera_infra1_frame
 * /camera/realsense2_camera/infra1_optical_frame_id: camera_infra1_opt...
 * /camera/realsense2_camera/infra2_frame_id: camera_infra2_frame
 * /camera/realsense2_camera/infra2_optical_frame_id: camera_infra2_opt...
 * /camera/realsense2_camera/infra_fps: 30
 * /camera/realsense2_camera/infra_height: 480
 * /camera/realsense2_camera/infra_rgb: False
 * /camera/realsense2_camera/infra_width: 848
 * /camera/realsense2_camera/initial_reset: False
 * /camera/realsense2_camera/json_file_path: 
 * /camera/realsense2_camera/linear_accel_cov: 0.01
 * /camera/realsense2_camera/odom_frame_id: camera_odom_frame
 * /camera/realsense2_camera/ordered_pc: False
 * /camera/realsense2_camera/pointcloud_texture_index: 0
 * /camera/realsense2_camera/pointcloud_texture_stream: RS2_STREAM_ANY
 * /camera/realsense2_camera/pose_frame_id: camera_pose_frame
 * /camera/realsense2_camera/pose_optical_frame_id: camera_pose_optic...
 * /camera/realsense2_camera/publish_odom_tf: True
 * /camera/realsense2_camera/publish_tf: True
 * /camera/realsense2_camera/reconnect_timeout: 6.0
 * /camera/realsense2_camera/rosbag_filename: 
 * /camera/realsense2_camera/serial_no: 233522078111
 * /camera/realsense2_camera/stereo_module/exposure/1: 7500
 * /camera/realsense2_camera/stereo_module/exposure/2: 1
 * /camera/realsense2_camera/stereo_module/gain/1: 16
 * /camera/realsense2_camera/stereo_module/gain/2: 16
 * /camera/realsense2_camera/tf_publish_rate: 0.0
 * /camera/realsense2_camera/topic_odom_in: odom_in
 * /camera/realsense2_camera/unite_imu_method: 
 * /camera/realsense2_camera/usb_port_id: 2-3
 * /camera/realsense2_camera/wait_for_device_timeout: 8.0
 * /elfin_vision/citrus_rgbd_node/backend: auto
 * /elfin_vision/citrus_rgbd_node/class_names/0: citrus
 * /elfin_vision/citrus_rgbd_node/class_names/1: tree
 * /elfin_vision/citrus_rgbd_node/confidence: 0.35
 * /elfin_vision/citrus_rgbd_node/depth_max_m: 4.0
 * /elfin_vision/citrus_rgbd_node/depth_min_m: 0.2
 * /elfin_vision/citrus_rgbd_node/depth_min_samples: 20
 * /elfin_vision/citrus_rgbd_node/depth_roi_scale: 0.35
 * /elfin_vision/citrus_rgbd_node/device: auto
 * /elfin_vision/citrus_rgbd_node/engine_path: /home/catas/elfin...
 * /elfin_vision/citrus_rgbd_node/engine_sha256: c876f0927ac1eb12e...
 * /elfin_vision/citrus_rgbd_node/image_size: 640
 * /elfin_vision/citrus_rgbd_node/iou: 0.45
 * /elfin_vision/citrus_rgbd_node/max_inference_hz: 8.0
 * /elfin_vision/citrus_rgbd_node/model_path: /home/catas/elfin...
 * /elfin_vision/citrus_rgbd_node/model_repo: 
 * /elfin_vision/citrus_rgbd_node/model_sha256: 507821ee21f312497...
 * /elfin_vision/citrus_rgbd_node/publish_annotated_image: True
 * /elfin_vision/citrus_rgbd_node/remote_failure_limit: 3
 * /elfin_vision/citrus_rgbd_node/remote_preferred: True
 * /elfin_vision/citrus_rgbd_node/remote_retry_interval_s: 5.0
 * /elfin_vision/citrus_rgbd_node/remote_timeout_s: 0.8
 * /elfin_vision/citrus_rgbd_node/remote_token_file: /home/catas/.conf...
 * /elfin_vision/citrus_rgbd_node/remote_url: http://aiseon.loc...
 * /elfin_vision/citrus_rgbd_node/target_class_ids: []
 * /elfin_vision/citrus_rgbd_node/target_frame: elfin_base_link
 * /elfin_vision/citrus_rgbd_node/target_labels: ['citrus', 'orang...
 * /rosdistro: noetic
 * /rosversion: 1.17.4

NODES
  /camera/
    realsense2_camera (nodelet/nodelet)
    realsense2_camera_manager (nodelet/nodelet)
  /elfin_vision/
    citrus_rgbd_node (elfin_vision/citrus_rgbd_node.py)

[1mROS_MASTER_URI=http://localhost:11311[0m
]2;/home/catas/ros_ws/src/elfin_vision/launch/citrus_sensor_runtime.launch http://localhost:11311
[1mprocess[camera/realsense2_camera_manager-1]: started with pid [13766][0m
[1mprocess[camera/realsense2_camera-2]: started with pid [13767][0m
[1mprocess[elfin_vision/citrus_rgbd_node-3]: started with pid [13768][0m
[1m[camera/realsense2_camera-2] process has finished cleanly
log file: /home/catas/.ros/log/49378f6c-8d8a-11f1-a782-c4c6e661f1ab/camera-realsense2_camera-2*.log[0m
[1m[camera/realsense2_camera_manager-1] process has finished cleanly
log file: /home/catas/.ros/log/49378f6c-8d8a-11f1-a782-c4c6e661f1ab/camera-realsense2_camera_manager-1*.log[0m
[1m[elfin_vision/citrus_rgbd_node-3] process has finished cleanly
log file: /home/catas/.ros/log/49378f6c-8d8a-11f1-a782-c4c6e661f1ab/elfin_vision-citrus_rgbd_node-3*.log[0m
all processes on machine have died, roslaunch will exit
shutting down processing monitor...
... shutting down processing monitor complete
[1mdone[0m
