[0m[ INFO] [1785285925.563386249]: Initializing nodelet with 8 worker threads.[0m
[0m[ INFO] [1785285925.863964766]: RealSense ROS v2.3.2[0m
[0m[ INFO] [1785285925.864029311]: Built with LibRealSense v2.55.1[0m
[0m[ INFO] [1785285925.864053663]: Running with LibRealSense v2.55.1[0m
[0m[ INFO] [1785285925.905728227]:  [0m
[0m[ INFO] [1785285925.947896078]: Device with serial number 233522078111 was found.
[0m
[0m[ INFO] [1785285925.948337044]: Device with physical ID /sys/devices/platform/3610000.xhci/usb2/2-1/2-1.4/2-1.4:1.0/video4linux/video0 was found.[0m
[0m[ INFO] [1785285925.948441654]: Device with name Intel RealSense D435 was found.[0m
[0m[ INFO] [1785285925.949371682]: Device with port number 2-1.4 was found.[0m
[0m[ INFO] [1785285925.949517252]: Device USB type: 3.2[0m
[0m[ INFO] [1785285925.953260757]: getParameters...[0m
[0m[ INFO] [1785285926.050401332]: setupDevice...[0m
[0m[ INFO] [1785285926.050460532]: JSON file is not provided[0m
[0m[ INFO] [1785285926.050491253]: ROS Node Namespace: camera[0m
[0m[ INFO] [1785285926.050509493]: Device Name: Intel RealSense D435[0m
[0m[ INFO] [1785285926.050519477]: Device Serial No: 233522078111[0m
[0m[ INFO] [1785285926.050530773]: Device physical port: /sys/devices/platform/3610000.xhci/usb2/2-1/2-1.4/2-1.4:1.0/video4linux/video0[0m
[0m[ INFO] [1785285926.050541077]: Device FW version: 5.13.0.55[0m
[0m[ INFO] [1785285926.050553622]: Device Product ID: 0x0B07[0m
[0m[ INFO] [1785285926.050562998]: Enable PointCloud: On[0m
[0m[ INFO] [1785285926.050572694]: Align Depth: On[0m
[0m[ INFO] [1785285926.050581302]: Sync Mode: On[0m
[0m[ INFO] [1785285926.050660663]: Device Sensors: [0m
[0m[ INFO] [1785285926.054416776]: Stereo Module was found.[0m
[0m[ INFO] [1785285926.061373796]: RGB Camera was found.[0m
[0m[ INFO] [1785285926.061864170]: Add Filter: pointcloud[0m
[0m[ INFO] [1785285926.062172783]: num_filters: 2[0m
[0m[ INFO] [1785285926.062236047]: Setting Dynamic reconfig parameters.[0m
[33m[ WARN] [1785285926.255246268]: Param '/camera/rgb_camera/power_line_frequency' has value 3 that is not in the enum { {50Hz: 1} {60Hz: 2} {Disabled: 0} }. Removing this parameter from dynamic reconfigure options.[0m
[0m[ INFO] [1785285926.271539314]: Done Setting Dynamic reconfig parameters.[0m
[0m[ INFO] [1785285926.277545985]: depth stream is enabled - width: 640, height: 480, fps: 15, Format: Z16[0m
[0m[ INFO] [1785285926.278367596]: color stream is enabled - width: 640, height: 480, fps: 30, Format: RGB8[0m
[0m[ INFO] [1785285926.279630877]: setupPublishers...[0m
[0m[ INFO] [1785285926.288070796]: Expected frequency for depth = 15.00000[0m
[0m[ INFO] [1785285926.385291883]: Expected frequency for color = 30.00000[0m
[0m[ INFO] [1785285926.422480917]: Expected frequency for aligned_depth_to_color = 30.00000[0m
[0m[ INFO] [1785285926.462278401]: setupStreams...[0m
[0m[ INFO] [1785285926.490277841]: SELECTED BASE:Depth, 0[0m
[0m[ INFO] [1785285926.507542453]: RealSense Node Is Up![0m
[33m[ WARN] [1785285927.274991498]: Hardware Notification:RT IC2 Config error,1.78529e+12,Error,Hardware Error[0m
