[0m[INFO] [1785670072.084534223]: Initializing nodelet with 32 worker threads.[0m
[0m[INFO] [1785670072.148767880]: RealSense ROS v2.3.2[0m
[0m[INFO] [1785670072.148790673]: Built with LibRealSense v2.50.0[0m
[0m[INFO] [1785670072.148802372]: Running with LibRealSense v2.50.0[0m
[0m[INFO] [1785670072.170291252]:  [0m
[0m[INFO] [1785670072.261240511]: Device with serial number 233522078111 was found.
[0m
[0m[INFO] [1785670072.261299792]: Device with physical ID 2-3-3 was found.[0m
[0m[INFO] [1785670072.261322921]: Device with name Intel RealSense D435 was found.[0m
[0m[INFO] [1785670072.261894060]: Device with port number 2-3 was found.[0m
[0m[INFO] [1785670072.261950486]: Device USB type: 3.2[0m
[0m[INFO] [1785670072.264037400]: getParameters...[0m
[0m[INFO] [1785670072.299779036]: setupDevice...[0m
[0m[INFO] [1785670072.299799227]: JSON file is not provided[0m
[0m[INFO] [1785670072.299808346]: ROS Node Namespace: camera[0m
[0m[INFO] [1785670072.299818700]: Device Name: Intel RealSense D435[0m
[0m[INFO] [1785670072.299829589]: Device Serial No: 233522078111[0m
[0m[INFO] [1785670072.299841814]: Device physical port: 2-3-3[0m
[0m[INFO] [1785670072.299851326]: Device FW version: 05.13.00.55[0m
[0m[INFO] [1785670072.299860941]: Device Product ID: 0x0B07[0m
[0m[INFO] [1785670072.299870282]: Enable PointCloud: On[0m
[0m[INFO] [1785670072.299879751]: Align Depth: On[0m
[0m[INFO] [1785670072.299888433]: Sync Mode: On[0m
[0m[INFO] [1785670072.299925276]: Device Sensors: [0m
[0m[INFO] [1785670072.386012132]: Stereo Module was found.[0m
[0m[INFO] [1785670072.399176759]: RGB Camera was found.[0m
[0m[INFO] [1785670072.399517792]: Add Filter: pointcloud[0m
[0m[INFO] [1785670072.400004545]: num_filters: 2[0m
[0m[INFO] [1785670072.400027604]: Setting Dynamic reconfig parameters.[0m
[0m[INFO] [1785670075.100572073]: Done Setting Dynamic reconfig parameters.[0m
[33m[WARN] [1785670075.100653104]: Given stream configuration is not supported by the device!  Stream: Depth, Stream Index: 0, Width: 640, Height: 480, FPS: 10, Format: Z16[0m
[33m[WARN] [1785670075.100666187]: Using default profile instead.[0m
[0m[INFO] [1785670075.100933150]: depth stream is enabled - width: 848, height: 480, fps: 30, Format: Z16[0m
[0m[INFO] [1785670075.101217430]: color stream is enabled - width: 640, height: 480, fps: 15, Format: RGB8[0m
[0m[INFO] [1785670075.101941325]: setupPublishers...[0m
[0m[INFO] [1785670075.103030119]: Expected frequency for depth = 30.00000[0m
[0m[INFO] [1785670075.118806808]: Expected frequency for color = 15.00000[0m
[0m[INFO] [1785670075.129289917]: Expected frequency for aligned_depth_to_color = 15.00000[0m
[0m[INFO] [1785670075.140125148]: setupStreams...[0m
 02/08 11:27:55,373 WARNING [140455882774272] (messenger-libusb.cpp:42) control_transfer returned error, index: 768, error: Resource temporarily unavailable, number: 11
[0m[INFO] [1785670075.424228347]: SELECTED BASE:Depth, 0[0m
[0m[INFO] [1785670075.440694332]: RealSense Node Is Up![0m
[33m[WARN] [1785670075.492419736]: [0m
 02/08 11:27:55,493 WARNING [140455882774272] (messenger-libusb.cpp:42) control_transfer returned error, index: 768, error: Resource temporarily unavailable, number: 11
[0m[INFO] [1785670075.502782714]: publishing unordered pointcloud.[0m
 02/08 11:27:55,544 WARNING [140455882774272] (messenger-libusb.cpp:42) control_transfer returned error, index: 768, error: Resource temporarily unavailable, number: 11
 02/08 11:27:55,595 WARNING [140455882774272] (messenger-libusb.cpp:42) control_transfer returned error, index: 768, error: Resource temporarily unavailable, number: 11
 02/08 11:27:55,745 WARNING [140455882774272] (messenger-libusb.cpp:42) control_transfer returned error, index: 768, error: Resource temporarily unavailable, number: 11
 02/08 11:27:55,859 WARNING [140455882774272] (messenger-libusb.cpp:42) control_transfer returned error, index: 768, error: Resource temporarily unavailable, number: 11
 02/08 11:27:55,910 WARNING [140455882774272] (messenger-libusb.cpp:42) control_transfer returned error, index: 768, error: Resource temporarily unavailable, number: 11
 02/08 11:27:55,961 WARNING [140455882774272] (messenger-libusb.cpp:42) control_transfer returned error, index: 768, error: Resource temporarily unavailable, number: 11
 02/08 11:27:56,012 WARNING [140455882774272] (messenger-libusb.cpp:42) control_transfer returned error, index: 768, error: Resource temporarily unavailable, number: 11
 02/08 11:27:56,163 WARNING [140455882774272] (messenger-libusb.cpp:42) control_transfer returned error, index: 768, error: Resource temporarily unavailable, number: 11
 02/08 11:27:56,213 WARNING [140455882774272] (messenger-libusb.cpp:42) control_transfer returned error, index: 768, error: Resource temporarily unavailable, number: 11
 02/08 11:28:08,176 WARNING [140455882774272] (messenger-libusb.cpp:42) control_transfer returned error, index: 768, error: Resource temporarily unavailable, number: 11
 02/08 11:28:08,226 WARNING [140455882774272] (messenger-libusb.cpp:42) control_transfer returned error, index: 768, error: Resource temporarily unavailable, number: 11
 02/08 11:28:13,279 WARNING [140455882774272] (messenger-libusb.cpp:42) control_transfer returned error, index: 768, error: Resource temporarily unavailable, number: 11
[WARN] [1785670072.370827]: Remote inference unavailable, loading local fallback: [Errno -2] Name or service not known
[WARN] [1785670072.381918]: TensorRT unavailable, falling back to ONNX Runtime: No module named 'pycuda'
[WARN] [1785670075.918376]: Remote inference recovery probe failed; local inference continues and another probe will run in 5.0 s: [Errno -2] Name or service not known
[WARN] [1785670080.993379]: Remote inference recovery probe failed; local inference continues and another probe will run in 5.0 s: [Errno -2] Name or service not known
[WARN] [1785670086.065585]: Remote inference recovery probe failed; local inference continues and another probe will run in 5.0 s: [Errno -2] Name or service not known
[WARN] [1785670091.134164]: Remote inference recovery probe failed; local inference continues and another probe will run in 5.0 s: [Errno -2] Name or service not known
[WARN] [1785670096.275016]: Remote inference recovery probe failed; local inference continues and another probe will run in 5.0 s: [Errno -2] Name or service not known
[WARN] [1785670101.347102]: Remote inference recovery probe failed; local inference continues and another probe will run in 5.0 s: [Errno -2] Name or service not known
[WARN] [1785670106.401727]: Remote inference recovery probe failed; local inference continues and another probe will run in 5.0 s: [Errno -2] Name or service not known
[WARN] [1785670111.494238]: Remote inference recovery probe failed; local inference continues and another probe will run in 5.0 s: [Errno -2] Name or service not known
[WARN] [1785670116.600920]: Remote inference recovery probe failed; local inference continues and another probe will run in 5.0 s: [Errno -2] Name or service not known
[WARN] [1785670121.818949]: Remote inference recovery probe failed; local inference continues and another probe will run in 5.0 s: [Errno -2] Name or service not known
[WARN] [1785670126.962272]: Remote inference recovery probe failed; local inference continues and another probe will run in 5.0 s: [Errno -2] Name or service not known
[WARN] [1785670132.088065]: Remote inference recovery probe failed; local inference continues and another probe will run in 5.0 s: [Errno -2] Name or service not known
[WARN] [1785670137.216204]: Remote inference recovery probe failed; local inference continues and another probe will run in 5.0 s: [Errno -2] Name or service not known
[WARN] [1785670142.377897]: Remote inference recovery probe failed; local inference continues and another probe will run in 5.0 s: [Errno -2] Name or service not known
[WARN] [1785670147.454449]: Remote inference recovery probe failed; local inference continues and another probe will run in 5.0 s: [Errno -2] Name or service not known
[WARN] [1785670152.519575]: Remote inference recovery probe failed; local inference continues and another probe will run in 5.0 s: [Errno -2] Name or service not known
[WARN] [1785670157.582007]: Remote inference recovery probe failed; local inference continues and another probe will run in 5.0 s: [Errno -2] Name or service not known
[WARN] [1785670162.730655]: Remote inference recovery probe failed; local inference continues and another probe will run in 5.0 s: [Errno -2] Name or service not known
[WARN] [1785670167.807364]: Remote inference recovery probe failed; local inference continues and another probe will run in 5.0 s: [Errno -2] Name or service not known
[WARN] [1785670172.918404]: Remote inference recovery probe failed; local inference continues and another probe will run in 5.0 s: [Errno -2] Name or service not known
[WARN] [1785670178.149748]: Remote inference recovery probe failed; local inference continues and another probe will run in 5.0 s: [Errno -2] Name or service not known
[WARN] [1785670183.314640]: Remote inference recovery probe failed; local inference continues and another probe will run in 5.0 s: [Errno -2] Name or service not known
[WARN] [1785670188.454431]: Remote inference recovery probe failed; local inference continues and another probe will run in 5.0 s: [Errno -2] Name or service not known
[WARN] [1785670193.553154]: Remote inference recovery probe failed; local inference continues and another probe will run in 5.0 s: [Errno -2] Name or service not known
[WARN] [1785670198.621310]: Remote inference recovery probe failed; local inference continues and another probe will run in 5.0 s: [Errno -2] Name or service not known
[WARN] [1785670203.739021]: Remote inference recovery probe failed; local inference continues and another probe will run in 5.0 s: [Errno -2] Name or service not known
[WARN] [1785670208.888466]: Remote inference recovery probe failed; local inference continues and another probe will run in 5.0 s: [Errno -2] Name or service not known
[WARN] [1785670214.018559]: Remote inference recovery probe failed; local inference continues and another probe will run in 5.0 s: [Errno -2] Name or service not known
[WARN] [1785670219.103327]: Remote inference recovery probe failed; local inference continues and another probe will run in 5.0 s: [Errno -2] Name or service not known
[WARN] [1785670224.232285]: Remote inference recovery probe failed; local inference continues and another probe will run in 5.0 s: [Errno -2] Name or service not known
[WARN] [1785670229.362805]: Remote inference recovery probe failed; local inference continues and another probe will run in 5.0 s: [Errno -2] Name or service not known
[WARN] [1785670234.498777]: Remote inference recovery probe failed; local inference continues and another probe will run in 5.0 s: [Errno -2] Name or service not known
[WARN] [1785670239.587240]: Remote inference recovery probe failed; local inference continues and another probe will run in 5.0 s: [Errno -2] Name or service not known
[WARN] [1785670244.721071]: Remote inference recovery probe failed; local inference continues and another probe will run in 5.0 s: [Errno -2] Name or service not known
[WARN] [1785670249.776222]: Remote inference recovery probe failed; local inference continues and another probe will run in 5.0 s: [Errno -2] Name or service not known
[WARN] [1785670254.842954]: Remote inference recovery probe failed; local inference continues and another probe will run in 5.0 s: [Errno -2] Name or service not known
[WARN] [1785670259.990657]: Remote inference recovery probe failed; local inference continues and another probe will run in 5.0 s: [Errno -2] Name or service not known
[WARN] [1785670265.121064]: Remote inference recovery probe failed; local inference continues and another probe will run in 5.0 s: [Errno -2] Name or service not known
[WARN] [1785670270.175694]: Remote inference recovery probe failed; local inference continues and another probe will run in 5.0 s: [Errno -2] Name or service not known
[WARN] [1785670275.333050]: Remote inference recovery probe failed; local inference continues and another probe will run in 5.0 s: [Errno -2] Name or service not known
[WARN] [1785670280.397932]: Remote inference recovery probe failed; local inference continues and another probe will run in 5.0 s: [Errno -2] Name or service not known
[WARN] [1785670285.483039]: Remote inference recovery probe failed; local inference continues and another probe will run in 5.0 s: [Errno -2] Name or service not known
[INFO] [1785670072.333167]: RGB-D vision status: starting:model_loading
[INFO] [1785670072.451710]: Loaded ONNX citrus model /home/catas/elfin_citrus_data/server_bundle_20260722/best_citrus_seg.onnx; classes={0: 'citrus', 1: 'tree'}; providers=['CPUExecutionProvider']
[INFO] [1785670072.454109]: Citrus model loading finished in 0.11 s: model_ready:onnxruntime
[INFO] [1785670086.266019]: RGB-D vision status: model_ready:onnxruntime targets:1 depth:1 tf:1
[INFO] [1785670104.007207]: RGB-D vision status: model_ready:onnxruntime targets:1 depth:1 tf:1
[INFO] [1785670112.019308]: RGB-D vision status: model_ready:onnxruntime targets:1 depth:1 tf:1
[INFO] [1785670117.424129]: RGB-D vision status: model_ready:onnxruntime targets:0 depth:0 tf:0
[INFO] [1785670129.703727]: RGB-D vision status: model_ready:onnxruntime targets:1 depth:1 tf:1
[INFO] [1785670134.819673]: RGB-D vision status: model_ready:onnxruntime targets:5 depth:5 tf:5
[INFO] [1785670139.842566]: RGB-D vision status: model_ready:onnxruntime targets:5 depth:5 tf:5
[INFO] [1785670145.034070]: RGB-D vision status: model_ready:onnxruntime targets:1 depth:1 tf:1
[INFO] [1785670150.117585]: RGB-D vision status: model_ready:onnxruntime targets:4 depth:4 tf:4
[INFO] [1785670155.235758]: RGB-D vision status: model_ready:onnxruntime targets:5 depth:5 tf:5
[INFO] [1785670162.998271]: RGB-D vision status: model_ready:onnxruntime targets:5 depth:5 tf:5
[INFO] [1785670168.553307]: RGB-D vision status: model_ready:onnxruntime targets:5 depth:5 tf:5
[INFO] [1785670174.079906]: RGB-D vision status: model_ready:onnxruntime targets:3 depth:3 tf:3
[INFO] [1785670179.595822]: RGB-D vision status: model_ready:onnxruntime targets:3 depth:3 tf:3
[INFO] [1785670185.142807]: RGB-D vision status: model_ready:onnxruntime targets:3 depth:3 tf:3
[INFO] [1785670190.407452]: RGB-D vision status: model_ready:onnxruntime targets:3 depth:3 tf:3
[INFO] [1785670195.959148]: RGB-D vision status: model_ready:onnxruntime targets:5 depth:5 tf:5
[INFO] [1785670201.135808]: RGB-D vision status: model_ready:onnxruntime targets:3 depth:3 tf:3
[INFO] [1785670206.620664]: RGB-D vision status: model_ready:onnxruntime targets:3 depth:3 tf:3
[INFO] [1785670211.899723]: RGB-D vision status: model_ready:onnxruntime targets:3 depth:3 tf:3
[INFO] [1785670216.963885]: RGB-D vision status: model_ready:onnxruntime targets:3 depth:3 tf:3
[INFO] [1785670221.977590]: RGB-D vision status: model_ready:onnxruntime targets:4 depth:4 tf:4
[INFO] [1785670228.116293]: RGB-D vision status: model_ready:onnxruntime targets:3 depth:3 tf:3
[INFO] [1785670233.256760]: RGB-D vision status: model_ready:onnxruntime targets:4 depth:4 tf:4
[INFO] [1785670238.292292]: RGB-D vision status: model_ready:onnxruntime targets:3 depth:3 tf:3
[INFO] [1785670243.799596]: RGB-D vision status: model_ready:onnxruntime targets:3 depth:3 tf:3
[INFO] [1785670248.991684]: RGB-D vision status: model_ready:onnxruntime targets:4 depth:4 tf:4
[INFO] [1785670254.110221]: RGB-D vision status: model_ready:onnxruntime targets:3 depth:3 tf:3
[INFO] [1785670259.468613]: RGB-D vision status: model_ready:onnxruntime targets:4 depth:4 tf:4
[INFO] [1785670264.478835]: RGB-D vision status: model_ready:onnxruntime targets:4 depth:4 tf:4
[INFO] [1785670269.598088]: RGB-D vision status: model_ready:onnxruntime targets:3 depth:3 tf:3
[INFO] [1785670274.676609]: RGB-D vision status: model_ready:onnxruntime targets:3 depth:3 tf:3
[INFO] [1785670279.733160]: RGB-D vision status: model_ready:onnxruntime targets:3 depth:3 tf:3
[INFO] [1785670284.819666]: RGB-D vision status: model_ready:onnxruntime targets:5 depth:5 tf:5
... logging to /home/catas/.ros/log/de83225a-8e63-11f1-beee-c4c6e661f1ab/roslaunch-catas-14350.log
Checking log directory for disk usage. This may take a while.
Press Ctrl-C to interrupt
Done checking log file disk usage. Usage is <1GB.
]2;/home/catas/ros_ws/src/elfin_vision/launch/citrus_sensor_runtime.launch
[1mstarted roslaunch server http://127.0.0.1:40071/[0m

SUMMARY
========

PARAMETERS
 * /camera/realsense2_camera/accel_fps: -1
 * /camera/realsense2_camera/accel_frame_id: camera_accel_frame
 * /camera/realsense2_camera/accel_optical_frame_id: camera_accel_opti...
 * /camera/realsense2_camera/align_depth: True
 * /camera/realsense2_camera/aligned_depth_to_color_frame_id: camera_aligned_de...
 * /camera/realsense2_camera/aligned_depth_to_fisheye1_frame_id: camera_aligned_de...
 * /camera/realsense2_camera/aligned_depth_to_fisheye2_frame_id: camera_aligned_de...
 * /camera/realsense2_camera/aligned_depth_to_fisheye_frame_id: camera_aligned_de...
 * /camera/realsense2_camera/aligned_depth_to_infra1_frame_id: camera_aligned_de...
 * /camera/realsense2_camera/aligned_depth_to_infra2_frame_id: camera_aligned_de...
 * /camera/realsense2_camera/allow_no_texture_points: False
 * /camera/realsense2_camera/base_frame_id: camera_link
 * /camera/realsense2_camera/calib_odom_file: 
 * /camera/realsense2_camera/clip_distance: -2.0
 * /camera/realsense2_camera/color_fps: 15
 * /camera/realsense2_camera/color_frame_id: camera_color_frame
 * /camera/realsense2_camera/color_height: 480
 * /camera/realsense2_camera/color_optical_frame_id: camera_color_opti...
 * /camera/realsense2_camera/color_width: 640
 * /camera/realsense2_camera/confidence_fps: -1
 * /camera/realsense2_camera/confidence_height: -1
 * /camera/realsense2_camera/confidence_width: -1
 * /camera/realsense2_camera/depth_fps: 10
 * /camera/realsense2_camera/depth_frame_id: camera_depth_frame
 * /camera/realsense2_camera/depth_height: 480
 * /camera/realsense2_camera/depth_optical_frame_id: camera_depth_opti...
 * /camera/realsense2_camera/depth_width: 640
 * /camera/realsense2_camera/device_type: d435
 * /camera/realsense2_camera/enable_accel: False
 * /camera/realsense2_camera/enable_color: True
 * /camera/realsense2_camera/enable_confidence: False
 * /camera/realsense2_camera/enable_depth: True
 * /camera/realsense2_camera/enable_fisheye1: False
 * /camera/realsense2_camera/enable_fisheye2: False
 * /camera/realsense2_camera/enable_fisheye: False
 * /camera/realsense2_camera/enable_gyro: False
 * /camera/realsense2_camera/enable_infra1: False
 * /camera/realsense2_camera/enable_infra2: False
 * /camera/realsense2_camera/enable_infra: False
 * /camera/realsense2_camera/enable_pointcloud: True
 * /camera/realsense2_camera/enable_pose: False
 * /camera/realsense2_camera/enable_sync: True
 * /camera/realsense2_camera/filters: 
 * /camera/realsense2_camera/fisheye1_frame_id: camera_fisheye1_f...
 * /camera/realsense2_camera/fisheye1_optical_frame_id: camera_fisheye1_o...
 * /camera/realsense2_camera/fisheye2_frame_id: camera_fisheye2_f...
 * /camera/realsense2_camera/fisheye2_optical_frame_id: camera_fisheye2_o...
 * /camera/realsense2_camera/fisheye_fps: -1
 * /camera/realsense2_camera/fisheye_frame_id: camera_fisheye_frame
 * /camera/realsense2_camera/fisheye_height: -1
 * /camera/realsense2_camera/fisheye_optical_frame_id: camera_fisheye_op...
 * /camera/realsense2_camera/fisheye_width: -1
 * /camera/realsense2_camera/gyro_fps: -1
 * /camera/realsense2_camera/gyro_frame_id: camera_gyro_frame
 * /camera/realsense2_camera/gyro_optical_frame_id: camera_gyro_optic...
 * /camera/realsense2_camera/imu_optical_frame_id: camera_imu_optica...
 * /camera/realsense2_camera/infra1_frame_id: camera_infra1_frame
 * /camera/realsense2_camera/infra1_optical_frame_id: camera_infra1_opt...
 * /camera/realsense2_camera/infra2_frame_id: camera_infra2_frame
 * /camera/realsense2_camera/infra2_optical_frame_id: camera_infra2_opt...
 * /camera/realsense2_camera/infra_fps: 30
 * /camera/realsense2_camera/infra_height: 480
 * /camera/realsense2_camera/infra_rgb: False
 * /camera/realsense2_camera/infra_width: 848
 * /camera/realsense2_camera/initial_reset: False
 * /camera/realsense2_camera/json_file_path: 
 * /camera/realsense2_camera/linear_accel_cov: 0.01
 * /camera/realsense2_camera/odom_frame_id: camera_odom_frame
 * /camera/realsense2_camera/ordered_pc: False
 * /camera/realsense2_camera/pointcloud_texture_index: 0
 * /camera/realsense2_camera/pointcloud_texture_stream: RS2_STREAM_ANY
 * /camera/realsense2_camera/pose_frame_id: camera_pose_frame
 * /camera/realsense2_camera/pose_optical_frame_id: camera_pose_optic...
 * /camera/realsense2_camera/publish_odom_tf: True
 * /camera/realsense2_camera/publish_tf: True
 * /camera/realsense2_camera/reconnect_timeout: 6.0
 * /camera/realsense2_camera/rosbag_filename: 
 * /camera/realsense2_camera/serial_no: 233522078111
 * /camera/realsense2_camera/stereo_module/exposure/1: 7500
 * /camera/realsense2_camera/stereo_module/exposure/2: 1
 * /camera/realsense2_camera/stereo_module/gain/1: 16
 * /camera/realsense2_camera/stereo_module/gain/2: 16
 * /camera/realsense2_camera/tf_publish_rate: 0.0
 * /camera/realsense2_camera/topic_odom_in: odom_in
 * /camera/realsense2_camera/unite_imu_method: 
 * /camera/realsense2_camera/usb_port_id: 2-3
 * /camera/realsense2_camera/wait_for_device_timeout: 8.0
 * /elfin_vision/citrus_rgbd_node/backend: auto
 * /elfin_vision/citrus_rgbd_node/class_names/0: citrus
 * /elfin_vision/citrus_rgbd_node/class_names/1: tree
 * /elfin_vision/citrus_rgbd_node/confidence: 0.35
 * /elfin_vision/citrus_rgbd_node/depth_max_m: 4.0
 * /elfin_vision/citrus_rgbd_node/depth_min_m: 0.2
 * /elfin_vision/citrus_rgbd_node/depth_min_samples: 20
 * /elfin_vision/citrus_rgbd_node/depth_roi_scale: 0.35
 * /elfin_vision/citrus_rgbd_node/device: auto
 * /elfin_vision/citrus_rgbd_node/engine_path: /home/catas/elfin...
 * /elfin_vision/citrus_rgbd_node/engine_sha256: c876f0927ac1eb12e...
 * /elfin_vision/citrus_rgbd_node/image_size: 640
 * /elfin_vision/citrus_rgbd_node/iou: 0.45
 * /elfin_vision/citrus_rgbd_node/max_inference_hz: 8.0
 * /elfin_vision/citrus_rgbd_node/model_path: /home/catas/elfin...
 * /elfin_vision/citrus_rgbd_node/model_repo: 
 * /elfin_vision/citrus_rgbd_node/model_sha256: 507821ee21f312497...
 * /elfin_vision/citrus_rgbd_node/publish_annotated_image: True
 * /elfin_vision/citrus_rgbd_node/remote_failure_limit: 3
 * /elfin_vision/citrus_rgbd_node/remote_preferred: True
 * /elfin_vision/citrus_rgbd_node/remote_retry_interval_s: 5.0
 * /elfin_vision/citrus_rgbd_node/remote_timeout_s: 0.8
 * /elfin_vision/citrus_rgbd_node/remote_token_file: /home/catas/.conf...
 * /elfin_vision/citrus_rgbd_node/remote_url: http://aiseon.loc...
 * /elfin_vision/citrus_rgbd_node/target_class_ids: []
 * /elfin_vision/citrus_rgbd_node/target_frame: elfin_base_link
 * /elfin_vision/citrus_rgbd_node/target_labels: ['citrus', 'orang...
 * /rosdistro: noetic
 * /rosversion: 1.17.4

NODES
  /camera/
    realsense2_camera (nodelet/nodelet)
    realsense2_camera_manager (nodelet/nodelet)
  /elfin_vision/
    citrus_rgbd_node (elfin_vision/citrus_rgbd_node.py)

[1mROS_MASTER_URI=http://localhost:11311[0m
]2;/home/catas/ros_ws/src/elfin_vision/launch/citrus_sensor_runtime.launch http://localhost:11311
[1mprocess[camera/realsense2_camera_manager-1]: started with pid [14397][0m
[1mprocess[camera/realsense2_camera-2]: started with pid [14398][0m
[1mprocess[elfin_vision/citrus_rgbd_node-3]: started with pid [14399][0m
[elfin_vision/citrus_rgbd_node-3] killing on exit
[camera/realsense2_camera-2] killing on exit
[camera/realsense2_camera_manager-1] killing on exit
shutting down processing monitor...
... shutting down processing monitor complete
[1mdone[0m
