Starting isolated D455 motion stream without reset.
[0m[INFO] [1786536693.096310373]: Initializing nodelet with 32 worker threads.[0m
[0m[INFO] [1786536693.158520822]: RealSense ROS v2.3.2[0m
[0m[INFO] [1786536693.158537621]: Built with LibRealSense v2.55.1[0m
[0m[INFO] [1786536693.158542739]: Running with LibRealSense v2.55.1[0m
[0m[INFO] [1786536693.178624476]:  [0m
[0m[INFO] [1786536693.188905873]: Device with serial number 234222302617 was found.
[0m
[0m[INFO] [1786536693.188928958]: Device with physical ID /sys/devices/pci0000:00/0000:00:14.0/usb2/2-3/2-3:1.0/video4linux/video0 was found.[0m
[0m[INFO] [1786536693.188939879]: Device with name Intel RealSense D455 was found.[0m
[0m[INFO] [1786536693.189147295]: Device with port number 2-3 was found.[0m
[0m[INFO] [1786536693.189173678]: Device USB type: 3.2[0m
[0m[INFO] [1786536693.190097480]: getParameters...[0m
[0m[INFO] [1786536693.215949025]: setupDevice...[0m
[0m[INFO] [1786536693.215961905]: JSON file is not provided[0m
[0m[INFO] [1786536693.215966622]: ROS Node Namespace: camera_imu[0m
[0m[INFO] [1786536693.215972180]: Device Name: Intel RealSense D455[0m
[0m[INFO] [1786536693.215981142]: Device Serial No: 234222302617[0m
[0m[INFO] [1786536693.215986009]: Device physical port: /sys/devices/pci0000:00/0000:00:14.0/usb2/2-3/2-3:1.0/video4linux/video0[0m
[0m[INFO] [1786536693.215990417]: Device FW version: 5.17.3.10[0m
[0m[INFO] [1786536693.215994299]: Device Product ID: 0x0B5C[0m
[0m[INFO] [1786536693.215998286]: Enable PointCloud: Off[0m
[0m[INFO] [1786536693.216001975]: Align Depth: Off[0m
[0m[INFO] [1786536693.216006876]: Sync Mode: Off[0m
[0m[INFO] [1786536693.216018169]: Device Sensors: [0m
[0m[INFO] [1786536693.220717232]: Stereo Module was found.[0m
[0m[INFO] [1786536693.225426604]: RGB Camera was found.[0m
[0m[INFO] [1786536693.225574008]: Motion Module was found.[0m
[0m[INFO] [1786536693.225594271]: num_filters: 0[0m
[0m[INFO] [1786536693.225603587]: Setting Dynamic reconfig parameters.[0m
[0m[INFO] [1786536693.260609762]: Done Setting Dynamic reconfig parameters.[0m
[0m[INFO] [1786536693.260711797]: gyro stream is enabled - fps: 200[0m
[0m[INFO] [1786536693.260723844]: accel stream is enabled - fps: 100[0m
[0m[INFO] [1786536693.260736013]: setupPublishers...[0m
[0m[INFO] [1786536693.262209809]: setupStreams...[0m
 12/08 12:11:33,262 WARNING [140087388399360] (ds-calib-parsers.cpp:35) IMU Calibration is not available, default intrinsic and extrinsic will be used.
[0m[INFO] [1786536693.263841368]: SELECTED BASE:Depth, 0[0m
[0m[INFO] [1786536693.265227096]: RealSense Node Is Up![0m
[33m[WARN] [1786536693.367904849]: [0m
D455 motion stream ready: /camera_imu/gyro/sample + /camera_imu/accel/sample
... logging to /home/catas/.ros/log/d297ef9a-9622-11f1-bce8-c4c6e661f1ab/roslaunch-catas-21303.log
Checking log directory for disk usage. This may take a while.
Press Ctrl-C to interrupt
Done checking log file disk usage. Usage is <1GB.
]2;/home/catas/ros_ws/src/elfin_vision/launch/citrus_sensor_runtime.launch
[1mstarted roslaunch server http://127.0.0.1:33891/[0m

SUMMARY
========

PARAMETERS
 * /camera/realsense2_camera/accel_fps: 100
 * /camera/realsense2_camera/accel_frame_id: camera_accel_frame
 * /camera/realsense2_camera/accel_optical_frame_id: camera_accel_opti...
 * /camera/realsense2_camera/align_depth: True
 * /camera/realsense2_camera/aligned_depth_to_color_frame_id: camera_aligned_de...
 * /camera/realsense2_camera/aligned_depth_to_fisheye1_frame_id: camera_aligned_de...
 * /camera/realsense2_camera/aligned_depth_to_fisheye2_frame_id: camera_aligned_de...
 * /camera/realsense2_camera/aligned_depth_to_fisheye_frame_id: camera_aligned_de...
 * /camera/realsense2_camera/aligned_depth_to_infra1_frame_id: camera_aligned_de...
 * /camera/realsense2_camera/aligned_depth_to_infra2_frame_id: camera_aligned_de...
 * /camera/realsense2_camera/allow_no_texture_points: False
 * /camera/realsense2_camera/base_frame_id: camera_link
 * /camera/realsense2_camera/calib_odom_file: 
 * /camera/realsense2_camera/clip_distance: -2.0
 * /camera/realsense2_camera/color_fps: 15
 * /camera/realsense2_camera/color_frame_id: camera_color_frame
 * /camera/realsense2_camera/color_height: 480
 * /camera/realsense2_camera/color_optical_frame_id: camera_color_opti...
 * /camera/realsense2_camera/color_width: 640
 * /camera/realsense2_camera/confidence_fps: -1
 * /camera/realsense2_camera/confidence_height: -1
 * /camera/realsense2_camera/confidence_width: -1
 * /camera/realsense2_camera/depth_fps: 5
 * /camera/realsense2_camera/depth_frame_id: camera_depth_frame
 * /camera/realsense2_camera/depth_height: 480
 * /camera/realsense2_camera/depth_optical_frame_id: camera_depth_opti...
 * /camera/realsense2_camera/depth_width: 640
 * /camera/realsense2_camera/device_type: d455
 * /camera/realsense2_camera/enable_accel: False
 * /camera/realsense2_camera/enable_color: True
 * /camera/realsense2_camera/enable_confidence: False
 * /camera/realsense2_camera/enable_depth: True
 * /camera/realsense2_camera/enable_fisheye1: False
 * /camera/realsense2_camera/enable_fisheye2: False
 * /camera/realsense2_camera/enable_fisheye: False
 * /camera/realsense2_camera/enable_gyro: False
 * /camera/realsense2_camera/enable_infra1: False
 * /camera/realsense2_camera/enable_infra2: False
 * /camera/realsense2_camera/enable_infra: False
 * /camera/realsense2_camera/enable_pointcloud: True
 * /camera/realsense2_camera/enable_pose: False
 * /camera/realsense2_camera/enable_sync: False
 * /camera/realsense2_camera/filters: 
 * /camera/realsense2_camera/fisheye1_frame_id: camera_fisheye1_f...
 * /camera/realsense2_camera/fisheye1_optical_frame_id: camera_fisheye1_o...
 * /camera/realsense2_camera/fisheye2_frame_id: camera_fisheye2_f...
 * /camera/realsense2_camera/fisheye2_optical_frame_id: camera_fisheye2_o...
 * /camera/realsense2_camera/fisheye_fps: -1
 * /camera/realsense2_camera/fisheye_frame_id: camera_fisheye_frame
 * /camera/realsense2_camera/fisheye_height: -1
 * /camera/realsense2_camera/fisheye_optical_frame_id: camera_fisheye_op...
 * /camera/realsense2_camera/fisheye_width: -1
 * /camera/realsense2_camera/gyro_fps: 200
 * /camera/realsense2_camera/gyro_frame_id: camera_gyro_frame
 * /camera/realsense2_camera/gyro_optical_frame_id: camera_gyro_optic...
 * /camera/realsense2_camera/imu_optical_frame_id: camera_imu_optica...
 * /camera/realsense2_camera/infra1_frame_id: camera_infra1_frame
 * /camera/realsense2_camera/infra1_optical_frame_id: camera_infra1_opt...
 * /camera/realsense2_camera/infra2_frame_id: camera_infra2_frame
 * /camera/realsense2_camera/infra2_optical_frame_id: camera_infra2_opt...
 * /camera/realsense2_camera/infra_fps: 30
 * /camera/realsense2_camera/infra_height: 480
 * /camera/realsense2_camera/infra_rgb: False
 * /camera/realsense2_camera/infra_width: 848
 * /camera/realsense2_camera/initial_reset: False
 * /camera/realsense2_camera/json_file_path: 
 * /camera/realsense2_camera/linear_accel_cov: 0.01
 * /camera/realsense2_camera/odom_frame_id: camera_odom_frame
 * /camera/realsense2_camera/ordered_pc: False
 * /camera/realsense2_camera/pointcloud_texture_index: 0
 * /camera/realsense2_camera/pointcloud_texture_stream: RS2_STREAM_ANY
 * /camera/realsense2_camera/pose_frame_id: camera_pose_frame
 * /camera/realsense2_camera/pose_optical_frame_id: camera_pose_optic...
 * /camera/realsense2_camera/publish_odom_tf: True
 * /camera/realsense2_camera/publish_tf: True
 * /camera/realsense2_camera/reconnect_timeout: 6.0
 * /camera/realsense2_camera/rosbag_filename: 
 * /camera/realsense2_camera/serial_no: 234222302617
 * /camera/realsense2_camera/stereo_module/exposure/1: 7500
 * /camera/realsense2_camera/stereo_module/exposure/2: 1
 * /camera/realsense2_camera/stereo_module/gain/1: 16
 * /camera/realsense2_camera/stereo_module/gain/2: 16
 * /camera/realsense2_camera/tf_publish_rate: 0.0
 * /camera/realsense2_camera/topic_odom_in: odom_in
 * /camera/realsense2_camera/unite_imu_method: none
 * /camera/realsense2_camera/usb_port_id: 2-3
 * /camera/realsense2_camera/wait_for_device_timeout: 8.0
 * /elfin_vision/citrus_rgbd_node/backend: onnxruntime
 * /elfin_vision/citrus_rgbd_node/citrus_circle_minimum_arc_deg: 80.0
 * /elfin_vision/citrus_rgbd_node/citrus_circle_minimum_inlier_ratio: 0.3
 * /elfin_vision/citrus_rgbd_node/citrus_circle_residual_px: 2.5
 * /elfin_vision/citrus_rgbd_node/citrus_merge_depth_tolerance_m: 0.025
 * /elfin_vision/citrus_rgbd_node/citrus_merge_gap_radius_ratio: 0.45
 * /elfin_vision/citrus_rgbd_node/citrus_polar_radius_max_m: 0.025
 * /elfin_vision/citrus_rgbd_node/citrus_polar_radius_min_m: 0.022
 * /elfin_vision/citrus_rgbd_node/citrus_radius_max_m: 0.033
 * /elfin_vision/citrus_rgbd_node/citrus_radius_min_m: 0.022
 * /elfin_vision/citrus_rgbd_node/class_names/0: citrus
 * /elfin_vision/citrus_rgbd_node/class_names/1: tree
 * /elfin_vision/citrus_rgbd_node/confidence: 0.35
 * /elfin_vision/citrus_rgbd_node/depth_max_m: 4.0
 * /elfin_vision/citrus_rgbd_node/depth_min_m: 0.2
 * /elfin_vision/citrus_rgbd_node/depth_min_samples: 20
 * /elfin_vision/citrus_rgbd_node/depth_pair_maximum_age_s: 0.35
 * /elfin_vision/citrus_rgbd_node/depth_pair_maximum_delta_s: 0.04
 * /elfin_vision/citrus_rgbd_node/device: auto
 * /elfin_vision/citrus_rgbd_node/engine_path: 
 * /elfin_vision/citrus_rgbd_node/engine_sha256: 
 * /elfin_vision/citrus_rgbd_node/image_size: 640
 * /elfin_vision/citrus_rgbd_node/inference_queue_size: 12
 * /elfin_vision/citrus_rgbd_node/inference_request_match_slop_s: 0.002
 * /elfin_vision/citrus_rgbd_node/iou: 0.45
 * /elfin_vision/citrus_rgbd_node/max_inference_hz: 8.0
 * /elfin_vision/citrus_rgbd_node/model_path: /home/catas/elfin...
 * /elfin_vision/citrus_rgbd_node/model_repo: 
 * /elfin_vision/citrus_rgbd_node/model_sha256: 371c56e82f2452cc9...
 * /elfin_vision/citrus_rgbd_node/publish_annotated_image: False
 * /elfin_vision/citrus_rgbd_node/remote_preferred: False
 * /elfin_vision/citrus_rgbd_node/remote_timeout_s: 0.8
 * /elfin_vision/citrus_rgbd_node/remote_token_file: /home/catas/.conf...
 * /elfin_vision/citrus_rgbd_node/remote_url: http://aiseon.loc...
 * /elfin_vision/citrus_rgbd_node/rgbd_history_size: 18
 * /elfin_vision/citrus_rgbd_node/semantic_class_ids: []
 * /elfin_vision/citrus_rgbd_node/semantic_labels: ['citrus', 'tree']
 * /elfin_vision/citrus_rgbd_node/target_class_ids: []
 * /elfin_vision/citrus_rgbd_node/target_frame: elfin_base_link
 * /elfin_vision/citrus_rgbd_node/target_labels: ['citrus', 'orang...
 * /rosdistro: noetic
 * /rosversion: 1.17.4

NODES
  /camera/
    realsense2_camera (nodelet/nodelet)
    realsense2_camera_manager (nodelet/nodelet)
  /elfin_vision/
    citrus_rgbd_node (elfin_vision/citrus_rgbd_node.py)

[1mROS_MASTER_URI=http://127.0.0.1:11311[0m
]2;/home/catas/ros_ws/src/elfin_vision/launch/citrus_sensor_runtime.launch http://127.0.0.1:11311
[0m[INFO] [1786536696.570953576]: Initializing nodelet with 32 worker threads.[0m
[0m[INFO] [1786536696.628913459]: RealSense ROS v2.3.2[0m
[0m[INFO] [1786536696.628935515]: Built with LibRealSense v2.55.1[0m
[0m[INFO] [1786536696.628946901]: Running with LibRealSense v2.55.1[0m
[0m[INFO] [1786536696.646040619]:  [0m
[0m[INFO] [1786536696.650895658]: Device with serial number 234222302617 was found.
[0m
[0m[INFO] [1786536696.650908637]: Device with physical ID /sys/devices/pci0000:00/0000:00:14.0/usb2/2-3/2-3:1.0/video4linux/video0 was found.[0m
[0m[INFO] [1786536696.650912804]: Device with name Intel RealSense D455 was found.[0m
[0m[INFO] [1786536696.651048421]: Device with port number 2-3 was found.[0m
[0m[INFO] [1786536696.651068527]: Device USB type: 3.2[0m
[0m[INFO] [1786536696.651983970]: getParameters...[0m
[0m[INFO] [1786536696.683844505]: setupDevice...[0m
[0m[INFO] [1786536696.683864935]: JSON file is not provided[0m
[0m[INFO] [1786536696.683874491]: ROS Node Namespace: camera[0m
[0m[INFO] [1786536696.683884976]: Device Name: Intel RealSense D455[0m
[0m[INFO] [1786536696.683895909]: Device Serial No: 234222302617[0m
[0m[INFO] [1786536696.683928902]: Device physical port: /sys/devices/pci0000:00/0000:00:14.0/usb2/2-3/2-3:1.0/video4linux/video0[0m
[0m[INFO] [1786536696.683939139]: Device FW version: 5.17.3.10[0m
[0m[INFO] [1786536696.683948645]: Device Product ID: 0x0B5C[0m
[0m[INFO] [1786536696.683957946]: Enable PointCloud: On[0m
[0m[INFO] [1786536696.683967065]: Align Depth: On[0m
[0m[INFO] [1786536696.683975465]: Sync Mode: On[0m
[0m[INFO] [1786536696.684006515]: Device Sensors: [0m
[0m[INFO] [1786536696.688831779]: Stereo Module was found.[0m
[0m[INFO] [1786536696.691974597]: RGB Camera was found.[0m
[0m[INFO] [1786536696.692089520]: Motion Module was found.[0m
[0m[INFO] [1786536696.692127226]: Add Filter: pointcloud[0m
[0m[INFO] [1786536696.692176062]: num_filters: 2[0m
[0m[INFO] [1786536696.692187617]: Setting Dynamic reconfig parameters.[0m
[0m[INFO] [1786536696.739242505]: Done Setting Dynamic reconfig parameters.[0m
[0m[INFO] [1786536696.739607516]: depth stream is enabled - width: 640, height: 480, fps: 5, Format: Z16[0m
[0m[INFO] [1786536696.739944288]: color stream is enabled - width: 640, height: 480, fps: 15, Format: RGB8[0m
[0m[INFO] [1786536696.740709618]: setupPublishers...[0m
[0m[INFO] [1786536696.741978237]: Expected frequency for depth = 5.00000[0m
[0m[INFO] [1786536696.759719428]: Expected frequency for color = 15.00000[0m
[0m[INFO] [1786536696.769181974]: Expected frequency for aligned_depth_to_color = 15.00000[0m
[0m[INFO] [1786536696.777811971]: setupStreams...[0m
[0m[INFO] [1786536696.808311023]: SELECTED BASE:Depth, 0[0m
[0m[INFO] [1786536696.816306844]: RealSense Node Is Up![0m
[33m[WARN] [1786536697.390295935]: [0m
[0m[INFO] [1786536697.398860967]: publishing unordered pointcloud.[0m
[WARN] [1786536697.462639]: CITRUS_CENTER reject instances=0 reason=aligned depth unavailable
[WARN] [1786536697.463263]: 开始进行多边形确认 · 多边形确认失败 · rejected=2 · elapsed_ms=1.6
[WARN] [1786536697.588444]: 开始进行多边形确认 · 多边形确认失败 · rejected=2 · elapsed_ms=1.1
[WARN] [1786536697.699361]: 开始进行多边形确认 · 多边形确认失败 · rejected=2 · elapsed_ms=1.2
[WARN] [1786536699.256725]: 开始进行多边形确认 · 多边形确认失败 · rejected=2 · elapsed_ms=1.3
[WARN] [1786536699.378146]: 开始进行多边形确认 · 多边形确认失败 · rejected=2 · elapsed_ms=1.2
[WARN] [1786536700.080925]: 开始进行多边形确认 · 多边形确认失败 · rejected=0 · elapsed_ms=1.0
[WARN] [1786536700.279278]: 开始进行多边形确认 · 多边形确认失败 · rejected=0 · elapsed_ms=0.8
[WARN] [1786536700.467675]: 开始进行多边形确认 · 多边形确认失败 · rejected=0 · elapsed_ms=1.0
[WARN] [1786536700.682995]: 开始进行多边形确认 · 多边形确认失败 · rejected=0 · elapsed_ms=0.9
[WARN] [1786536700.873634]: 开始进行多边形确认 · 多边形确认失败 · rejected=0 · elapsed_ms=0.9
[WARN] [1786536701.071778]: 开始进行多边形确认 · 多边形确认失败 · rejected=0 · elapsed_ms=0.9
[WARN] [1786536701.283274]: 开始进行多边形确认 · 多边形确认失败 · rejected=0 · elapsed_ms=0.9
[INFO] [1786536696.886503]: RGB-D vision status: starting:model_loading
[INFO] [1786536696.984365]: Loaded ONNX citrus model /home/catas/elfin_citrus_data/models/yolo26n_seg_converged_20260806/yolo26n_citrus_tree_best.onnx; classes={0: 'citrus', 1: 'tree'}; providers=['CPUExecutionProvider']
[INFO] [1786536696.985409]: Citrus model loading finished in 0.09 s: model_ready:onnxruntime
[INFO] [1786536697.461732]: 开始进行多边形确认 · detections=3
[INFO] [1786536697.587443]: 开始进行多边形确认 · detections=3
[INFO] [1786536697.698222]: 开始进行多边形确认 · detections=4
[INFO] [1786536697.837399]: 开始进行多边形确认 · detections=3
[INFO] [1786536697.859103]: CITRUS_CENTER ok pixel=(467,337) depth=0.439 m radius=32.4 mm arc=357 deg error=0.79 px fragments=1
[INFO] [1786536697.860086]: 开始进行多边形确认 · centers=2 · rejected=0 · merged=0 · elapsed_ms=22.7
[INFO] [1786536697.956907]: 开始进行多边形确认 · detections=4
[INFO] [1786536697.977216]: 开始进行多边形确认 · centers=2 · rejected=0 · merged=0 · elapsed_ms=20.3
[INFO] [1786536698.081119]: 开始进行多边形确认 · detections=3
[INFO] [1786536698.119417]: 开始进行多边形确认 · centers=2 · rejected=0 · merged=0 · elapsed_ms=38.3
[INFO] [1786536698.263038]: 开始进行多边形确认 · detections=3
[INFO] [1786536698.286661]: 开始进行多边形确认 · centers=2 · rejected=0 · merged=0 · elapsed_ms=23.6
[INFO] [1786536698.450045]: 开始进行多边形确认 · detections=3
[INFO] [1786536698.475467]: 开始进行多边形确认 · centers=2 · rejected=0 · merged=0 · elapsed_ms=25.5
[INFO] [1786536698.657729]: 开始进行多边形确认 · detections=3
[INFO] [1786536698.707296]: 开始进行多边形确认 · centers=1 · rejected=1 · merged=0 · elapsed_ms=49.6
[INFO] [1786536698.863104]: 开始进行多边形确认 · detections=3
[INFO] [1786536698.929290]: 开始进行多边形确认 · centers=1 · rejected=0 · merged=1 · elapsed_ms=66.2
[INFO] [1786536699.255468]: 开始进行多边形确认 · detections=3
[INFO] [1786536699.377009]: 开始进行多边形确认 · detections=3
[INFO] [1786536699.503044]: 开始进行多边形确认 · detections=4
[INFO] [1786536699.588754]: 开始进行多边形确认 · centers=1 · rejected=0 · merged=2 · elapsed_ms=85.7
[INFO] [1786536699.645380]: 开始进行多边形确认 · detections=3
[INFO] [1786536699.695252]: 开始进行多边形确认 · centers=1 · rejected=0 · merged=1 · elapsed_ms=49.9
[INFO] [1786536699.788764]: 开始进行多边形确认 · detections=2
[INFO] [1786536699.795816]: 开始进行多边形确认 · centers=1 · rejected=0 · merged=0 · elapsed_ms=7.1
[INFO] [1786536699.893194]: 开始进行多边形确认 · detections=2
[INFO] [1786536699.900202]: CITRUS_CENTER ok pixel=(468,337) depth=0.434 m radius=32.9 mm arc=311 deg error=0.66 px fragments=1
[INFO] [1786536699.900911]: 开始进行多边形确认 · centers=1 · rejected=0 · merged=0 · elapsed_ms=7.8
[INFO] [1786536700.079983]: 开始进行多边形确认 · detections=1
[INFO] [1786536700.278503]: 开始进行多边形确认 · detections=1
[INFO] [1786536700.466733]: 开始进行多边形确认 · detections=1
[INFO] [1786536700.682122]: 开始进行多边形确认 · detections=1
[INFO] [1786536700.872753]: 开始进行多边形确认 · detections=1
[INFO] [1786536701.070985]: 开始进行多边形确认 · detections=1
[INFO] [1786536701.282401]: 开始进行多边形确认 · detections=1
... logging to /home/catas/.ros/log/d297ef9a-9622-11f1-bce8-c4c6e661f1ab/roslaunch-catas-20936.log
Checking log directory for disk usage. This may take a while.
Press Ctrl-C to interrupt
Done checking log file disk usage. Usage is <1GB.
]2;/home/catas/ros_ws/src/elfin_vision/launch/citrus_imu.launch
[1mstarted roslaunch server http://127.0.0.1:38741/[0m

SUMMARY
========

PARAMETERS
 * /camera_imu/realsense2_camera/accel_fps: 100
 * /camera_imu/realsense2_camera/accel_frame_id: camera_accel_frame
 * /camera_imu/realsense2_camera/accel_optical_frame_id: camera_accel_opti...
 * /camera_imu/realsense2_camera/align_depth: False
 * /camera_imu/realsense2_camera/aligned_depth_to_color_frame_id: camera_aligned_de...
 * /camera_imu/realsense2_camera/aligned_depth_to_fisheye1_frame_id: camera_aligned_de...
 * /camera_imu/realsense2_camera/aligned_depth_to_fisheye2_frame_id: camera_aligned_de...
 * /camera_imu/realsense2_camera/aligned_depth_to_fisheye_frame_id: camera_aligned_de...
 * /camera_imu/realsense2_camera/aligned_depth_to_infra1_frame_id: camera_aligned_de...
 * /camera_imu/realsense2_camera/aligned_depth_to_infra2_frame_id: camera_aligned_de...
 * /camera_imu/realsense2_camera/allow_no_texture_points: False
 * /camera_imu/realsense2_camera/base_frame_id: camera_link
 * /camera_imu/realsense2_camera/calib_odom_file: 
 * /camera_imu/realsense2_camera/clip_distance: -2.0
 * /camera_imu/realsense2_camera/color_fps: -1
 * /camera_imu/realsense2_camera/color_frame_id: camera_color_frame
 * /camera_imu/realsense2_camera/color_height: -1
 * /camera_imu/realsense2_camera/color_optical_frame_id: camera_color_opti...
 * /camera_imu/realsense2_camera/color_width: -1
 * /camera_imu/realsense2_camera/confidence_fps: -1
 * /camera_imu/realsense2_camera/confidence_height: -1
 * /camera_imu/realsense2_camera/confidence_width: -1
 * /camera_imu/realsense2_camera/depth_fps: -1
 * /camera_imu/realsense2_camera/depth_frame_id: camera_depth_frame
 * /camera_imu/realsense2_camera/depth_height: -1
 * /camera_imu/realsense2_camera/depth_optical_frame_id: camera_depth_opti...
 * /camera_imu/realsense2_camera/depth_width: -1
 * /camera_imu/realsense2_camera/device_type: d455
 * /camera_imu/realsense2_camera/enable_accel: True
 * /camera_imu/realsense2_camera/enable_color: False
 * /camera_imu/realsense2_camera/enable_confidence: False
 * /camera_imu/realsense2_camera/enable_depth: False
 * /camera_imu/realsense2_camera/enable_fisheye1: False
 * /camera_imu/realsense2_camera/enable_fisheye2: False
 * /camera_imu/realsense2_camera/enable_fisheye: False
 * /camera_imu/realsense2_camera/enable_gyro: True
 * /camera_imu/realsense2_camera/enable_infra1: False
 * /camera_imu/realsense2_camera/enable_infra2: False
 * /camera_imu/realsense2_camera/enable_infra: False
 * /camera_imu/realsense2_camera/enable_pointcloud: False
 * /camera_imu/realsense2_camera/enable_pose: False
 * /camera_imu/realsense2_camera/enable_sync: False
 * /camera_imu/realsense2_camera/filters: 
 * /camera_imu/realsense2_camera/fisheye1_frame_id: camera_fisheye1_f...
 * /camera_imu/realsense2_camera/fisheye1_optical_frame_id: camera_fisheye1_o...
 * /camera_imu/realsense2_camera/fisheye2_frame_id: camera_fisheye2_f...
 * /camera_imu/realsense2_camera/fisheye2_optical_frame_id: camera_fisheye2_o...
 * /camera_imu/realsense2_camera/fisheye_fps: -1
 * /camera_imu/realsense2_camera/fisheye_frame_id: camera_fisheye_frame
 * /camera_imu/realsense2_camera/fisheye_height: -1
 * /camera_imu/realsense2_camera/fisheye_optical_frame_id: camera_fisheye_op...
 * /camera_imu/realsense2_camera/fisheye_width: -1
 * /camera_imu/realsense2_camera/gyro_fps: 200
 * /camera_imu/realsense2_camera/gyro_frame_id: camera_gyro_frame
 * /camera_imu/realsense2_camera/gyro_optical_frame_id: camera_gyro_optic...
 * /camera_imu/realsense2_camera/imu_optical_frame_id: camera_imu_optica...
 * /camera_imu/realsense2_camera/infra1_frame_id: camera_infra1_frame
 * /camera_imu/realsense2_camera/infra1_optical_frame_id: camera_infra1_opt...
 * /camera_imu/realsense2_camera/infra2_frame_id: camera_infra2_frame
 * /camera_imu/realsense2_camera/infra2_optical_frame_id: camera_infra2_opt...
 * /camera_imu/realsense2_camera/infra_fps: 30
 * /camera_imu/realsense2_camera/infra_height: 480
 * /camera_imu/realsense2_camera/infra_rgb: False
 * /camera_imu/realsense2_camera/infra_width: 848
 * /camera_imu/realsense2_camera/initial_reset: False
 * /camera_imu/realsense2_camera/json_file_path: 
 * /camera_imu/realsense2_camera/linear_accel_cov: 0.01
 * /camera_imu/realsense2_camera/odom_frame_id: camera_odom_frame
 * /camera_imu/realsense2_camera/ordered_pc: False
 * /camera_imu/realsense2_camera/pointcloud_texture_index: 0
 * /camera_imu/realsense2_camera/pointcloud_texture_stream: RS2_STREAM_COLOR
 * /camera_imu/realsense2_camera/pose_frame_id: camera_pose_frame
 * /camera_imu/realsense2_camera/pose_optical_frame_id: camera_pose_optic...
 * /camera_imu/realsense2_camera/publish_odom_tf: True
 * /camera_imu/realsense2_camera/publish_tf: False
 * /camera_imu/realsense2_camera/reconnect_timeout: 10.0
 * /camera_imu/realsense2_camera/rosbag_filename: 
 * /camera_imu/realsense2_camera/serial_no: 234222302617
 * /camera_imu/realsense2_camera/stereo_module/exposure/1: 7500
 * /camera_imu/realsense2_camera/stereo_module/exposure/2: 1
 * /camera_imu/realsense2_camera/stereo_module/gain/1: 16
 * /camera_imu/realsense2_camera/stereo_module/gain/2: 16
 * /camera_imu/realsense2_camera/tf_publish_rate: 0.0
 * /camera_imu/realsense2_camera/topic_odom_in: odom_in
 * /camera_imu/realsense2_camera/unite_imu_method: none
 * /camera_imu/realsense2_camera/usb_port_id: 2-3
 * /camera_imu/realsense2_camera/wait_for_device_timeout: 15.0
 * /rosdistro: noetic
 * /rosversion: 1.17.4

NODES
  /camera_imu/
    realsense2_camera (nodelet/nodelet)
    realsense2_camera_imu_manager (nodelet/nodelet)

[1mROS_MASTER_URI=http://127.0.0.1:11311[0m
]2;/home/catas/ros_ws/src/elfin_vision/launch/citrus_imu.launch http://127.0.0.1:11311
[1mprocess[camera_imu/realsense2_camera_imu_manager-1]: started with pid [21041][0m
[1mprocess[camera_imu/realsense2_camera-2]: started with pid [21042][0m
[camera_imu/realsense2_camera-2] killing on exit
[camera_imu/realsense2_camera_imu_manager-1] killing on exit
shutting down processing monitor...
... shutting down processing monitor complete
[1mdone[0m
[1mprocess[camera/realsense2_camera_manager-1]: started with pid [21358][0m
[1mprocess[camera/realsense2_camera-2]: started with pid [21359][0m
[1mprocess[elfin_vision/citrus_rgbd_node-3]: started with pid [21360][0m
[elfin_vision/citrus_rgbd_node-3] killing on exit
[camera/realsense2_camera-2] killing on exit
[camera/realsense2_camera_manager-1] killing on exit
shutting down processing monitor...
... shutting down processing monitor complete
[1mdone[0m
