Starting isolated D455 motion stream without reset.
[0m[INFO] [1786498732.247973496]: Initializing nodelet with 32 worker threads.[0m
[0m[INFO] [1786498732.304414006]: RealSense ROS v2.3.2[0m
[0m[INFO] [1786498732.304433855]: Built with LibRealSense v2.55.1[0m
[0m[INFO] [1786498732.304439544]: Running with LibRealSense v2.55.1[0m
[0m[INFO] [1786498732.328012957]:  [0m
[0m[INFO] [1786498732.337598676]: Device with serial number 234222302617 was found.
[0m
[0m[INFO] [1786498732.337637971]: Device with physical ID /sys/devices/pci0000:00/0000:00:14.0/usb2/2-3/2-3:1.0/video4linux/video0 was found.[0m
[0m[INFO] [1786498732.337650991]: Device with name Intel RealSense D455 was found.[0m
[0m[INFO] [1786498732.337901642]: Device with port number 2-3 was found.[0m
[0m[INFO] [1786498732.337936693]: Device USB type: 3.2[0m
[0m[INFO] [1786498732.338937103]: getParameters...[0m
[0m[INFO] [1786498732.363420986]: setupDevice...[0m
[0m[INFO] [1786498732.363462214]: JSON file is not provided[0m
[0m[INFO] [1786498732.363466135]: ROS Node Namespace: camera_imu[0m
[0m[INFO] [1786498732.363471662]: Device Name: Intel RealSense D455[0m
[0m[INFO] [1786498732.363486764]: Device Serial No: 234222302617[0m
[0m[INFO] [1786498732.363490798]: Device physical port: /sys/devices/pci0000:00/0000:00:14.0/usb2/2-3/2-3:1.0/video4linux/video0[0m
[0m[INFO] [1786498732.363494330]: Device FW version: 5.17.3.10[0m
[0m[INFO] [1786498732.363497545]: Device Product ID: 0x0B5C[0m
[0m[INFO] [1786498732.363500718]: Enable PointCloud: Off[0m
[0m[INFO] [1786498732.363504145]: Align Depth: Off[0m
[0m[INFO] [1786498732.363508307]: Sync Mode: Off[0m
[0m[INFO] [1786498732.363521931]: Device Sensors: [0m
[0m[INFO] [1786498732.366409753]: Stereo Module was found.[0m
[0m[INFO] [1786498732.368479409]: RGB Camera was found.[0m
[0m[INFO] [1786498732.368560106]: Motion Module was found.[0m
[0m[INFO] [1786498732.368569944]: num_filters: 0[0m
[0m[INFO] [1786498732.368574713]: Setting Dynamic reconfig parameters.[0m
[0m[INFO] [1786498732.416176826]: Done Setting Dynamic reconfig parameters.[0m
[0m[INFO] [1786498732.416237538]: gyro stream is enabled - fps: 200[0m
[0m[INFO] [1786498732.416243099]: accel stream is enabled - fps: 100[0m
[0m[INFO] [1786498732.416248353]: setupPublishers...[0m
[0m[INFO] [1786498732.417191883]: setupStreams...[0m
 12/08 01:38:52,417 WARNING [140311691204352] (ds-calib-parsers.cpp:35) IMU Calibration is not available, default intrinsic and extrinsic will be used.
[0m[INFO] [1786498732.418337423]: SELECTED BASE:Depth, 0[0m
[0m[INFO] [1786498732.419298276]: RealSense Node Is Up![0m
[33m[WARN] [1786498732.527793875]: [0m
D455 motion stream ready: /camera_imu/gyro/sample + /camera_imu/accel/sample
[0m[INFO] [1786498735.655816410]: Initializing nodelet with 32 worker threads.[0m
[0m[INFO] [1786498735.704877010]: RealSense ROS v2.3.2[0m
[0m[INFO] [1786498735.704896599]: Built with LibRealSense v2.55.1[0m
[0m[INFO] [1786498735.704902558]: Running with LibRealSense v2.55.1[0m
[0m[INFO] [1786498735.725768779]:  [0m
[0m[INFO] [1786498735.733319940]: Device with serial number 234222302617 was found.
[0m
[0m[INFO] [1786498735.733339722]: Device with physical ID /sys/devices/pci0000:00/0000:00:14.0/usb2/2-3/2-3:1.0/video4linux/video0 was found.[0m
[0m[INFO] [1786498735.733349156]: Device with name Intel RealSense D455 was found.[0m
[0m[INFO] [1786498735.733525093]: Device with port number 2-3 was found.[0m
[0m[INFO] [1786498735.733547873]: Device USB type: 3.2[0m
[0m[INFO] [1786498735.734651553]: getParameters...[0m
[0m[INFO] [1786498735.756681632]: setupDevice...[0m
[0m[INFO] [1786498735.756699915]: JSON file is not provided[0m
[0m[INFO] [1786498735.756708825]: ROS Node Namespace: camera[0m
[0m[INFO] [1786498735.756718629]: Device Name: Intel RealSense D455[0m
[0m[INFO] [1786498735.756729582]: Device Serial No: 234222302617[0m
[0m[INFO] [1786498735.756738856]: Device physical port: /sys/devices/pci0000:00/0000:00:14.0/usb2/2-3/2-3:1.0/video4linux/video0[0m
[0m[INFO] [1786498735.756747161]: Device FW version: 5.17.3.10[0m
[0m[INFO] [1786498735.756755150]: Device Product ID: 0x0B5C[0m
[0m[INFO] [1786498735.756762826]: Enable PointCloud: On[0m
[0m[INFO] [1786498735.756770661]: Align Depth: On[0m
[0m[INFO] [1786498735.756777939]: Sync Mode: On[0m
[0m[INFO] [1786498735.756803691]: Device Sensors: [0m
[0m[INFO] [1786498735.761852137]: Stereo Module was found.[0m
[0m[INFO] [1786498735.765226673]: RGB Camera was found.[0m
[0m[INFO] [1786498735.765349971]: Motion Module was found.[0m
[0m[INFO] [1786498735.765392249]: Add Filter: pointcloud[0m
[0m[INFO] [1786498735.765449604]: num_filters: 2[0m
[0m[INFO] [1786498735.765463521]: Setting Dynamic reconfig parameters.[0m
[0m[INFO] [1786498735.814359923]: Done Setting Dynamic reconfig parameters.[0m
[0m[INFO] [1786498735.814787133]: depth stream is enabled - width: 640, height: 480, fps: 5, Format: Z16[0m
[0m[INFO] [1786498735.815147606]: color stream is enabled - width: 640, height: 480, fps: 15, Format: RGB8[0m
[0m[INFO] [1786498735.815994201]: setupPublishers...[0m
[0m[INFO] [1786498735.817457279]: Expected frequency for depth = 5.00000[0m
[0m[INFO] [1786498735.835973033]: Expected frequency for color = 15.00000[0m
[0m[INFO] [1786498735.847038743]: Expected frequency for aligned_depth_to_color = 15.00000[0m
[0m[INFO] [1786498735.863009897]: setupStreams...[0m
[0m[INFO] [1786498735.884270313]: SELECTED BASE:Depth, 0[0m
[0m[INFO] [1786498735.890956273]: RealSense Node Is Up![0m
[33m[WARN] [1786498736.466584566]: [0m
[0m[INFO] [1786498736.472701722]: publishing unordered pointcloud.[0m
[INFO] [1786498735.953781]: RGB-D vision status: starting:model_loading
[INFO] [1786498736.023013]: Loaded ONNX citrus model /home/catas/elfin_citrus_data/models/yolo26n_seg_converged_20260806/yolo26n_citrus_tree_best.onnx; classes={0: 'citrus', 1: 'tree'}; providers=['CPUExecutionProvider']
[INFO] [1786498736.023875]: Citrus model loading finished in 0.06 s: model_ready:onnxruntime
[INFO] [1786498746.141461]: RGB-D vision status: model_ready:onnxruntime targets:2 depth:2 tf:2 semantic_masks:4
[INFO] [1786498754.554042]: RGB-D vision status: model_ready:onnxruntime targets:1 depth:1 tf:1 semantic_masks:3
[INFO] [1786498759.746631]: RGB-D vision status: model_ready:onnxruntime targets:1 depth:1 tf:1 semantic_masks:3
[INFO] [1786498765.150917]: RGB-D vision status: model_ready:onnxruntime targets:1 depth:1 tf:1 semantic_masks:2
[INFO] [1786498771.756633]: RGB-D vision status: model_ready:onnxruntime targets:1 depth:1 tf:1 semantic_masks:2
[INFO] [1786498779.539036]: RGB-D vision status: model_ready:onnxruntime targets:2 depth:1 tf:1 semantic_masks:3
[INFO] [1786498802.336774]: RGB-D vision status: model_ready:onnxruntime targets:1 depth:1 tf:1 semantic_masks:4
[INFO] [1786498807.545502]: RGB-D vision status: model_ready:onnxruntime targets:1 depth:0 tf:0 semantic_masks:2
[INFO] [1786498822.534829]: RGB-D vision status: model_ready:onnxruntime targets:1 depth:1 tf:1 semantic_masks:4
[INFO] [1786498837.939883]: RGB-D vision status: model_ready:onnxruntime targets:1 depth:1 tf:1 semantic_masks:4
[INFO] [1786498846.955158]: RGB-D vision status: model_ready:onnxruntime targets:1 depth:1 tf:1 semantic_masks:4
[INFO] [1786498857.125249]: RGB-D vision status: model_ready:onnxruntime targets:2 depth:2 tf:2 semantic_masks:4
[INFO] [1786498862.736485]: RGB-D vision status: model_ready:onnxruntime targets:1 depth:1 tf:1 semantic_masks:1
[INFO] [1786498868.112639]: RGB-D vision status: model_ready:onnxruntime targets:1 depth:1 tf:1 semantic_masks:2
[INFO] [1786498873.136187]: RGB-D vision status: model_ready:onnxruntime targets:2 depth:1 tf:1 semantic_masks:3
[INFO] [1786498881.735858]: RGB-D vision status: model_ready:onnxruntime targets:2 depth:1 tf:1 semantic_masks:3
[INFO] [1786498897.148371]: RGB-D vision status: model_ready:onnxruntime targets:1 depth:1 tf:1 semantic_masks:2
[INFO] [1786498902.318727]: RGB-D vision status: model_ready:onnxruntime targets:1 depth:0 tf:0 semantic_masks:2
[INFO] [1786498961.953076]: RGB-D vision status: model_ready:onnxruntime targets:2 depth:2 tf:2 semantic_masks:4
[INFO] [1786498971.930787]: RGB-D vision status: model_ready:onnxruntime targets:1 depth:1 tf:1 semantic_masks:4
[INFO] [1786498977.940146]: RGB-D vision status: model_ready:onnxruntime targets:1 depth:1 tf:1 semantic_masks:1
[INFO] [1786498985.151881]: RGB-D vision status: model_ready:onnxruntime targets:1 depth:1 tf:1 semantic_masks:3
[INFO] [1786498990.528376]: RGB-D vision status: model_ready:onnxruntime targets:1 depth:1 tf:1 semantic_masks:3
[INFO] [1786498996.939637]: RGB-D vision status: model_ready:onnxruntime targets:2 depth:1 tf:1 semantic_masks:3
[INFO] [1786499002.111920]: RGB-D vision status: model_ready:onnxruntime targets:2 depth:2 tf:2 semantic_masks:4
[INFO] [1786499025.931815]: RGB-D vision status: model_ready:onnxruntime targets:1 depth:1 tf:1 semantic_masks:4
[INFO] [1786499040.310818]: RGB-D vision status: model_ready:onnxruntime targets:1 depth:1 tf:1 semantic_masks:4
[INFO] [1786499046.119915]: RGB-D vision status: model_ready:onnxruntime targets:1 depth:1 tf:1 semantic_masks:4
[INFO] [1786499062.916142]: RGB-D vision status: model_ready:onnxruntime targets:1 depth:1 tf:1 semantic_masks:4
[INFO] [1786499074.335489]: RGB-D vision status: model_ready:onnxruntime targets:1 depth:1 tf:1 semantic_masks:4
[INFO] [1786499133.922252]: RGB-D vision status: model_ready:onnxruntime targets:1 depth:1 tf:1 semantic_masks:4
[INFO] [1786499156.498525]: RGB-D vision status: model_ready:onnxruntime targets:1 depth:1 tf:1 semantic_masks:4
[INFO] [1786499164.102006]: RGB-D vision status: model_ready:onnxruntime targets:1 depth:1 tf:1 semantic_masks:4
[INFO] [1786499178.905168]: RGB-D vision status: model_ready:onnxruntime targets:1 depth:1 tf:1 semantic_masks:4
[INFO] [1786499193.933375]: RGB-D vision status: model_ready:onnxruntime targets:1 depth:1 tf:1 semantic_masks:4
[INFO] [1786499199.108428]: RGB-D vision status: model_ready:onnxruntime targets:1 depth:1 tf:1 semantic_masks:4
[INFO] [1786499209.529734]: RGB-D vision status: model_ready:onnxruntime targets:1 depth:1 tf:1 semantic_masks:4
[INFO] [1786499221.128551]: RGB-D vision status: model_ready:onnxruntime targets:1 depth:1 tf:1 semantic_masks:4
[INFO] [1786499237.900091]: RGB-D vision status: model_ready:onnxruntime targets:1 depth:1 tf:1 semantic_masks:4
[INFO] [1786499246.503884]: RGB-D vision status: model_ready:onnxruntime targets:1 depth:1 tf:1 semantic_masks:4
[INFO] [1786499254.291292]: RGB-D vision status: model_ready:onnxruntime targets:2 depth:1 tf:1 semantic_masks:4
[INFO] [1786499259.302560]: RGB-D vision status: model_ready:onnxruntime targets:1 depth:1 tf:1 semantic_masks:4
[INFO] [1786499287.118866]: RGB-D vision status: model_ready:onnxruntime targets:1 depth:1 tf:1 semantic_masks:4
[INFO] [1786499297.735627]: RGB-D vision status: model_ready:onnxruntime targets:1 depth:1 tf:1 semantic_masks:4
[INFO] [1786499317.108671]: RGB-D vision status: model_ready:onnxruntime targets:1 depth:1 tf:1 semantic_masks:4
[INFO] [1786499325.309633]: RGB-D vision status: model_ready:onnxruntime targets:1 depth:1 tf:1 semantic_masks:4
[INFO] [1786499345.892179]: RGB-D vision status: model_ready:onnxruntime targets:1 depth:1 tf:1 semantic_masks:4
[INFO] [1786499375.700015]: RGB-D vision status: model_ready:onnxruntime targets:2 depth:1 tf:1 semantic_masks:4
[INFO] [1786499383.896877]: RGB-D vision status: model_ready:onnxruntime targets:2 depth:2 tf:2 semantic_masks:4
[INFO] [1786499388.907126]: RGB-D vision status: model_ready:onnxruntime targets:2 depth:2 tf:2 semantic_masks:4
[INFO] [1786499411.093281]: RGB-D vision status: model_ready:onnxruntime targets:1 depth:1 tf:1 semantic_masks:4
[INFO] [1786499416.288880]: RGB-D vision status: model_ready:onnxruntime targets:4 depth:4 tf:4 semantic_masks:5
[INFO] [1786499421.289741]: RGB-D vision status: model_ready:onnxruntime targets:5 depth:4 tf:4 semantic_masks:7
[INFO] [1786499426.493183]: RGB-D vision status: model_ready:onnxruntime targets:5 depth:4 tf:4 semantic_masks:7
[INFO] [1786499432.088552]: RGB-D vision status: model_ready:onnxruntime targets:2 depth:2 tf:2 semantic_masks:4
[INFO] [1786499437.326759]: RGB-D vision status: model_ready:onnxruntime targets:1 depth:1 tf:1 semantic_masks:3
[INFO] [1786499443.105901]: RGB-D vision status: model_ready:onnxruntime targets:2 depth:1 tf:1 semantic_masks:4
[INFO] [1786499448.698393]: RGB-D vision status: model_ready:onnxruntime targets:1 depth:1 tf:1 semantic_masks:4
[INFO] [1786499457.669086]: RGB-D vision status: model_ready:onnxruntime targets:2 depth:2 tf:2 semantic_masks:4
[INFO] [1786499464.494747]: RGB-D vision status: model_ready:onnxruntime targets:1 depth:1 tf:1 semantic_masks:4
[INFO] [1786499469.508103]: RGB-D vision status: model_ready:onnxruntime targets:1 depth:1 tf:1 semantic_masks:2
[INFO] [1786499474.678986]: RGB-D vision status: model_ready:onnxruntime targets:1 depth:0 tf:0 semantic_masks:2
[INFO] [1786499479.706851]: RGB-D vision status: model_ready:onnxruntime targets:3 depth:3 tf:3 semantic_masks:6
[INFO] [1786499485.289728]: RGB-D vision status: model_ready:onnxruntime targets:1 depth:1 tf:1 semantic_masks:4
[INFO] [1786499490.488329]: RGB-D vision status: model_ready:onnxruntime targets:3 depth:3 tf:3 semantic_masks:5
[INFO] [1786499495.677665]: RGB-D vision status: model_ready:onnxruntime targets:2 depth:1 tf:1 semantic_masks:4
[INFO] [1786499508.287821]: RGB-D vision status: model_ready:onnxruntime targets:1 depth:1 tf:1 semantic_masks:4
[INFO] [1786499513.298471]: RGB-D vision status: model_ready:onnxruntime targets:1 depth:1 tf:1 semantic_masks:3
[INFO] [1786499519.095601]: RGB-D vision status: model_ready:onnxruntime targets:2 depth:2 tf:2 semantic_masks:4
 12/08 01:53:29,082 ERROR [140449471387392] (ds-options.cpp:93) Asic Temperature value is not valid!
 12/08 01:53:29,984 ERROR [140449616471808] (ds-options.cpp:93) Asic Temperature value is not valid!
 12/08 01:53:30,084 ERROR [140449471387392] (ds-options.cpp:93) Asic Temperature value is not valid!
 12/08 01:53:31,086 ERROR [140449471387392] (ds-options.cpp:93) Asic Temperature value is not valid!
[INFO] [1786499524.524470]: RGB-D vision status: model_ready:onnxruntime targets:3 depth:3 tf:3 semantic_masks:5
[INFO] [1786499529.676700]: RGB-D vision status: model_ready:onnxruntime targets:1 depth:1 tf:1 semantic_masks:4
[INFO] [1786499535.678777]: RGB-D vision status: model_ready:onnxruntime targets:1 depth:1 tf:1 semantic_masks:4
[INFO] [1786499541.888227]: RGB-D vision status: model_ready:onnxruntime targets:1 depth:1 tf:1 semantic_masks:4
[INFO] [1786499552.685799]: RGB-D vision status: model_ready:onnxruntime targets:2 depth:1 tf:1 semantic_masks:4
[INFO] [1786499562.090829]: RGB-D vision status: model_ready:onnxruntime targets:3 depth:3 tf:3 semantic_masks:5
[INFO] [1786499592.885377]: RGB-D vision status: model_ready:onnxruntime targets:1 depth:1 tf:1 semantic_masks:4
[INFO] [1786499597.951937]: RGB-D vision status: model_ready:onnxruntime targets:1 depth:1 tf:1 semantic_masks:3
[INFO] [1786499603.717989]: RGB-D vision status: model_ready:onnxruntime targets:1 depth:1 tf:1 semantic_masks:3
[INFO] [1786499609.075302]: RGB-D vision status: model_ready:onnxruntime targets:1 depth:1 tf:1 semantic_masks:2
[INFO] [1786499614.287448]: RGB-D vision status: model_ready:onnxruntime targets:1 depth:1 tf:1 semantic_masks:1
[INFO] [1786499620.870512]: RGB-D vision status: model_ready:onnxruntime targets:1 depth:1 tf:1 semantic_masks:2
[INFO] [1786499626.482825]: RGB-D vision status: model_ready:onnxruntime targets:2 depth:1 tf:1 semantic_masks:3
[INFO] [1786499631.881371]: RGB-D vision status: model_ready:onnxruntime targets:1 depth:1 tf:1 semantic_masks:2
[INFO] [1786499646.679697]: RGB-D vision status: model_ready:onnxruntime targets:2 depth:2 tf:2 semantic_masks:4
[INFO] [1786499651.711710]: RGB-D vision status: model_ready:onnxruntime targets:1 depth:0 tf:0 semantic_masks:3
[INFO] [1786499656.901938]: RGB-D vision status: model_ready:onnxruntime targets:1 depth:1 tf:1 semantic_masks:4
[INFO] [1786499662.898526]: RGB-D vision status: model_ready:onnxruntime targets:1 depth:1 tf:1 semantic_masks:4
[INFO] [1786499676.316135]: RGB-D vision status: model_ready:onnxruntime targets:3 depth:2 tf:2 semantic_masks:5
[INFO] [1786499681.478717]: RGB-D vision status: model_ready:onnxruntime targets:2 depth:2 tf:2 semantic_masks:3
[INFO] [1786499686.693623]: RGB-D vision status: model_ready:onnxruntime targets:4 depth:4 tf:4 semantic_masks:5
[INFO] [1786499699.279389]: RGB-D vision status: model_ready:onnxruntime targets:1 depth:1 tf:1 semantic_masks:4
[INFO] [1786499709.459665]: RGB-D vision status: model_ready:onnxruntime targets:2 depth:2 tf:2 semantic_masks:4
[INFO] [1786499715.885441]: RGB-D vision status: model_ready:onnxruntime targets:1 depth:1 tf:1 semantic_masks:4
[INFO] [1786499721.269202]: RGB-D vision status: model_ready:onnxruntime targets:1 depth:1 tf:1 semantic_masks:4
[INFO] [1786499726.290521]: RGB-D vision status: model_ready:onnxruntime targets:1 depth:1 tf:1 semantic_masks:3
[INFO] [1786499731.491143]: RGB-D vision status: model_ready:onnxruntime targets:1 depth:1 tf:1 semantic_masks:4
[INFO] [1786499736.670556]: RGB-D vision status: model_ready:onnxruntime targets:1 depth:1 tf:1 semantic_masks:3
[INFO] [1786499741.713533]: RGB-D vision status: model_ready:onnxruntime targets:2 depth:2 tf:2 semantic_masks:3
[INFO] [1786499752.739781]: RGB-D vision status: model_ready:onnxruntime targets:1 depth:1 tf:1 semantic_masks:4
[INFO] [1786499760.889228]: RGB-D vision status: model_ready:onnxruntime targets:1 depth:1 tf:1 semantic_masks:4
[INFO] [1786499766.295849]: RGB-D vision status: model_ready:onnxruntime targets:1 depth:1 tf:1 semantic_masks:2
[INFO] [1786499771.678226]: RGB-D vision status: model_ready:onnxruntime targets:1 depth:1 tf:1 semantic_masks:4
[INFO] [1786499776.700601]: RGB-D vision status: model_ready:onnxruntime targets:1 depth:1 tf:1 semantic_masks:3
[INFO] [1786499782.261402]: RGB-D vision status: model_ready:onnxruntime targets:1 depth:1 tf:1 semantic_masks:4
[INFO] [1786499787.500767]: RGB-D vision status: model_ready:onnxruntime targets:1 depth:1 tf:1 semantic_masks:4
[INFO] [1786499805.883548]: RGB-D vision status: model_ready:onnxruntime targets:1 depth:1 tf:1 semantic_masks:4
[INFO] [1786499829.098920]: RGB-D vision status: model_ready:onnxruntime targets:1 depth:1 tf:1 semantic_masks:4
[INFO] [1786499848.080322]: RGB-D vision status: model_ready:onnxruntime targets:1 depth:1 tf:1 semantic_masks:4
[INFO] [1786499860.252065]: RGB-D vision status: model_ready:onnxruntime targets:1 depth:1 tf:1 semantic_masks:4
[INFO] [1786499865.277283]: RGB-D vision status: model_ready:onnxruntime targets:1 depth:1 tf:1 semantic_masks:3
[INFO] [1786499877.283184]: RGB-D vision status: model_ready:onnxruntime targets:1 depth:1 tf:1 semantic_masks:4
[INFO] [1786499884.298263]: RGB-D vision status: model_ready:onnxruntime targets:1 depth:1 tf:1 semantic_masks:4
[INFO] [1786499890.865761]: RGB-D vision status: model_ready:onnxruntime targets:1 depth:1 tf:1 semantic_masks:4
[INFO] [1786499897.900117]: RGB-D vision status: model_ready:onnxruntime targets:1 depth:1 tf:1 semantic_masks:4
[INFO] [1786499909.889940]: RGB-D vision status: model_ready:onnxruntime targets:1 depth:1 tf:1 semantic_masks:4
[INFO] [1786499921.679624]: RGB-D vision status: model_ready:onnxruntime targets:1 depth:1 tf:1 semantic_masks:4
[INFO] [1786499930.463390]: RGB-D vision status: model_ready:onnxruntime targets:1 depth:1 tf:1 semantic_masks:4
[INFO] [1786499938.658388]: RGB-D vision status: model_ready:onnxruntime targets:1 depth:1 tf:1 semantic_masks:4
[INFO] [1786499945.891344]: RGB-D vision status: model_ready:onnxruntime targets:1 depth:1 tf:1 semantic_masks:4
[INFO] [1786499951.085806]: RGB-D vision status: model_ready:onnxruntime targets:1 depth:1 tf:1 semantic_masks:4
[INFO] [1786499956.093108]: RGB-D vision status: model_ready:onnxruntime targets:1 depth:1 tf:1 semantic_masks:3
[INFO] [1786499970.884863]: RGB-D vision status: model_ready:onnxruntime targets:1 depth:1 tf:1 semantic_masks:4
[INFO] [1786499975.890409]: RGB-D vision status: model_ready:onnxruntime targets:1 depth:1 tf:1 semantic_masks:3
[INFO] [1786499983.864407]: RGB-D vision status: model_ready:onnxruntime targets:1 depth:1 tf:1 semantic_masks:4
[INFO] [1786499995.278499]: RGB-D vision status: model_ready:onnxruntime targets:1 depth:1 tf:1 semantic_masks:4
[INFO] [1786500004.266282]: RGB-D vision status: model_ready:onnxruntime targets:1 depth:1 tf:1 semantic_masks:4
[INFO] [1786500010.688747]: RGB-D vision status: model_ready:onnxruntime targets:1 depth:1 tf:1 semantic_masks:4
[INFO] [1786500020.064435]: RGB-D vision status: model_ready:onnxruntime targets:1 depth:1 tf:1 semantic_masks:4
[INFO] [1786500025.673589]: RGB-D vision status: model_ready:onnxruntime targets:1 depth:1 tf:1 semantic_masks:4
