[0m[INFO] [1785560801.687043271]: Initializing nodelet with 32 worker threads.[0m
[0m[INFO] [1785560801.749521505]: RealSense ROS v2.3.2[0m
[0m[INFO] [1785560801.749542067]: Built with LibRealSense v2.50.0[0m
[0m[INFO] [1785560801.749548944]: Running with LibRealSense v2.50.0[0m
[0m[INFO] [1785560801.772055936]:  [0m
[0m[INFO] [1785560801.871256001]: Device with serial number 233522078111 was found.
[0m
[0m[INFO] [1785560801.871279841]: Device with physical ID 2-3-5 was found.[0m
[0m[INFO] [1785560801.871283981]: Device with name Intel RealSense D435 was found.[0m
[0m[INFO] [1785560801.871458836]: Device with port number 2-3 was found.[0m
[0m[INFO] [1785560801.871470724]: Device USB type: 3.2[0m
[0m[INFO] [1785560801.872478808]: getParameters...[0m
[0m[INFO] [1785560801.893314998]: setupDevice...[0m
[0m[INFO] [1785560801.893338956]: JSON file is not provided[0m
[0m[INFO] [1785560801.893346320]: ROS Node Namespace: camera[0m
[0m[INFO] [1785560801.893360709]: Device Name: Intel RealSense D435[0m
[0m[INFO] [1785560801.893365913]: Device Serial No: 233522078111[0m
[0m[INFO] [1785560801.893371971]: Device physical port: 2-3-5[0m
[0m[INFO] [1785560801.893376663]: Device FW version: 05.13.00.55[0m
[0m[INFO] [1785560801.893382298]: Device Product ID: 0x0B07[0m
[0m[INFO] [1785560801.893387315]: Enable PointCloud: On[0m
[0m[INFO] [1785560801.893393041]: Align Depth: On[0m
[0m[INFO] [1785560801.893397957]: Sync Mode: On[0m
[0m[INFO] [1785560801.893425631]: Device Sensors: [0m
[0m[INFO] [1785560802.004049153]: Stereo Module was found.[0m
[0m[INFO] [1785560802.010975955]: RGB Camera was found.[0m
[0m[INFO] [1785560802.011201084]: Add Filter: pointcloud[0m
[0m[INFO] [1785560802.011522941]: num_filters: 2[0m
[0m[INFO] [1785560802.011532535]: Setting Dynamic reconfig parameters.[0m
[0m[INFO] [1785560805.211517079]: Done Setting Dynamic reconfig parameters.[0m
[33m[WARN] [1785560805.211668362]: Given stream configuration is not supported by the device!  Stream: Depth, Stream Index: 0, Width: 640, Height: 480, FPS: 10, Format: Z16[0m
[33m[WARN] [1785560805.211689002]: Using default profile instead.[0m
[0m[INFO] [1785560805.212092836]: depth stream is enabled - width: 848, height: 480, fps: 30, Format: Z16[0m
[0m[INFO] [1785560805.212530787]: color stream is enabled - width: 640, height: 480, fps: 15, Format: RGB8[0m
[0m[INFO] [1785560805.213763489]: setupPublishers...[0m
[0m[INFO] [1785560805.215242923]: Expected frequency for depth = 30.00000[0m
[0m[INFO] [1785560805.244299985]: Expected frequency for color = 15.00000[0m
[0m[INFO] [1785560805.253380164]: Expected frequency for aligned_depth_to_color = 15.00000[0m
[0m[INFO] [1785560805.264321747]: setupStreams...[0m
 01/08 05:06:45,520 WARNING [140079527872256] (messenger-libusb.cpp:42) control_transfer returned error, index: 768, error: Resource temporarily unavailable, number: 11
[0m[INFO] [1785560805.571590945]: SELECTED BASE:Depth, 0[0m
[0m[INFO] [1785560805.585685631]: RealSense Node Is Up![0m
[33m[WARN] [1785560805.640247680]: [0m
 01/08 05:06:45,640 WARNING [140079527872256] (messenger-libusb.cpp:42) control_transfer returned error, index: 768, error: Resource temporarily unavailable, number: 11
[0m[INFO] [1785560805.649493691]: publishing unordered pointcloud.[0m
 01/08 05:06:45,691 WARNING [140079527872256] (messenger-libusb.cpp:42) control_transfer returned error, index: 768, error: Resource temporarily unavailable, number: 11
 01/08 05:06:45,742 WARNING [140079527872256] (messenger-libusb.cpp:42) control_transfer returned error, index: 768, error: Resource temporarily unavailable, number: 11
 01/08 05:06:45,892 WARNING [140079527872256] (messenger-libusb.cpp:42) control_transfer returned error, index: 768, error: Resource temporarily unavailable, number: 11
 01/08 05:06:45,995 WARNING [140079527872256] (messenger-libusb.cpp:42) control_transfer returned error, index: 768, error: Resource temporarily unavailable, number: 11
 01/08 05:06:46,045 WARNING [140079527872256] (messenger-libusb.cpp:42) control_transfer returned error, index: 768, error: Resource temporarily unavailable, number: 11
 01/08 05:06:46,096 WARNING [140079527872256] (messenger-libusb.cpp:42) control_transfer returned error, index: 768, error: Resource temporarily unavailable, number: 11
 01/08 05:06:46,146 WARNING [140079527872256] (messenger-libusb.cpp:42) control_transfer returned error, index: 768, error: Resource temporarily unavailable, number: 11
 01/08 05:06:46,297 WARNING [140079527872256] (messenger-libusb.cpp:42) control_transfer returned error, index: 768, error: Resource temporarily unavailable, number: 11
 01/08 05:06:46,347 WARNING [140079527872256] (messenger-libusb.cpp:42) control_transfer returned error, index: 768, error: Resource temporarily unavailable, number: 11
[WARN] [1785560802.903293]: Remote inference unavailable, loading local fallback: [Errno -2] Name or service not known
[WARN] [1785560802.929708]: TensorRT unavailable, falling back to ONNX Runtime: No module named 'pycuda'
[ERROR] [1785560802.942037]: model load failed: Remote: [Errno -2] Name or service not known; TensorRT: No module named 'pycuda'; auto: No module named 'onnxruntime'
[INFO] [1785560801.883791]: RGB-D vision status: starting:model_loading
[INFO] [1785560802.944101]: Citrus model loading finished in 1.06 s: model_error
... logging to /home/catas/.ros/log/9099e03a-8d62-11f1-a782-c4c6e661f1ab/roslaunch-catas-19097.log
Checking log directory for disk usage. This may take a while.
Press Ctrl-C to interrupt
Done checking log file disk usage. Usage is <1GB.
]2;/home/catas/ros_ws/src/elfin_vision/launch/citrus_sensor_runtime.launch
[1mstarted roslaunch server http://127.0.0.1:43185/[0m

SUMMARY
========

PARAMETERS
 * /camera/realsense2_camera/accel_fps: -1
 * /camera/realsense2_camera/accel_frame_id: camera_accel_frame
 * /camera/realsense2_camera/accel_optical_frame_id: camera_accel_opti...
 * /camera/realsense2_camera/align_depth: True
 * /camera/realsense2_camera/aligned_depth_to_color_frame_id: camera_aligned_de...
 * /camera/realsense2_camera/aligned_depth_to_fisheye1_frame_id: camera_aligned_de...
 * /camera/realsense2_camera/aligned_depth_to_fisheye2_frame_id: camera_aligned_de...
 * /camera/realsense2_camera/aligned_depth_to_fisheye_frame_id: camera_aligned_de...
 * /camera/realsense2_camera/aligned_depth_to_infra1_frame_id: camera_aligned_de...
 * /camera/realsense2_camera/aligned_depth_to_infra2_frame_id: camera_aligned_de...
 * /camera/realsense2_camera/allow_no_texture_points: False
 * /camera/realsense2_camera/base_frame_id: camera_link
 * /camera/realsense2_camera/calib_odom_file: 
 * /camera/realsense2_camera/clip_distance: -2.0
 * /camera/realsense2_camera/color_fps: 15
 * /camera/realsense2_camera/color_frame_id: camera_color_frame
 * /camera/realsense2_camera/color_height: 480
 * /camera/realsense2_camera/color_optical_frame_id: camera_color_opti...
 * /camera/realsense2_camera/color_width: 640
 * /camera/realsense2_camera/confidence_fps: -1
 * /camera/realsense2_camera/confidence_height: -1
 * /camera/realsense2_camera/confidence_width: -1
 * /camera/realsense2_camera/depth_fps: 10
 * /camera/realsense2_camera/depth_frame_id: camera_depth_frame
 * /camera/realsense2_camera/depth_height: 480
 * /camera/realsense2_camera/depth_optical_frame_id: camera_depth_opti...
 * /camera/realsense2_camera/depth_width: 640
 * /camera/realsense2_camera/device_type: d435
 * /camera/realsense2_camera/enable_accel: False
 * /camera/realsense2_camera/enable_color: True
 * /camera/realsense2_camera/enable_confidence: False
 * /camera/realsense2_camera/enable_depth: True
 * /camera/realsense2_camera/enable_fisheye1: False
 * /camera/realsense2_camera/enable_fisheye2: False
 * /camera/realsense2_camera/enable_fisheye: False
 * /camera/realsense2_camera/enable_gyro: False
 * /camera/realsense2_camera/enable_infra1: False
 * /camera/realsense2_camera/enable_infra2: False
 * /camera/realsense2_camera/enable_infra: False
 * /camera/realsense2_camera/enable_pointcloud: True
 * /camera/realsense2_camera/enable_pose: False
 * /camera/realsense2_camera/enable_sync: True
 * /camera/realsense2_camera/filters: 
 * /camera/realsense2_camera/fisheye1_frame_id: camera_fisheye1_f...
 * /camera/realsense2_camera/fisheye1_optical_frame_id: camera_fisheye1_o...
 * /camera/realsense2_camera/fisheye2_frame_id: camera_fisheye2_f...
 * /camera/realsense2_camera/fisheye2_optical_frame_id: camera_fisheye2_o...
 * /camera/realsense2_camera/fisheye_fps: -1
 * /camera/realsense2_camera/fisheye_frame_id: camera_fisheye_frame
 * /camera/realsense2_camera/fisheye_height: -1
 * /camera/realsense2_camera/fisheye_optical_frame_id: camera_fisheye_op...
 * /camera/realsense2_camera/fisheye_width: -1
 * /camera/realsense2_camera/gyro_fps: -1
 * /camera/realsense2_camera/gyro_frame_id: camera_gyro_frame
 * /camera/realsense2_camera/gyro_optical_frame_id: camera_gyro_optic...
 * /camera/realsense2_camera/imu_optical_frame_id: camera_imu_optica...
 * /camera/realsense2_camera/infra1_frame_id: camera_infra1_frame
 * /camera/realsense2_camera/infra1_optical_frame_id: camera_infra1_opt...
 * /camera/realsense2_camera/infra2_frame_id: camera_infra2_frame
 * /camera/realsense2_camera/infra2_optical_frame_id: camera_infra2_opt...
 * /camera/realsense2_camera/infra_fps: 30
 * /camera/realsense2_camera/infra_height: 480
 * /camera/realsense2_camera/infra_rgb: False
 * /camera/realsense2_camera/infra_width: 848
 * /camera/realsense2_camera/initial_reset: False
 * /camera/realsense2_camera/json_file_path: 
 * /camera/realsense2_camera/linear_accel_cov: 0.01
 * /camera/realsense2_camera/odom_frame_id: camera_odom_frame
 * /camera/realsense2_camera/ordered_pc: False
 * /camera/realsense2_camera/pointcloud_texture_index: 0
 * /camera/realsense2_camera/pointcloud_texture_stream: RS2_STREAM_ANY
 * /camera/realsense2_camera/pose_frame_id: camera_pose_frame
 * /camera/realsense2_camera/pose_optical_frame_id: camera_pose_optic...
 * /camera/realsense2_camera/publish_odom_tf: True
 * /camera/realsense2_camera/publish_tf: True
 * /camera/realsense2_camera/reconnect_timeout: 6.0
 * /camera/realsense2_camera/rosbag_filename: 
 * /camera/realsense2_camera/serial_no: 233522078111
 * /camera/realsense2_camera/stereo_module/exposure/1: 7500
 * /camera/realsense2_camera/stereo_module/exposure/2: 1
 * /camera/realsense2_camera/stereo_module/gain/1: 16
 * /camera/realsense2_camera/stereo_module/gain/2: 16
 * /camera/realsense2_camera/tf_publish_rate: 0.0
 * /camera/realsense2_camera/topic_odom_in: odom_in
 * /camera/realsense2_camera/unite_imu_method: 
 * /camera/realsense2_camera/usb_port_id: 2-3
 * /camera/realsense2_camera/wait_for_device_timeout: 8.0
 * /elfin_vision/citrus_rgbd_node/backend: auto
 * /elfin_vision/citrus_rgbd_node/class_names/0: citrus
 * /elfin_vision/citrus_rgbd_node/class_names/1: tree
 * /elfin_vision/citrus_rgbd_node/confidence: 0.35
 * /elfin_vision/citrus_rgbd_node/depth_max_m: 4.0
 * /elfin_vision/citrus_rgbd_node/depth_min_m: 0.2
 * /elfin_vision/citrus_rgbd_node/depth_min_samples: 20
 * /elfin_vision/citrus_rgbd_node/depth_roi_scale: 0.35
 * /elfin_vision/citrus_rgbd_node/device: auto
 * /elfin_vision/citrus_rgbd_node/engine_path: /home/catas/elfin...
 * /elfin_vision/citrus_rgbd_node/engine_sha256: c876f0927ac1eb12e...
 * /elfin_vision/citrus_rgbd_node/image_size: 640
 * /elfin_vision/citrus_rgbd_node/iou: 0.45
 * /elfin_vision/citrus_rgbd_node/max_inference_hz: 8.0
 * /elfin_vision/citrus_rgbd_node/model_path: /home/catas/elfin...
 * /elfin_vision/citrus_rgbd_node/model_repo: 
 * /elfin_vision/citrus_rgbd_node/model_sha256: 507821ee21f312497...
 * /elfin_vision/citrus_rgbd_node/publish_annotated_image: True
 * /elfin_vision/citrus_rgbd_node/remote_failure_limit: 3
 * /elfin_vision/citrus_rgbd_node/remote_preferred: True
 * /elfin_vision/citrus_rgbd_node/remote_retry_interval_s: 5.0
 * /elfin_vision/citrus_rgbd_node/remote_timeout_s: 0.8
 * /elfin_vision/citrus_rgbd_node/remote_token_file: /home/catas/.conf...
 * /elfin_vision/citrus_rgbd_node/remote_url: http://aiseon.loc...
 * /elfin_vision/citrus_rgbd_node/target_class_ids: []
 * /elfin_vision/citrus_rgbd_node/target_frame: elfin_base_link
 * /elfin_vision/citrus_rgbd_node/target_labels: ['citrus', 'orang...
 * /rosdistro: noetic
 * /rosversion: 1.17.4

NODES
  /camera/
    realsense2_camera (nodelet/nodelet)
    realsense2_camera_manager (nodelet/nodelet)
  /elfin_vision/
    citrus_rgbd_node (elfin_vision/citrus_rgbd_node.py)

[1mROS_MASTER_URI=http://127.0.0.1:11311[0m
]2;/home/catas/ros_ws/src/elfin_vision/launch/citrus_sensor_runtime.launch http://127.0.0.1:11311
[1mprocess[camera/realsense2_camera_manager-1]: started with pid [19113][0m
[1mprocess[camera/realsense2_camera-2]: started with pid [19114][0m
[1mprocess[elfin_vision/citrus_rgbd_node-3]: started with pid [19115][0m
[elfin_vision/citrus_rgbd_node-3] killing on exit
[camera/realsense2_camera-2] killing on exit
[camera/realsense2_camera_manager-1] killing on exit
shutting down processing monitor...
... shutting down processing monitor complete
[1mdone[0m
