Starting isolated D455 motion stream without reset.
[0m[INFO] [1786411937.884619765]: Initializing nodelet with 32 worker threads.[0m
[0m[INFO] [1786411937.937986434]: RealSense ROS v2.3.2[0m
[0m[INFO] [1786411937.938004837]: Built with LibRealSense v2.55.1[0m
[0m[INFO] [1786411937.938013239]: Running with LibRealSense v2.55.1[0m
[0m[INFO] [1786411937.961513552]:  [0m
[0m[INFO] [1786411937.971844337]: Device with serial number 234222302617 was found.
[0m
[0m[INFO] [1786411937.971875796]: Device with physical ID /sys/devices/pci0000:00/0000:00:14.0/usb2/2-3/2-3:1.0/video4linux/video0 was found.[0m
[0m[INFO] [1786411937.971886486]: Device with name Intel RealSense D455 was found.[0m
[0m[INFO] [1786411937.972098569]: Device with port number 2-3 was found.[0m
[0m[INFO] [1786411937.972129401]: Device USB type: 3.2[0m
[0m[INFO] [1786411937.973490125]: getParameters...[0m
[0m[INFO] [1786411938.002594091]: setupDevice...[0m
[0m[INFO] [1786411938.002612643]: JSON file is not provided[0m
[0m[INFO] [1786411938.002616578]: ROS Node Namespace: camera_imu[0m
[0m[INFO] [1786411938.002621942]: Device Name: Intel RealSense D455[0m
[0m[INFO] [1786411938.002624978]: Device Serial No: 234222302617[0m
[0m[INFO] [1786411938.002635701]: Device physical port: /sys/devices/pci0000:00/0000:00:14.0/usb2/2-3/2-3:1.0/video4linux/video0[0m
[0m[INFO] [1786411938.002638932]: Device FW version: 5.17.3.10[0m
[0m[INFO] [1786411938.002641998]: Device Product ID: 0x0B5C[0m
[0m[INFO] [1786411938.002646270]: Enable PointCloud: Off[0m
[0m[INFO] [1786411938.002649221]: Align Depth: Off[0m
[0m[INFO] [1786411938.002652548]: Sync Mode: Off[0m
[0m[INFO] [1786411938.002667146]: Device Sensors: [0m
[0m[INFO] [1786411938.006022675]: Stereo Module was found.[0m
[0m[INFO] [1786411938.008701758]: RGB Camera was found.[0m
[0m[INFO] [1786411938.008804983]: Motion Module was found.[0m
[0m[INFO] [1786411938.008819950]: num_filters: 0[0m
[0m[INFO] [1786411938.008827110]: Setting Dynamic reconfig parameters.[0m
[0m[INFO] [1786411938.041556703]: Done Setting Dynamic reconfig parameters.[0m
[0m[INFO] [1786411938.041664548]: gyro stream is enabled - fps: 200[0m
[0m[INFO] [1786411938.041679565]: accel stream is enabled - fps: 100[0m
[0m[INFO] [1786411938.041689623]: setupPublishers...[0m
[0m[INFO] [1786411938.044020028]: setupStreams...[0m
 11/08 01:32:18,044 WARNING [140492339672832] (ds-calib-parsers.cpp:35) IMU Calibration is not available, default intrinsic and extrinsic will be used.
[0m[INFO] [1786411938.045831614]: SELECTED BASE:Depth, 0[0m
[0m[INFO] [1786411938.047231844]: RealSense Node Is Up![0m
[33m[WARN] [1786411938.156347112]: [0m
D455 motion stream ready: /camera_imu/gyro/sample + /camera_imu/accel/sample
[0m[INFO] [1786411941.327662999]: Initializing nodelet with 32 worker threads.[0m
[0m[INFO] [1786411941.394124273]: RealSense ROS v2.3.2[0m
[0m[INFO] [1786411941.394142485]: Built with LibRealSense v2.55.1[0m
[0m[INFO] [1786411941.394152644]: Running with LibRealSense v2.55.1[0m
[0m[INFO] [1786411941.413228567]:  [0m
[0m[INFO] [1786411941.420657937]: Device with serial number 234222302617 was found.
[0m
[0m[INFO] [1786411941.420685577]: Device with physical ID /sys/devices/pci0000:00/0000:00:14.0/usb2/2-3/2-3:1.0/video4linux/video0 was found.[0m
[0m[INFO] [1786411941.420697357]: Device with name Intel RealSense D455 was found.[0m
[0m[INFO] [1786411941.420892826]: Device with port number 2-3 was found.[0m
[0m[INFO] [1786411941.420917516]: Device USB type: 3.2[0m
[0m[INFO] [1786411941.421892511]: getParameters...[0m
[0m[INFO] [1786411941.438192761]: setupDevice...[0m
[0m[INFO] [1786411941.438217002]: JSON file is not provided[0m
[0m[INFO] [1786411941.438227993]: ROS Node Namespace: camera[0m
[0m[INFO] [1786411941.438240160]: Device Name: Intel RealSense D455[0m
[0m[INFO] [1786411941.438249648]: Device Serial No: 234222302617[0m
[0m[INFO] [1786411941.438260155]: Device physical port: /sys/devices/pci0000:00/0000:00:14.0/usb2/2-3/2-3:1.0/video4linux/video0[0m
[0m[INFO] [1786411941.438272796]: Device FW version: 5.17.3.10[0m
[0m[INFO] [1786411941.438282307]: Device Product ID: 0x0B5C[0m
[0m[INFO] [1786411941.438313981]: Enable PointCloud: On[0m
[0m[INFO] [1786411941.438323745]: Align Depth: On[0m
[0m[INFO] [1786411941.438332763]: Sync Mode: On[0m
[0m[INFO] [1786411941.438371313]: Device Sensors: [0m
[0m[INFO] [1786411941.444063680]: Stereo Module was found.[0m
[0m[INFO] [1786411941.447837899]: RGB Camera was found.[0m
[0m[INFO] [1786411941.447971854]: Motion Module was found.[0m
[0m[INFO] [1786411941.448027639]: Add Filter: pointcloud[0m
[0m[INFO] [1786411941.448080703]: num_filters: 2[0m
[0m[INFO] [1786411941.448092940]: Setting Dynamic reconfig parameters.[0m
[0m[INFO] [1786411941.503663480]: Done Setting Dynamic reconfig parameters.[0m
[33m[WARN] [1786411941.503786669]: Given stream configuration is not supported by the device!  Stream: Depth, Stream Index: 0, Width: 640, Height: 480, FPS: 10, Format: Z16[0m
[33m[WARN] [1786411941.503797466]: Using default profile instead.[0m
[0m[INFO] [1786411941.504049530]: depth stream is enabled - width: 848, height: 480, fps: 30, Format: Z16[0m
[0m[INFO] [1786411941.504334518]: color stream is enabled - width: 640, height: 480, fps: 15, Format: RGB8[0m
[0m[INFO] [1786411941.505291446]: setupPublishers...[0m
[0m[INFO] [1786411941.506342791]: Expected frequency for depth = 30.00000[0m
[0m[INFO] [1786411941.517617434]: Expected frequency for color = 15.00000[0m
[0m[INFO] [1786411941.524466972]: Expected frequency for aligned_depth_to_color = 15.00000[0m
[0m[INFO] [1786411941.530674702]: setupStreams...[0m
[0m[INFO] [1786411941.562074099]: SELECTED BASE:Depth, 0[0m
[0m[INFO] [1786411941.567396891]: RealSense Node Is Up![0m
[33m[WARN] [1786411941.807960578]: [0m
[0m[INFO] [1786411941.822233825]: publishing unordered pointcloud.[0m
 11/08 01:32:33,564 ERROR [140620920256256] (ds-options.cpp:93) Asic Temperature value is not valid!
 11/08 01:32:33,596 ERROR [140620766807808] (ds-options.cpp:93) Asic Temperature value is not valid!
 11/08 01:32:34,598 ERROR [140620766807808] (ds-options.cpp:93) Asic Temperature value is not valid!
 11/08 01:32:35,564 ERROR [140620920256256] (ds-options.cpp:93) Asic Temperature value is not valid!
 11/08 01:32:35,601 ERROR [140620766807808] (ds-options.cpp:93) Asic Temperature value is not valid!
[INFO] [1786411941.621891]: RGB-D vision status: starting:model_loading
[INFO] [1786411941.749937]: Loaded ONNX citrus model /home/catas/elfin_citrus_data/models/yolo26n_seg_converged_20260806/yolo26n_citrus_tree_best.onnx; classes={0: 'citrus', 1: 'tree'}; providers=['CPUExecutionProvider']
[INFO] [1786411941.751184]: Citrus model loading finished in 0.11 s: model_ready:onnxruntime
[INFO] [1786411946.810578]: RGB-D vision status: model_ready:onnxruntime targets:0 depth:0 tf:0 semantic_masks:2
[INFO] [1786411952.025627]: RGB-D vision status: model_ready:onnxruntime targets:1 depth:1 tf:1 semantic_masks:2
[INFO] [1786411957.128612]: RGB-D vision status: model_ready:onnxruntime targets:2 depth:2 tf:2 semantic_masks:4
[INFO] [1786411962.180292]: RGB-D vision status: model_ready:onnxruntime targets:2 depth:2 tf:2 semantic_masks:2
[INFO] [1786411967.652013]: RGB-D vision status: model_ready:onnxruntime targets:1 depth:0 tf:0 semantic_masks:2
[INFO] [1786411973.392306]: RGB-D vision status: model_ready:onnxruntime targets:2 depth:0 tf:0 semantic_masks:3
[INFO] [1786411978.519229]: RGB-D vision status: model_ready:onnxruntime targets:0 depth:0 tf:0 semantic_masks:2
... logging to /home/catas/.ros/log/444e2544-9521-11f1-a517-c4c6e661f1ab/roslaunch-catas-1449.log
Checking log directory for disk usage. This may take a while.
Press Ctrl-C to interrupt
Done checking log file disk usage. Usage is <1GB.
]2;/home/catas/ros_ws/src/elfin_vision/launch/citrus_imu.launch
[1mstarted roslaunch server http://127.0.0.1:36215/[0m

SUMMARY
========

PARAMETERS
 * /camera_imu/realsense2_camera/accel_fps: 100
 * /camera_imu/realsense2_camera/accel_frame_id: camera_accel_frame
 * /camera_imu/realsense2_camera/accel_optical_frame_id: camera_accel_opti...
 * /camera_imu/realsense2_camera/align_depth: False
 * /camera_imu/realsense2_camera/aligned_depth_to_color_frame_id: camera_aligned_de...
 * /camera_imu/realsense2_camera/aligned_depth_to_fisheye1_frame_id: camera_aligned_de...
 * /camera_imu/realsense2_camera/aligned_depth_to_fisheye2_frame_id: camera_aligned_de...
 * /camera_imu/realsense2_camera/aligned_depth_to_fisheye_frame_id: camera_aligned_de...
 * /camera_imu/realsense2_camera/aligned_depth_to_infra1_frame_id: camera_aligned_de...
 * /camera_imu/realsense2_camera/aligned_depth_to_infra2_frame_id: camera_aligned_de...
 * /camera_imu/realsense2_camera/allow_no_texture_points: False
 * /camera_imu/realsense2_camera/base_frame_id: camera_link
 * /camera_imu/realsense2_camera/calib_odom_file: 
 * /camera_imu/realsense2_camera/clip_distance: -2.0
 * /camera_imu/realsense2_camera/color_fps: -1
 * /camera_imu/realsense2_camera/color_frame_id: camera_color_frame
 * /camera_imu/realsense2_camera/color_height: -1
 * /camera_imu/realsense2_camera/color_optical_frame_id: camera_color_opti...
 * /camera_imu/realsense2_camera/color_width: -1
 * /camera_imu/realsense2_camera/confidence_fps: -1
 * /camera_imu/realsense2_camera/confidence_height: -1
 * /camera_imu/realsense2_camera/confidence_width: -1
 * /camera_imu/realsense2_camera/depth_fps: -1
 * /camera_imu/realsense2_camera/depth_frame_id: camera_depth_frame
 * /camera_imu/realsense2_camera/depth_height: -1
 * /camera_imu/realsense2_camera/depth_optical_frame_id: camera_depth_opti...
 * /camera_imu/realsense2_camera/depth_width: -1
 * /camera_imu/realsense2_camera/device_type: d455
 * /camera_imu/realsense2_camera/enable_accel: True
 * /camera_imu/realsense2_camera/enable_color: False
 * /camera_imu/realsense2_camera/enable_confidence: False
 * /camera_imu/realsense2_camera/enable_depth: False
 * /camera_imu/realsense2_camera/enable_fisheye1: False
 * /camera_imu/realsense2_camera/enable_fisheye2: False
 * /camera_imu/realsense2_camera/enable_fisheye: False
 * /camera_imu/realsense2_camera/enable_gyro: True
 * /camera_imu/realsense2_camera/enable_infra1: False
 * /camera_imu/realsense2_camera/enable_infra2: False
 * /camera_imu/realsense2_camera/enable_infra: False
 * /camera_imu/realsense2_camera/enable_pointcloud: False
 * /camera_imu/realsense2_camera/enable_pose: False
 * /camera_imu/realsense2_camera/enable_sync: False
 * /camera_imu/realsense2_camera/filters: 
 * /camera_imu/realsense2_camera/fisheye1_frame_id: camera_fisheye1_f...
 * /camera_imu/realsense2_camera/fisheye1_optical_frame_id: camera_fisheye1_o...
 * /camera_imu/realsense2_camera/fisheye2_frame_id: camera_fisheye2_f...
 * /camera_imu/realsense2_camera/fisheye2_optical_frame_id: camera_fisheye2_o...
 * /camera_imu/realsense2_camera/fisheye_fps: -1
 * /camera_imu/realsense2_camera/fisheye_frame_id: camera_fisheye_frame
 * /camera_imu/realsense2_camera/fisheye_height: -1
 * /camera_imu/realsense2_camera/fisheye_optical_frame_id: camera_fisheye_op...
 * /camera_imu/realsense2_camera/fisheye_width: -1
 * /camera_imu/realsense2_camera/gyro_fps: 200
 * /camera_imu/realsense2_camera/gyro_frame_id: camera_gyro_frame
 * /camera_imu/realsense2_camera/gyro_optical_frame_id: camera_gyro_optic...
 * /camera_imu/realsense2_camera/imu_optical_frame_id: camera_imu_optica...
 * /camera_imu/realsense2_camera/infra1_frame_id: camera_infra1_frame
 * /camera_imu/realsense2_camera/infra1_optical_frame_id: camera_infra1_opt...
 * /camera_imu/realsense2_camera/infra2_frame_id: camera_infra2_frame
 * /camera_imu/realsense2_camera/infra2_optical_frame_id: camera_infra2_opt...
 * /camera_imu/realsense2_camera/infra_fps: 30
 * /camera_imu/realsense2_camera/infra_height: 480
 * /camera_imu/realsense2_camera/infra_rgb: False
 * /camera_imu/realsense2_camera/infra_width: 848
 * /camera_imu/realsense2_camera/initial_reset: False
 * /camera_imu/realsense2_camera/json_file_path: 
 * /camera_imu/realsense2_camera/linear_accel_cov: 0.01
 * /camera_imu/realsense2_camera/odom_frame_id: camera_odom_frame
 * /camera_imu/realsense2_camera/ordered_pc: False
 * /camera_imu/realsense2_camera/pointcloud_texture_index: 0
 * /camera_imu/realsense2_camera/pointcloud_texture_stream: RS2_STREAM_COLOR
 * /camera_imu/realsense2_camera/pose_frame_id: camera_pose_frame
 * /camera_imu/realsense2_camera/pose_optical_frame_id: camera_pose_optic...
 * /camera_imu/realsense2_camera/publish_odom_tf: True
 * /camera_imu/realsense2_camera/publish_tf: False
 * /camera_imu/realsense2_camera/reconnect_timeout: 10.0
 * /camera_imu/realsense2_camera/rosbag_filename: 
 * /camera_imu/realsense2_camera/serial_no: 234222302617
 * /camera_imu/realsense2_camera/stereo_module/exposure/1: 7500
 * /camera_imu/realsense2_camera/stereo_module/exposure/2: 1
 * /camera_imu/realsense2_camera/stereo_module/gain/1: 16
 * /camera_imu/realsense2_camera/stereo_module/gain/2: 16
 * /camera_imu/realsense2_camera/tf_publish_rate: 0.0
 * /camera_imu/realsense2_camera/topic_odom_in: odom_in
 * /camera_imu/realsense2_camera/unite_imu_method: none
 * /camera_imu/realsense2_camera/usb_port_id: 2-3
 * /camera_imu/realsense2_camera/wait_for_device_timeout: 15.0
 * /rosdistro: noetic
 * /rosversion: 1.17.4

NODES
  /camera_imu/
    realsense2_camera (nodelet/nodelet)
    realsense2_camera_imu_manager (nodelet/nodelet)

[1mROS_MASTER_URI=http://127.0.0.1:11311[0m
]2;/home/catas/ros_ws/src/elfin_vision/launch/citrus_imu.launch http://127.0.0.1:11311
[1mprocess[camera_imu/realsense2_camera_imu_manager-1]: started with pid [1601][0m
[1mprocess[camera_imu/realsense2_camera-2]: started with pid [1602][0m
[camera_imu/realsense2_camera-2] killing on exit
[camera_imu/realsense2_camera_imu_manager-1] killing on exit
shutting down processing monitor...
... shutting down processing monitor complete
[1mdone[0m
