[0m[INFO] [1785588405.224039647]: Initializing nodelet with 32 worker threads.[0m
[0m[INFO] [1785588405.281397820]: RealSense ROS v2.3.2[0m
[0m[INFO] [1785588405.281418240]: Built with LibRealSense v2.50.0[0m
[0m[INFO] [1785588405.281426407]: Running with LibRealSense v2.50.0[0m
[0m[INFO] [1785588405.305677288]:  [0m
[0m[INFO] [1785588405.394702941]: Device with serial number 233522078111 was found.
[0m
[0m[INFO] [1785588405.394733684]: Device with physical ID 2-3-10 was found.[0m
[0m[INFO] [1785588405.394742124]: Device with name Intel RealSense D435 was found.[0m
[0m[INFO] [1785588405.395095763]: Device with port number 2-3 was found.[0m
[0m[INFO] [1785588405.395120278]: Device USB type: 3.2[0m
[0m[INFO] [1785588405.397097764]: getParameters...[0m
[0m[INFO] [1785588405.467073932]: setupDevice...[0m
[0m[INFO] [1785588405.467120866]: JSON file is not provided[0m
[0m[INFO] [1785588405.467142877]: ROS Node Namespace: camera[0m
[0m[INFO] [1785588405.467165926]: Device Name: Intel RealSense D435[0m
[0m[INFO] [1785588405.467185837]: Device Serial No: 233522078111[0m
[0m[INFO] [1785588405.467237970]: Device physical port: 2-3-10[0m
[0m[INFO] [1785588405.467258801]: Device FW version: 05.13.00.55[0m
[0m[INFO] [1785588405.467289520]: Device Product ID: 0x0B07[0m
[0m[INFO] [1785588405.467309429]: Enable PointCloud: Off[0m
[0m[INFO] [1785588405.467327271]: Align Depth: Off[0m
[0m[INFO] [1785588405.467361386]: Sync Mode: On[0m
[0m[INFO] [1785588405.467434114]: Device Sensors: [0m
[0m[INFO] [1785588405.540217312]: Stereo Module was found.[0m
[0m[INFO] [1785588405.546992856]: RGB Camera was found.[0m
[0m[INFO] [1785588405.547037444]: num_filters: 0[0m
[0m[INFO] [1785588405.547046712]: Setting Dynamic reconfig parameters.[0m
