Starting isolated D455 motion stream without reset.
[0m[INFO] [1786539504.007387527]: Initializing nodelet with 32 worker threads.[0m
[0m[INFO] [1786539504.070404913]: RealSense ROS v2.3.2[0m
[0m[INFO] [1786539504.070424408]: Built with LibRealSense v2.55.1[0m
[0m[INFO] [1786539504.070429008]: Running with LibRealSense v2.55.1[0m
[0m[INFO] [1786539504.093194274]:  [0m
[0m[INFO] [1786539504.103333329]: Device with serial number 234222302617 was found.
[0m
[0m[INFO] [1786539504.103363571]: Device with physical ID /sys/devices/pci0000:00/0000:00:14.0/usb2/2-3/2-3:1.0/video4linux/video0 was found.[0m
[0m[INFO] [1786539504.103373538]: Device with name Intel RealSense D455 was found.[0m
[0m[INFO] [1786539504.103581767]: Device with port number 2-3 was found.[0m
[0m[INFO] [1786539504.103608818]: Device USB type: 3.2[0m
[0m[INFO] [1786539504.104647003]: getParameters...[0m
[0m[INFO] [1786539504.130790524]: setupDevice...[0m
[0m[INFO] [1786539504.130807380]: JSON file is not provided[0m
[0m[INFO] [1786539504.130815687]: ROS Node Namespace: camera_imu[0m
[0m[INFO] [1786539504.130824485]: Device Name: Intel RealSense D455[0m
[0m[INFO] [1786539504.130839104]: Device Serial No: 234222302617[0m
[0m[INFO] [1786539504.130850720]: Device physical port: /sys/devices/pci0000:00/0000:00:14.0/usb2/2-3/2-3:1.0/video4linux/video0[0m
[0m[INFO] [1786539504.130859422]: Device FW version: 5.17.3.10[0m
[0m[INFO] [1786539504.130867836]: Device Product ID: 0x0B5C[0m
[0m[INFO] [1786539504.130875803]: Enable PointCloud: Off[0m
[0m[INFO] [1786539504.130889068]: Align Depth: Off[0m
[0m[INFO] [1786539504.130898323]: Sync Mode: Off[0m
[0m[INFO] [1786539504.130922338]: Device Sensors: [0m
[0m[INFO] [1786539504.135667697]: Stereo Module was found.[0m
[0m[INFO] [1786539504.139090850]: RGB Camera was found.[0m
[0m[INFO] [1786539504.139241598]: Motion Module was found.[0m
[0m[INFO] [1786539504.139269128]: num_filters: 0[0m
[0m[INFO] [1786539504.139282738]: Setting Dynamic reconfig parameters.[0m
[0m[INFO] [1786539504.168056495]: Done Setting Dynamic reconfig parameters.[0m
[0m[INFO] [1786539504.168247147]: gyro stream is enabled - fps: 200[0m
[0m[INFO] [1786539504.168284107]: accel stream is enabled - fps: 100[0m
[0m[INFO] [1786539504.168310799]: setupPublishers...[0m
[0m[INFO] [1786539504.170781363]: setupStreams...[0m
 12/08 12:58:24,171 WARNING [139683092465408] (ds-calib-parsers.cpp:35) IMU Calibration is not available, default intrinsic and extrinsic will be used.
[0m[INFO] [1786539504.172537045]: SELECTED BASE:Depth, 0[0m
[0m[INFO] [1786539504.174562923]: RealSense Node Is Up![0m
[33m[WARN] [1786539504.266215923]: [0m
D455 motion stream ready: /camera_imu/gyro/sample + /camera_imu/accel/sample
... logging to /home/catas/.ros/log/fc580340-964c-11f1-bce8-c4c6e661f1ab/roslaunch-catas-7391.log
Checking log directory for disk usage. This may take a while.
Press Ctrl-C to interrupt
Done checking log file disk usage. Usage is <1GB.
]2;/home/catas/ros_ws/src/elfin_vision/launch/citrus_sensor_runtime.launch
[1mstarted roslaunch server http://127.0.0.1:40329/[0m

SUMMARY
========

PARAMETERS
 * /camera/realsense2_camera/accel_fps: 100
 * /camera/realsense2_camera/accel_frame_id: camera_accel_frame
 * /camera/realsense2_camera/accel_optical_frame_id: camera_accel_opti...
 * /camera/realsense2_camera/align_depth: True
 * /camera/realsense2_camera/aligned_depth_to_color_frame_id: camera_aligned_de...
 * /camera/realsense2_camera/aligned_depth_to_fisheye1_frame_id: camera_aligned_de...
 * /camera/realsense2_camera/aligned_depth_to_fisheye2_frame_id: camera_aligned_de...
 * /camera/realsense2_camera/aligned_depth_to_fisheye_frame_id: camera_aligned_de...
 * /camera/realsense2_camera/aligned_depth_to_infra1_frame_id: camera_aligned_de...
 * /camera/realsense2_camera/aligned_depth_to_infra2_frame_id: camera_aligned_de...
 * /camera/realsense2_camera/allow_no_texture_points: False
 * /camera/realsense2_camera/base_frame_id: camera_link
 * /camera/realsense2_camera/calib_odom_file: 
 * /camera/realsense2_camera/clip_distance: -2.0
 * /camera/realsense2_camera/color_fps: 15
 * /camera/realsense2_camera/color_frame_id: camera_color_frame
 * /camera/realsense2_camera/color_height: 480
 * /camera/realsense2_camera/color_optical_frame_id: camera_color_opti...
 * /camera/realsense2_camera/color_width: 640
 * /camera/realsense2_camera/confidence_fps: -1
 * /camera/realsense2_camera/confidence_height: -1
 * /camera/realsense2_camera/confidence_width: -1
 * /camera/realsense2_camera/depth_fps: 5
 * /camera/realsense2_camera/depth_frame_id: camera_depth_frame
 * /camera/realsense2_camera/depth_height: 480
 * /camera/realsense2_camera/depth_optical_frame_id: camera_depth_opti...
 * /camera/realsense2_camera/depth_width: 640
 * /camera/realsense2_camera/device_type: d455
 * /camera/realsense2_camera/enable_accel: False
 * /camera/realsense2_camera/enable_color: True
 * /camera/realsense2_camera/enable_confidence: False
 * /camera/realsense2_camera/enable_depth: True
 * /camera/realsense2_camera/enable_fisheye1: False
 * /camera/realsense2_camera/enable_fisheye2: False
 * /camera/realsense2_camera/enable_fisheye: False
 * /camera/realsense2_camera/enable_gyro: False
 * /camera/realsense2_camera/enable_infra1: False
 * /camera/realsense2_camera/enable_infra2: False
 * /camera/realsense2_camera/enable_infra: False
 * /camera/realsense2_camera/enable_pointcloud: True
 * /camera/realsense2_camera/enable_pose: False
 * /camera/realsense2_camera/enable_sync: False
 * /camera/realsense2_camera/filters: 
 * /camera/realsense2_camera/fisheye1_frame_id: camera_fisheye1_f...
 * /camera/realsense2_camera/fisheye1_optical_frame_id: camera_fisheye1_o...
 * /camera/realsense2_camera/fisheye2_frame_id: camera_fisheye2_f...
 * /camera/realsense2_camera/fisheye2_optical_frame_id: camera_fisheye2_o...
 * /camera/realsense2_camera/fisheye_fps: -1
 * /camera/realsense2_camera/fisheye_frame_id: camera_fisheye_frame
 * /camera/realsense2_camera/fisheye_height: -1
 * /camera/realsense2_camera/fisheye_optical_frame_id: camera_fisheye_op...
 * /camera/realsense2_camera/fisheye_width: -1
 * /camera/realsense2_camera/gyro_fps: 200
 * /camera/realsense2_camera/gyro_frame_id: camera_gyro_frame
 * /camera/realsense2_camera/gyro_optical_frame_id: camera_gyro_optic...
 * /camera/realsense2_camera/imu_optical_frame_id: camera_imu_optica...
 * /camera/realsense2_camera/infra1_frame_id: camera_infra1_frame
 * /camera/realsense2_camera/infra1_optical_frame_id: camera_infra1_opt...
 * /camera/realsense2_camera/infra2_frame_id: camera_infra2_frame
 * /camera/realsense2_camera/infra2_optical_frame_id: camera_infra2_opt...
 * /camera/realsense2_camera/infra_fps: 30
 * /camera/realsense2_camera/infra_height: 480
 * /camera/realsense2_camera/infra_rgb: False
 * /camera/realsense2_camera/infra_width: 848
 * /camera/realsense2_camera/initial_reset: False
 * /camera/realsense2_camera/json_file_path: 
 * /camera/realsense2_camera/linear_accel_cov: 0.01
 * /camera/realsense2_camera/odom_frame_id: camera_odom_frame
 * /camera/realsense2_camera/ordered_pc: False
 * /camera/realsense2_camera/pointcloud_texture_index: 0
 * /camera/realsense2_camera/pointcloud_texture_stream: RS2_STREAM_ANY
 * /camera/realsense2_camera/pose_frame_id: camera_pose_frame
 * /camera/realsense2_camera/pose_optical_frame_id: camera_pose_optic...
 * /camera/realsense2_camera/publish_odom_tf: True
 * /camera/realsense2_camera/publish_tf: True
 * /camera/realsense2_camera/reconnect_timeout: 6.0
 * /camera/realsense2_camera/rosbag_filename: 
 * /camera/realsense2_camera/serial_no: 234222302617
 * /camera/realsense2_camera/stereo_module/exposure/1: 7500
 * /camera/realsense2_camera/stereo_module/exposure/2: 1
 * /camera/realsense2_camera/stereo_module/gain/1: 16
 * /camera/realsense2_camera/stereo_module/gain/2: 16
 * /camera/realsense2_camera/tf_publish_rate: 0.0
 * /camera/realsense2_camera/topic_odom_in: odom_in
 * /camera/realsense2_camera/unite_imu_method: none
 * /camera/realsense2_camera/usb_port_id: 2-3
 * /camera/realsense2_camera/wait_for_device_timeout: 8.0
 * /elfin_vision/citrus_rgbd_node/backend: onnxruntime
 * /elfin_vision/citrus_rgbd_node/citrus_circle_minimum_arc_deg: 80.0
 * /elfin_vision/citrus_rgbd_node/citrus_circle_minimum_inlier_ratio: 0.3
 * /elfin_vision/citrus_rgbd_node/citrus_circle_residual_px: 2.5
 * /elfin_vision/citrus_rgbd_node/citrus_merge_depth_tolerance_m: 0.025
 * /elfin_vision/citrus_rgbd_node/citrus_merge_gap_radius_ratio: 0.45
 * /elfin_vision/citrus_rgbd_node/citrus_polar_radius_max_m: 0.025
 * /elfin_vision/citrus_rgbd_node/citrus_polar_radius_min_m: 0.022
 * /elfin_vision/citrus_rgbd_node/citrus_radius_max_m: 0.033
 * /elfin_vision/citrus_rgbd_node/citrus_radius_min_m: 0.022
 * /elfin_vision/citrus_rgbd_node/class_names/0: citrus
 * /elfin_vision/citrus_rgbd_node/class_names/1: tree
 * /elfin_vision/citrus_rgbd_node/confidence: 0.35
 * /elfin_vision/citrus_rgbd_node/depth_max_m: 4.0
 * /elfin_vision/citrus_rgbd_node/depth_min_m: 0.2
 * /elfin_vision/citrus_rgbd_node/depth_min_samples: 20
 * /elfin_vision/citrus_rgbd_node/depth_pair_maximum_age_s: 0.35
 * /elfin_vision/citrus_rgbd_node/depth_pair_maximum_delta_s: 0.04
 * /elfin_vision/citrus_rgbd_node/device: auto
 * /elfin_vision/citrus_rgbd_node/engine_path: 
 * /elfin_vision/citrus_rgbd_node/engine_sha256: 
 * /elfin_vision/citrus_rgbd_node/image_size: 640
 * /elfin_vision/citrus_rgbd_node/inference_queue_size: 12
 * /elfin_vision/citrus_rgbd_node/inference_request_match_slop_s: 0.002
 * /elfin_vision/citrus_rgbd_node/iou: 0.45
 * /elfin_vision/citrus_rgbd_node/max_inference_hz: 8.0
 * /elfin_vision/citrus_rgbd_node/model_path: /home/catas/elfin...
 * /elfin_vision/citrus_rgbd_node/model_repo: 
 * /elfin_vision/citrus_rgbd_node/model_sha256: 371c56e82f2452cc9...
 * /elfin_vision/citrus_rgbd_node/publish_annotated_image: False
 * /elfin_vision/citrus_rgbd_node/remote_preferred: False
 * /elfin_vision/citrus_rgbd_node/remote_timeout_s: 0.8
 * /elfin_vision/citrus_rgbd_node/remote_token_file: /home/catas/.conf...
 * /elfin_vision/citrus_rgbd_node/remote_url: http://aiseon.loc...
 * /elfin_vision/citrus_rgbd_node/rgbd_history_size: 18
 * /elfin_vision/citrus_rgbd_node/semantic_class_ids: []
 * /elfin_vision/citrus_rgbd_node/semantic_labels: ['citrus', 'tree']
 * /elfin_vision/citrus_rgbd_node/target_class_ids: []
 * /elfin_vision/citrus_rgbd_node/target_frame: elfin_base_link
 * /elfin_vision/citrus_rgbd_node/target_labels: ['citrus', 'orang...
 * /rosdistro: noetic
 * /rosversion: 1.17.4

NODES
  /camera/
    realsense2_camera (nodelet/nodelet)
    realsense2_camera_manager (nodelet/nodelet)
  /elfin_vision/
    citrus_rgbd_node (elfin_vision/citrus_rgbd_node.py)

[1mROS_MASTER_URI=http://127.0.0.1:11311[0m
]2;/home/catas/ros_ws/src/elfin_vision/launch/citrus_sensor_runtime.launch http://127.0.0.1:11311
[0m[INFO] [1786539507.471087650]: Initializing nodelet with 32 worker threads.[0m
[0m[INFO] [1786539507.532718374]: RealSense ROS v2.3.2[0m
[0m[INFO] [1786539507.532750157]: Built with LibRealSense v2.55.1[0m
[0m[INFO] [1786539507.532761847]: Running with LibRealSense v2.55.1[0m
[0m[INFO] [1786539507.551976876]:  [0m
[0m[INFO] [1786539507.558879656]: Device with serial number 234222302617 was found.
[0m
[0m[INFO] [1786539507.558898796]: Device with physical ID /sys/devices/pci0000:00/0000:00:14.0/usb2/2-3/2-3:1.0/video4linux/video0 was found.[0m
[0m[INFO] [1786539507.558907759]: Device with name Intel RealSense D455 was found.[0m
[0m[INFO] [1786539507.559073003]: Device with port number 2-3 was found.[0m
[0m[INFO] [1786539507.559095094]: Device USB type: 3.2[0m
[0m[INFO] [1786539507.560077354]: getParameters...[0m
[0m[INFO] [1786539507.584118265]: setupDevice...[0m
[0m[INFO] [1786539507.584138436]: JSON file is not provided[0m
[0m[INFO] [1786539507.584147523]: ROS Node Namespace: camera[0m
[0m[INFO] [1786539507.584157317]: Device Name: Intel RealSense D455[0m
[0m[INFO] [1786539507.584167248]: Device Serial No: 234222302617[0m
[0m[INFO] [1786539507.584176257]: Device physical port: /sys/devices/pci0000:00/0000:00:14.0/usb2/2-3/2-3:1.0/video4linux/video0[0m
[0m[INFO] [1786539507.584184302]: Device FW version: 5.17.3.10[0m
[0m[INFO] [1786539507.584191956]: Device Product ID: 0x0B5C[0m
[0m[INFO] [1786539507.584199154]: Enable PointCloud: On[0m
[0m[INFO] [1786539507.584206538]: Align Depth: On[0m
[0m[INFO] [1786539507.584214595]: Sync Mode: On[0m
[0m[INFO] [1786539507.584241902]: Device Sensors: [0m
[0m[INFO] [1786539507.589050137]: Stereo Module was found.[0m
[0m[INFO] [1786539507.592244879]: RGB Camera was found.[0m
[0m[INFO] [1786539507.592362088]: Motion Module was found.[0m
[0m[INFO] [1786539507.592398549]: Add Filter: pointcloud[0m
[0m[INFO] [1786539507.592450167]: num_filters: 2[0m
[0m[INFO] [1786539507.592464119]: Setting Dynamic reconfig parameters.[0m
[0m[INFO] [1786539507.627288276]: Done Setting Dynamic reconfig parameters.[0m
[0m[INFO] [1786539507.627752610]: depth stream is enabled - width: 640, height: 480, fps: 5, Format: Z16[0m
[0m[INFO] [1786539507.628160099]: color stream is enabled - width: 640, height: 480, fps: 15, Format: RGB8[0m
[0m[INFO] [1786539507.629113806]: setupPublishers...[0m
[0m[INFO] [1786539507.630805122]: Expected frequency for depth = 5.00000[0m
[0m[INFO] [1786539507.648456671]: Expected frequency for color = 15.00000[0m
[0m[INFO] [1786539507.655252750]: Expected frequency for aligned_depth_to_color = 15.00000[0m
[0m[INFO] [1786539507.660691480]: setupStreams...[0m
[0m[INFO] [1786539507.673450847]: SELECTED BASE:Depth, 0[0m
[0m[INFO] [1786539507.675762015]: RealSense Node Is Up![0m
[33m[WARN] [1786539508.239229354]: [0m
[0m[INFO] [1786539508.244430765]: publishing unordered pointcloud.[0m
[WARN] [1786539508.688333]: 开始进行多边形确认 · 多边形确认失败 · rejected=0 · elapsed_ms=2.3
[WARN] [1786539508.808063]: 开始进行多边形确认 · 多边形确认失败 · rejected=0 · elapsed_ms=1.4
[WARN] [1786539508.938870]: 开始进行多边形确认 · 多边形确认失败 · rejected=0 · elapsed_ms=1.3
[WARN] [1786539509.112496]: 开始进行多边形确认 · 多边形确认失败 · rejected=0 · elapsed_ms=1.3
[WARN] [1786539509.315857]: 开始进行多边形确认 · 多边形确认失败 · rejected=0 · elapsed_ms=1.4
[WARN] [1786539511.515321]: CITRUS_CENTER reject instances=0 reason=polygon has only 0 valid depth samples
[WARN] [1786539511.516640]: 开始进行多边形确认 · 多边形确认失败 · rejected=1 · elapsed_ms=3.4
[WARN] [1786539511.711608]: 开始进行多边形确认 · 多边形确认失败 · rejected=1 · elapsed_ms=1.9
[WARN] [1786539511.919573]: 开始进行多边形确认 · 多边形确认失败 · rejected=2 · elapsed_ms=7.1
[WARN] [1786539512.105241]: 开始进行多边形确认 · 多边形确认失败 · rejected=2 · elapsed_ms=5.0
[WARN] [1786539512.307939]: 开始进行多边形确认 · 多边形确认失败 · rejected=1 · elapsed_ms=4.3
[WARN] [1786539512.504673]: 开始进行多边形确认 · 多边形确认失败 · rejected=1 · elapsed_ms=4.8
[WARN] [1786539512.916688]: 开始进行多边形确认 · 多边形确认失败 · rejected=1 · elapsed_ms=7.3
[WARN] [1786539513.101388]: 开始进行多边形确认 · 多边形确认失败 · rejected=1 · elapsed_ms=5.1
[WARN] [1786539513.300045]: 开始进行多边形确认 · 多边形确认失败 · rejected=1 · elapsed_ms=4.7
[WARN] [1786539513.501763]: 开始进行多边形确认 · 多边形确认失败 · rejected=1 · elapsed_ms=4.6
[INFO] [1786539507.752629]: RGB-D vision status: starting:model_loading
[INFO] [1786539507.829654]: Loaded ONNX citrus model /home/catas/elfin_citrus_data/models/yolo26n_seg_converged_20260806/yolo26n_citrus_tree_best.onnx; classes={0: 'citrus', 1: 'tree'}; providers=['CPUExecutionProvider']
[INFO] [1786539507.830556]: Citrus model loading finished in 0.07 s: model_ready:onnxruntime
[INFO] [1786539508.686171]: 开始进行多边形确认 · detections=1
[INFO] [1786539508.806715]: 开始进行多边形确认 · detections=1
[INFO] [1786539508.937622]: 开始进行多边形确认 · detections=1
[INFO] [1786539509.111331]: 开始进行多边形确认 · detections=1
[INFO] [1786539509.314539]: 开始进行多边形确认 · detections=1
[INFO] [1786539511.513326]: 开始进行多边形确认 · detections=1
[INFO] [1786539511.709726]: 开始进行多边形确认 · detections=1
[INFO] [1786539511.912489]: 开始进行多边形确认 · detections=2
[INFO] [1786539512.100315]: 开始进行多边形确认 · detections=3
[INFO] [1786539512.303728]: 开始进行多边形确认 · detections=1
[INFO] [1786539512.499928]: 开始进行多边形确认 · detections=1
[INFO] [1786539512.909431]: 开始进行多边形确认 · detections=1
[INFO] [1786539512.918246]: RGB-D vision status: model_ready:onnxruntime targets:1 centers:0 tf:0 rejected:1 merged:0 semantic_masks:1
[INFO] [1786539513.096316]: 开始进行多边形确认 · detections=1
[INFO] [1786539513.295379]: 开始进行多边形确认 · detections=1
[INFO] [1786539513.497233]: 开始进行多边形确认 · detections=1
... logging to /home/catas/.ros/log/fc580340-964c-11f1-bce8-c4c6e661f1ab/roslaunch-catas-6970.log
Checking log directory for disk usage. This may take a while.
Press Ctrl-C to interrupt
Done checking log file disk usage. Usage is <1GB.
]2;/home/catas/ros_ws/src/elfin_vision/launch/citrus_imu.launch
[1mstarted roslaunch server http://127.0.0.1:34087/[0m

SUMMARY
========

PARAMETERS
 * /camera_imu/realsense2_camera/accel_fps: 100
 * /camera_imu/realsense2_camera/accel_frame_id: camera_accel_frame
 * /camera_imu/realsense2_camera/accel_optical_frame_id: camera_accel_opti...
 * /camera_imu/realsense2_camera/align_depth: False
 * /camera_imu/realsense2_camera/aligned_depth_to_color_frame_id: camera_aligned_de...
 * /camera_imu/realsense2_camera/aligned_depth_to_fisheye1_frame_id: camera_aligned_de...
 * /camera_imu/realsense2_camera/aligned_depth_to_fisheye2_frame_id: camera_aligned_de...
 * /camera_imu/realsense2_camera/aligned_depth_to_fisheye_frame_id: camera_aligned_de...
 * /camera_imu/realsense2_camera/aligned_depth_to_infra1_frame_id: camera_aligned_de...
 * /camera_imu/realsense2_camera/aligned_depth_to_infra2_frame_id: camera_aligned_de...
 * /camera_imu/realsense2_camera/allow_no_texture_points: False
 * /camera_imu/realsense2_camera/base_frame_id: camera_link
 * /camera_imu/realsense2_camera/calib_odom_file: 
 * /camera_imu/realsense2_camera/clip_distance: -2.0
 * /camera_imu/realsense2_camera/color_fps: -1
 * /camera_imu/realsense2_camera/color_frame_id: camera_color_frame
 * /camera_imu/realsense2_camera/color_height: -1
 * /camera_imu/realsense2_camera/color_optical_frame_id: camera_color_opti...
 * /camera_imu/realsense2_camera/color_width: -1
 * /camera_imu/realsense2_camera/confidence_fps: -1
 * /camera_imu/realsense2_camera/confidence_height: -1
 * /camera_imu/realsense2_camera/confidence_width: -1
 * /camera_imu/realsense2_camera/depth_fps: -1
 * /camera_imu/realsense2_camera/depth_frame_id: camera_depth_frame
 * /camera_imu/realsense2_camera/depth_height: -1
 * /camera_imu/realsense2_camera/depth_optical_frame_id: camera_depth_opti...
 * /camera_imu/realsense2_camera/depth_width: -1
 * /camera_imu/realsense2_camera/device_type: d455
 * /camera_imu/realsense2_camera/enable_accel: True
 * /camera_imu/realsense2_camera/enable_color: False
 * /camera_imu/realsense2_camera/enable_confidence: False
 * /camera_imu/realsense2_camera/enable_depth: False
 * /camera_imu/realsense2_camera/enable_fisheye1: False
 * /camera_imu/realsense2_camera/enable_fisheye2: False
 * /camera_imu/realsense2_camera/enable_fisheye: False
 * /camera_imu/realsense2_camera/enable_gyro: True
 * /camera_imu/realsense2_camera/enable_infra1: False
 * /camera_imu/realsense2_camera/enable_infra2: False
 * /camera_imu/realsense2_camera/enable_infra: False
 * /camera_imu/realsense2_camera/enable_pointcloud: False
 * /camera_imu/realsense2_camera/enable_pose: False
 * /camera_imu/realsense2_camera/enable_sync: False
 * /camera_imu/realsense2_camera/filters: 
 * /camera_imu/realsense2_camera/fisheye1_frame_id: camera_fisheye1_f...
 * /camera_imu/realsense2_camera/fisheye1_optical_frame_id: camera_fisheye1_o...
 * /camera_imu/realsense2_camera/fisheye2_frame_id: camera_fisheye2_f...
 * /camera_imu/realsense2_camera/fisheye2_optical_frame_id: camera_fisheye2_o...
 * /camera_imu/realsense2_camera/fisheye_fps: -1
 * /camera_imu/realsense2_camera/fisheye_frame_id: camera_fisheye_frame
 * /camera_imu/realsense2_camera/fisheye_height: -1
 * /camera_imu/realsense2_camera/fisheye_optical_frame_id: camera_fisheye_op...
 * /camera_imu/realsense2_camera/fisheye_width: -1
 * /camera_imu/realsense2_camera/gyro_fps: 200
 * /camera_imu/realsense2_camera/gyro_frame_id: camera_gyro_frame
 * /camera_imu/realsense2_camera/gyro_optical_frame_id: camera_gyro_optic...
 * /camera_imu/realsense2_camera/imu_optical_frame_id: camera_imu_optica...
 * /camera_imu/realsense2_camera/infra1_frame_id: camera_infra1_frame
 * /camera_imu/realsense2_camera/infra1_optical_frame_id: camera_infra1_opt...
 * /camera_imu/realsense2_camera/infra2_frame_id: camera_infra2_frame
 * /camera_imu/realsense2_camera/infra2_optical_frame_id: camera_infra2_opt...
 * /camera_imu/realsense2_camera/infra_fps: 30
 * /camera_imu/realsense2_camera/infra_height: 480
 * /camera_imu/realsense2_camera/infra_rgb: False
 * /camera_imu/realsense2_camera/infra_width: 848
 * /camera_imu/realsense2_camera/initial_reset: False
 * /camera_imu/realsense2_camera/json_file_path: 
 * /camera_imu/realsense2_camera/linear_accel_cov: 0.01
 * /camera_imu/realsense2_camera/odom_frame_id: camera_odom_frame
 * /camera_imu/realsense2_camera/ordered_pc: False
 * /camera_imu/realsense2_camera/pointcloud_texture_index: 0
 * /camera_imu/realsense2_camera/pointcloud_texture_stream: RS2_STREAM_COLOR
 * /camera_imu/realsense2_camera/pose_frame_id: camera_pose_frame
 * /camera_imu/realsense2_camera/pose_optical_frame_id: camera_pose_optic...
 * /camera_imu/realsense2_camera/publish_odom_tf: True
 * /camera_imu/realsense2_camera/publish_tf: False
 * /camera_imu/realsense2_camera/reconnect_timeout: 10.0
 * /camera_imu/realsense2_camera/rosbag_filename: 
 * /camera_imu/realsense2_camera/serial_no: 234222302617
 * /camera_imu/realsense2_camera/stereo_module/exposure/1: 7500
 * /camera_imu/realsense2_camera/stereo_module/exposure/2: 1
 * /camera_imu/realsense2_camera/stereo_module/gain/1: 16
 * /camera_imu/realsense2_camera/stereo_module/gain/2: 16
 * /camera_imu/realsense2_camera/tf_publish_rate: 0.0
 * /camera_imu/realsense2_camera/topic_odom_in: odom_in
 * /camera_imu/realsense2_camera/unite_imu_method: none
 * /camera_imu/realsense2_camera/usb_port_id: 2-3
 * /camera_imu/realsense2_camera/wait_for_device_timeout: 15.0
 * /rosdistro: noetic
 * /rosversion: 1.17.4

NODES
  /camera_imu/
    realsense2_camera (nodelet/nodelet)
    realsense2_camera_imu_manager (nodelet/nodelet)

[1mROS_MASTER_URI=http://127.0.0.1:11311[0m
]2;/home/catas/ros_ws/src/elfin_vision/launch/citrus_imu.launch http://127.0.0.1:11311
[1mprocess[camera_imu/realsense2_camera_imu_manager-1]: started with pid [7115][0m
[1mprocess[camera_imu/realsense2_camera-2]: started with pid [7116][0m
[camera_imu/realsense2_camera-2] killing on exit
[camera_imu/realsense2_camera_imu_manager-1] killing on exit
shutting down processing monitor...
... shutting down processing monitor complete
[1mdone[0m
[1mprocess[camera/realsense2_camera_manager-1]: started with pid [7436][0m
[1mprocess[camera/realsense2_camera-2]: started with pid [7437][0m
[1mprocess[elfin_vision/citrus_rgbd_node-3]: started with pid [7438][0m
[elfin_vision/citrus_rgbd_node-3] killing on exit
[camera/realsense2_camera-2] killing on exit
[camera/realsense2_camera_manager-1] killing on exit
shutting down processing monitor...
... shutting down processing monitor complete
[1mdone[0m
