Starting isolated D455 motion stream without reset.
[0m[INFO] [1786453606.606874492]: Initializing nodelet with 32 worker threads.[0m
[0m[INFO] [1786453606.686512383]: RealSense ROS v2.3.2[0m
[0m[INFO] [1786453606.686535691]: Built with LibRealSense v2.55.1[0m
[0m[INFO] [1786453606.686546241]: Running with LibRealSense v2.55.1[0m
[0m[INFO] [1786453606.705623311]:  [0m
[0m[INFO] [1786453606.713216153]: Device with serial number 234222302617 was found.
[0m
[0m[INFO] [1786453606.713241805]: Device with physical ID /sys/devices/pci0000:00/0000:00:14.0/usb2/2-3/2-3:1.0/video4linux/video0 was found.[0m
[0m[INFO] [1786453606.713249367]: Device with name Intel RealSense D455 was found.[0m
[0m[INFO] [1786453606.713456107]: Device with port number 2-3 was found.[0m
[0m[INFO] [1786453606.713476771]: Device USB type: 3.2[0m
[0m[INFO] [1786453606.714930769]: getParameters...[0m
[0m[INFO] [1786453606.744265587]: setupDevice...[0m
[0m[INFO] [1786453606.744292064]: JSON file is not provided[0m
[0m[INFO] [1786453606.744302762]: ROS Node Namespace: camera_imu[0m
[0m[INFO] [1786453606.744315677]: Device Name: Intel RealSense D455[0m
[0m[INFO] [1786453606.744324708]: Device Serial No: 234222302617[0m
[0m[INFO] [1786453606.744335078]: Device physical port: /sys/devices/pci0000:00/0000:00:14.0/usb2/2-3/2-3:1.0/video4linux/video0[0m
[0m[INFO] [1786453606.744344593]: Device FW version: 5.17.3.10[0m
[0m[INFO] [1786453606.744354464]: Device Product ID: 0x0B5C[0m
[0m[INFO] [1786453606.744363271]: Enable PointCloud: Off[0m
[0m[INFO] [1786453606.744372181]: Align Depth: Off[0m
[0m[INFO] [1786453606.744381333]: Sync Mode: Off[0m
[0m[INFO] [1786453606.744409761]: Device Sensors: [0m
[0m[INFO] [1786453606.749738102]: Stereo Module was found.[0m
[0m[INFO] [1786453606.757668732]: RGB Camera was found.[0m
[0m[INFO] [1786453606.757973356]: Motion Module was found.[0m
[0m[INFO] [1786453606.758030700]: num_filters: 0[0m
[0m[INFO] [1786453606.758064087]: Setting Dynamic reconfig parameters.[0m
[0m[INFO] [1786453606.817230484]: Done Setting Dynamic reconfig parameters.[0m
[0m[INFO] [1786453606.817415118]: gyro stream is enabled - fps: 200[0m
[0m[INFO] [1786453606.817450346]: accel stream is enabled - fps: 100[0m
[0m[INFO] [1786453606.817481235]: setupPublishers...[0m
[0m[INFO] [1786453606.827172572]: setupStreams...[0m
 11/08 13:06:46,827 WARNING [140585837090560] (ds-calib-parsers.cpp:35) IMU Calibration is not available, default intrinsic and extrinsic will be used.
[0m[INFO] [1786453606.830812814]: SELECTED BASE:Depth, 0[0m
[0m[INFO] [1786453606.834164120]: RealSense Node Is Up![0m
[33m[WARN] [1786453606.936768048]: [0m
D455 motion stream ready: /camera_imu/gyro/sample + /camera_imu/accel/sample
[0m[INFO] [1786453609.974150546]: Initializing nodelet with 32 worker threads.[0m
[0m[INFO] [1786453610.030814656]: RealSense ROS v2.3.2[0m
[0m[INFO] [1786453610.030831995]: Built with LibRealSense v2.55.1[0m
[0m[INFO] [1786453610.030837098]: Running with LibRealSense v2.55.1[0m
[0m[INFO] [1786453610.049909118]:  [0m
[0m[INFO] [1786453610.056762434]: Device with serial number 234222302617 was found.
[0m
[0m[INFO] [1786453610.056782818]: Device with physical ID /sys/devices/pci0000:00/0000:00:14.0/usb2/2-3/2-3:1.0/video4linux/video0 was found.[0m
[0m[INFO] [1786453610.056791791]: Device with name Intel RealSense D455 was found.[0m
[0m[INFO] [1786453610.056986423]: Device with port number 2-3 was found.[0m
[0m[INFO] [1786453610.057008263]: Device USB type: 3.2[0m
[0m[INFO] [1786453610.058184823]: getParameters...[0m
[0m[INFO] [1786453610.081307996]: setupDevice...[0m
[0m[INFO] [1786453610.081333846]: JSON file is not provided[0m
[0m[INFO] [1786453610.081344773]: ROS Node Namespace: camera[0m
[0m[INFO] [1786453610.081357181]: Device Name: Intel RealSense D455[0m
[0m[INFO] [1786453610.081367995]: Device Serial No: 234222302617[0m
[0m[INFO] [1786453610.081379241]: Device physical port: /sys/devices/pci0000:00/0000:00:14.0/usb2/2-3/2-3:1.0/video4linux/video0[0m
[0m[INFO] [1786453610.081391091]: Device FW version: 5.17.3.10[0m
[0m[INFO] [1786453610.081400481]: Device Product ID: 0x0B5C[0m
[0m[INFO] [1786453610.081409573]: Enable PointCloud: On[0m
[0m[INFO] [1786453610.081418844]: Align Depth: On[0m
[0m[INFO] [1786453610.081427647]: Sync Mode: On[0m
[0m[INFO] [1786453610.081463862]: Device Sensors: [0m
[0m[INFO] [1786453610.087251644]: Stereo Module was found.[0m
[0m[INFO] [1786453610.090786165]: RGB Camera was found.[0m
[0m[INFO] [1786453610.090915236]: Motion Module was found.[0m
[0m[INFO] [1786453610.090953460]: Add Filter: pointcloud[0m
[0m[INFO] [1786453610.091015609]: num_filters: 2[0m
[0m[INFO] [1786453610.091028776]: Setting Dynamic reconfig parameters.[0m
[0m[INFO] [1786453610.130047811]: Done Setting Dynamic reconfig parameters.[0m
[0m[INFO] [1786453610.130445474]: depth stream is enabled - width: 640, height: 480, fps: 5, Format: Z16[0m
[0m[INFO] [1786453610.130781655]: color stream is enabled - width: 640, height: 480, fps: 15, Format: RGB8[0m
[0m[INFO] [1786453610.131565547]: setupPublishers...[0m
[0m[INFO] [1786453610.132847258]: Expected frequency for depth = 5.00000[0m
[0m[INFO] [1786453610.168908547]: Expected frequency for color = 15.00000[0m
[0m[INFO] [1786453610.184757175]: Expected frequency for aligned_depth_to_color = 15.00000[0m
[0m[INFO] [1786453610.202841187]: setupStreams...[0m
[0m[INFO] [1786453610.233291001]: SELECTED BASE:Depth, 0[0m
[0m[INFO] [1786453610.238165629]: RealSense Node Is Up![0m
[33m[WARN] [1786453610.814216606]: [0m
[0m[INFO] [1786453610.825260979]: publishing unordered pointcloud.[0m
[INFO] [1786453610.142390]: RGB-D vision status: starting:model_loading
[INFO] [1786453610.247287]: Loaded ONNX citrus model /home/catas/elfin_citrus_data/models/yolo26n_seg_converged_20260806/yolo26n_citrus_tree_best.onnx; classes={0: 'citrus', 1: 'tree'}; providers=['CPUExecutionProvider']
[INFO] [1786453610.248540]: Citrus model loading finished in 0.10 s: model_ready:onnxruntime
[INFO] [1786453622.971069]: RGB-D vision status: model_ready:onnxruntime targets:1 depth:1 tf:1 semantic_masks:4
[INFO] [1786453628.843379]: RGB-D vision status: model_ready:onnxruntime targets:1 depth:1 tf:1 semantic_masks:3
[INFO] [1786453634.278996]: RGB-D vision status: model_ready:onnxruntime targets:1 depth:1 tf:1 semantic_masks:1
[INFO] [1786453639.941799]: RGB-D vision status: model_ready:onnxruntime targets:2 depth:2 tf:2 semantic_masks:3
[INFO] [1786453646.077910]: RGB-D vision status: model_ready:onnxruntime targets:1 depth:0 tf:0 semantic_masks:2
[INFO] [1786453651.079905]: RGB-D vision status: model_ready:onnxruntime targets:1 depth:1 tf:1 semantic_masks:2
[INFO] [1786453657.068065]: RGB-D vision status: model_ready:onnxruntime targets:0 depth:0 tf:0 semantic_masks:1
[INFO] [1786453664.001588]: RGB-D vision status: model_ready:onnxruntime targets:2 depth:2 tf:2 semantic_masks:3
[INFO] [1786453669.053087]: RGB-D vision status: model_ready:onnxruntime targets:0 depth:0 tf:0 semantic_masks:1
[INFO] [1786453675.750569]: RGB-D vision status: model_ready:onnxruntime targets:1 depth:1 tf:1 semantic_masks:3
[INFO] [1786453680.809757]: RGB-D vision status: model_ready:onnxruntime targets:1 depth:1 tf:1 semantic_masks:2
[INFO] [1786453688.221725]: RGB-D vision status: model_ready:onnxruntime targets:1 depth:1 tf:1 semantic_masks:3
[INFO] [1786453693.748988]: RGB-D vision status: model_ready:onnxruntime targets:1 depth:1 tf:1 semantic_masks:3
[INFO] [1786453698.912266]: RGB-D vision status: model_ready:onnxruntime targets:1 depth:1 tf:1 semantic_masks:3
[INFO] [1786453704.381439]: RGB-D vision status: model_ready:onnxruntime targets:1 depth:1 tf:1 semantic_masks:3
[INFO] [1786453712.490159]: RGB-D vision status: model_ready:onnxruntime targets:1 depth:1 tf:1 semantic_masks:3
... logging to /home/catas/.ros/log/12968b68-9567-11f1-a517-c4c6e661f1ab/roslaunch-catas-31747.log
Checking log directory for disk usage. This may take a while.
Press Ctrl-C to interrupt
Done checking log file disk usage. Usage is <1GB.
]2;/home/catas/ros_ws/src/elfin_vision/launch/citrus_imu.launch
[1mstarted roslaunch server http://127.0.0.1:42061/[0m

SUMMARY
========

PARAMETERS
 * /camera_imu/realsense2_camera/accel_fps: 100
 * /camera_imu/realsense2_camera/accel_frame_id: camera_accel_frame
 * /camera_imu/realsense2_camera/accel_optical_frame_id: camera_accel_opti...
 * /camera_imu/realsense2_camera/align_depth: False
 * /camera_imu/realsense2_camera/aligned_depth_to_color_frame_id: camera_aligned_de...
 * /camera_imu/realsense2_camera/aligned_depth_to_fisheye1_frame_id: camera_aligned_de...
 * /camera_imu/realsense2_camera/aligned_depth_to_fisheye2_frame_id: camera_aligned_de...
 * /camera_imu/realsense2_camera/aligned_depth_to_fisheye_frame_id: camera_aligned_de...
 * /camera_imu/realsense2_camera/aligned_depth_to_infra1_frame_id: camera_aligned_de...
 * /camera_imu/realsense2_camera/aligned_depth_to_infra2_frame_id: camera_aligned_de...
 * /camera_imu/realsense2_camera/allow_no_texture_points: False
 * /camera_imu/realsense2_camera/base_frame_id: camera_link
 * /camera_imu/realsense2_camera/calib_odom_file: 
 * /camera_imu/realsense2_camera/clip_distance: -2.0
 * /camera_imu/realsense2_camera/color_fps: -1
 * /camera_imu/realsense2_camera/color_frame_id: camera_color_frame
 * /camera_imu/realsense2_camera/color_height: -1
 * /camera_imu/realsense2_camera/color_optical_frame_id: camera_color_opti...
 * /camera_imu/realsense2_camera/color_width: -1
 * /camera_imu/realsense2_camera/confidence_fps: -1
 * /camera_imu/realsense2_camera/confidence_height: -1
 * /camera_imu/realsense2_camera/confidence_width: -1
 * /camera_imu/realsense2_camera/depth_fps: -1
 * /camera_imu/realsense2_camera/depth_frame_id: camera_depth_frame
 * /camera_imu/realsense2_camera/depth_height: -1
 * /camera_imu/realsense2_camera/depth_optical_frame_id: camera_depth_opti...
 * /camera_imu/realsense2_camera/depth_width: -1
 * /camera_imu/realsense2_camera/device_type: d455
 * /camera_imu/realsense2_camera/enable_accel: True
 * /camera_imu/realsense2_camera/enable_color: False
 * /camera_imu/realsense2_camera/enable_confidence: False
 * /camera_imu/realsense2_camera/enable_depth: False
 * /camera_imu/realsense2_camera/enable_fisheye1: False
 * /camera_imu/realsense2_camera/enable_fisheye2: False
 * /camera_imu/realsense2_camera/enable_fisheye: False
 * /camera_imu/realsense2_camera/enable_gyro: True
 * /camera_imu/realsense2_camera/enable_infra1: False
 * /camera_imu/realsense2_camera/enable_infra2: False
 * /camera_imu/realsense2_camera/enable_infra: False
 * /camera_imu/realsense2_camera/enable_pointcloud: False
 * /camera_imu/realsense2_camera/enable_pose: False
 * /camera_imu/realsense2_camera/enable_sync: False
 * /camera_imu/realsense2_camera/filters: 
 * /camera_imu/realsense2_camera/fisheye1_frame_id: camera_fisheye1_f...
 * /camera_imu/realsense2_camera/fisheye1_optical_frame_id: camera_fisheye1_o...
 * /camera_imu/realsense2_camera/fisheye2_frame_id: camera_fisheye2_f...
 * /camera_imu/realsense2_camera/fisheye2_optical_frame_id: camera_fisheye2_o...
 * /camera_imu/realsense2_camera/fisheye_fps: -1
 * /camera_imu/realsense2_camera/fisheye_frame_id: camera_fisheye_frame
 * /camera_imu/realsense2_camera/fisheye_height: -1
 * /camera_imu/realsense2_camera/fisheye_optical_frame_id: camera_fisheye_op...
 * /camera_imu/realsense2_camera/fisheye_width: -1
 * /camera_imu/realsense2_camera/gyro_fps: 200
 * /camera_imu/realsense2_camera/gyro_frame_id: camera_gyro_frame
 * /camera_imu/realsense2_camera/gyro_optical_frame_id: camera_gyro_optic...
 * /camera_imu/realsense2_camera/imu_optical_frame_id: camera_imu_optica...
 * /camera_imu/realsense2_camera/infra1_frame_id: camera_infra1_frame
 * /camera_imu/realsense2_camera/infra1_optical_frame_id: camera_infra1_opt...
 * /camera_imu/realsense2_camera/infra2_frame_id: camera_infra2_frame
 * /camera_imu/realsense2_camera/infra2_optical_frame_id: camera_infra2_opt...
 * /camera_imu/realsense2_camera/infra_fps: 30
 * /camera_imu/realsense2_camera/infra_height: 480
 * /camera_imu/realsense2_camera/infra_rgb: False
 * /camera_imu/realsense2_camera/infra_width: 848
 * /camera_imu/realsense2_camera/initial_reset: False
 * /camera_imu/realsense2_camera/json_file_path: 
 * /camera_imu/realsense2_camera/linear_accel_cov: 0.01
 * /camera_imu/realsense2_camera/odom_frame_id: camera_odom_frame
 * /camera_imu/realsense2_camera/ordered_pc: False
 * /camera_imu/realsense2_camera/pointcloud_texture_index: 0
 * /camera_imu/realsense2_camera/pointcloud_texture_stream: RS2_STREAM_COLOR
 * /camera_imu/realsense2_camera/pose_frame_id: camera_pose_frame
 * /camera_imu/realsense2_camera/pose_optical_frame_id: camera_pose_optic...
 * /camera_imu/realsense2_camera/publish_odom_tf: True
 * /camera_imu/realsense2_camera/publish_tf: False
 * /camera_imu/realsense2_camera/reconnect_timeout: 10.0
 * /camera_imu/realsense2_camera/rosbag_filename: 
 * /camera_imu/realsense2_camera/serial_no: 234222302617
 * /camera_imu/realsense2_camera/stereo_module/exposure/1: 7500
 * /camera_imu/realsense2_camera/stereo_module/exposure/2: 1
 * /camera_imu/realsense2_camera/stereo_module/gain/1: 16
 * /camera_imu/realsense2_camera/stereo_module/gain/2: 16
 * /camera_imu/realsense2_camera/tf_publish_rate: 0.0
 * /camera_imu/realsense2_camera/topic_odom_in: odom_in
 * /camera_imu/realsense2_camera/unite_imu_method: none
 * /camera_imu/realsense2_camera/usb_port_id: 2-3
 * /camera_imu/realsense2_camera/wait_for_device_timeout: 15.0
 * /rosdistro: noetic
 * /rosversion: 1.17.4

NODES
  /camera_imu/
    realsense2_camera (nodelet/nodelet)
    realsense2_camera_imu_manager (nodelet/nodelet)

[1mROS_MASTER_URI=http://127.0.0.1:11311[0m
]2;/home/catas/ros_ws/src/elfin_vision/launch/citrus_imu.launch http://127.0.0.1:11311
[1mprocess[camera_imu/realsense2_camera_imu_manager-1]: started with pid [31871][0m
[1mprocess[camera_imu/realsense2_camera-2]: started with pid [31872][0m
[camera_imu/realsense2_camera-2] killing on exit
[camera_imu/realsense2_camera_imu_manager-1] killing on exit
shutting down processing monitor...
... shutting down processing monitor complete
[1mdone[0m
