Starting isolated D455 motion stream without reset.
[0m[INFO] [1786355569.535175383]: Initializing nodelet with 32 worker threads.[0m
[0m[INFO] [1786355569.594054171]: RealSense ROS v2.3.2[0m
[0m[INFO] [1786355569.594070662]: Built with LibRealSense v2.55.1[0m
[0m[INFO] [1786355569.594075998]: Running with LibRealSense v2.55.1[0m
[0m[INFO] [1786355569.616145868]:  [0m
[0m[INFO] [1786355569.628007045]: Device with serial number 234222302617 was found.
[0m
[0m[INFO] [1786355569.628037041]: Device with physical ID /sys/devices/pci0000:00/0000:00:14.0/usb2/2-3/2-3:1.0/video4linux/video0 was found.[0m
[0m[INFO] [1786355569.628054222]: Device with name Intel RealSense D455 was found.[0m
[0m[INFO] [1786355569.628302181]: Device with port number 2-3 was found.[0m
[0m[INFO] [1786355569.628334281]: Device USB type: 3.2[0m
[0m[INFO] [1786355569.629366952]: getParameters...[0m
[0m[INFO] [1786355569.659174034]: setupDevice...[0m
[0m[INFO] [1786355569.659194386]: JSON file is not provided[0m
[0m[INFO] [1786355569.659204333]: ROS Node Namespace: camera_imu[0m
[0m[INFO] [1786355569.659216548]: Device Name: Intel RealSense D455[0m
[0m[INFO] [1786355569.659225684]: Device Serial No: 234222302617[0m
[0m[INFO] [1786355569.659237373]: Device physical port: /sys/devices/pci0000:00/0000:00:14.0/usb2/2-3/2-3:1.0/video4linux/video0[0m
[0m[INFO] [1786355569.659247809]: Device FW version: 5.17.3.10[0m
[0m[INFO] [1786355569.659259466]: Device Product ID: 0x0B5C[0m
[0m[INFO] [1786355569.659267770]: Enable PointCloud: Off[0m
[0m[INFO] [1786355569.659276346]: Align Depth: Off[0m
[0m[INFO] [1786355569.659285102]: Sync Mode: Off[0m
[0m[INFO] [1786355569.659312780]: Device Sensors: [0m
[0m[INFO] [1786355569.664841542]: Stereo Module was found.[0m
[0m[INFO] [1786355569.670290423]: RGB Camera was found.[0m
[0m[INFO] [1786355569.670463204]: Motion Module was found.[0m
[0m[INFO] [1786355569.670492572]: num_filters: 0[0m
[0m[INFO] [1786355569.670509894]: Setting Dynamic reconfig parameters.[0m
[0m[INFO] [1786355569.729264486]: Done Setting Dynamic reconfig parameters.[0m
[0m[INFO] [1786355569.729390647]: gyro stream is enabled - fps: 200[0m
[0m[INFO] [1786355569.729402322]: accel stream is enabled - fps: 100[0m
[0m[INFO] [1786355569.729420044]: setupPublishers...[0m
[0m[INFO] [1786355569.731084428]: setupStreams...[0m
 10/08 09:52:49,731 WARNING [140604496754432] (ds-calib-parsers.cpp:35) IMU Calibration is not available, default intrinsic and extrinsic will be used.
[0m[INFO] [1786355569.734288723]: SELECTED BASE:Depth, 0[0m
[0m[INFO] [1786355569.736908650]: RealSense Node Is Up![0m
[33m[WARN] [1786355569.845238024]: [0m
D455 motion stream ready: /camera_imu/gyro/sample + /camera_imu/accel/sample
[0m[INFO] [1786355573.032277076]: Initializing nodelet with 32 worker threads.[0m
[0m[INFO] [1786355573.088107632]: RealSense ROS v2.3.2[0m
[0m[INFO] [1786355573.088126939]: Built with LibRealSense v2.55.1[0m
[0m[INFO] [1786355573.088133118]: Running with LibRealSense v2.55.1[0m
[0m[INFO] [1786355573.106103705]:  [0m
[0m[INFO] [1786355573.123534348]: Device with serial number 234222302617 was found.
[0m
[0m[INFO] [1786355573.123563322]: Device with physical ID /sys/devices/pci0000:00/0000:00:14.0/usb2/2-3/2-3:1.0/video4linux/video0 was found.[0m
[0m[INFO] [1786355573.123573010]: Device with name Intel RealSense D455 was found.[0m
[0m[INFO] [1786355573.123757251]: Device with port number 2-3 was found.[0m
[0m[INFO] [1786355573.123781485]: Device USB type: 3.2[0m
[0m[INFO] [1786355573.124768659]: getParameters...[0m
[0m[INFO] [1786355573.140565955]: setupDevice...[0m
[0m[INFO] [1786355573.140586623]: JSON file is not provided[0m
[0m[INFO] [1786355573.140596170]: ROS Node Namespace: camera[0m
[0m[INFO] [1786355573.140606163]: Device Name: Intel RealSense D455[0m
[0m[INFO] [1786355573.140617052]: Device Serial No: 234222302617[0m
[0m[INFO] [1786355573.140638702]: Device physical port: /sys/devices/pci0000:00/0000:00:14.0/usb2/2-3/2-3:1.0/video4linux/video0[0m
[0m[INFO] [1786355573.140649754]: Device FW version: 5.17.3.10[0m
[0m[INFO] [1786355573.140660672]: Device Product ID: 0x0B5C[0m
[0m[INFO] [1786355573.140670920]: Enable PointCloud: On[0m
[0m[INFO] [1786355573.140681107]: Align Depth: On[0m
[0m[INFO] [1786355573.140690873]: Sync Mode: On[0m
[0m[INFO] [1786355573.140721418]: Device Sensors: [0m
[0m[INFO] [1786355573.146477261]: Stereo Module was found.[0m
[0m[INFO] [1786355573.150561157]: RGB Camera was found.[0m
[0m[INFO] [1786355573.150743397]: Motion Module was found.[0m
[0m[INFO] [1786355573.150803014]: Add Filter: pointcloud[0m
[0m[INFO] [1786355573.150870819]: num_filters: 2[0m
[0m[INFO] [1786355573.150886889]: Setting Dynamic reconfig parameters.[0m
[0m[INFO] [1786355573.182336613]: Done Setting Dynamic reconfig parameters.[0m
[33m[WARN] [1786355573.182506283]: Given stream configuration is not supported by the device!  Stream: Depth, Stream Index: 0, Width: 640, Height: 480, FPS: 10, Format: Z16[0m
[33m[WARN] [1786355573.182521918]: Using default profile instead.[0m
[0m[INFO] [1786355573.182853571]: depth stream is enabled - width: 848, height: 480, fps: 30, Format: Z16[0m
[0m[INFO] [1786355573.183223673]: color stream is enabled - width: 640, height: 480, fps: 15, Format: RGB8[0m
[0m[INFO] [1786355573.184344882]: setupPublishers...[0m
[0m[INFO] [1786355573.185545571]: Expected frequency for depth = 30.00000[0m
[0m[INFO] [1786355573.199268484]: Expected frequency for color = 15.00000[0m
[0m[INFO] [1786355573.205340039]: Expected frequency for aligned_depth_to_color = 15.00000[0m
[0m[INFO] [1786355573.212134898]: setupStreams...[0m
[0m[INFO] [1786355573.242870273]: SELECTED BASE:Depth, 0[0m
[0m[INFO] [1786355573.251561059]: RealSense Node Is Up![0m
[33m[WARN] [1786355573.486460630]: [0m
[0m[INFO] [1786355573.497678476]: publishing unordered pointcloud.[0m
[INFO] [1786355573.330580]: RGB-D vision status: starting:model_loading
[INFO] [1786355573.432243]: Loaded ONNX citrus model /home/catas/elfin_citrus_data/models/yolo26n_seg_converged_20260806/yolo26n_citrus_tree_best.onnx; classes={0: 'citrus', 1: 'tree'}; providers=['CPUExecutionProvider']
[INFO] [1786355573.433394]: Citrus model loading finished in 0.08 s: model_ready:onnxruntime
[INFO] [1786355578.511061]: RGB-D vision status: model_ready:onnxruntime targets:1 depth:1 tf:1 semantic_masks:3
[INFO] [1786355587.517191]: RGB-D vision status: model_ready:onnxruntime targets:0 depth:0 tf:0 semantic_masks:2
[INFO] [1786355592.610667]: RGB-D vision status: model_ready:onnxruntime targets:0 depth:0 tf:0 semantic_masks:0
[INFO] [1786355597.645921]: RGB-D vision status: model_ready:onnxruntime targets:1 depth:1 tf:1 semantic_masks:3
shutdown request: [/elfin_vision/citrus_rgbd_node] Reason: new node registered with same name
 10/08 12:38:58,432 ERROR [139741136541440] (ds-options.cpp:93) Asic Temperature value is not valid!
 10/08 12:38:58,568 ERROR [139741282412288] (ds-options.cpp:93) Asic Temperature value is not valid!
 10/08 12:38:59,435 ERROR [139741136541440] (ds-options.cpp:93) Asic Temperature value is not valid!
 10/08 12:39:00,437 ERROR [139741136541440] (ds-options.cpp:93) Asic Temperature value is not valid!
 10/08 12:46:15,520 ERROR [139741136541440] (ds-options.cpp:93) Asic Temperature value is not valid!
 10/08 12:46:16,522 ERROR [139741136541440] (ds-options.cpp:93) Asic Temperature value is not valid!
 10/08 12:46:16,622 ERROR [139741282412288] (ds-options.cpp:93) Asic Temperature value is not valid!
 10/08 12:46:17,525 ERROR [139741136541440] (ds-options.cpp:93) Asic Temperature value is not valid!
 10/08 13:04:18,769 ERROR [139741282412288] (ds-options.cpp:93) Asic Temperature value is not valid!
 10/08 13:04:19,277 ERROR [139741136541440] (ds-options.cpp:93) Asic Temperature value is not valid!
 10/08 13:04:20,280 ERROR [139741136541440] (ds-options.cpp:93) Asic Temperature value is not valid!
 10/08 13:04:20,769 ERROR [139741282412288] (ds-options.cpp:93) Asic Temperature value is not valid!
 10/08 13:04:21,282 ERROR [139741136541440] (ds-options.cpp:93) Asic Temperature value is not valid!
