Starting isolated D455 motion stream without reset.
[0m[INFO] [1786495663.152142711]: Initializing nodelet with 32 worker threads.[0m
[0m[INFO] [1786495663.212698837]: RealSense ROS v2.3.2[0m
[0m[INFO] [1786495663.212718980]: Built with LibRealSense v2.55.1[0m
[0m[INFO] [1786495663.212725036]: Running with LibRealSense v2.55.1[0m
[0m[INFO] [1786495663.235849322]:  [0m
[0m[INFO] [1786495663.246415179]: Device with serial number 234222302617 was found.
[0m
[0m[INFO] [1786495663.246458468]: Device with physical ID /sys/devices/pci0000:00/0000:00:14.0/usb2/2-3/2-3:1.0/video4linux/video0 was found.[0m
[0m[INFO] [1786495663.246469218]: Device with name Intel RealSense D455 was found.[0m
[0m[INFO] [1786495663.246804156]: Device with port number 2-3 was found.[0m
[0m[INFO] [1786495663.246835745]: Device USB type: 3.2[0m
[0m[INFO] [1786495663.248900463]: getParameters...[0m
[0m[INFO] [1786495663.308656897]: setupDevice...[0m
[0m[INFO] [1786495663.308689315]: JSON file is not provided[0m
[0m[INFO] [1786495663.308707307]: ROS Node Namespace: camera_imu[0m
[0m[INFO] [1786495663.308726545]: Device Name: Intel RealSense D455[0m
[0m[INFO] [1786495663.308743322]: Device Serial No: 234222302617[0m
[0m[INFO] [1786495663.308760615]: Device physical port: /sys/devices/pci0000:00/0000:00:14.0/usb2/2-3/2-3:1.0/video4linux/video0[0m
[0m[INFO] [1786495663.308776377]: Device FW version: 5.17.3.10[0m
[0m[INFO] [1786495663.308792309]: Device Product ID: 0x0B5C[0m
[0m[INFO] [1786495663.308808036]: Enable PointCloud: Off[0m
[0m[INFO] [1786495663.308823207]: Align Depth: Off[0m
[0m[INFO] [1786495663.308838027]: Sync Mode: Off[0m
[0m[INFO] [1786495663.308875110]: Device Sensors: [0m
[0m[INFO] [1786495663.319175252]: Stereo Module was found.[0m
[0m[INFO] [1786495663.325269091]: RGB Camera was found.[0m
[0m[INFO] [1786495663.325425637]: Motion Module was found.[0m
[0m[INFO] [1786495663.325451933]: num_filters: 0[0m
[0m[INFO] [1786495663.325466725]: Setting Dynamic reconfig parameters.[0m
[0m[INFO] [1786495663.370083558]: Done Setting Dynamic reconfig parameters.[0m
[0m[INFO] [1786495663.370229975]: gyro stream is enabled - fps: 200[0m
[0m[INFO] [1786495663.370261733]: accel stream is enabled - fps: 100[0m
[0m[INFO] [1786495663.370288446]: setupPublishers...[0m
[0m[INFO] [1786495663.372829365]: setupStreams...[0m
 12/08 00:47:43,373 WARNING [139905858123520] (ds-calib-parsers.cpp:35) IMU Calibration is not available, default intrinsic and extrinsic will be used.
[0m[INFO] [1786495663.375397149]: SELECTED BASE:Depth, 0[0m
[0m[INFO] [1786495663.377512302]: RealSense Node Is Up![0m
[33m[WARN] [1786495663.484642440]: [0m
D455 motion stream ready: /camera_imu/gyro/sample + /camera_imu/accel/sample
[0m[INFO] [1786495666.583261589]: Initializing nodelet with 32 worker threads.[0m
[0m[INFO] [1786495666.633262117]: RealSense ROS v2.3.2[0m
[0m[INFO] [1786495666.633277329]: Built with LibRealSense v2.55.1[0m
[0m[INFO] [1786495666.633282639]: Running with LibRealSense v2.55.1[0m
[0m[INFO] [1786495666.651231578]:  [0m
[0m[INFO] [1786495666.658419941]: Device with serial number 234222302617 was found.
[0m
[0m[INFO] [1786495666.658438350]: Device with physical ID /sys/devices/pci0000:00/0000:00:14.0/usb2/2-3/2-3:1.0/video4linux/video0 was found.[0m
[0m[INFO] [1786495666.658448547]: Device with name Intel RealSense D455 was found.[0m
[0m[INFO] [1786495666.658610665]: Device with port number 2-3 was found.[0m
[0m[INFO] [1786495666.658631333]: Device USB type: 3.2[0m
[0m[INFO] [1786495666.659081361]: getParameters...[0m
[0m[INFO] [1786495666.676087988]: setupDevice...[0m
[0m[INFO] [1786495666.676107612]: JSON file is not provided[0m
[0m[INFO] [1786495666.676122401]: ROS Node Namespace: camera[0m
[0m[INFO] [1786495666.676134104]: Device Name: Intel RealSense D455[0m
[0m[INFO] [1786495666.676143933]: Device Serial No: 234222302617[0m
[0m[INFO] [1786495666.676155128]: Device physical port: /sys/devices/pci0000:00/0000:00:14.0/usb2/2-3/2-3:1.0/video4linux/video0[0m
[0m[INFO] [1786495666.676168913]: Device FW version: 5.17.3.10[0m
[0m[INFO] [1786495666.676178919]: Device Product ID: 0x0B5C[0m
[0m[INFO] [1786495666.676188191]: Enable PointCloud: On[0m
[0m[INFO] [1786495666.676196739]: Align Depth: On[0m
[0m[INFO] [1786495666.676206227]: Sync Mode: On[0m
[0m[INFO] [1786495666.676236117]: Device Sensors: [0m
[0m[INFO] [1786495666.679034311]: Stereo Module was found.[0m
[0m[INFO] [1786495666.680949517]: RGB Camera was found.[0m
[0m[INFO] [1786495666.681018603]: Motion Module was found.[0m
[0m[INFO] [1786495666.681041686]: Add Filter: pointcloud[0m
[0m[INFO] [1786495666.681072200]: num_filters: 2[0m
[0m[INFO] [1786495666.681078401]: Setting Dynamic reconfig parameters.[0m
[0m[INFO] [1786495666.720787934]: Done Setting Dynamic reconfig parameters.[0m
[0m[INFO] [1786495666.721062448]: depth stream is enabled - width: 640, height: 480, fps: 5, Format: Z16[0m
[0m[INFO] [1786495666.721280049]: color stream is enabled - width: 640, height: 480, fps: 15, Format: RGB8[0m
[0m[INFO] [1786495666.721805977]: setupPublishers...[0m
[0m[INFO] [1786495666.722572647]: Expected frequency for depth = 5.00000[0m
[0m[INFO] [1786495666.753008943]: Expected frequency for color = 15.00000[0m
[0m[INFO] [1786495666.767275930]: Expected frequency for aligned_depth_to_color = 15.00000[0m
[0m[INFO] [1786495666.779341692]: setupStreams...[0m
[0m[INFO] [1786495666.810424031]: SELECTED BASE:Depth, 0[0m
[0m[INFO] [1786495666.815150050]: RealSense Node Is Up![0m
[33m[WARN] [1786495667.391858376]: [0m
[0m[INFO] [1786495667.399992477]: publishing unordered pointcloud.[0m
 12/08 01:00:36,745 ERROR [140676707919616] (ds-options.cpp:93) Asic Temperature value is not valid!
 12/08 01:00:36,911 ERROR [140676855478016] (ds-options.cpp:93) Asic Temperature value is not valid!
 12/08 01:00:37,748 ERROR [140676707919616] (ds-options.cpp:93) Asic Temperature value is not valid!
 12/08 01:00:38,750 ERROR [140676707919616] (ds-options.cpp:93) Asic Temperature value is not valid!
 12/08 01:00:38,911 ERROR [140676855478016] (ds-options.cpp:93) Asic Temperature value is not valid!
[INFO] [1786495666.938533]: RGB-D vision status: starting:model_loading
[INFO] [1786495667.049736]: Loaded ONNX citrus model /home/catas/elfin_citrus_data/models/yolo26n_seg_converged_20260806/yolo26n_citrus_tree_best.onnx; classes={0: 'citrus', 1: 'tree'}; providers=['CPUExecutionProvider']
[INFO] [1786495667.051631]: Citrus model loading finished in 0.09 s: model_ready:onnxruntime
[INFO] [1786495844.872537]: RGB-D vision status: model_ready:onnxruntime targets:1 depth:1 tf:1 semantic_masks:4
[INFO] [1786495863.294164]: RGB-D vision status: model_ready:onnxruntime targets:1 depth:1 tf:1 semantic_masks:2
[INFO] [1786495870.078234]: RGB-D vision status: model_ready:onnxruntime targets:1 depth:1 tf:1 semantic_masks:2
[INFO] [1786495940.091545]: RGB-D vision status: model_ready:onnxruntime targets:1 depth:1 tf:1 semantic_masks:4
[INFO] [1786495957.526753]: RGB-D vision status: model_ready:onnxruntime targets:1 depth:1 tf:1 semantic_masks:4
[INFO] [1786496023.504039]: RGB-D vision status: model_ready:onnxruntime targets:1 depth:1 tf:1 semantic_masks:4
[INFO] [1786496034.507144]: RGB-D vision status: model_ready:onnxruntime targets:1 depth:1 tf:1 semantic_masks:4
[INFO] [1786496084.138881]: RGB-D vision status: model_ready:onnxruntime targets:1 depth:1 tf:1 semantic_masks:4
[INFO] [1786496091.693407]: RGB-D vision status: model_ready:onnxruntime targets:1 depth:1 tf:1 semantic_masks:2
[INFO] [1786496123.108663]: RGB-D vision status: model_ready:onnxruntime targets:1 depth:1 tf:1 semantic_masks:4
[INFO] [1786496143.889152]: RGB-D vision status: model_ready:onnxruntime targets:1 depth:1 tf:1 semantic_masks:2
[INFO] [1786496173.869613]: RGB-D vision status: model_ready:onnxruntime targets:1 depth:1 tf:1 semantic_masks:4
[INFO] [1786496183.687602]: RGB-D vision status: model_ready:onnxruntime targets:1 depth:1 tf:1 semantic_masks:4
[INFO] [1786496363.873595]: RGB-D vision status: model_ready:onnxruntime targets:1 depth:1 tf:1 semantic_masks:4
[INFO] [1786496417.054159]: RGB-D vision status: model_ready:onnxruntime targets:1 depth:1 tf:1 semantic_masks:4
[INFO] [1786496503.857830]: RGB-D vision status: model_ready:onnxruntime targets:1 depth:1 tf:1 semantic_masks:4
[INFO] [1786496509.262742]: RGB-D vision status: model_ready:onnxruntime targets:1 depth:1 tf:1 semantic_masks:4
[INFO] [1786496535.861987]: RGB-D vision status: model_ready:onnxruntime targets:1 depth:1 tf:1 semantic_masks:4
[INFO] [1786496544.234460]: RGB-D vision status: model_ready:onnxruntime targets:1 depth:1 tf:1 semantic_masks:2
[INFO] [1786496624.244704]: RGB-D vision status: model_ready:onnxruntime targets:1 depth:1 tf:1 semantic_masks:4
... logging to /home/catas/.ros/log/28eebb68-95e6-11f1-bce8-c4c6e661f1ab/roslaunch-catas-27610.log
Checking log directory for disk usage. This may take a while.
Press Ctrl-C to interrupt
Done checking log file disk usage. Usage is <1GB.
]2;/home/catas/ros_ws/src/elfin_vision/launch/citrus_imu.launch
[1mstarted roslaunch server http://127.0.0.1:35531/[0m

SUMMARY
========

PARAMETERS
 * /camera_imu/realsense2_camera/accel_fps: 100
 * /camera_imu/realsense2_camera/accel_frame_id: camera_accel_frame
 * /camera_imu/realsense2_camera/accel_optical_frame_id: camera_accel_opti...
 * /camera_imu/realsense2_camera/align_depth: False
 * /camera_imu/realsense2_camera/aligned_depth_to_color_frame_id: camera_aligned_de...
 * /camera_imu/realsense2_camera/aligned_depth_to_fisheye1_frame_id: camera_aligned_de...
 * /camera_imu/realsense2_camera/aligned_depth_to_fisheye2_frame_id: camera_aligned_de...
 * /camera_imu/realsense2_camera/aligned_depth_to_fisheye_frame_id: camera_aligned_de...
 * /camera_imu/realsense2_camera/aligned_depth_to_infra1_frame_id: camera_aligned_de...
 * /camera_imu/realsense2_camera/aligned_depth_to_infra2_frame_id: camera_aligned_de...
 * /camera_imu/realsense2_camera/allow_no_texture_points: False
 * /camera_imu/realsense2_camera/base_frame_id: camera_link
 * /camera_imu/realsense2_camera/calib_odom_file: 
 * /camera_imu/realsense2_camera/clip_distance: -2.0
 * /camera_imu/realsense2_camera/color_fps: -1
 * /camera_imu/realsense2_camera/color_frame_id: camera_color_frame
 * /camera_imu/realsense2_camera/color_height: -1
 * /camera_imu/realsense2_camera/color_optical_frame_id: camera_color_opti...
 * /camera_imu/realsense2_camera/color_width: -1
 * /camera_imu/realsense2_camera/confidence_fps: -1
 * /camera_imu/realsense2_camera/confidence_height: -1
 * /camera_imu/realsense2_camera/confidence_width: -1
 * /camera_imu/realsense2_camera/depth_fps: -1
 * /camera_imu/realsense2_camera/depth_frame_id: camera_depth_frame
 * /camera_imu/realsense2_camera/depth_height: -1
 * /camera_imu/realsense2_camera/depth_optical_frame_id: camera_depth_opti...
 * /camera_imu/realsense2_camera/depth_width: -1
 * /camera_imu/realsense2_camera/device_type: d455
 * /camera_imu/realsense2_camera/enable_accel: True
 * /camera_imu/realsense2_camera/enable_color: False
 * /camera_imu/realsense2_camera/enable_confidence: False
 * /camera_imu/realsense2_camera/enable_depth: False
 * /camera_imu/realsense2_camera/enable_fisheye1: False
 * /camera_imu/realsense2_camera/enable_fisheye2: False
 * /camera_imu/realsense2_camera/enable_fisheye: False
 * /camera_imu/realsense2_camera/enable_gyro: True
 * /camera_imu/realsense2_camera/enable_infra1: False
 * /camera_imu/realsense2_camera/enable_infra2: False
 * /camera_imu/realsense2_camera/enable_infra: False
 * /camera_imu/realsense2_camera/enable_pointcloud: False
 * /camera_imu/realsense2_camera/enable_pose: False
 * /camera_imu/realsense2_camera/enable_sync: False
 * /camera_imu/realsense2_camera/filters: 
 * /camera_imu/realsense2_camera/fisheye1_frame_id: camera_fisheye1_f...
 * /camera_imu/realsense2_camera/fisheye1_optical_frame_id: camera_fisheye1_o...
 * /camera_imu/realsense2_camera/fisheye2_frame_id: camera_fisheye2_f...
 * /camera_imu/realsense2_camera/fisheye2_optical_frame_id: camera_fisheye2_o...
 * /camera_imu/realsense2_camera/fisheye_fps: -1
 * /camera_imu/realsense2_camera/fisheye_frame_id: camera_fisheye_frame
 * /camera_imu/realsense2_camera/fisheye_height: -1
 * /camera_imu/realsense2_camera/fisheye_optical_frame_id: camera_fisheye_op...
 * /camera_imu/realsense2_camera/fisheye_width: -1
 * /camera_imu/realsense2_camera/gyro_fps: 200
 * /camera_imu/realsense2_camera/gyro_frame_id: camera_gyro_frame
 * /camera_imu/realsense2_camera/gyro_optical_frame_id: camera_gyro_optic...
 * /camera_imu/realsense2_camera/imu_optical_frame_id: camera_imu_optica...
 * /camera_imu/realsense2_camera/infra1_frame_id: camera_infra1_frame
 * /camera_imu/realsense2_camera/infra1_optical_frame_id: camera_infra1_opt...
 * /camera_imu/realsense2_camera/infra2_frame_id: camera_infra2_frame
 * /camera_imu/realsense2_camera/infra2_optical_frame_id: camera_infra2_opt...
 * /camera_imu/realsense2_camera/infra_fps: 30
 * /camera_imu/realsense2_camera/infra_height: 480
 * /camera_imu/realsense2_camera/infra_rgb: False
 * /camera_imu/realsense2_camera/infra_width: 848
 * /camera_imu/realsense2_camera/initial_reset: False
 * /camera_imu/realsense2_camera/json_file_path: 
 * /camera_imu/realsense2_camera/linear_accel_cov: 0.01
 * /camera_imu/realsense2_camera/odom_frame_id: camera_odom_frame
 * /camera_imu/realsense2_camera/ordered_pc: False
 * /camera_imu/realsense2_camera/pointcloud_texture_index: 0
 * /camera_imu/realsense2_camera/pointcloud_texture_stream: RS2_STREAM_COLOR
 * /camera_imu/realsense2_camera/pose_frame_id: camera_pose_frame
 * /camera_imu/realsense2_camera/pose_optical_frame_id: camera_pose_optic...
 * /camera_imu/realsense2_camera/publish_odom_tf: True
 * /camera_imu/realsense2_camera/publish_tf: False
 * /camera_imu/realsense2_camera/reconnect_timeout: 10.0
 * /camera_imu/realsense2_camera/rosbag_filename: 
 * /camera_imu/realsense2_camera/serial_no: 234222302617
 * /camera_imu/realsense2_camera/stereo_module/exposure/1: 7500
 * /camera_imu/realsense2_camera/stereo_module/exposure/2: 1
 * /camera_imu/realsense2_camera/stereo_module/gain/1: 16
 * /camera_imu/realsense2_camera/stereo_module/gain/2: 16
 * /camera_imu/realsense2_camera/tf_publish_rate: 0.0
 * /camera_imu/realsense2_camera/topic_odom_in: odom_in
 * /camera_imu/realsense2_camera/unite_imu_method: none
 * /camera_imu/realsense2_camera/usb_port_id: 2-3
 * /camera_imu/realsense2_camera/wait_for_device_timeout: 15.0
 * /rosdistro: noetic
 * /rosversion: 1.17.4

NODES
  /camera_imu/
    realsense2_camera (nodelet/nodelet)
    realsense2_camera_imu_manager (nodelet/nodelet)

[1mROS_MASTER_URI=http://127.0.0.1:11311[0m
]2;/home/catas/ros_ws/src/elfin_vision/launch/citrus_imu.launch http://127.0.0.1:11311
[1mprocess[camera_imu/realsense2_camera_imu_manager-1]: started with pid [27723][0m
[1mprocess[camera_imu/realsense2_camera-2]: started with pid [27724][0m
[camera_imu/realsense2_camera-2] killing on exit
[camera_imu/realsense2_camera_imu_manager-1] killing on exit
shutting down processing monitor...
... shutting down processing monitor complete
[1mdone[0m
