Starting isolated D455 motion stream without reset.
[0m[INFO] [1786440565.264631198]: Initializing nodelet with 32 worker threads.[0m
[0m[INFO] [1786440565.320034171]: RealSense ROS v2.3.2[0m
[0m[INFO] [1786440565.320049842]: Built with LibRealSense v2.55.1[0m
[0m[INFO] [1786440565.320054823]: Running with LibRealSense v2.55.1[0m
[0m[INFO] [1786440565.339155583]:  [0m
[0m[INFO] [1786440565.343690701]: Device with serial number 234222302617 was found.
[0m
[0m[INFO] [1786440565.343707611]: Device with physical ID /sys/devices/pci0000:00/0000:00:14.0/usb2/2-3/2-3:1.0/video4linux/video0 was found.[0m
[0m[INFO] [1786440565.343711560]: Device with name Intel RealSense D455 was found.[0m
[0m[INFO] [1786440565.343825008]: Device with port number 2-3 was found.[0m
[0m[INFO] [1786440565.343835619]: Device USB type: 3.2[0m
[0m[INFO] [1786440565.345384574]: getParameters...[0m
[0m[INFO] [1786440565.388642592]: setupDevice...[0m
[0m[INFO] [1786440565.388683350]: JSON file is not provided[0m
[0m[INFO] [1786440565.388702977]: ROS Node Namespace: camera_imu[0m
[0m[INFO] [1786440565.388724183]: Device Name: Intel RealSense D455[0m
[0m[INFO] [1786440565.388740559]: Device Serial No: 234222302617[0m
[0m[INFO] [1786440565.388761580]: Device physical port: /sys/devices/pci0000:00/0000:00:14.0/usb2/2-3/2-3:1.0/video4linux/video0[0m
[0m[INFO] [1786440565.388784112]: Device FW version: 5.17.3.10[0m
[0m[INFO] [1786440565.388805555]: Device Product ID: 0x0B5C[0m
[0m[INFO] [1786440565.388821900]: Enable PointCloud: Off[0m
[0m[INFO] [1786440565.388837756]: Align Depth: Off[0m
[0m[INFO] [1786440565.388869573]: Sync Mode: Off[0m
[0m[INFO] [1786440565.388913388]: Device Sensors: [0m
[0m[INFO] [1786440565.398900118]: Stereo Module was found.[0m
[0m[INFO] [1786440565.404946729]: RGB Camera was found.[0m
[0m[INFO] [1786440565.405172082]: Motion Module was found.[0m
[0m[INFO] [1786440565.405202273]: num_filters: 0[0m
[0m[INFO] [1786440565.405214936]: Setting Dynamic reconfig parameters.[0m
[0m[INFO] [1786440565.439866724]: Done Setting Dynamic reconfig parameters.[0m
[0m[INFO] [1786440565.440053226]: gyro stream is enabled - fps: 200[0m
[0m[INFO] [1786440565.440092173]: accel stream is enabled - fps: 100[0m
[0m[INFO] [1786440565.440123329]: setupPublishers...[0m
[0m[INFO] [1786440565.442401677]: setupStreams...[0m
 11/08 09:29:25,442 WARNING [140466463680256] (ds-calib-parsers.cpp:35) IMU Calibration is not available, default intrinsic and extrinsic will be used.
[0m[INFO] [1786440565.444769884]: SELECTED BASE:Depth, 0[0m
[0m[INFO] [1786440565.445891353]: RealSense Node Is Up![0m
[33m[WARN] [1786440565.554106326]: [0m
D455 motion stream ready: /camera_imu/gyro/sample + /camera_imu/accel/sample
[0m[INFO] [1786440568.693949976]: Initializing nodelet with 32 worker threads.[0m
[0m[INFO] [1786440568.765045247]: RealSense ROS v2.3.2[0m
[0m[INFO] [1786440568.765069260]: Built with LibRealSense v2.55.1[0m
[0m[INFO] [1786440568.765082426]: Running with LibRealSense v2.55.1[0m
[0m[INFO] [1786440568.785578878]:  [0m
[0m[INFO] [1786440568.803754394]: Device with serial number 234222302617 was found.
[0m
[0m[INFO] [1786440568.803786610]: Device with physical ID /sys/devices/pci0000:00/0000:00:14.0/usb2/2-3/2-3:1.0/video4linux/video0 was found.[0m
[0m[INFO] [1786440568.803795934]: Device with name Intel RealSense D455 was found.[0m
[0m[INFO] [1786440568.803976643]: Device with port number 2-3 was found.[0m
[0m[INFO] [1786440568.804001247]: Device USB type: 3.2[0m
[0m[INFO] [1786440568.805357495]: getParameters...[0m
[0m[INFO] [1786440568.827636590]: setupDevice...[0m
[0m[INFO] [1786440568.827661159]: JSON file is not provided[0m
[0m[INFO] [1786440568.827671451]: ROS Node Namespace: camera[0m
[0m[INFO] [1786440568.827682831]: Device Name: Intel RealSense D455[0m
[0m[INFO] [1786440568.827691034]: Device Serial No: 234222302617[0m
[0m[INFO] [1786440568.827700685]: Device physical port: /sys/devices/pci0000:00/0000:00:14.0/usb2/2-3/2-3:1.0/video4linux/video0[0m
[0m[INFO] [1786440568.827711370]: Device FW version: 5.17.3.10[0m
[0m[INFO] [1786440568.827720261]: Device Product ID: 0x0B5C[0m
[0m[INFO] [1786440568.827727934]: Enable PointCloud: On[0m
[0m[INFO] [1786440568.827735949]: Align Depth: On[0m
[0m[INFO] [1786440568.827749356]: Sync Mode: On[0m
[0m[INFO] [1786440568.827780170]: Device Sensors: [0m
[0m[INFO] [1786440568.833048311]: Stereo Module was found.[0m
[0m[INFO] [1786440568.836574440]: RGB Camera was found.[0m
[0m[INFO] [1786440568.836711461]: Motion Module was found.[0m
[0m[INFO] [1786440568.836757306]: Add Filter: pointcloud[0m
[0m[INFO] [1786440568.836816457]: num_filters: 2[0m
[0m[INFO] [1786440568.836833261]: Setting Dynamic reconfig parameters.[0m
[0m[INFO] [1786440568.890114068]: Done Setting Dynamic reconfig parameters.[0m
[0m[INFO] [1786440568.890402480]: depth stream is enabled - width: 640, height: 480, fps: 5, Format: Z16[0m
[0m[INFO] [1786440568.890640209]: color stream is enabled - width: 640, height: 480, fps: 15, Format: RGB8[0m
[0m[INFO] [1786440568.891229884]: setupPublishers...[0m
[0m[INFO] [1786440568.892425595]: Expected frequency for depth = 5.00000[0m
[0m[INFO] [1786440568.906253109]: Expected frequency for color = 15.00000[0m
[0m[INFO] [1786440568.911420090]: Expected frequency for aligned_depth_to_color = 15.00000[0m
[0m[INFO] [1786440568.916851761]: setupStreams...[0m
[0m[INFO] [1786440568.958909655]: SELECTED BASE:Depth, 0[0m
[0m[INFO] [1786440568.969024907]: RealSense Node Is Up![0m
[33m[WARN] [1786440569.426205109]: [0m
[0m[INFO] [1786440569.572721494]: publishing unordered pointcloud.[0m
[INFO] [1786440568.999079]: RGB-D vision status: starting:model_loading
[INFO] [1786440569.087639]: Loaded ONNX citrus model /home/catas/elfin_citrus_data/models/yolo26n_seg_converged_20260806/yolo26n_citrus_tree_best.onnx; classes={0: 'citrus', 1: 'tree'}; providers=['CPUExecutionProvider']
[INFO] [1786440569.088453]: Citrus model loading finished in 0.08 s: model_ready:onnxruntime
[INFO] [1786440585.422859]: RGB-D vision status: model_ready:onnxruntime targets:0 depth:0 tf:0 semantic_masks:1
[INFO] [1786440591.242171]: RGB-D vision status: model_ready:onnxruntime targets:1 depth:1 tf:1 semantic_masks:2
[INFO] [1786440600.408333]: RGB-D vision status: model_ready:onnxruntime targets:1 depth:1 tf:1 semantic_masks:3
[INFO] [1786440607.807529]: RGB-D vision status: model_ready:onnxruntime targets:1 depth:1 tf:1 semantic_masks:3
[INFO] [1786440612.814645]: RGB-D vision status: model_ready:onnxruntime targets:3 depth:2 tf:2 semantic_masks:4
[INFO] [1786440618.223229]: RGB-D vision status: model_ready:onnxruntime targets:4 depth:4 tf:4 semantic_masks:5
[INFO] [1786440623.383624]: RGB-D vision status: model_ready:onnxruntime targets:1 depth:1 tf:1 semantic_masks:2
[INFO] [1786440628.610225]: RGB-D vision status: model_ready:onnxruntime targets:1 depth:1 tf:1 semantic_masks:3
[INFO] [1786440633.668078]: RGB-D vision status: model_ready:onnxruntime targets:2 depth:1 tf:1 semantic_masks:3
[INFO] [1786440638.746871]: RGB-D vision status: model_ready:onnxruntime targets:3 depth:1 tf:1 semantic_masks:4
[INFO] [1786440644.083049]: RGB-D vision status: model_ready:onnxruntime targets:1 depth:0 tf:0 semantic_masks:1
[INFO] [1786440649.217272]: RGB-D vision status: model_ready:onnxruntime targets:0 depth:0 tf:0 semantic_masks:1
[INFO] [1786440654.232395]: RGB-D vision status: model_ready:onnxruntime targets:1 depth:0 tf:0 semantic_masks:4
[INFO] [1786440659.300252]: RGB-D vision status: model_ready:onnxruntime targets:1 depth:1 tf:1 semantic_masks:3
[INFO] [1786440664.395975]: RGB-D vision status: model_ready:onnxruntime targets:1 depth:0 tf:0 semantic_masks:2
[INFO] [1786440669.401942]: RGB-D vision status: model_ready:onnxruntime targets:0 depth:0 tf:0 semantic_masks:2
[INFO] [1786440674.609701]: RGB-D vision status: model_ready:onnxruntime targets:4 depth:1 tf:1 semantic_masks:6
[INFO] [1786440680.013751]: RGB-D vision status: model_ready:onnxruntime targets:1 depth:1 tf:1 semantic_masks:2
[INFO] [1786440686.195428]: RGB-D vision status: model_ready:onnxruntime targets:1 depth:0 tf:0 semantic_masks:2
[INFO] [1786440691.212570]: RGB-D vision status: model_ready:onnxruntime targets:1 depth:1 tf:1 semantic_masks:2
[INFO] [1786440696.262398]: RGB-D vision status: model_ready:onnxruntime targets:1 depth:1 tf:1 semantic_masks:2
[INFO] [1786440701.537980]: RGB-D vision status: model_ready:onnxruntime targets:3 depth:3 tf:3 semantic_masks:4
[INFO] [1786440706.593072]: RGB-D vision status: model_ready:onnxruntime targets:1 depth:1 tf:1 semantic_masks:2
[INFO] [1786440711.680743]: RGB-D vision status: model_ready:onnxruntime targets:0 depth:0 tf:0 semantic_masks:0
[INFO] [1786440716.880765]: RGB-D vision status: model_ready:onnxruntime targets:2 depth:1 tf:1 semantic_masks:3
[INFO] [1786440721.951247]: RGB-D vision status: model_ready:onnxruntime targets:3 depth:0 tf:0 semantic_masks:4
[INFO] [1786440727.143468]: RGB-D vision status: model_ready:onnxruntime targets:2 depth:0 tf:0 semantic_masks:3
[INFO] [1786440734.763183]: RGB-D vision status: model_ready:onnxruntime targets:1 depth:1 tf:1 semantic_masks:2
[INFO] [1786440740.007244]: RGB-D vision status: model_ready:onnxruntime targets:2 depth:0 tf:0 semantic_masks:3
[INFO] [1786440745.188539]: RGB-D vision status: model_ready:onnxruntime targets:3 depth:2 tf:2 semantic_masks:4
[INFO] [1786440750.201144]: RGB-D vision status: model_ready:onnxruntime targets:2 depth:1 tf:1 semantic_masks:3
[INFO] [1786440755.219063]: RGB-D vision status: model_ready:onnxruntime targets:2 depth:0 tf:0 semantic_masks:3
[INFO] [1786440760.809884]: RGB-D vision status: model_ready:onnxruntime targets:2 depth:1 tf:1 semantic_masks:3
[INFO] [1786440766.190669]: RGB-D vision status: model_ready:onnxruntime targets:3 depth:3 tf:3 semantic_masks:4
[INFO] [1786440771.275942]: RGB-D vision status: model_ready:onnxruntime targets:1 depth:1 tf:1 semantic_masks:2
[INFO] [1786440776.352190]: RGB-D vision status: model_ready:onnxruntime targets:1 depth:1 tf:1 semantic_masks:2
[INFO] [1786440781.554886]: RGB-D vision status: model_ready:onnxruntime targets:2 depth:1 tf:1 semantic_masks:3
[INFO] [1786440787.827705]: RGB-D vision status: model_ready:onnxruntime targets:1 depth:1 tf:1 semantic_masks:3
[INFO] [1786440793.216012]: RGB-D vision status: model_ready:onnxruntime targets:1 depth:1 tf:1 semantic_masks:3
[INFO] [1786440798.754668]: RGB-D vision status: model_ready:onnxruntime targets:1 depth:1 tf:1 semantic_masks:3
[INFO] [1786440804.556935]: RGB-D vision status: model_ready:onnxruntime targets:1 depth:1 tf:1 semantic_masks:3
[INFO] [1786440810.166786]: RGB-D vision status: model_ready:onnxruntime targets:1 depth:1 tf:1 semantic_masks:3
[INFO] [1786440815.397822]: RGB-D vision status: model_ready:onnxruntime targets:1 depth:1 tf:1 semantic_masks:2
[INFO] [1786440820.465252]: RGB-D vision status: model_ready:onnxruntime targets:2 depth:2 tf:2 semantic_masks:4
[INFO] [1786440825.617314]: RGB-D vision status: model_ready:onnxruntime targets:1 depth:1 tf:1 semantic_masks:2
[INFO] [1786440830.797987]: RGB-D vision status: model_ready:onnxruntime targets:1 depth:1 tf:1 semantic_masks:1
[INFO] [1786440836.600634]: RGB-D vision status: model_ready:onnxruntime targets:2 depth:1 tf:1 semantic_masks:4
[INFO] [1786440841.600880]: RGB-D vision status: model_ready:onnxruntime targets:2 depth:1 tf:1 semantic_masks:3
[INFO] [1786440846.792777]: RGB-D vision status: model_ready:onnxruntime targets:2 depth:1 tf:1 semantic_masks:4
[INFO] [1786440851.859750]: RGB-D vision status: model_ready:onnxruntime targets:1 depth:1 tf:1 semantic_masks:3
[INFO] [1786440857.466297]: RGB-D vision status: model_ready:onnxruntime targets:1 depth:1 tf:1 semantic_masks:4
[INFO] [1786440862.744462]: RGB-D vision status: model_ready:onnxruntime targets:1 depth:1 tf:1 semantic_masks:4
[INFO] [1786440868.540771]: RGB-D vision status: model_ready:onnxruntime targets:1 depth:0 tf:0 semantic_masks:4
[INFO] [1786440874.133266]: RGB-D vision status: model_ready:onnxruntime targets:1 depth:0 tf:0 semantic_masks:2
[INFO] [1786440879.414355]: RGB-D vision status: model_ready:onnxruntime targets:1 depth:0 tf:0 semantic_masks:2
[INFO] [1786440884.746901]: RGB-D vision status: model_ready:onnxruntime targets:1 depth:1 tf:1 semantic_masks:4
[INFO] [1786440890.583521]: RGB-D vision status: model_ready:onnxruntime targets:2 depth:2 tf:2 semantic_masks:4
[INFO] [1786440895.593125]: RGB-D vision status: model_ready:onnxruntime targets:1 depth:1 tf:1 semantic_masks:2
[INFO] [1786440902.394544]: RGB-D vision status: model_ready:onnxruntime targets:1 depth:1 tf:1 semantic_masks:3
[INFO] [1786440907.409902]: RGB-D vision status: model_ready:onnxruntime targets:1 depth:1 tf:1 semantic_masks:2
[INFO] [1786440913.615727]: RGB-D vision status: model_ready:onnxruntime targets:1 depth:1 tf:1 semantic_masks:3
[INFO] [1786440918.797853]: RGB-D vision status: model_ready:onnxruntime targets:1 depth:1 tf:1 semantic_masks:3
[INFO] [1786440924.396619]: RGB-D vision status: model_ready:onnxruntime targets:1 depth:1 tf:1 semantic_masks:3
[INFO] [1786440929.517742]: RGB-D vision status: model_ready:onnxruntime targets:1 depth:1 tf:1 semantic_masks:3
[INFO] [1786440934.654247]: RGB-D vision status: model_ready:onnxruntime targets:1 depth:1 tf:1 semantic_masks:2
[INFO] [1786440940.264004]: RGB-D vision status: model_ready:onnxruntime targets:1 depth:1 tf:1 semantic_masks:3
[INFO] [1786440945.662435]: RGB-D vision status: model_ready:onnxruntime targets:1 depth:1 tf:1 semantic_masks:3
[INFO] [1786440950.818703]: RGB-D vision status: model_ready:onnxruntime targets:1 depth:1 tf:1 semantic_masks:3
[INFO] [1786440958.430093]: RGB-D vision status: model_ready:onnxruntime targets:1 depth:1 tf:1 semantic_masks:3
[INFO] [1786440963.828544]: RGB-D vision status: model_ready:onnxruntime targets:1 depth:1 tf:1 semantic_masks:3
[INFO] [1786440968.998345]: RGB-D vision status: model_ready:onnxruntime targets:1 depth:1 tf:1 semantic_masks:3
[INFO] [1786440977.196465]: RGB-D vision status: model_ready:onnxruntime targets:1 depth:1 tf:1 semantic_masks:3
[INFO] [1786440983.019871]: RGB-D vision status: model_ready:onnxruntime targets:1 depth:1 tf:1 semantic_masks:3
[INFO] [1786440988.189215]: RGB-D vision status: model_ready:onnxruntime targets:1 depth:1 tf:1 semantic_masks:2
[INFO] [1786440993.406829]: RGB-D vision status: model_ready:onnxruntime targets:1 depth:1 tf:1 semantic_masks:2
[INFO] [1786440998.443022]: RGB-D vision status: model_ready:onnxruntime targets:1 depth:1 tf:1 semantic_masks:3
[INFO] [1786441004.108139]: RGB-D vision status: model_ready:onnxruntime targets:2 depth:2 tf:2 semantic_masks:3
[INFO] [1786441009.126814]: RGB-D vision status: model_ready:onnxruntime targets:2 depth:2 tf:2 semantic_masks:3
[INFO] [1786441014.485112]: RGB-D vision status: model_ready:onnxruntime targets:2 depth:2 tf:2 semantic_masks:3
[INFO] [1786441019.566598]: RGB-D vision status: model_ready:onnxruntime targets:2 depth:2 tf:2 semantic_masks:3
[INFO] [1786441025.419311]: RGB-D vision status: model_ready:onnxruntime targets:1 depth:1 tf:1 semantic_masks:3
[INFO] [1786441030.442733]: RGB-D vision status: model_ready:onnxruntime targets:1 depth:1 tf:1 semantic_masks:2
[INFO] [1786441036.556825]: RGB-D vision status: model_ready:onnxruntime targets:0 depth:0 tf:0 semantic_masks:1
[INFO] [1786441042.001279]: RGB-D vision status: model_ready:onnxruntime targets:1 depth:1 tf:1 semantic_masks:3
[INFO] [1786441047.217129]: RGB-D vision status: model_ready:onnxruntime targets:2 depth:1 tf:1 semantic_masks:3
[INFO] [1786441052.401320]: RGB-D vision status: model_ready:onnxruntime targets:1 depth:1 tf:1 semantic_masks:2
[INFO] [1786441058.009622]: RGB-D vision status: model_ready:onnxruntime targets:1 depth:1 tf:1 semantic_masks:1
[INFO] [1786441069.591090]: RGB-D vision status: model_ready:onnxruntime targets:2 depth:2 tf:2 semantic_masks:3
[INFO] [1786441075.201542]: RGB-D vision status: model_ready:onnxruntime targets:1 depth:1 tf:1 semantic_masks:3
[INFO] [1786441080.270679]: RGB-D vision status: model_ready:onnxruntime targets:1 depth:1 tf:1 semantic_masks:5
[INFO] [1786441085.469204]: RGB-D vision status: model_ready:onnxruntime targets:1 depth:1 tf:1 semantic_masks:3
[INFO] [1786441090.535381]: RGB-D vision status: model_ready:onnxruntime targets:2 depth:1 tf:1 semantic_masks:3
[INFO] [1786441095.614849]: RGB-D vision status: model_ready:onnxruntime targets:1 depth:1 tf:1 semantic_masks:3
[INFO] [1786441100.811035]: RGB-D vision status: model_ready:onnxruntime targets:1 depth:0 tf:0 semantic_masks:4
[INFO] [1786441105.873177]: RGB-D vision status: model_ready:onnxruntime targets:1 depth:1 tf:1 semantic_masks:3
[INFO] [1786441110.961956]: RGB-D vision status: model_ready:onnxruntime targets:2 depth:2 tf:2 semantic_masks:4
[INFO] [1786441116.207167]: RGB-D vision status: model_ready:onnxruntime targets:3 depth:1 tf:1 semantic_masks:4
[INFO] [1786441121.428874]: RGB-D vision status: model_ready:onnxruntime targets:3 depth:1 tf:1 semantic_masks:5
[INFO] [1786441126.794091]: RGB-D vision status: model_ready:onnxruntime targets:1 depth:0 tf:0 semantic_masks:3
[INFO] [1786441132.617843]: RGB-D vision status: model_ready:onnxruntime targets:1 depth:1 tf:1 semantic_masks:4
[INFO] [1786441137.801558]: RGB-D vision status: model_ready:onnxruntime targets:2 depth:1 tf:1 semantic_masks:4
[INFO] [1786441142.999433]: RGB-D vision status: model_ready:onnxruntime targets:1 depth:0 tf:0 semantic_masks:3
[INFO] [1786441148.005137]: RGB-D vision status: model_ready:onnxruntime targets:2 depth:2 tf:2 semantic_masks:4
[INFO] [1786441153.059351]: RGB-D vision status: model_ready:onnxruntime targets:1 depth:0 tf:0 semantic_masks:3
[INFO] [1786441158.263629]: RGB-D vision status: model_ready:onnxruntime targets:1 depth:0 tf:0 semantic_masks:3
[INFO] [1786441165.929085]: RGB-D vision status: model_ready:onnxruntime targets:1 depth:1 tf:1 semantic_masks:1
[INFO] [1786441171.196216]: RGB-D vision status: model_ready:onnxruntime targets:1 depth:1 tf:1 semantic_masks:3
[INFO] [1786441176.414697]: RGB-D vision status: model_ready:onnxruntime targets:0 depth:0 tf:0 semantic_masks:2
[INFO] [1786441190.490630]: RGB-D vision status: model_ready:onnxruntime targets:0 depth:0 tf:0 semantic_masks:2
[INFO] [1786441195.594019]: RGB-D vision status: model_ready:onnxruntime targets:1 depth:1 tf:1 semantic_masks:2
[INFO] [1786441215.212855]: RGB-D vision status: model_ready:onnxruntime targets:1 depth:1 tf:1 semantic_masks:3
[INFO] [1786441220.391627]: RGB-D vision status: model_ready:onnxruntime targets:1 depth:0 tf:0 semantic_masks:2
[INFO] [1786441225.864080]: RGB-D vision status: model_ready:onnxruntime targets:1 depth:0 tf:0 semantic_masks:4
[INFO] [1786441231.326885]: RGB-D vision status: model_ready:onnxruntime targets:1 depth:0 tf:0 semantic_masks:3
[INFO] [1786441236.402329]: RGB-D vision status: model_ready:onnxruntime targets:2 depth:0 tf:0 semantic_masks:4
[INFO] [1786441241.749779]: RGB-D vision status: model_ready:onnxruntime targets:1 depth:1 tf:1 semantic_masks:2
[INFO] [1786441246.791168]: RGB-D vision status: model_ready:onnxruntime targets:3 depth:1 tf:1 semantic_masks:4
[INFO] [1786441253.629080]: RGB-D vision status: model_ready:onnxruntime targets:1 depth:1 tf:1 semantic_masks:2
[INFO] [1786441258.805655]: RGB-D vision status: model_ready:onnxruntime targets:2 depth:1 tf:1 semantic_masks:3
[INFO] [1786441263.949153]: RGB-D vision status: model_ready:onnxruntime targets:1 depth:1 tf:1 semantic_masks:2
[INFO] [1786441269.013543]: RGB-D vision status: model_ready:onnxruntime targets:3 depth:1 tf:1 semantic_masks:4
[INFO] [1786441283.211194]: RGB-D vision status: model_ready:onnxruntime targets:1 depth:0 tf:0 semantic_masks:2
[INFO] [1786441288.405361]: RGB-D vision status: model_ready:onnxruntime targets:2 depth:1 tf:1 semantic_masks:3
[INFO] [1786441293.808729]: RGB-D vision status: model_ready:onnxruntime targets:1 depth:1 tf:1 semantic_masks:2
[INFO] [1786441299.599641]: RGB-D vision status: model_ready:onnxruntime targets:1 depth:1 tf:1 semantic_masks:3
[INFO] [1786441304.848685]: RGB-D vision status: model_ready:onnxruntime targets:0 depth:0 tf:0 semantic_masks:2
[INFO] [1786441309.933114]: RGB-D vision status: model_ready:onnxruntime targets:1 depth:0 tf:0 semantic_masks:3
[INFO] [1786441315.341205]: RGB-D vision status: model_ready:onnxruntime targets:3 depth:1 tf:1 semantic_masks:5
[INFO] [1786441320.921472]: RGB-D vision status: model_ready:onnxruntime targets:4 depth:1 tf:1 semantic_masks:7
[INFO] [1786441326.030838]: RGB-D vision status: model_ready:onnxruntime targets:1 depth:0 tf:0 semantic_masks:4
[INFO] [1786441331.093900]: RGB-D vision status: model_ready:onnxruntime targets:0 depth:0 tf:0 semantic_masks:2
[INFO] [1786441336.160120]: RGB-D vision status: model_ready:onnxruntime targets:1 depth:0 tf:0 semantic_masks:3
[INFO] [1786441342.571455]: RGB-D vision status: model_ready:onnxruntime targets:0 depth:0 tf:0 semantic_masks:1
[INFO] [1786441347.786291]: RGB-D vision status: model_ready:onnxruntime targets:0 depth:0 tf:0 semantic_masks:0
[INFO] [1786441353.177548]: RGB-D vision status: model_ready:onnxruntime targets:0 depth:0 tf:0 semantic_masks:2
[INFO] [1786441360.197778]: RGB-D vision status: model_ready:onnxruntime targets:0 depth:0 tf:0 semantic_masks:2
[INFO] [1786441386.124575]: RGB-D vision status: model_ready:onnxruntime targets:0 depth:0 tf:0 semantic_masks:0
[INFO] [1786441391.188846]: RGB-D vision status: model_ready:onnxruntime targets:2 depth:1 tf:1 semantic_masks:3
[INFO] [1786441396.861961]: RGB-D vision status: model_ready:onnxruntime targets:0 depth:0 tf:0 semantic_masks:2
[INFO] [1786441401.945635]: RGB-D vision status: model_ready:onnxruntime targets:1 depth:1 tf:1 semantic_masks:2
[INFO] [1786441407.263007]: RGB-D vision status: model_ready:onnxruntime targets:2 depth:0 tf:0 semantic_masks:4
[INFO] [1786441415.148315]: RGB-D vision status: model_ready:onnxruntime targets:1 depth:0 tf:0 semantic_masks:2
[INFO] [1786441420.593194]: RGB-D vision status: model_ready:onnxruntime targets:1 depth:0 tf:0 semantic_masks:2
[INFO] [1786441425.785226]: RGB-D vision status: model_ready:onnxruntime targets:0 depth:0 tf:0 semantic_masks:2
[INFO] [1786441430.792423]: RGB-D vision status: model_ready:onnxruntime targets:2 depth:2 tf:2 semantic_masks:3
[INFO] [1786441437.597633]: RGB-D vision status: model_ready:onnxruntime targets:2 depth:2 tf:2 semantic_masks:3
[INFO] [1786441448.995529]: RGB-D vision status: model_ready:onnxruntime targets:1 depth:1 tf:1 semantic_masks:2
[INFO] [1786441454.590504]: RGB-D vision status: model_ready:onnxruntime targets:1 depth:1 tf:1 semantic_masks:2
[INFO] [1786441468.263117]: RGB-D vision status: model_ready:onnxruntime targets:1 depth:1 tf:1 semantic_masks:2
[INFO] [1786441483.899622]: RGB-D vision status: model_ready:onnxruntime targets:1 depth:1 tf:1 semantic_masks:2
[INFO] [1786441493.193453]: RGB-D vision status: model_ready:onnxruntime targets:1 depth:1 tf:1 semantic_masks:2
[INFO] [1786441506.614554]: RGB-D vision status: model_ready:onnxruntime targets:1 depth:1 tf:1 semantic_masks:2
[INFO] [1786441511.783540]: RGB-D vision status: model_ready:onnxruntime targets:1 depth:1 tf:1 semantic_masks:3
[INFO] [1786441519.387434]: RGB-D vision status: model_ready:onnxruntime targets:2 depth:1 tf:1 semantic_masks:3
[INFO] [1786441526.393792]: RGB-D vision status: model_ready:onnxruntime targets:0 depth:0 tf:0 semantic_masks:2
[INFO] [1786441531.859100]: RGB-D vision status: model_ready:onnxruntime targets:0 depth:0 tf:0 semantic_masks:0
[INFO] [1786441539.320042]: RGB-D vision status: model_ready:onnxruntime targets:1 depth:0 tf:0 semantic_masks:2
[INFO] [1786441544.382487]: RGB-D vision status: model_ready:onnxruntime targets:1 depth:1 tf:1 semantic_masks:2
[INFO] [1786441551.608406]: RGB-D vision status: model_ready:onnxruntime targets:1 depth:0 tf:0 semantic_masks:2
[INFO] [1786441556.816636]: RGB-D vision status: model_ready:onnxruntime targets:2 depth:2 tf:2 semantic_masks:3
[INFO] [1786441562.024414]: RGB-D vision status: model_ready:onnxruntime targets:0 depth:0 tf:0 semantic_masks:2
[INFO] [1786441568.598534]: RGB-D vision status: model_ready:onnxruntime targets:1 depth:1 tf:1 semantic_masks:3
[INFO] [1786441575.005304]: RGB-D vision status: model_ready:onnxruntime targets:1 depth:1 tf:1 semantic_masks:3
[INFO] [1786441580.005483]: RGB-D vision status: model_ready:onnxruntime targets:1 depth:1 tf:1 semantic_masks:2
[INFO] [1786441585.192329]: RGB-D vision status: model_ready:onnxruntime targets:1 depth:1 tf:1 semantic_masks:2
[INFO] [1786441590.210575]: RGB-D vision status: model_ready:onnxruntime targets:1 depth:1 tf:1 semantic_masks:3
[INFO] [1786441599.177433]: RGB-D vision status: model_ready:onnxruntime targets:1 depth:1 tf:1 semantic_masks:3
[INFO] [1786441604.781785]: RGB-D vision status: model_ready:onnxruntime targets:1 depth:1 tf:1 semantic_masks:3
[INFO] [1786441609.917530]: RGB-D vision status: model_ready:onnxruntime targets:1 depth:1 tf:1 semantic_masks:3
[INFO] [1786441617.502481]: RGB-D vision status: model_ready:onnxruntime targets:1 depth:1 tf:1 semantic_masks:3
[INFO] [1786441628.879975]: RGB-D vision status: model_ready:onnxruntime targets:1 depth:1 tf:0 semantic_masks:2
