Starting isolated D455 motion stream without reset.
[0m[INFO] [1785982452.576042439]: Initializing nodelet with 32 worker threads.[0m
[0m[INFO] [1785982452.649401657]: RealSense ROS v2.3.2[0m
[0m[INFO] [1785982452.649430931]: Built with LibRealSense v2.55.1[0m
[0m[INFO] [1785982452.649445107]: Running with LibRealSense v2.55.1[0m
[0m[INFO] [1785982452.668362387]:  [0m
[0m[INFO] [1785982452.675762130]: Device with serial number 234222302617 was found.
[0m
[0m[INFO] [1785982452.675795300]: Device with physical ID /sys/devices/pci0000:00/0000:00:14.0/usb2/2-3/2-3:1.0/video4linux/video0 was found.[0m
[0m[INFO] [1785982452.675810953]: Device with name Intel RealSense D455 was found.[0m
[0m[INFO] [1785982452.676013564]: Device with port number 2-3 was found.[0m
[0m[INFO] [1785982452.676039847]: Device USB type: 3.2[0m
[0m[INFO] [1785982452.677073753]: getParameters...[0m
[0m[INFO] [1785982452.693017312]: setupDevice...[0m
[0m[INFO] [1785982452.693034132]: JSON file is not provided[0m
[0m[INFO] [1785982452.693043455]: ROS Node Namespace: camera_imu[0m
[0m[INFO] [1785982452.693055933]: Device Name: Intel RealSense D455[0m
[0m[INFO] [1785982452.693066375]: Device Serial No: 234222302617[0m
[0m[INFO] [1785982452.693077792]: Device physical port: /sys/devices/pci0000:00/0000:00:14.0/usb2/2-3/2-3:1.0/video4linux/video0[0m
[0m[INFO] [1785982452.693088065]: Device FW version: 5.17.3.10[0m
[0m[INFO] [1785982452.693098371]: Device Product ID: 0x0B5C[0m
[0m[INFO] [1785982452.693108028]: Enable PointCloud: Off[0m
[0m[INFO] [1785982452.693117731]: Align Depth: Off[0m
[0m[INFO] [1785982452.693127399]: Sync Mode: Off[0m
[0m[INFO] [1785982452.693148425]: Device Sensors: [0m
[0m[INFO] [1785982452.698253969]: Stereo Module was found.[0m
[0m[INFO] [1785982452.701777812]: RGB Camera was found.[0m
[0m[INFO] [1785982452.701906041]: Motion Module was found.[0m
[0m[INFO] [1785982452.701929636]: num_filters: 0[0m
[0m[INFO] [1785982452.701943516]: Setting Dynamic reconfig parameters.[0m
[0m[INFO] [1785982452.723640775]: Done Setting Dynamic reconfig parameters.[0m
[0m[INFO] [1785982452.723716598]: gyro stream is enabled - fps: 200[0m
[0m[INFO] [1785982452.723723333]: accel stream is enabled - fps: 100[0m
[0m[INFO] [1785982452.723731828]: setupPublishers...[0m
[0m[INFO] [1785982452.724852326]: setupStreams...[0m
 06/08 02:14:12,725 WARNING [140461377308416] (ds-calib-parsers.cpp:35) IMU Calibration is not available, default intrinsic and extrinsic will be used.
[0m[INFO] [1785982452.726321851]: SELECTED BASE:Depth, 0[0m
[0m[INFO] [1785982452.727776811]: RealSense Node Is Up![0m
[33m[WARN] [1785982452.821968272]: [0m
D455 motion stream ready: /camera_imu/gyro/sample + /camera_imu/accel/sample
[0m[INFO] [1785982455.993590372]: Initializing nodelet with 32 worker threads.[0m
[0m[INFO] [1785982456.056629635]: RealSense ROS v2.3.2[0m
[0m[INFO] [1785982456.056654509]: Built with LibRealSense v2.55.1[0m
[0m[INFO] [1785982456.056661577]: Running with LibRealSense v2.55.1[0m
[0m[INFO] [1785982456.078254569]:  [0m
[0m[INFO] [1785982456.118222364]: Device with serial number 234222302617 was found.
[0m
[0m[INFO] [1785982456.118263152]: Device with physical ID /sys/devices/pci0000:00/0000:00:14.0/usb2/2-3/2-3:1.0/video4linux/video0 was found.[0m
[0m[INFO] [1785982456.118275518]: Device with name Intel RealSense D455 was found.[0m
[0m[INFO] [1785982456.118487456]: Device with port number 2-3 was found.[0m
[0m[INFO] [1785982456.118515486]: Device USB type: 3.2[0m
[0m[INFO] [1785982456.119787550]: getParameters...[0m
[0m[INFO] [1785982456.139095482]: setupDevice...[0m
[0m[INFO] [1785982456.139111933]: JSON file is not provided[0m
[0m[INFO] [1785982456.139117577]: ROS Node Namespace: camera[0m
[0m[INFO] [1785982456.139124798]: Device Name: Intel RealSense D455[0m
[0m[INFO] [1785982456.139130362]: Device Serial No: 234222302617[0m
[0m[INFO] [1785982456.139137326]: Device physical port: /sys/devices/pci0000:00/0000:00:14.0/usb2/2-3/2-3:1.0/video4linux/video0[0m
[0m[INFO] [1785982456.139143297]: Device FW version: 5.17.3.10[0m
[0m[INFO] [1785982456.139148963]: Device Product ID: 0x0B5C[0m
[0m[INFO] [1785982456.139154924]: Enable PointCloud: On[0m
[0m[INFO] [1785982456.139160080]: Align Depth: On[0m
[0m[INFO] [1785982456.139164917]: Sync Mode: On[0m
[0m[INFO] [1785982456.139190440]: Device Sensors: [0m
[0m[INFO] [1785982456.142635293]: Stereo Module was found.[0m
[0m[INFO] [1785982456.145162020]: RGB Camera was found.[0m
[0m[INFO] [1785982456.145258495]: Motion Module was found.[0m
[0m[INFO] [1785982456.145288290]: Add Filter: pointcloud[0m
[0m[INFO] [1785982456.145325883]: num_filters: 2[0m
[0m[INFO] [1785982456.145334363]: Setting Dynamic reconfig parameters.[0m
[0m[INFO] [1785982456.180232457]: Done Setting Dynamic reconfig parameters.[0m
[33m[WARN] [1785982456.180426095]: Given stream configuration is not supported by the device!  Stream: Depth, Stream Index: 0, Width: 640, Height: 480, FPS: 10, Format: Z16[0m
[33m[WARN] [1785982456.180436152]: Using default profile instead.[0m
[0m[INFO] [1785982456.180678137]: depth stream is enabled - width: 848, height: 480, fps: 30, Format: Z16[0m
[0m[INFO] [1785982456.180954277]: color stream is enabled - width: 640, height: 480, fps: 15, Format: RGB8[0m
[0m[INFO] [1785982456.181807241]: setupPublishers...[0m
[0m[INFO] [1785982456.183704907]: Expected frequency for depth = 30.00000[0m
[0m[INFO] [1785982456.197594526]: Expected frequency for color = 15.00000[0m
[0m[INFO] [1785982456.205059686]: Expected frequency for aligned_depth_to_color = 15.00000[0m
[0m[INFO] [1785982456.225927152]: setupStreams...[0m
[0m[INFO] [1785982456.240017261]: SELECTED BASE:Depth, 0[0m
[0m[INFO] [1785982456.245400561]: RealSense Node Is Up![0m
[33m[WARN] [1785982456.465737791]: [0m
[0m[INFO] [1785982456.470528700]: publishing unordered pointcloud.[0m
[WARN] [1785982456.329708]: Remote inference unavailable, loading local fallback: [Errno -2] Name or service not known
[WARN] [1785982456.340664]: TensorRT unavailable, falling back to ONNX Runtime: No module named 'pycuda'
[WARN] [1785982456.919518]: Remote inference recovery probe failed; local inference continues and another probe will run in 5.0 s: [Errno -2] Name or service not known
[WARN] [1785982462.009357]: Remote inference recovery probe failed; local inference continues and another probe will run in 5.0 s: [Errno -2] Name or service not known
[WARN] [1785982467.103956]: Remote inference recovery probe failed; local inference continues and another probe will run in 5.0 s: [Errno -2] Name or service not known
[WARN] [1785982472.164875]: Remote inference recovery probe failed; local inference continues and another probe will run in 5.0 s: [Errno -2] Name or service not known
[WARN] [1785982477.237696]: Remote inference recovery probe failed; local inference continues and another probe will run in 5.0 s: [Errno -2] Name or service not known
[WARN] [1785982482.298517]: Remote inference recovery probe failed; local inference continues and another probe will run in 5.0 s: [Errno -2] Name or service not known
[WARN] [1785982487.390235]: Remote inference recovery probe failed; local inference continues and another probe will run in 5.0 s: [Errno -2] Name or service not known
[WARN] [1785982492.480537]: Remote inference recovery probe failed; local inference continues and another probe will run in 5.0 s: [Errno -2] Name or service not known
[WARN] [1785982497.691910]: Remote inference recovery probe failed; local inference continues and another probe will run in 5.0 s: [Errno -2] Name or service not known
[WARN] [1785982502.866837]: Remote inference recovery probe failed; local inference continues and another probe will run in 5.0 s: [Errno -2] Name or service not known
[WARN] [1785982507.945430]: Remote inference recovery probe failed; local inference continues and another probe will run in 5.0 s: [Errno -2] Name or service not known
[WARN] [1785982513.146485]: Remote inference recovery probe failed; local inference continues and another probe will run in 5.0 s: [Errno -2] Name or service not known
[WARN] [1785982518.286133]: Remote inference recovery probe failed; local inference continues and another probe will run in 5.0 s: [Errno -2] Name or service not known
[WARN] [1785982523.338531]: Remote inference recovery probe failed; local inference continues and another probe will run in 5.0 s: [Errno -2] Name or service not known
[WARN] [1785982528.428230]: Remote inference recovery probe failed; local inference continues and another probe will run in 5.0 s: [Errno -2] Name or service not known
[WARN] [1785982533.626251]: Remote inference recovery probe failed; local inference continues and another probe will run in 5.0 s: [Errno -2] Name or service not known
[INFO] [1785982456.298930]: RGB-D vision status: starting:model_loading
[INFO] [1785982456.397091]: Loaded ONNX citrus model /home/catas/elfin_citrus_data/server_bundle_20260722/best_citrus_seg.onnx; classes={0: 'citrus', 1: 'tree'}; providers=['CPUExecutionProvider']
[INFO] [1785982456.397968]: Citrus model loading finished in 0.09 s: model_ready:onnxruntime
[INFO] [1785982461.623296]: RGB-D vision status: model_ready:onnxruntime targets:0 depth:0 tf:0 semantic_masks:0
[INFO] [1785982466.697005]: RGB-D vision status: model_ready:onnxruntime targets:0 depth:0 tf:0 semantic_masks:1
[INFO] [1785982471.922848]: RGB-D vision status: model_ready:onnxruntime targets:1 depth:1 tf:1 semantic_masks:2
[INFO] [1785982476.957253]: RGB-D vision status: model_ready:onnxruntime targets:0 depth:0 tf:0 semantic_masks:1
[INFO] [1785982482.032821]: RGB-D vision status: model_ready:onnxruntime targets:0 depth:0 tf:0 semantic_masks:1
[INFO] [1785982487.164493]: RGB-D vision status: model_ready:onnxruntime targets:0 depth:0 tf:0 semantic_masks:1
[INFO] [1785982493.231401]: RGB-D vision status: model_ready:onnxruntime targets:0 depth:0 tf:0 semantic_masks:1
[INFO] [1785982498.458146]: RGB-D vision status: model_ready:onnxruntime targets:0 depth:0 tf:0 semantic_masks:1
[INFO] [1785982503.678048]: RGB-D vision status: model_ready:onnxruntime targets:0 depth:0 tf:0 semantic_masks:2
[INFO] [1785982509.126519]: RGB-D vision status: model_ready:onnxruntime targets:0 depth:0 tf:0 semantic_masks:2
[INFO] [1785982516.641543]: RGB-D vision status: model_ready:onnxruntime targets:0 depth:0 tf:0 semantic_masks:1
[INFO] [1785982528.179879]: RGB-D vision status: model_ready:onnxruntime targets:0 depth:0 tf:0 semantic_masks:0
... logging to /home/catas/.ros/log/6c2deaf8-9130-11f1-a230-c4c6e661f1ab/roslaunch-catas-899.log
Checking log directory for disk usage. This may take a while.
Press Ctrl-C to interrupt
Done checking log file disk usage. Usage is <1GB.
]2;/home/catas/ros_ws/src/elfin_vision/launch/citrus_imu.launch
[1mstarted roslaunch server http://127.0.0.1:46737/[0m

SUMMARY
========

PARAMETERS
 * /camera_imu/realsense2_camera/accel_fps: 100
 * /camera_imu/realsense2_camera/accel_frame_id: camera_accel_frame
 * /camera_imu/realsense2_camera/accel_optical_frame_id: camera_accel_opti...
 * /camera_imu/realsense2_camera/align_depth: False
 * /camera_imu/realsense2_camera/aligned_depth_to_color_frame_id: camera_aligned_de...
 * /camera_imu/realsense2_camera/aligned_depth_to_fisheye1_frame_id: camera_aligned_de...
 * /camera_imu/realsense2_camera/aligned_depth_to_fisheye2_frame_id: camera_aligned_de...
 * /camera_imu/realsense2_camera/aligned_depth_to_fisheye_frame_id: camera_aligned_de...
 * /camera_imu/realsense2_camera/aligned_depth_to_infra1_frame_id: camera_aligned_de...
 * /camera_imu/realsense2_camera/aligned_depth_to_infra2_frame_id: camera_aligned_de...
 * /camera_imu/realsense2_camera/allow_no_texture_points: False
 * /camera_imu/realsense2_camera/base_frame_id: camera_link
 * /camera_imu/realsense2_camera/calib_odom_file: 
 * /camera_imu/realsense2_camera/clip_distance: -2.0
 * /camera_imu/realsense2_camera/color_fps: -1
 * /camera_imu/realsense2_camera/color_frame_id: camera_color_frame
 * /camera_imu/realsense2_camera/color_height: -1
 * /camera_imu/realsense2_camera/color_optical_frame_id: camera_color_opti...
 * /camera_imu/realsense2_camera/color_width: -1
 * /camera_imu/realsense2_camera/confidence_fps: -1
 * /camera_imu/realsense2_camera/confidence_height: -1
 * /camera_imu/realsense2_camera/confidence_width: -1
 * /camera_imu/realsense2_camera/depth_fps: -1
 * /camera_imu/realsense2_camera/depth_frame_id: camera_depth_frame
 * /camera_imu/realsense2_camera/depth_height: -1
 * /camera_imu/realsense2_camera/depth_optical_frame_id: camera_depth_opti...
 * /camera_imu/realsense2_camera/depth_width: -1
 * /camera_imu/realsense2_camera/device_type: d455
 * /camera_imu/realsense2_camera/enable_accel: True
 * /camera_imu/realsense2_camera/enable_color: False
 * /camera_imu/realsense2_camera/enable_confidence: False
 * /camera_imu/realsense2_camera/enable_depth: False
 * /camera_imu/realsense2_camera/enable_fisheye1: False
 * /camera_imu/realsense2_camera/enable_fisheye2: False
 * /camera_imu/realsense2_camera/enable_fisheye: False
 * /camera_imu/realsense2_camera/enable_gyro: True
 * /camera_imu/realsense2_camera/enable_infra1: False
 * /camera_imu/realsense2_camera/enable_infra2: False
 * /camera_imu/realsense2_camera/enable_infra: False
 * /camera_imu/realsense2_camera/enable_pointcloud: False
 * /camera_imu/realsense2_camera/enable_pose: False
 * /camera_imu/realsense2_camera/enable_sync: False
 * /camera_imu/realsense2_camera/filters: 
 * /camera_imu/realsense2_camera/fisheye1_frame_id: camera_fisheye1_f...
 * /camera_imu/realsense2_camera/fisheye1_optical_frame_id: camera_fisheye1_o...
 * /camera_imu/realsense2_camera/fisheye2_frame_id: camera_fisheye2_f...
 * /camera_imu/realsense2_camera/fisheye2_optical_frame_id: camera_fisheye2_o...
 * /camera_imu/realsense2_camera/fisheye_fps: -1
 * /camera_imu/realsense2_camera/fisheye_frame_id: camera_fisheye_frame
 * /camera_imu/realsense2_camera/fisheye_height: -1
 * /camera_imu/realsense2_camera/fisheye_optical_frame_id: camera_fisheye_op...
 * /camera_imu/realsense2_camera/fisheye_width: -1
 * /camera_imu/realsense2_camera/gyro_fps: 200
 * /camera_imu/realsense2_camera/gyro_frame_id: camera_gyro_frame
 * /camera_imu/realsense2_camera/gyro_optical_frame_id: camera_gyro_optic...
 * /camera_imu/realsense2_camera/imu_optical_frame_id: camera_imu_optica...
 * /camera_imu/realsense2_camera/infra1_frame_id: camera_infra1_frame
 * /camera_imu/realsense2_camera/infra1_optical_frame_id: camera_infra1_opt...
 * /camera_imu/realsense2_camera/infra2_frame_id: camera_infra2_frame
 * /camera_imu/realsense2_camera/infra2_optical_frame_id: camera_infra2_opt...
 * /camera_imu/realsense2_camera/infra_fps: 30
 * /camera_imu/realsense2_camera/infra_height: 480
 * /camera_imu/realsense2_camera/infra_rgb: False
 * /camera_imu/realsense2_camera/infra_width: 848
 * /camera_imu/realsense2_camera/initial_reset: False
 * /camera_imu/realsense2_camera/json_file_path: 
 * /camera_imu/realsense2_camera/linear_accel_cov: 0.01
 * /camera_imu/realsense2_camera/odom_frame_id: camera_odom_frame
 * /camera_imu/realsense2_camera/ordered_pc: False
 * /camera_imu/realsense2_camera/pointcloud_texture_index: 0
 * /camera_imu/realsense2_camera/pointcloud_texture_stream: RS2_STREAM_COLOR
 * /camera_imu/realsense2_camera/pose_frame_id: camera_pose_frame
 * /camera_imu/realsense2_camera/pose_optical_frame_id: camera_pose_optic...
 * /camera_imu/realsense2_camera/publish_odom_tf: True
 * /camera_imu/realsense2_camera/publish_tf: False
 * /camera_imu/realsense2_camera/reconnect_timeout: 10.0
 * /camera_imu/realsense2_camera/rosbag_filename: 
 * /camera_imu/realsense2_camera/serial_no: 234222302617
 * /camera_imu/realsense2_camera/stereo_module/exposure/1: 7500
 * /camera_imu/realsense2_camera/stereo_module/exposure/2: 1
 * /camera_imu/realsense2_camera/stereo_module/gain/1: 16
 * /camera_imu/realsense2_camera/stereo_module/gain/2: 16
 * /camera_imu/realsense2_camera/tf_publish_rate: 0.0
 * /camera_imu/realsense2_camera/topic_odom_in: odom_in
 * /camera_imu/realsense2_camera/unite_imu_method: none
 * /camera_imu/realsense2_camera/usb_port_id: 2-3
 * /camera_imu/realsense2_camera/wait_for_device_timeout: 15.0
 * /rosdistro: noetic
 * /rosversion: 1.17.4

NODES
  /camera_imu/
    realsense2_camera (nodelet/nodelet)
    realsense2_camera_imu_manager (nodelet/nodelet)

[1mROS_MASTER_URI=http://127.0.0.1:11311[0m
]2;/home/catas/ros_ws/src/elfin_vision/launch/citrus_imu.launch http://127.0.0.1:11311
[1mprocess[camera_imu/realsense2_camera_imu_manager-1]: started with pid [1023][0m
[1mprocess[camera_imu/realsense2_camera-2]: started with pid [1024][0m
[camera_imu/realsense2_camera-2] killing on exit
[camera_imu/realsense2_camera_imu_manager-1] killing on exit
shutting down processing monitor...
... shutting down processing monitor complete
[1mdone[0m
