Starting isolated D455 motion stream without reset.
[0m[INFO] [1786441679.022379414]: Initializing nodelet with 32 worker threads.[0m
[0m[INFO] [1786441679.072317994]: RealSense ROS v2.3.2[0m
[0m[INFO] [1786441679.072339238]: Built with LibRealSense v2.55.1[0m
[0m[INFO] [1786441679.072346638]: Running with LibRealSense v2.55.1[0m
[0m[INFO] [1786441679.093519560]:  [0m
[0m[INFO] [1786441679.103898365]: Device with serial number 234222302617 was found.
[0m
[0m[INFO] [1786441679.103929250]: Device with physical ID /sys/devices/pci0000:00/0000:00:14.0/usb2/2-3/2-3:1.0/video4linux/video0 was found.[0m
[0m[INFO] [1786441679.103945529]: Device with name Intel RealSense D455 was found.[0m
[0m[INFO] [1786441679.104212103]: Device with port number 2-3 was found.[0m
[0m[INFO] [1786441679.104246674]: Device USB type: 3.2[0m
[0m[INFO] [1786441679.105321179]: getParameters...[0m
[0m[INFO] [1786441679.163800705]: setupDevice...[0m
[0m[INFO] [1786441679.163826072]: JSON file is not provided[0m
[0m[INFO] [1786441679.163835231]: ROS Node Namespace: camera_imu[0m
[0m[INFO] [1786441679.163847850]: Device Name: Intel RealSense D455[0m
[0m[INFO] [1786441679.163859563]: Device Serial No: 234222302617[0m
[0m[INFO] [1786441679.163871881]: Device physical port: /sys/devices/pci0000:00/0000:00:14.0/usb2/2-3/2-3:1.0/video4linux/video0[0m
[0m[INFO] [1786441679.163883478]: Device FW version: 5.17.3.10[0m
[0m[INFO] [1786441679.163894977]: Device Product ID: 0x0B5C[0m
[0m[INFO] [1786441679.163905920]: Enable PointCloud: Off[0m
[0m[INFO] [1786441679.163926625]: Align Depth: Off[0m
[0m[INFO] [1786441679.163936401]: Sync Mode: Off[0m
[0m[INFO] [1786441679.163965083]: Device Sensors: [0m
[0m[INFO] [1786441679.168914676]: Stereo Module was found.[0m
[0m[INFO] [1786441679.174474434]: RGB Camera was found.[0m
[0m[INFO] [1786441679.174788291]: Motion Module was found.[0m
[0m[INFO] [1786441679.174842095]: num_filters: 0[0m
[0m[INFO] [1786441679.174874076]: Setting Dynamic reconfig parameters.[0m
[0m[INFO] [1786441679.228157758]: Done Setting Dynamic reconfig parameters.[0m
[0m[INFO] [1786441679.228245581]: gyro stream is enabled - fps: 200[0m
[0m[INFO] [1786441679.228256074]: accel stream is enabled - fps: 100[0m
[0m[INFO] [1786441679.228265255]: setupPublishers...[0m
[0m[INFO] [1786441679.230107975]: setupStreams...[0m
 11/08 09:47:59,230 WARNING [140539295147776] (ds-calib-parsers.cpp:35) IMU Calibration is not available, default intrinsic and extrinsic will be used.
[0m[INFO] [1786441679.231268895]: SELECTED BASE:Depth, 0[0m
[0m[INFO] [1786441679.233321058]: RealSense Node Is Up![0m
[33m[WARN] [1786441679.338973476]: [0m
D455 motion stream ready: /camera_imu/gyro/sample + /camera_imu/accel/sample
[0m[INFO] [1786441682.471898897]: Initializing nodelet with 32 worker threads.[0m
[0m[INFO] [1786441682.546249615]: RealSense ROS v2.3.2[0m
[0m[INFO] [1786441682.546274673]: Built with LibRealSense v2.55.1[0m
[0m[INFO] [1786441682.546287899]: Running with LibRealSense v2.55.1[0m
[0m[INFO] [1786441682.565717402]:  [0m
[0m[INFO] [1786441682.583502820]: Device with serial number 234222302617 was found.
[0m
[0m[INFO] [1786441682.583534182]: Device with physical ID /sys/devices/pci0000:00/0000:00:14.0/usb2/2-3/2-3:1.0/video4linux/video0 was found.[0m
[0m[INFO] [1786441682.583543579]: Device with name Intel RealSense D455 was found.[0m
[0m[INFO] [1786441682.583732305]: Device with port number 2-3 was found.[0m
[0m[INFO] [1786441682.583756585]: Device USB type: 3.2[0m
[0m[INFO] [1786441682.585237494]: getParameters...[0m
[0m[INFO] [1786441682.619310880]: setupDevice...[0m
[0m[INFO] [1786441682.619333252]: JSON file is not provided[0m
[0m[INFO] [1786441682.619344158]: ROS Node Namespace: camera[0m
[0m[INFO] [1786441682.619355933]: Device Name: Intel RealSense D455[0m
[0m[INFO] [1786441682.619366585]: Device Serial No: 234222302617[0m
[0m[INFO] [1786441682.619376190]: Device physical port: /sys/devices/pci0000:00/0000:00:14.0/usb2/2-3/2-3:1.0/video4linux/video0[0m
[0m[INFO] [1786441682.619384795]: Device FW version: 5.17.3.10[0m
[0m[INFO] [1786441682.619393152]: Device Product ID: 0x0B5C[0m
[0m[INFO] [1786441682.619403627]: Enable PointCloud: On[0m
[0m[INFO] [1786441682.619411481]: Align Depth: On[0m
[0m[INFO] [1786441682.619419145]: Sync Mode: On[0m
[0m[INFO] [1786441682.619450406]: Device Sensors: [0m
[0m[INFO] [1786441682.624421944]: Stereo Module was found.[0m
[0m[INFO] [1786441682.627656079]: RGB Camera was found.[0m
[0m[INFO] [1786441682.627774924]: Motion Module was found.[0m
[0m[INFO] [1786441682.627816137]: Add Filter: pointcloud[0m
[0m[INFO] [1786441682.627872777]: num_filters: 2[0m
[0m[INFO] [1786441682.627886290]: Setting Dynamic reconfig parameters.[0m
[0m[INFO] [1786441682.700712635]: Done Setting Dynamic reconfig parameters.[0m
[0m[INFO] [1786441682.701102014]: depth stream is enabled - width: 640, height: 480, fps: 5, Format: Z16[0m
[0m[INFO] [1786441682.701485622]: color stream is enabled - width: 640, height: 480, fps: 15, Format: RGB8[0m
[0m[INFO] [1786441682.702435704]: setupPublishers...[0m
[0m[INFO] [1786441682.705411485]: Expected frequency for depth = 5.00000[0m
[0m[INFO] [1786441682.749245690]: Expected frequency for color = 15.00000[0m
[0m[INFO] [1786441682.772815672]: Expected frequency for aligned_depth_to_color = 15.00000[0m
[0m[INFO] [1786441682.789145846]: setupStreams...[0m
[0m[INFO] [1786441682.820342721]: SELECTED BASE:Depth, 0[0m
[0m[INFO] [1786441682.827309625]: RealSense Node Is Up![0m
[33m[WARN] [1786441683.402675904]: [0m
[0m[INFO] [1786441683.413062591]: publishing unordered pointcloud.[0m
 11/08 09:48:03,827 ERROR [140021705209600] (ds-options.cpp:93) Asic Temperature value is not valid!
 11/08 09:48:04,820 ERROR [140022130415360] (ds-options.cpp:93) Asic Temperature value is not valid!
 11/08 09:48:04,829 ERROR [140021705209600] (ds-options.cpp:93) Asic Temperature value is not valid!
 11/08 09:48:05,832 ERROR [140021705209600] (ds-options.cpp:93) Asic Temperature value is not valid!
 11/08 09:50:34,202 ERROR [140021705209600] (ds-options.cpp:93) Asic Temperature value is not valid!
 11/08 09:50:34,841 ERROR [140022130415360] (ds-options.cpp:93) Asic Temperature value is not valid!
 11/08 09:50:35,204 ERROR [140021705209600] (ds-options.cpp:93) Asic Temperature value is not valid!
 11/08 09:50:36,207 ERROR [140021705209600] (ds-options.cpp:93) Asic Temperature value is not valid!
[INFO] [1786441682.763425]: RGB-D vision status: starting:model_loading
[INFO] [1786441682.834129]: Loaded ONNX citrus model /home/catas/elfin_citrus_data/models/yolo26n_seg_converged_20260806/yolo26n_citrus_tree_best.onnx; classes={0: 'citrus', 1: 'tree'}; providers=['CPUExecutionProvider']
[INFO] [1786441682.836155]: Citrus model loading finished in 0.06 s: model_ready:onnxruntime
[INFO] [1786441692.353342]: RGB-D vision status: model_ready:onnxruntime targets:0 depth:0 tf:0 semantic_masks:1
[INFO] [1786441697.849555]: RGB-D vision status: model_ready:onnxruntime targets:0 depth:0 tf:0 semantic_masks:1
[INFO] [1786441702.874623]: RGB-D vision status: model_ready:onnxruntime targets:0 depth:0 tf:0 semantic_masks:2
[INFO] [1786441708.054716]: RGB-D vision status: model_ready:onnxruntime targets:1 depth:1 tf:1 semantic_masks:2
[INFO] [1786441713.075937]: RGB-D vision status: model_ready:onnxruntime targets:1 depth:1 tf:1 semantic_masks:2
[INFO] [1786441718.079004]: RGB-D vision status: model_ready:onnxruntime targets:1 depth:1 tf:1 semantic_masks:3
[INFO] [1786441726.669637]: RGB-D vision status: model_ready:onnxruntime targets:1 depth:1 tf:1 semantic_masks:3
[INFO] [1786441733.881403]: RGB-D vision status: model_ready:onnxruntime targets:1 depth:1 tf:1 semantic_masks:3
[INFO] [1786441746.280035]: RGB-D vision status: model_ready:onnxruntime targets:1 depth:1 tf:1 semantic_masks:3
[INFO] [1786441761.093013]: RGB-D vision status: model_ready:onnxruntime targets:1 depth:1 tf:1 semantic_masks:3
[INFO] [1786441767.094145]: RGB-D vision status: model_ready:onnxruntime targets:1 depth:1 tf:1 semantic_masks:3
[INFO] [1786441772.297574]: RGB-D vision status: model_ready:onnxruntime targets:1 depth:1 tf:1 semantic_masks:2
[INFO] [1786441777.470556]: RGB-D vision status: model_ready:onnxruntime targets:2 depth:1 tf:1 semantic_masks:2
[INFO] [1786441783.457475]: RGB-D vision status: model_ready:onnxruntime targets:2 depth:2 tf:2 semantic_masks:3
[INFO] [1786441791.676557]: RGB-D vision status: model_ready:onnxruntime targets:1 depth:1 tf:1 semantic_masks:3
[INFO] [1786441810.052811]: RGB-D vision status: model_ready:onnxruntime targets:1 depth:1 tf:1 semantic_masks:1
[INFO] [1786441819.519367]: RGB-D vision status: model_ready:onnxruntime targets:1 depth:1 tf:1 semantic_masks:3
[INFO] [1786441824.578779]: RGB-D vision status: model_ready:onnxruntime targets:1 depth:1 tf:1 semantic_masks:1
[INFO] [1786441832.742049]: RGB-D vision status: model_ready:onnxruntime targets:1 depth:1 tf:1 semantic_masks:2
[INFO] [1786441838.626197]: RGB-D vision status: model_ready:onnxruntime targets:2 depth:1 tf:1 semantic_masks:3
[INFO] [1786441848.262148]: RGB-D vision status: model_ready:onnxruntime targets:1 depth:1 tf:1 semantic_masks:2
[INFO] [1786441855.279260]: RGB-D vision status: model_ready:onnxruntime targets:1 depth:1 tf:1 semantic_masks:2
[INFO] [1786441860.456259]: RGB-D vision status: model_ready:onnxruntime targets:1 depth:1 tf:1 semantic_masks:2
[INFO] [1786441865.672706]: RGB-D vision status: model_ready:onnxruntime targets:1 depth:1 tf:1 semantic_masks:2
[INFO] [1786441871.280241]: RGB-D vision status: model_ready:onnxruntime targets:1 depth:1 tf:1 semantic_masks:3
[INFO] [1786441877.481206]: RGB-D vision status: model_ready:onnxruntime targets:1 depth:1 tf:1 semantic_masks:3
[INFO] [1786441882.649118]: RGB-D vision status: model_ready:onnxruntime targets:1 depth:1 tf:1 semantic_masks:3
[INFO] [1786441887.853657]: RGB-D vision status: model_ready:onnxruntime targets:1 depth:1 tf:1 semantic_masks:2
[INFO] [1786441893.076134]: RGB-D vision status: model_ready:onnxruntime targets:1 depth:1 tf:1 semantic_masks:3
[INFO] [1786441898.150663]: RGB-D vision status: model_ready:onnxruntime targets:1 depth:1 tf:1 semantic_masks:3
[INFO] [1786441903.342947]: RGB-D vision status: model_ready:onnxruntime targets:1 depth:1 tf:1 semantic_masks:3
[INFO] [1786441908.541932]: RGB-D vision status: model_ready:onnxruntime targets:1 depth:1 tf:1 semantic_masks:3
[INFO] [1786441913.606803]: RGB-D vision status: model_ready:onnxruntime targets:1 depth:1 tf:1 semantic_masks:2
[INFO] [1786441919.484740]: RGB-D vision status: model_ready:onnxruntime targets:1 depth:1 tf:1 semantic_masks:3
[INFO] [1786441924.498413]: RGB-D vision status: model_ready:onnxruntime targets:1 depth:1 tf:1 semantic_masks:3
[INFO] [1786441930.864246]: RGB-D vision status: model_ready:onnxruntime targets:1 depth:1 tf:1 semantic_masks:3
[INFO] [1786441939.066892]: RGB-D vision status: model_ready:onnxruntime targets:1 depth:1 tf:1 semantic_masks:3
[INFO] [1786441946.267443]: RGB-D vision status: model_ready:onnxruntime targets:1 depth:1 tf:1 semantic_masks:3
[INFO] [1786441952.273212]: RGB-D vision status: model_ready:onnxruntime targets:1 depth:1 tf:1 semantic_masks:3
[INFO] [1786441958.654445]: RGB-D vision status: model_ready:onnxruntime targets:1 depth:1 tf:1 semantic_masks:3
[INFO] [1786441963.659868]: RGB-D vision status: model_ready:onnxruntime targets:1 depth:1 tf:1 semantic_masks:3
[INFO] [1786441969.931020]: RGB-D vision status: model_ready:onnxruntime targets:1 depth:1 tf:1 semantic_masks:3
[INFO] [1786441975.115327]: RGB-D vision status: model_ready:onnxruntime targets:1 depth:1 tf:1 semantic_masks:3
[INFO] [1786441980.127321]: RGB-D vision status: model_ready:onnxruntime targets:1 depth:1 tf:1 semantic_masks:3
[INFO] [1786441985.355941]: RGB-D vision status: model_ready:onnxruntime targets:1 depth:1 tf:1 semantic_masks:3
[INFO] [1786441990.813513]: RGB-D vision status: model_ready:onnxruntime targets:1 depth:1 tf:1 semantic_masks:3
[INFO] [1786441995.875057]: RGB-D vision status: model_ready:onnxruntime targets:1 depth:1 tf:1 semantic_masks:3
[INFO] [1786442002.473027]: RGB-D vision status: model_ready:onnxruntime targets:1 depth:1 tf:1 semantic_masks:3
[INFO] [1786442007.480260]: RGB-D vision status: model_ready:onnxruntime targets:1 depth:1 tf:1 semantic_masks:2
[INFO] [1786442012.661610]: RGB-D vision status: model_ready:onnxruntime targets:1 depth:1 tf:1 semantic_masks:3
[INFO] [1786442018.460873]: RGB-D vision status: model_ready:onnxruntime targets:1 depth:1 tf:1 semantic_masks:3
[INFO] [1786442023.660312]: RGB-D vision status: model_ready:onnxruntime targets:1 depth:1 tf:1 semantic_masks:2
[INFO] [1786442028.859655]: RGB-D vision status: model_ready:onnxruntime targets:1 depth:1 tf:1 semantic_masks:2
[INFO] [1786442033.864367]: RGB-D vision status: model_ready:onnxruntime targets:1 depth:1 tf:1 semantic_masks:3
[INFO] [1786442038.992849]: RGB-D vision status: model_ready:onnxruntime targets:1 depth:1 tf:1 semantic_masks:3
[INFO] [1786442044.863064]: RGB-D vision status: model_ready:onnxruntime targets:1 depth:1 tf:1 semantic_masks:3
[INFO] [1786442049.936555]: RGB-D vision status: model_ready:onnxruntime targets:1 depth:1 tf:1 semantic_masks:2
[INFO] [1786442054.997215]: RGB-D vision status: model_ready:onnxruntime targets:1 depth:1 tf:1 semantic_masks:2
[INFO] [1786442060.187119]: RGB-D vision status: model_ready:onnxruntime targets:1 depth:1 tf:1 semantic_masks:3
[INFO] [1786442065.357541]: RGB-D vision status: model_ready:onnxruntime targets:1 depth:1 tf:1 semantic_masks:3
[INFO] [1786442070.562947]: RGB-D vision status: model_ready:onnxruntime targets:1 depth:1 tf:1 semantic_masks:2
[INFO] [1786442075.670366]: RGB-D vision status: model_ready:onnxruntime targets:1 depth:1 tf:1 semantic_masks:2
[INFO] [1786442081.066091]: RGB-D vision status: model_ready:onnxruntime targets:1 depth:1 tf:1 semantic_masks:2
[INFO] [1786442086.253891]: RGB-D vision status: model_ready:onnxruntime targets:1 depth:1 tf:1 semantic_masks:3
[INFO] [1786442092.457261]: RGB-D vision status: model_ready:onnxruntime targets:1 depth:1 tf:1 semantic_masks:3
[INFO] [1786442097.661197]: RGB-D vision status: model_ready:onnxruntime targets:1 depth:1 tf:1 semantic_masks:3
[INFO] [1786442102.672086]: RGB-D vision status: model_ready:onnxruntime targets:1 depth:1 tf:1 semantic_masks:2
[INFO] [1786442107.855690]: RGB-D vision status: model_ready:onnxruntime targets:1 depth:1 tf:1 semantic_masks:3
[INFO] [1786442113.124254]: RGB-D vision status: model_ready:onnxruntime targets:1 depth:1 tf:1 semantic_masks:3
[INFO] [1786442118.583353]: RGB-D vision status: model_ready:onnxruntime targets:1 depth:1 tf:1 semantic_masks:2
[INFO] [1786442123.650648]: RGB-D vision status: model_ready:onnxruntime targets:1 depth:1 tf:1 semantic_masks:3
[INFO] [1786442129.137782]: RGB-D vision status: model_ready:onnxruntime targets:1 depth:1 tf:1 semantic_masks:3
[INFO] [1786442134.336431]: RGB-D vision status: model_ready:onnxruntime targets:1 depth:1 tf:1 semantic_masks:3
[INFO] [1786442140.069642]: RGB-D vision status: model_ready:onnxruntime targets:1 depth:1 tf:1 semantic_masks:3
[INFO] [1786442145.145734]: RGB-D vision status: model_ready:onnxruntime targets:1 depth:1 tf:1 semantic_masks:3
[INFO] [1786442150.249174]: RGB-D vision status: model_ready:onnxruntime targets:1 depth:1 tf:1 semantic_masks:3
[INFO] [1786442155.280545]: RGB-D vision status: model_ready:onnxruntime targets:1 depth:1 tf:1 semantic_masks:3
[INFO] [1786442160.462174]: RGB-D vision status: model_ready:onnxruntime targets:1 depth:1 tf:1 semantic_masks:3
[INFO] [1786442165.675180]: RGB-D vision status: model_ready:onnxruntime targets:1 depth:1 tf:1 semantic_masks:2
[INFO] [1786442176.250693]: RGB-D vision status: model_ready:onnxruntime targets:1 depth:1 tf:1 semantic_masks:3
[INFO] [1786442181.438117]: RGB-D vision status: model_ready:onnxruntime targets:1 depth:1 tf:1 semantic_masks:3
[INFO] [1786442187.265177]: RGB-D vision status: model_ready:onnxruntime targets:1 depth:1 tf:1 semantic_masks:3
[INFO] [1786442193.921150]: RGB-D vision status: model_ready:onnxruntime targets:1 depth:1 tf:1 semantic_masks:3
[INFO] [1786442199.413577]: RGB-D vision status: model_ready:onnxruntime targets:1 depth:1 tf:1 semantic_masks:3
[INFO] [1786442205.410367]: RGB-D vision status: model_ready:onnxruntime targets:1 depth:1 tf:1 semantic_masks:3
[INFO] [1786442211.280974]: RGB-D vision status: model_ready:onnxruntime targets:1 depth:1 tf:1 semantic_masks:3
[INFO] [1786442217.547806]: RGB-D vision status: model_ready:onnxruntime targets:1 depth:1 tf:1 semantic_masks:3
[INFO] [1786442222.605687]: RGB-D vision status: model_ready:onnxruntime targets:1 depth:1 tf:1 semantic_masks:3
[INFO] [1786442228.652110]: RGB-D vision status: model_ready:onnxruntime targets:1 depth:1 tf:1 semantic_masks:3
[INFO] [1786442234.053078]: RGB-D vision status: model_ready:onnxruntime targets:1 depth:1 tf:1 semantic_masks:2
[INFO] [1786442239.470821]: RGB-D vision status: model_ready:onnxruntime targets:1 depth:1 tf:1 semantic_masks:3
[INFO] [1786442244.655300]: RGB-D vision status: model_ready:onnxruntime targets:1 depth:1 tf:1 semantic_masks:2
[INFO] [1786442250.656340]: RGB-D vision status: model_ready:onnxruntime targets:1 depth:1 tf:1 semantic_masks:3
[INFO] [1786442255.669650]: RGB-D vision status: model_ready:onnxruntime targets:1 depth:1 tf:1 semantic_masks:3
[INFO] [1786442261.569366]: RGB-D vision status: model_ready:onnxruntime targets:1 depth:1 tf:1 semantic_masks:3
[INFO] [1786442267.585943]: RGB-D vision status: model_ready:onnxruntime targets:1 depth:1 tf:1 semantic_masks:3
[INFO] [1786442272.793967]: RGB-D vision status: model_ready:onnxruntime targets:1 depth:1 tf:1 semantic_masks:3
[INFO] [1786442280.268410]: RGB-D vision status: model_ready:onnxruntime targets:1 depth:1 tf:1 semantic_masks:3
[INFO] [1786442288.260212]: RGB-D vision status: model_ready:onnxruntime targets:1 depth:1 tf:1 semantic_masks:3
[INFO] [1786442294.820070]: RGB-D vision status: model_ready:onnxruntime targets:1 depth:1 tf:1 semantic_masks:3
[INFO] [1786442300.407717]: RGB-D vision status: model_ready:onnxruntime targets:1 depth:1 tf:1 semantic_masks:1
[INFO] [1786442306.862907]: RGB-D vision status: model_ready:onnxruntime targets:1 depth:1 tf:1 semantic_masks:3
[INFO] [1786442313.314018]: RGB-D vision status: model_ready:onnxruntime targets:1 depth:1 tf:1 semantic_masks:1
[INFO] [1786442318.459480]: RGB-D vision status: model_ready:onnxruntime targets:1 depth:1 tf:1 semantic_masks:1
[INFO] [1786442324.061840]: RGB-D vision status: model_ready:onnxruntime targets:1 depth:1 tf:1 semantic_masks:1
[INFO] [1786442329.449318]: RGB-D vision status: model_ready:onnxruntime targets:1 depth:1 tf:1 semantic_masks:1
[INFO] [1786442334.452335]: RGB-D vision status: model_ready:onnxruntime targets:1 depth:1 tf:1 semantic_masks:2
[INFO] [1786442340.465389]: RGB-D vision status: model_ready:onnxruntime targets:1 depth:1 tf:1 semantic_masks:1
[INFO] [1786442345.545147]: RGB-D vision status: model_ready:onnxruntime targets:1 depth:1 tf:1 semantic_masks:2
[INFO] [1786442350.605543]: RGB-D vision status: model_ready:onnxruntime targets:1 depth:1 tf:1 semantic_masks:1
[INFO] [1786442355.653945]: RGB-D vision status: model_ready:onnxruntime targets:1 depth:1 tf:1 semantic_masks:1
[INFO] [1786442361.006387]: RGB-D vision status: model_ready:onnxruntime targets:1 depth:1 tf:1 semantic_masks:1
[INFO] [1786442366.214305]: RGB-D vision status: model_ready:onnxruntime targets:1 depth:1 tf:1 semantic_masks:1
[INFO] [1786442371.398443]: RGB-D vision status: model_ready:onnxruntime targets:1 depth:1 tf:1 semantic_masks:1
[INFO] [1786442376.655187]: RGB-D vision status: model_ready:onnxruntime targets:1 depth:1 tf:1 semantic_masks:2
[INFO] [1786442382.449198]: RGB-D vision status: model_ready:onnxruntime targets:1 depth:1 tf:1 semantic_masks:2
[INFO] [1786442387.638549]: RGB-D vision status: model_ready:onnxruntime targets:1 depth:1 tf:1 semantic_masks:1
[INFO] [1786442392.834779]: RGB-D vision status: model_ready:onnxruntime targets:1 depth:1 tf:1 semantic_masks:1
[INFO] [1786442402.058528]: RGB-D vision status: model_ready:onnxruntime targets:1 depth:1 tf:1 semantic_masks:1
[INFO] [1786442407.645118]: RGB-D vision status: model_ready:onnxruntime targets:1 depth:1 tf:1 semantic_masks:1
[INFO] [1786442413.184276]: RGB-D vision status: model_ready:onnxruntime targets:1 depth:1 tf:1 semantic_masks:1
[INFO] [1786442418.380211]: RGB-D vision status: model_ready:onnxruntime targets:1 depth:1 tf:1 semantic_masks:1
[INFO] [1786442424.946844]: RGB-D vision status: model_ready:onnxruntime targets:1 depth:1 tf:1 semantic_masks:1
[INFO] [1786442430.001575]: RGB-D vision status: model_ready:onnxruntime targets:1 depth:1 tf:1 semantic_masks:2
[INFO] [1786442436.811406]: RGB-D vision status: model_ready:onnxruntime targets:1 depth:1 tf:1 semantic_masks:1
[INFO] [1786442442.076476]: RGB-D vision status: model_ready:onnxruntime targets:1 depth:1 tf:1 semantic_masks:1
[INFO] [1786442448.496543]: RGB-D vision status: model_ready:onnxruntime targets:1 depth:1 tf:1 semantic_masks:1
[INFO] [1786442462.859656]: RGB-D vision status: model_ready:onnxruntime targets:1 depth:1 tf:1 semantic_masks:1
[INFO] [1786442471.067938]: RGB-D vision status: model_ready:onnxruntime targets:1 depth:1 tf:1 semantic_masks:1
[INFO] [1786442476.276673]: RGB-D vision status: model_ready:onnxruntime targets:1 depth:1 tf:1 semantic_masks:3
[INFO] [1786442481.450165]: RGB-D vision status: model_ready:onnxruntime targets:1 depth:1 tf:1 semantic_masks:1
[INFO] [1786442486.481059]: RGB-D vision status: model_ready:onnxruntime targets:1 depth:1 tf:1 semantic_masks:2
[INFO] [1786442491.866273]: RGB-D vision status: model_ready:onnxruntime targets:1 depth:1 tf:1 semantic_masks:1
[INFO] [1786442498.394730]: RGB-D vision status: model_ready:onnxruntime targets:1 depth:1 tf:1 semantic_masks:3
[INFO] [1786442503.471227]: RGB-D vision status: model_ready:onnxruntime targets:1 depth:1 tf:1 semantic_masks:2
[INFO] [1786442508.544767]: RGB-D vision status: model_ready:onnxruntime targets:1 depth:1 tf:1 semantic_masks:3
[INFO] [1786442513.609437]: RGB-D vision status: model_ready:onnxruntime targets:1 depth:1 tf:1 semantic_masks:1
[INFO] [1786442518.938324]: RGB-D vision status: model_ready:onnxruntime targets:1 depth:1 tf:1 semantic_masks:2
[INFO] [1786442524.021526]: RGB-D vision status: model_ready:onnxruntime targets:1 depth:1 tf:1 semantic_masks:1
[INFO] [1786442529.268268]: RGB-D vision status: model_ready:onnxruntime targets:1 depth:1 tf:1 semantic_masks:1
[INFO] [1786442534.280976]: RGB-D vision status: model_ready:onnxruntime targets:1 depth:1 tf:1 semantic_masks:2
[INFO] [1786442540.469766]: RGB-D vision status: model_ready:onnxruntime targets:1 depth:1 tf:1 semantic_masks:3
[INFO] [1786442545.663628]: RGB-D vision status: model_ready:onnxruntime targets:1 depth:1 tf:1 semantic_masks:2
[INFO] [1786442550.665441]: RGB-D vision status: model_ready:onnxruntime targets:1 depth:1 tf:1 semantic_masks:2
[INFO] [1786442556.678946]: RGB-D vision status: model_ready:onnxruntime targets:1 depth:1 tf:1 semantic_masks:1
[INFO] [1786442562.884680]: RGB-D vision status: model_ready:onnxruntime targets:1 depth:1 tf:1 semantic_masks:1
