[ INFO] [1785248070.662606522]: Initializing nodelet with 8 worker threads.
[ INFO] [1785248070.955753673]: RealSense ROS v2.3.2
[ INFO] [1785248070.957142383]: Built with LibRealSense v2.55.1
[ INFO] [1785248070.957811233]: Running with LibRealSense v2.55.1
[ INFO] [1785248071.039180071]:  
[ INFO] [1785248071.125846458]: Device with serial number 233522078111 was found.

[ INFO] [1785248071.126337223]: Device with physical ID /sys/devices/platform/3610000.xhci/usb2/2-1/2-1.4/2-1.4:1.0/video4linux/video0 was found.
[ INFO] [1785248071.126531629]: Device with name Intel RealSense D435 was found.
[ INFO] [1785248071.127747310]: Device with port number 2-1.4 was found.
[ INFO] [1785248071.128202586]: Device USB type: 3.2
[ INFO] [1785248071.130853698]: getParameters...
[ INFO] [1785248071.229617342]: setupDevice...
[ INFO] [1785248071.229676640]: JSON file is not provided
[ INFO] [1785248071.229694112]: ROS Node Namespace: camera
[ INFO] [1785248071.229712449]: Device Name: Intel RealSense D435
[ INFO] [1785248071.229733345]: Device Serial No: 233522078111
[ INFO] [1785248071.229745890]: Device physical port: /sys/devices/platform/3610000.xhci/usb2/2-1/2-1.4/2-1.4:1.0/video4linux/video0
[ INFO] [1785248071.229756258]: Device FW version: 5.13.0.55
[ INFO] [1785248071.229766082]: Device Product ID: 0x0B07
[ INFO] [1785248071.229775555]: Enable PointCloud: On
[ INFO] [1785248071.229788131]: Align Depth: On
[ INFO] [1785248071.229797251]: Sync Mode: On
[ INFO] [1785248071.229861573]: Device Sensors: 
[ INFO] [1785248071.233408645]: Stereo Module was found.
[ INFO] [1785248071.238506768]: RGB Camera was found.
[ INFO] [1785248071.238926715]: Add Filter: pointcloud
[ INFO] [1785248071.239210435]: num_filters: 2
[ INFO] [1785248071.239403496]: Setting Dynamic reconfig parameters.
[ WARN] [1785248071.434897897]: Param '/camera/rgb_camera/power_line_frequency' has value 3 that is not in the enum { {50Hz: 1} {60Hz: 2} {Disabled: 0} }. Removing this parameter from dynamic reconfigure options.
[ INFO] [1785248071.473812075]: Done Setting Dynamic reconfig parameters.
[ INFO] [1785248071.474466493]: depth stream is enabled - width: 640, height: 480, fps: 15, Format: Z16
[ INFO] [1785248071.474907273]: color stream is enabled - width: 640, height: 480, fps: 30, Format: RGB8
[ INFO] [1785248071.475805505]: setupPublishers...
[ INFO] [1785248071.485742575]: Expected frequency for depth = 15.00000
[ INFO] [1785248071.638309410]: Expected frequency for color = 30.00000
[ INFO] [1785248071.680689505]: Expected frequency for aligned_depth_to_color = 30.00000
[ INFO] [1785248071.726107796]: setupStreams...
[ INFO] [1785248071.754072908]: SELECTED BASE:Depth, 0
[ INFO] [1785248071.768882238]: RealSense Node Is Up!
[ WARN] [1785248071.938817673]: 
[ INFO] [1785248072.287233494]: publishing unordered pointcloud.
[WARN] [1785248100.244913]: Remote inference transient failure 1/3; dropping this frame and retaining the remote backend: timed out
[WARN] [1785248129.204362]: Remote inference transient failure 1/3; dropping this frame and retaining the remote backend: timed out
[WARN] [1785248148.197199]: Remote inference transient failure 1/3; dropping this frame and retaining the remote backend: timed out
[WARN] [1785248183.223218]: Remote inference transient failure 1/3; dropping this frame and retaining the remote backend: timed out
[WARN] [1785248203.344968]: Remote inference transient failure 1/3; dropping this frame and retaining the remote backend: timed out
[WARN] [1785248208.257092]: Remote inference transient failure 1/3; dropping this frame and retaining the remote backend: timed out
[INFO] [1785248071.302953]: RGB-D vision status: starting:model_loading
[INFO] [1785248076.957232]: Connected to remote citrus inference http://aiseon.local:8765; providers=['CUDAExecutionProvider', 'CPUExecutionProvider']
[INFO] [1785248076.960696]: Citrus model loading finished in 5.57 s: model_ready:remote
[INFO] [1785248077.040657]: RGB-D vision status: model_ready:remote
[INFO] [1785248105.692110]: Remote inference recovered after 1 transient failure(s)
[INFO] [1785248129.656383]: Remote inference recovered after 1 transient failure(s)
[INFO] [1785248148.655359]: Remote inference recovered after 1 transient failure(s)
[INFO] [1785248188.962546]: Remote inference recovered after 1 transient failure(s)
[INFO] [1785248203.890131]: Remote inference recovered after 1 transient failure(s)
[INFO] [1785248208.705129]: Remote inference recovered after 1 transient failure(s)
... logging to /home/jetson/.ros/log/8e809a04-8a8e-11f1-adb5-d0c637ebfba4/roslaunch-ubuntu-70238.log
Checking log directory for disk usage. This may take a while.
Press Ctrl-C to interrupt
Done checking log file disk usage. Usage is <1GB.
]2;/home/jetson/ros_ws/src/elfin_vision/launch/citrus_sensor_runtime.launch
[1mstarted roslaunch server http://ubuntu:33865/[0m

SUMMARY
========

PARAMETERS
 * /camera/realsense2_camera/accel_fps: -1
 * /camera/realsense2_camera/accel_frame_id: camera_accel_frame
 * /camera/realsense2_camera/accel_optical_frame_id: camera_accel_opti...
 * /camera/realsense2_camera/align_depth: True
 * /camera/realsense2_camera/aligned_depth_to_color_frame_id: camera_aligned_de...
 * /camera/realsense2_camera/aligned_depth_to_fisheye1_frame_id: camera_aligned_de...
 * /camera/realsense2_camera/aligned_depth_to_fisheye2_frame_id: camera_aligned_de...
 * /camera/realsense2_camera/aligned_depth_to_fisheye_frame_id: camera_aligned_de...
 * /camera/realsense2_camera/aligned_depth_to_infra1_frame_id: camera_aligned_de...
 * /camera/realsense2_camera/aligned_depth_to_infra2_frame_id: camera_aligned_de...
 * /camera/realsense2_camera/allow_no_texture_points: False
 * /camera/realsense2_camera/base_frame_id: camera_link
 * /camera/realsense2_camera/calib_odom_file: 
 * /camera/realsense2_camera/clip_distance: -2.0
 * /camera/realsense2_camera/color_fps: 30
 * /camera/realsense2_camera/color_frame_id: camera_color_frame
 * /camera/realsense2_camera/color_height: 480
 * /camera/realsense2_camera/color_optical_frame_id: camera_color_opti...
 * /camera/realsense2_camera/color_width: 640
 * /camera/realsense2_camera/confidence_fps: -1
 * /camera/realsense2_camera/confidence_height: -1
 * /camera/realsense2_camera/confidence_width: -1
 * /camera/realsense2_camera/depth_fps: 15
 * /camera/realsense2_camera/depth_frame_id: camera_depth_frame
 * /camera/realsense2_camera/depth_height: 480
 * /camera/realsense2_camera/depth_optical_frame_id: camera_depth_opti...
 * /camera/realsense2_camera/depth_width: 640
 * /camera/realsense2_camera/device_type: d435
 * /camera/realsense2_camera/enable_accel: False
 * /camera/realsense2_camera/enable_color: True
 * /camera/realsense2_camera/enable_confidence: False
 * /camera/realsense2_camera/enable_depth: True
 * /camera/realsense2_camera/enable_fisheye1: False
 * /camera/realsense2_camera/enable_fisheye2: False
 * /camera/realsense2_camera/enable_fisheye: False
 * /camera/realsense2_camera/enable_gyro: False
 * /camera/realsense2_camera/enable_infra1: False
 * /camera/realsense2_camera/enable_infra2: False
 * /camera/realsense2_camera/enable_infra: False
 * /camera/realsense2_camera/enable_pointcloud: True
 * /camera/realsense2_camera/enable_pose: False
 * /camera/realsense2_camera/enable_sync: True
 * /camera/realsense2_camera/filters: 
 * /camera/realsense2_camera/fisheye1_frame_id: camera_fisheye1_f...
 * /camera/realsense2_camera/fisheye1_optical_frame_id: camera_fisheye1_o...
 * /camera/realsense2_camera/fisheye2_frame_id: camera_fisheye2_f...
 * /camera/realsense2_camera/fisheye2_optical_frame_id: camera_fisheye2_o...
 * /camera/realsense2_camera/fisheye_fps: -1
 * /camera/realsense2_camera/fisheye_frame_id: camera_fisheye_frame
 * /camera/realsense2_camera/fisheye_height: -1
 * /camera/realsense2_camera/fisheye_optical_frame_id: camera_fisheye_op...
 * /camera/realsense2_camera/fisheye_width: -1
 * /camera/realsense2_camera/gyro_fps: -1
 * /camera/realsense2_camera/gyro_frame_id: camera_gyro_frame
 * /camera/realsense2_camera/gyro_optical_frame_id: camera_gyro_optic...
 * /camera/realsense2_camera/imu_optical_frame_id: camera_imu_optica...
 * /camera/realsense2_camera/infra1_frame_id: camera_infra1_frame
 * /camera/realsense2_camera/infra1_optical_frame_id: camera_infra1_opt...
 * /camera/realsense2_camera/infra2_frame_id: camera_infra2_frame
 * /camera/realsense2_camera/infra2_optical_frame_id: camera_infra2_opt...
 * /camera/realsense2_camera/infra_fps: 30
 * /camera/realsense2_camera/infra_height: 480
 * /camera/realsense2_camera/infra_rgb: False
 * /camera/realsense2_camera/infra_width: 848
 * /camera/realsense2_camera/initial_reset: False
 * /camera/realsense2_camera/json_file_path: 
 * /camera/realsense2_camera/linear_accel_cov: 0.01
 * /camera/realsense2_camera/odom_frame_id: camera_odom_frame
 * /camera/realsense2_camera/ordered_pc: False
 * /camera/realsense2_camera/pointcloud_texture_index: 0
 * /camera/realsense2_camera/pointcloud_texture_stream: RS2_STREAM_ANY
 * /camera/realsense2_camera/pose_frame_id: camera_pose_frame
 * /camera/realsense2_camera/pose_optical_frame_id: camera_pose_optic...
 * /camera/realsense2_camera/publish_odom_tf: True
 * /camera/realsense2_camera/publish_tf: True
 * /camera/realsense2_camera/reconnect_timeout: 6.0
 * /camera/realsense2_camera/rosbag_filename: 
 * /camera/realsense2_camera/serial_no: 233522078111
 * /camera/realsense2_camera/stereo_module/exposure/1: 7500
 * /camera/realsense2_camera/stereo_module/exposure/2: 1
 * /camera/realsense2_camera/stereo_module/gain/1: 16
 * /camera/realsense2_camera/stereo_module/gain/2: 16
 * /camera/realsense2_camera/tf_publish_rate: 0.0
 * /camera/realsense2_camera/topic_odom_in: odom_in
 * /camera/realsense2_camera/unite_imu_method: 
 * /camera/realsense2_camera/usb_port_id: 2-1.4
 * /camera/realsense2_camera/wait_for_device_timeout: 8.0
 * /elfin_vision/citrus_rgbd_node/backend: auto
 * /elfin_vision/citrus_rgbd_node/class_names/0: citrus
 * /elfin_vision/citrus_rgbd_node/class_names/1: tree
 * /elfin_vision/citrus_rgbd_node/confidence: 0.35
 * /elfin_vision/citrus_rgbd_node/depth_max_m: 4.0
 * /elfin_vision/citrus_rgbd_node/depth_min_m: 0.2
 * /elfin_vision/citrus_rgbd_node/depth_min_samples: 20
 * /elfin_vision/citrus_rgbd_node/depth_roi_scale: 0.35
 * /elfin_vision/citrus_rgbd_node/device: auto
 * /elfin_vision/citrus_rgbd_node/engine_path: /home/jetson/elfi...
 * /elfin_vision/citrus_rgbd_node/engine_sha256: c876f0927ac1eb12e...
 * /elfin_vision/citrus_rgbd_node/image_size: 640
 * /elfin_vision/citrus_rgbd_node/iou: 0.45
 * /elfin_vision/citrus_rgbd_node/max_inference_hz: 8.0
 * /elfin_vision/citrus_rgbd_node/model_path: /home/jetson/elfi...
 * /elfin_vision/citrus_rgbd_node/model_repo: 
 * /elfin_vision/citrus_rgbd_node/model_sha256: 507821ee21f312497...
 * /elfin_vision/citrus_rgbd_node/publish_annotated_image: True
 * /elfin_vision/citrus_rgbd_node/remote_failure_limit: 3
 * /elfin_vision/citrus_rgbd_node/remote_preferred: True
 * /elfin_vision/citrus_rgbd_node/remote_retry_interval_s: 5.0
 * /elfin_vision/citrus_rgbd_node/remote_timeout_s: 0.8
 * /elfin_vision/citrus_rgbd_node/remote_token_file: /home/jetson/.con...
 * /elfin_vision/citrus_rgbd_node/remote_url: http://aiseon.loc...
 * /elfin_vision/citrus_rgbd_node/target_class_ids: []
 * /elfin_vision/citrus_rgbd_node/target_frame: elfin_base_link
 * /elfin_vision/citrus_rgbd_node/target_labels: ['citrus', 'orang...
 * /rosdistro: noetic
 * /rosversion: 1.16.0

NODES
  /camera/
    realsense2_camera (nodelet/nodelet)
    realsense2_camera_manager (nodelet/nodelet)
  /elfin_vision/
    citrus_rgbd_node (elfin_vision/citrus_rgbd_node.py)

[1mROS_MASTER_URI=http://localhost:11311[0m
]2;/home/jetson/ros_ws/src/elfin_vision/launch/citrus_sensor_runtime.launch http://localhost:11311
[1mprocess[camera/realsense2_camera_manager-1]: started with pid [70519][0m
[1mprocess[camera/realsense2_camera-2]: started with pid [70520][0m
[1mprocess[elfin_vision/citrus_rgbd_node-3]: started with pid [70521][0m
[elfin_vision/citrus_rgbd_node-3] killing on exit
[camera/realsense2_camera-2] killing on exit
[camera/realsense2_camera_manager-1] killing on exit
shutting down processing monitor...
... shutting down processing monitor complete
[1mdone[0m
