Starting isolated D455 motion stream without reset.
[0m[INFO] [1786351458.521902463]: Initializing nodelet with 32 worker threads.[0m
[0m[INFO] [1786351458.586159568]: RealSense ROS v2.3.2[0m
[0m[INFO] [1786351458.586182744]: Built with LibRealSense v2.55.1[0m
[0m[INFO] [1786351458.586194814]: Running with LibRealSense v2.55.1[0m
[0m[INFO] [1786351458.603704404]:  [0m
[0m[INFO] [1786351458.608710830]: Device with serial number 234222302617 was found.
[0m
[0m[INFO] [1786351458.608727583]: Device with physical ID /sys/devices/pci0000:00/0000:00:14.0/usb2/2-3/2-3:1.0/video4linux/video0 was found.[0m
[0m[INFO] [1786351458.608733599]: Device with name Intel RealSense D455 was found.[0m
[0m[INFO] [1786351458.608917725]: Device with port number 2-3 was found.[0m
[0m[INFO] [1786351458.608934017]: Device USB type: 3.2[0m
[0m[INFO] [1786351458.610079587]: getParameters...[0m
[0m[INFO] [1786351458.637067672]: setupDevice...[0m
[0m[INFO] [1786351458.637077804]: JSON file is not provided[0m
[0m[INFO] [1786351458.637081551]: ROS Node Namespace: camera_imu[0m
[0m[INFO] [1786351458.637086009]: Device Name: Intel RealSense D455[0m
[0m[INFO] [1786351458.637088961]: Device Serial No: 234222302617[0m
[0m[INFO] [1786351458.637096515]: Device physical port: /sys/devices/pci0000:00/0000:00:14.0/usb2/2-3/2-3:1.0/video4linux/video0[0m
[0m[INFO] [1786351458.637099857]: Device FW version: 5.17.3.10[0m
[0m[INFO] [1786351458.637102719]: Device Product ID: 0x0B5C[0m
[0m[INFO] [1786351458.637105437]: Enable PointCloud: Off[0m
[0m[INFO] [1786351458.637108311]: Align Depth: Off[0m
[0m[INFO] [1786351458.637120835]: Sync Mode: Off[0m
[0m[INFO] [1786351458.637136537]: Device Sensors: [0m
[0m[INFO] [1786351458.639641908]: Stereo Module was found.[0m
[0m[INFO] [1786351458.641564450]: RGB Camera was found.[0m
[0m[INFO] [1786351458.641628898]: Motion Module was found.[0m
[0m[INFO] [1786351458.641637473]: num_filters: 0[0m
[0m[INFO] [1786351458.641641603]: Setting Dynamic reconfig parameters.[0m
[0m[INFO] [1786351458.663842406]: Done Setting Dynamic reconfig parameters.[0m
[0m[INFO] [1786351458.663908369]: gyro stream is enabled - fps: 200[0m
[0m[INFO] [1786351458.663920053]: accel stream is enabled - fps: 100[0m
[0m[INFO] [1786351458.663941898]: setupPublishers...[0m
[0m[INFO] [1786351458.665506587]: setupStreams...[0m
 10/08 08:44:18,665 WARNING [139807957604096] (ds-calib-parsers.cpp:35) IMU Calibration is not available, default intrinsic and extrinsic will be used.
[0m[INFO] [1786351458.667025874]: SELECTED BASE:Depth, 0[0m
[0m[INFO] [1786351458.668378651]: RealSense Node Is Up![0m
[33m[WARN] [1786351458.759731115]: [0m
D455 motion stream ready: /camera_imu/gyro/sample + /camera_imu/accel/sample
[0m[INFO] [1786351461.879676645]: Initializing nodelet with 32 worker threads.[0m
[0m[INFO] [1786351461.927952867]: RealSense ROS v2.3.2[0m
[0m[INFO] [1786351461.927985387]: Built with LibRealSense v2.55.1[0m
[0m[INFO] [1786351461.927993396]: Running with LibRealSense v2.55.1[0m
[0m[INFO] [1786351461.946905948]:  [0m
[0m[INFO] [1786351461.964851839]: Device with serial number 234222302617 was found.
[0m
[0m[INFO] [1786351461.964878695]: Device with physical ID /sys/devices/pci0000:00/0000:00:14.0/usb2/2-3/2-3:1.0/video4linux/video0 was found.[0m
[0m[INFO] [1786351461.964887761]: Device with name Intel RealSense D455 was found.[0m
[0m[INFO] [1786351461.965060804]: Device with port number 2-3 was found.[0m
[0m[INFO] [1786351461.965083262]: Device USB type: 3.2[0m
[0m[INFO] [1786351461.965852229]: getParameters...[0m
[0m[INFO] [1786351461.978617670]: setupDevice...[0m
[0m[INFO] [1786351461.978630352]: JSON file is not provided[0m
[0m[INFO] [1786351461.978638640]: ROS Node Namespace: camera[0m
[0m[INFO] [1786351461.978647335]: Device Name: Intel RealSense D455[0m
[0m[INFO] [1786351461.978654728]: Device Serial No: 234222302617[0m
[0m[INFO] [1786351461.978663331]: Device physical port: /sys/devices/pci0000:00/0000:00:14.0/usb2/2-3/2-3:1.0/video4linux/video0[0m
[0m[INFO] [1786351461.978673063]: Device FW version: 5.17.3.10[0m
[0m[INFO] [1786351461.978680645]: Device Product ID: 0x0B5C[0m
[0m[INFO] [1786351461.978687675]: Enable PointCloud: On[0m
[0m[INFO] [1786351461.978694890]: Align Depth: On[0m
[0m[INFO] [1786351461.978701820]: Sync Mode: On[0m
[0m[INFO] [1786351461.978724301]: Device Sensors: [0m
[0m[INFO] [1786351461.983302193]: Stereo Module was found.[0m
[0m[INFO] [1786351461.986402487]: RGB Camera was found.[0m
[0m[INFO] [1786351461.986514357]: Motion Module was found.[0m
[0m[INFO] [1786351462.005416203]: Add Filter: pointcloud[0m
[0m[INFO] [1786351462.005499441]: num_filters: 2[0m
[0m[INFO] [1786351462.005513661]: Setting Dynamic reconfig parameters.[0m
[0m[INFO] [1786351462.083115484]: Done Setting Dynamic reconfig parameters.[0m
[33m[WARN] [1786351462.083293264]: Given stream configuration is not supported by the device!  Stream: Depth, Stream Index: 0, Width: 640, Height: 480, FPS: 10, Format: Z16[0m
[33m[WARN] [1786351462.083309813]: Using default profile instead.[0m
[0m[INFO] [1786351462.083746065]: depth stream is enabled - width: 848, height: 480, fps: 30, Format: Z16[0m
[0m[INFO] [1786351462.084220722]: color stream is enabled - width: 640, height: 480, fps: 15, Format: RGB8[0m
[0m[INFO] [1786351462.085572273]: setupPublishers...[0m
[0m[INFO] [1786351462.087136334]: Expected frequency for depth = 30.00000[0m
[0m[INFO] [1786351462.114102463]: Expected frequency for color = 15.00000[0m
[0m[INFO] [1786351462.123720439]: Expected frequency for aligned_depth_to_color = 15.00000[0m
[0m[INFO] [1786351462.141052714]: setupStreams...[0m
[0m[INFO] [1786351462.155354890]: SELECTED BASE:Depth, 0[0m
[0m[INFO] [1786351462.163098902]: RealSense Node Is Up![0m
[33m[WARN] [1786351462.382038622]: [0m
[0m[INFO] [1786351462.395303626]: publishing unordered pointcloud.[0m
 10/08 08:45:25,321 ERROR [139951893575424] (ds-options.cpp:93) Asic Temperature value is not valid!
 10/08 08:45:26,161 ERROR [139952046208768] (ds-options.cpp:93) Asic Temperature value is not valid!
 10/08 08:45:26,324 ERROR [139951893575424] (ds-options.cpp:93) Asic Temperature value is not valid!
 10/08 08:45:27,326 ERROR [139951893575424] (ds-options.cpp:93) Asic Temperature value is not valid!
[WARN] [1786351462.199314]: Remote inference unavailable, loading local fallback: [Errno -2] Name or service not known
[WARN] [1786351462.205744]: TensorRT unavailable, falling back to ONNX Runtime: No module named 'pycuda'
[WARN] [1786351462.814883]: Remote inference recovery probe failed; local inference continues and another probe will run in 5.0 s: [Errno -2] Name or service not known
[WARN] [1786351467.989599]: Remote inference recovery probe failed; local inference continues and another probe will run in 5.0 s: [Errno -2] Name or service not known
[WARN] [1786351473.084553]: Remote inference recovery probe failed; local inference continues and another probe will run in 5.0 s: [Errno -2] Name or service not known
[WARN] [1786351478.150156]: Remote inference recovery probe failed; local inference continues and another probe will run in 5.0 s: [Errno -2] Name or service not known
[WARN] [1786351483.225176]: Remote inference recovery probe failed; local inference continues and another probe will run in 5.0 s: [Errno -2] Name or service not known
[WARN] [1786351488.301636]: Remote inference recovery probe failed; local inference continues and another probe will run in 5.0 s: [Errno -2] Name or service not known
[WARN] [1786351493.488835]: Remote inference recovery probe failed; local inference continues and another probe will run in 5.0 s: [Errno -2] Name or service not known
[WARN] [1786351498.559688]: Remote inference recovery probe failed; local inference continues and another probe will run in 5.0 s: [Errno -2] Name or service not known
[WARN] [1786351503.721853]: Remote inference recovery probe failed; local inference continues and another probe will run in 5.0 s: [Errno -2] Name or service not known
[WARN] [1786351508.835892]: Remote inference recovery probe failed; local inference continues and another probe will run in 5.0 s: [Errno -2] Name or service not known
[WARN] [1786351513.888618]: Remote inference recovery probe failed; local inference continues and another probe will run in 5.0 s: [Errno -2] Name or service not known
[WARN] [1786351518.969966]: Remote inference recovery probe failed; local inference continues and another probe will run in 5.0 s: [Errno -2] Name or service not known
[WARN] [1786351524.066989]: Remote inference recovery probe failed; local inference continues and another probe will run in 5.0 s: [Errno -2] Name or service not known
[WARN] [1786351529.128942]: Remote inference recovery probe failed; local inference continues and another probe will run in 5.0 s: [Errno -2] Name or service not known
[WARN] [1786351534.193218]: Remote inference recovery probe failed; local inference continues and another probe will run in 5.0 s: [Errno -2] Name or service not known
[WARN] [1786351539.251446]: Remote inference recovery probe failed; local inference continues and another probe will run in 5.0 s: [Errno -2] Name or service not known
[WARN] [1786351544.343382]: Remote inference recovery probe failed; local inference continues and another probe will run in 5.0 s: [Errno -2] Name or service not known
[WARN] [1786351549.473200]: Remote inference recovery probe failed; local inference continues and another probe will run in 5.0 s: [Errno -2] Name or service not known
[WARN] [1786351554.628470]: Remote inference recovery probe failed; local inference continues and another probe will run in 5.0 s: [Errno -2] Name or service not known
[INFO] [1786351462.148530]: RGB-D vision status: starting:model_loading
[INFO] [1786351462.258018]: Loaded ONNX citrus model /home/catas/elfin_citrus_data/server_bundle_20260722/best_citrus_seg.onnx; classes={0: 'citrus', 1: 'tree'}; providers=['CPUExecutionProvider']
[INFO] [1786351462.258990]: Citrus model loading finished in 0.09 s: model_ready:onnxruntime
[INFO] [1786351467.599617]: RGB-D vision status: model_ready:onnxruntime targets:1 depth:1 tf:1 semantic_masks:4
[INFO] [1786351472.625120]: RGB-D vision status: model_ready:onnxruntime targets:4 depth:4 tf:4 semantic_masks:7
[INFO] [1786351478.282573]: RGB-D vision status: model_ready:onnxruntime targets:0 depth:0 tf:0 semantic_masks:2
[INFO] [1786351483.471709]: RGB-D vision status: model_ready:onnxruntime targets:0 depth:0 tf:0 semantic_masks:2
[INFO] [1786351488.566296]: RGB-D vision status: model_ready:onnxruntime targets:1 depth:1 tf:1 semantic_masks:3
[INFO] [1786351493.632055]: RGB-D vision status: model_ready:onnxruntime targets:0 depth:0 tf:0 semantic_masks:2
[INFO] [1786351498.699132]: RGB-D vision status: model_ready:onnxruntime targets:0 depth:0 tf:0 semantic_masks:0
[INFO] [1786351508.509285]: RGB-D vision status: model_ready:onnxruntime targets:1 depth:0 tf:0 semantic_masks:2
[INFO] [1786351513.627254]: RGB-D vision status: model_ready:onnxruntime targets:0 depth:0 tf:0 semantic_masks:1
[INFO] [1786351518.971356]: RGB-D vision status: model_ready:onnxruntime targets:0 depth:0 tf:0 semantic_masks:1
[INFO] [1786351524.068566]: RGB-D vision status: model_ready:onnxruntime targets:0 depth:0 tf:0 semantic_masks:1
[INFO] [1786351529.796157]: RGB-D vision status: model_ready:onnxruntime targets:1 depth:1 tf:1 semantic_masks:5
[INFO] [1786351536.207386]: RGB-D vision status: model_ready:onnxruntime targets:0 depth:0 tf:0 semantic_masks:1
[INFO] [1786351541.650182]: RGB-D vision status: model_ready:onnxruntime targets:2 depth:2 tf:2 semantic_masks:3
[INFO] [1786351546.660486]: RGB-D vision status: model_ready:onnxruntime targets:0 depth:0 tf:0 semantic_masks:1
[INFO] [1786351552.257334]: RGB-D vision status: model_ready:onnxruntime targets:1 depth:0 tf:0 semantic_masks:3
