Starting isolated D455 motion stream without reset.
[0m[INFO] [1786435482.867086079]: Initializing nodelet with 32 worker threads.[0m
[0m[INFO] [1786435482.918878012]: RealSense ROS v2.3.2[0m
[0m[INFO] [1786435482.918894939]: Built with LibRealSense v2.55.1[0m
[0m[INFO] [1786435482.918901094]: Running with LibRealSense v2.55.1[0m
[0m[INFO] [1786435482.935824635]:  [0m
[0m[INFO] [1786435482.940508714]: Device with serial number 234222302617 was found.
[0m
[0m[INFO] [1786435482.940539399]: Device with physical ID /sys/devices/pci0000:00/0000:00:14.0/usb2/2-3/2-3:1.0/video4linux/video0 was found.[0m
[0m[INFO] [1786435482.940544473]: Device with name Intel RealSense D455 was found.[0m
[0m[INFO] [1786435482.940672886]: Device with port number 2-3 was found.[0m
[0m[INFO] [1786435482.940686334]: Device USB type: 3.2[0m
[0m[INFO] [1786435482.941768396]: getParameters...[0m
[0m[INFO] [1786435482.975166705]: setupDevice...[0m
[0m[INFO] [1786435482.975182219]: JSON file is not provided[0m
[0m[INFO] [1786435482.975186412]: ROS Node Namespace: camera_imu[0m
[0m[INFO] [1786435482.975192247]: Device Name: Intel RealSense D455[0m
[0m[INFO] [1786435482.975204420]: Device Serial No: 234222302617[0m
[0m[INFO] [1786435482.975221624]: Device physical port: /sys/devices/pci0000:00/0000:00:14.0/usb2/2-3/2-3:1.0/video4linux/video0[0m
[0m[INFO] [1786435482.975226682]: Device FW version: 5.17.3.10[0m
[0m[INFO] [1786435482.975231878]: Device Product ID: 0x0B5C[0m
[0m[INFO] [1786435482.975236527]: Enable PointCloud: Off[0m
[0m[INFO] [1786435482.975242764]: Align Depth: Off[0m
[0m[INFO] [1786435482.975248297]: Sync Mode: Off[0m
[0m[INFO] [1786435482.975270343]: Device Sensors: [0m
[0m[INFO] [1786435482.978435831]: Stereo Module was found.[0m
[0m[INFO] [1786435482.984416687]: RGB Camera was found.[0m
[0m[INFO] [1786435482.984524274]: Motion Module was found.[0m
[0m[INFO] [1786435482.984542068]: num_filters: 0[0m
[0m[INFO] [1786435482.984550203]: Setting Dynamic reconfig parameters.[0m
[0m[INFO] [1786435483.015251507]: Done Setting Dynamic reconfig parameters.[0m
[0m[INFO] [1786435483.015341734]: gyro stream is enabled - fps: 200[0m
[0m[INFO] [1786435483.015367524]: accel stream is enabled - fps: 100[0m
[0m[INFO] [1786435483.015379829]: setupPublishers...[0m
[0m[INFO] [1786435483.016881037]: setupStreams...[0m
 11/08 08:04:43,017 WARNING [139684323772160] (ds-calib-parsers.cpp:35) IMU Calibration is not available, default intrinsic and extrinsic will be used.
[0m[INFO] [1786435483.018319326]: SELECTED BASE:Depth, 0[0m
[0m[INFO] [1786435483.019755413]: RealSense Node Is Up![0m
[33m[WARN] [1786435483.130876506]: [0m
D455 motion stream ready: /camera_imu/gyro/sample + /camera_imu/accel/sample
[0m[INFO] [1786435486.354429439]: Initializing nodelet with 32 worker threads.[0m
[0m[INFO] [1786435486.423511510]: RealSense ROS v2.3.2[0m
[0m[INFO] [1786435486.423536561]: Built with LibRealSense v2.55.1[0m
[0m[INFO] [1786435486.423548385]: Running with LibRealSense v2.55.1[0m
[0m[INFO] [1786435486.444699649]:  [0m
[0m[INFO] [1786435486.463565991]: Device with serial number 234222302617 was found.
[0m
[0m[INFO] [1786435486.463627366]: Device with physical ID /sys/devices/pci0000:00/0000:00:14.0/usb2/2-3/2-3:1.0/video4linux/video0 was found.[0m
[0m[INFO] [1786435486.463640126]: Device with name Intel RealSense D455 was found.[0m
[0m[INFO] [1786435486.463890970]: Device with port number 2-3 was found.[0m
[0m[INFO] [1786435486.463924588]: Device USB type: 3.2[0m
[0m[INFO] [1786435486.465197776]: getParameters...[0m
[0m[INFO] [1786435486.503203654]: setupDevice...[0m
[0m[INFO] [1786435486.503222849]: JSON file is not provided[0m
[0m[INFO] [1786435486.503228356]: ROS Node Namespace: camera[0m
[0m[INFO] [1786435486.503234365]: Device Name: Intel RealSense D455[0m
[0m[INFO] [1786435486.503238037]: Device Serial No: 234222302617[0m
[0m[INFO] [1786435486.503242507]: Device physical port: /sys/devices/pci0000:00/0000:00:14.0/usb2/2-3/2-3:1.0/video4linux/video0[0m
[0m[INFO] [1786435486.503248821]: Device FW version: 5.17.3.10[0m
[0m[INFO] [1786435486.503252406]: Device Product ID: 0x0B5C[0m
[0m[INFO] [1786435486.503255701]: Enable PointCloud: On[0m
[0m[INFO] [1786435486.503259182]: Align Depth: On[0m
[0m[INFO] [1786435486.503262576]: Sync Mode: On[0m
[0m[INFO] [1786435486.503285808]: Device Sensors: [0m
[0m[INFO] [1786435486.506709870]: Stereo Module was found.[0m
[0m[INFO] [1786435486.509851884]: RGB Camera was found.[0m
[0m[INFO] [1786435486.509949145]: Motion Module was found.[0m
[0m[INFO] [1786435486.509984558]: Add Filter: pointcloud[0m
[0m[INFO] [1786435486.510021464]: num_filters: 2[0m
[0m[INFO] [1786435486.510027834]: Setting Dynamic reconfig parameters.[0m
[0m[INFO] [1786435486.571302211]: Done Setting Dynamic reconfig parameters.[0m
[0m[INFO] [1786435486.571773934]: depth stream is enabled - width: 640, height: 480, fps: 5, Format: Z16[0m
[0m[INFO] [1786435486.572148667]: color stream is enabled - width: 640, height: 480, fps: 15, Format: RGB8[0m
[0m[INFO] [1786435486.572955700]: setupPublishers...[0m
[0m[INFO] [1786435486.574831497]: Expected frequency for depth = 5.00000[0m
[0m[INFO] [1786435486.589720847]: Expected frequency for color = 15.00000[0m
[0m[INFO] [1786435486.596841092]: Expected frequency for aligned_depth_to_color = 15.00000[0m
[0m[INFO] [1786435486.610946661]: setupStreams...[0m
[0m[INFO] [1786435486.641226584]: SELECTED BASE:Depth, 0[0m
[0m[INFO] [1786435486.645867840]: RealSense Node Is Up![0m
[33m[WARN] [1786435487.222902446]: [0m
[0m[INFO] [1786435487.231764131]: publishing unordered pointcloud.[0m
[INFO] [1786435486.753567]: RGB-D vision status: starting:model_loading
[INFO] [1786435486.873995]: Loaded ONNX citrus model /home/catas/elfin_citrus_data/models/yolo26n_seg_converged_20260806/yolo26n_citrus_tree_best.onnx; classes={0: 'citrus', 1: 'tree'}; providers=['CPUExecutionProvider']
[INFO] [1786435486.875189]: Citrus model loading finished in 0.11 s: model_ready:onnxruntime
[INFO] [1786435491.811489]: RGB-D vision status: model_ready:onnxruntime targets:1 depth:0 tf:0 semantic_masks:5
[INFO] [1786435497.180598]: RGB-D vision status: model_ready:onnxruntime targets:1 depth:0 tf:0 semantic_masks:4
[INFO] [1786435502.403336]: RGB-D vision status: model_ready:onnxruntime targets:1 depth:0 tf:0 semantic_masks:3
[INFO] [1786435507.505780]: RGB-D vision status: model_ready:onnxruntime targets:1 depth:0 tf:0 semantic_masks:3
[INFO] [1786435512.892877]: RGB-D vision status: model_ready:onnxruntime targets:1 depth:0 tf:0 semantic_masks:2
[INFO] [1786435517.895888]: RGB-D vision status: model_ready:onnxruntime targets:1 depth:0 tf:0 semantic_masks:4
[INFO] [1786435522.906174]: RGB-D vision status: model_ready:onnxruntime targets:1 depth:0 tf:0 semantic_masks:2
[INFO] [1786435528.077289]: RGB-D vision status: model_ready:onnxruntime targets:1 depth:0 tf:0 semantic_masks:2
[INFO] [1786435533.291981]: RGB-D vision status: model_ready:onnxruntime targets:1 depth:0 tf:0 semantic_masks:2
[INFO] [1786435539.284040]: RGB-D vision status: model_ready:onnxruntime targets:1 depth:0 tf:0 semantic_masks:2
[INFO] [1786435544.325325]: RGB-D vision status: model_ready:onnxruntime targets:1 depth:0 tf:0 semantic_masks:1
[INFO] [1786435553.287349]: RGB-D vision status: model_ready:onnxruntime targets:1 depth:0 tf:0 semantic_masks:2
[INFO] [1786435558.416044]: RGB-D vision status: model_ready:onnxruntime targets:1 depth:0 tf:0 semantic_masks:2
[INFO] [1786435564.166752]: RGB-D vision status: model_ready:onnxruntime targets:1 depth:0 tf:0 semantic_masks:3
[INFO] [1786435571.759199]: RGB-D vision status: model_ready:onnxruntime targets:1 depth:0 tf:0 semantic_masks:3
[INFO] [1786435579.972997]: RGB-D vision status: model_ready:onnxruntime targets:1 depth:0 tf:0 semantic_masks:3
[INFO] [1786435598.893395]: RGB-D vision status: model_ready:onnxruntime targets:1 depth:0 tf:0 semantic_masks:3
[INFO] [1786435605.088572]: RGB-D vision status: model_ready:onnxruntime targets:1 depth:0 tf:0 semantic_masks:3
[INFO] [1786435610.293140]: RGB-D vision status: model_ready:onnxruntime targets:2 depth:1 tf:1 semantic_masks:3
[INFO] [1786435615.473621]: RGB-D vision status: model_ready:onnxruntime targets:1 depth:0 tf:0 semantic_masks:2
[INFO] [1786435621.142236]: RGB-D vision status: model_ready:onnxruntime targets:1 depth:0 tf:0 semantic_masks:3
[INFO] [1786435626.402632]: RGB-D vision status: model_ready:onnxruntime targets:1 depth:0 tf:0 semantic_masks:2
[INFO] [1786435631.512879]: RGB-D vision status: model_ready:onnxruntime targets:1 depth:0 tf:0 semantic_masks:3
[INFO] [1786435637.022062]: RGB-D vision status: model_ready:onnxruntime targets:1 depth:0 tf:0 semantic_masks:3
[INFO] [1786435642.358656]: RGB-D vision status: model_ready:onnxruntime targets:1 depth:0 tf:0 semantic_masks:2
[INFO] [1786435647.638198]: RGB-D vision status: model_ready:onnxruntime targets:1 depth:0 tf:0 semantic_masks:3
[INFO] [1786435652.973511]: RGB-D vision status: model_ready:onnxruntime targets:2 depth:1 tf:1 semantic_masks:3
[INFO] [1786435658.086536]: RGB-D vision status: model_ready:onnxruntime targets:1 depth:0 tf:0 semantic_masks:2
[INFO] [1786435663.279348]: RGB-D vision status: model_ready:onnxruntime targets:1 depth:0 tf:0 semantic_masks:2
[INFO] [1786435668.488517]: RGB-D vision status: model_ready:onnxruntime targets:1 depth:0 tf:0 semantic_masks:4
[INFO] [1786435673.676516]: RGB-D vision status: model_ready:onnxruntime targets:1 depth:1 tf:1 semantic_masks:2
[INFO] [1786435678.683886]: RGB-D vision status: model_ready:onnxruntime targets:1 depth:1 tf:1 semantic_masks:2
[INFO] [1786435683.892653]: RGB-D vision status: model_ready:onnxruntime targets:2 depth:1 tf:1 semantic_masks:3
[INFO] [1786435689.275142]: RGB-D vision status: model_ready:onnxruntime targets:1 depth:1 tf:1 semantic_masks:2
[INFO] [1786435694.491365]: RGB-D vision status: model_ready:onnxruntime targets:1 depth:1 tf:1 semantic_masks:2
[INFO] [1786435702.080576]: RGB-D vision status: model_ready:onnxruntime targets:1 depth:1 tf:1 semantic_masks:3
[INFO] [1786435707.093047]: RGB-D vision status: model_ready:onnxruntime targets:1 depth:1 tf:1 semantic_masks:3
[INFO] [1786435712.141388]: RGB-D vision status: model_ready:onnxruntime targets:1 depth:1 tf:1 semantic_masks:2
[INFO] [1786435719.766237]: RGB-D vision status: model_ready:onnxruntime targets:1 depth:1 tf:1 semantic_masks:3
[INFO] [1786435724.961281]: RGB-D vision status: model_ready:onnxruntime targets:1 depth:1 tf:1 semantic_masks:3
[INFO] [1786435730.720395]: RGB-D vision status: model_ready:onnxruntime targets:1 depth:1 tf:1 semantic_masks:3
[INFO] [1786435736.898484]: RGB-D vision status: model_ready:onnxruntime targets:1 depth:1 tf:1 semantic_masks:4
[INFO] [1786435742.077892]: RGB-D vision status: model_ready:onnxruntime targets:1 depth:1 tf:1 semantic_masks:3
[INFO] [1786435747.100430]: RGB-D vision status: model_ready:onnxruntime targets:1 depth:1 tf:1 semantic_masks:2
[INFO] [1786435752.485132]: RGB-D vision status: model_ready:onnxruntime targets:1 depth:1 tf:1 semantic_masks:3
[INFO] [1786435757.507669]: RGB-D vision status: model_ready:onnxruntime targets:1 depth:1 tf:1 semantic_masks:3
[INFO] [1786435763.674654]: RGB-D vision status: model_ready:onnxruntime targets:1 depth:1 tf:1 semantic_masks:2
[INFO] [1786435768.695950]: RGB-D vision status: model_ready:onnxruntime targets:2 depth:1 tf:1 semantic_masks:3
[INFO] [1786435774.067167]: RGB-D vision status: model_ready:onnxruntime targets:2 depth:1 tf:1 semantic_masks:3
[INFO] [1786435779.074038]: RGB-D vision status: model_ready:onnxruntime targets:2 depth:1 tf:1 semantic_masks:4
[INFO] [1786435784.155158]: RGB-D vision status: model_ready:onnxruntime targets:3 depth:1 tf:1 semantic_masks:3
[INFO] [1786435789.159381]: RGB-D vision status: model_ready:onnxruntime targets:2 depth:0 tf:0 semantic_masks:3
[INFO] [1786435794.525054]: RGB-D vision status: model_ready:onnxruntime targets:2 depth:1 tf:1 semantic_masks:3
[INFO] [1786435799.575693]: RGB-D vision status: model_ready:onnxruntime targets:1 depth:0 tf:0 semantic_masks:1
[INFO] [1786435804.774069]: RGB-D vision status: model_ready:onnxruntime targets:0 depth:0 tf:0 semantic_masks:1
[INFO] [1786435812.083204]: RGB-D vision status: model_ready:onnxruntime targets:5 depth:0 tf:0 semantic_masks:6
[INFO] [1786435817.097887]: RGB-D vision status: model_ready:onnxruntime targets:3 depth:0 tf:0 semantic_masks:5
[INFO] [1786435822.293501]: RGB-D vision status: model_ready:onnxruntime targets:2 depth:0 tf:0 semantic_masks:4
[INFO] [1786435827.459893]: RGB-D vision status: model_ready:onnxruntime targets:2 depth:0 tf:0 semantic_masks:3
[INFO] [1786435832.491367]: RGB-D vision status: model_ready:onnxruntime targets:1 depth:0 tf:0 semantic_masks:2
[INFO] [1786435837.492926]: RGB-D vision status: model_ready:onnxruntime targets:4 depth:0 tf:0 semantic_masks:7
[INFO] [1786435843.466711]: RGB-D vision status: model_ready:onnxruntime targets:2 depth:1 tf:1 semantic_masks:3
[INFO] [1786435848.947246]: RGB-D vision status: model_ready:onnxruntime targets:1 depth:1 tf:1 semantic_masks:2
[INFO] [1786435854.402617]: RGB-D vision status: model_ready:onnxruntime targets:1 depth:1 tf:1 semantic_masks:2
[INFO] [1786435859.558917]: RGB-D vision status: model_ready:onnxruntime targets:1 depth:1 tf:1 semantic_masks:3
[INFO] [1786435864.749134]: RGB-D vision status: model_ready:onnxruntime targets:4 depth:0 tf:0 semantic_masks:6
[INFO] [1786435870.234468]: RGB-D vision status: model_ready:onnxruntime targets:1 depth:1 tf:1 semantic_masks:3
[INFO] [1786435876.218250]: RGB-D vision status: model_ready:onnxruntime targets:1 depth:1 tf:1 semantic_masks:3
[INFO] [1786435882.008565]: RGB-D vision status: model_ready:onnxruntime targets:1 depth:1 tf:1 semantic_masks:3
[INFO] [1786435887.679107]: RGB-D vision status: model_ready:onnxruntime targets:1 depth:1 tf:1 semantic_masks:3
[INFO] [1786435893.281098]: RGB-D vision status: model_ready:onnxruntime targets:1 depth:1 tf:1 semantic_masks:3
[INFO] [1786435899.488072]: RGB-D vision status: model_ready:onnxruntime targets:1 depth:1 tf:1 semantic_masks:3
[INFO] [1786435904.667270]: RGB-D vision status: model_ready:onnxruntime targets:1 depth:1 tf:1 semantic_masks:2
[INFO] [1786435910.066200]: RGB-D vision status: model_ready:onnxruntime targets:1 depth:0 tf:0 semantic_masks:2
[INFO] [1786435915.487097]: RGB-D vision status: model_ready:onnxruntime targets:2 depth:1 tf:1 semantic_masks:3
[INFO] [1786435921.408267]: RGB-D vision status: model_ready:onnxruntime targets:1 depth:0 tf:0 semantic_masks:2
[INFO] [1786435926.473475]: RGB-D vision status: model_ready:onnxruntime targets:2 depth:0 tf:0 semantic_masks:3
[INFO] [1786435931.545103]: RGB-D vision status: model_ready:onnxruntime targets:1 depth:1 tf:1 semantic_masks:2
[INFO] [1786435939.801574]: RGB-D vision status: model_ready:onnxruntime targets:1 depth:1 tf:1 semantic_masks:2
[INFO] [1786435944.896463]: RGB-D vision status: model_ready:onnxruntime targets:2 depth:0 tf:0 semantic_masks:3
[INFO] [1786435951.163282]: RGB-D vision status: model_ready:onnxruntime targets:2 depth:1 tf:1 semantic_masks:3
[INFO] [1786435956.176602]: RGB-D vision status: model_ready:onnxruntime targets:1 depth:0 tf:0 semantic_masks:4
[INFO] [1786435961.284363]: RGB-D vision status: model_ready:onnxruntime targets:1 depth:0 tf:0 semantic_masks:2
[INFO] [1786435966.667999]: RGB-D vision status: model_ready:onnxruntime targets:3 depth:1 tf:1 semantic_masks:5
[INFO] [1786435971.692832]: RGB-D vision status: model_ready:onnxruntime targets:1 depth:0 tf:0 semantic_masks:2
[INFO] [1786435976.717966]: RGB-D vision status: model_ready:onnxruntime targets:2 depth:1 tf:1 semantic_masks:3
[INFO] [1786435981.879858]: RGB-D vision status: model_ready:onnxruntime targets:3 depth:2 tf:2 semantic_masks:4
[INFO] [1786435987.061638]: RGB-D vision status: model_ready:onnxruntime targets:4 depth:3 tf:3 semantic_masks:6
[INFO] [1786435992.283737]: RGB-D vision status: model_ready:onnxruntime targets:5 depth:2 tf:2 semantic_masks:7
[INFO] [1786435997.340107]: RGB-D vision status: model_ready:onnxruntime targets:4 depth:3 tf:3 semantic_masks:5
[INFO] [1786436002.419235]: RGB-D vision status: model_ready:onnxruntime targets:2 depth:0 tf:0 semantic_masks:4
[INFO] [1786436007.617131]: RGB-D vision status: model_ready:onnxruntime targets:1 depth:0 tf:0 semantic_masks:3
[INFO] [1786436012.701279]: RGB-D vision status: model_ready:onnxruntime targets:2 depth:0 tf:0 semantic_masks:4
[INFO] [1786436017.819467]: RGB-D vision status: model_ready:onnxruntime targets:2 depth:0 tf:0 semantic_masks:4
[INFO] [1786436022.911690]: RGB-D vision status: model_ready:onnxruntime targets:2 depth:0 tf:0 semantic_masks:3
[INFO] [1786436028.252733]: RGB-D vision status: model_ready:onnxruntime targets:1 depth:0 tf:0 semantic_masks:1
[INFO] [1786436033.506701]: RGB-D vision status: model_ready:onnxruntime targets:1 depth:0 tf:0 semantic_masks:3
[INFO] [1786436038.688430]: RGB-D vision status: model_ready:onnxruntime targets:4 depth:3 tf:3 semantic_masks:5
[INFO] [1786436043.885304]: RGB-D vision status: model_ready:onnxruntime targets:2 depth:1 tf:1 semantic_masks:4
[INFO] [1786436049.475093]: RGB-D vision status: model_ready:onnxruntime targets:4 depth:3 tf:3 semantic_masks:6
[INFO] [1786436054.479189]: RGB-D vision status: model_ready:onnxruntime targets:1 depth:0 tf:0 semantic_masks:2
[INFO] [1786436059.703827]: RGB-D vision status: model_ready:onnxruntime targets:3 depth:2 tf:2 semantic_masks:5
[INFO] [1786436064.866185]: RGB-D vision status: model_ready:onnxruntime targets:3 depth:2 tf:2 semantic_masks:3
[INFO] [1786436069.904013]: RGB-D vision status: model_ready:onnxruntime targets:2 depth:1 tf:1 semantic_masks:4
[INFO] [1786436075.009723]: RGB-D vision status: model_ready:onnxruntime targets:4 depth:3 tf:3 semantic_masks:6
[INFO] [1786436080.064892]: RGB-D vision status: model_ready:onnxruntime targets:4 depth:3 tf:3 semantic_masks:7
[INFO] [1786436085.297704]: RGB-D vision status: model_ready:onnxruntime targets:4 depth:1 tf:1 semantic_masks:6
[INFO] [1786436090.423706]: RGB-D vision status: model_ready:onnxruntime targets:3 depth:1 tf:1 semantic_masks:5
[INFO] [1786436095.832135]: RGB-D vision status: model_ready:onnxruntime targets:2 depth:0 tf:0 semantic_masks:3
[INFO] [1786436101.308053]: RGB-D vision status: model_ready:onnxruntime targets:2 depth:1 tf:1 semantic_masks:4
[INFO] [1786436107.290632]: RGB-D vision status: model_ready:onnxruntime targets:2 depth:1 tf:1 semantic_masks:3
[INFO] [1786436112.304503]: RGB-D vision status: model_ready:onnxruntime targets:2 depth:1 tf:1 semantic_masks:3
[INFO] [1786436119.482330]: RGB-D vision status: model_ready:onnxruntime targets:2 depth:1 tf:1 semantic_masks:3
... logging to /home/catas/.ros/log/42a7a99c-955b-11f1-a517-c4c6e661f1ab/roslaunch-catas-3075.log
Checking log directory for disk usage. This may take a while.
Press Ctrl-C to interrupt
Done checking log file disk usage. Usage is <1GB.
]2;/home/catas/ros_ws/src/elfin_vision/launch/citrus_sensor_runtime.launch
[1mstarted roslaunch server http://127.0.0.1:34283/[0m

SUMMARY
========

PARAMETERS
 * /camera/realsense2_camera/accel_fps: 100
 * /camera/realsense2_camera/accel_frame_id: camera_accel_frame
 * /camera/realsense2_camera/accel_optical_frame_id: camera_accel_opti...
 * /camera/realsense2_camera/align_depth: True
 * /camera/realsense2_camera/aligned_depth_to_color_frame_id: camera_aligned_de...
 * /camera/realsense2_camera/aligned_depth_to_fisheye1_frame_id: camera_aligned_de...
 * /camera/realsense2_camera/aligned_depth_to_fisheye2_frame_id: camera_aligned_de...
 * /camera/realsense2_camera/aligned_depth_to_fisheye_frame_id: camera_aligned_de...
 * /camera/realsense2_camera/aligned_depth_to_infra1_frame_id: camera_aligned_de...
 * /camera/realsense2_camera/aligned_depth_to_infra2_frame_id: camera_aligned_de...
 * /camera/realsense2_camera/allow_no_texture_points: False
 * /camera/realsense2_camera/base_frame_id: camera_link
 * /camera/realsense2_camera/calib_odom_file: 
 * /camera/realsense2_camera/clip_distance: -2.0
 * /camera/realsense2_camera/color_fps: 15
 * /camera/realsense2_camera/color_frame_id: camera_color_frame
 * /camera/realsense2_camera/color_height: 480
 * /camera/realsense2_camera/color_optical_frame_id: camera_color_opti...
 * /camera/realsense2_camera/color_width: 640
 * /camera/realsense2_camera/confidence_fps: -1
 * /camera/realsense2_camera/confidence_height: -1
 * /camera/realsense2_camera/confidence_width: -1
 * /camera/realsense2_camera/depth_fps: 5
 * /camera/realsense2_camera/depth_frame_id: camera_depth_frame
 * /camera/realsense2_camera/depth_height: 480
 * /camera/realsense2_camera/depth_optical_frame_id: camera_depth_opti...
 * /camera/realsense2_camera/depth_width: 640
 * /camera/realsense2_camera/device_type: d455
 * /camera/realsense2_camera/enable_accel: False
 * /camera/realsense2_camera/enable_color: True
 * /camera/realsense2_camera/enable_confidence: False
 * /camera/realsense2_camera/enable_depth: True
 * /camera/realsense2_camera/enable_fisheye1: False
 * /camera/realsense2_camera/enable_fisheye2: False
 * /camera/realsense2_camera/enable_fisheye: False
 * /camera/realsense2_camera/enable_gyro: False
 * /camera/realsense2_camera/enable_infra1: False
 * /camera/realsense2_camera/enable_infra2: False
 * /camera/realsense2_camera/enable_infra: False
 * /camera/realsense2_camera/enable_pointcloud: True
 * /camera/realsense2_camera/enable_pose: False
 * /camera/realsense2_camera/enable_sync: False
 * /camera/realsense2_camera/filters: 
 * /camera/realsense2_camera/fisheye1_frame_id: camera_fisheye1_f...
 * /camera/realsense2_camera/fisheye1_optical_frame_id: camera_fisheye1_o...
 * /camera/realsense2_camera/fisheye2_frame_id: camera_fisheye2_f...
 * /camera/realsense2_camera/fisheye2_optical_frame_id: camera_fisheye2_o...
 * /camera/realsense2_camera/fisheye_fps: -1
 * /camera/realsense2_camera/fisheye_frame_id: camera_fisheye_frame
 * /camera/realsense2_camera/fisheye_height: -1
 * /camera/realsense2_camera/fisheye_optical_frame_id: camera_fisheye_op...
 * /camera/realsense2_camera/fisheye_width: -1
 * /camera/realsense2_camera/gyro_fps: 200
 * /camera/realsense2_camera/gyro_frame_id: camera_gyro_frame
 * /camera/realsense2_camera/gyro_optical_frame_id: camera_gyro_optic...
 * /camera/realsense2_camera/imu_optical_frame_id: camera_imu_optica...
 * /camera/realsense2_camera/infra1_frame_id: camera_infra1_frame
 * /camera/realsense2_camera/infra1_optical_frame_id: camera_infra1_opt...
 * /camera/realsense2_camera/infra2_frame_id: camera_infra2_frame
 * /camera/realsense2_camera/infra2_optical_frame_id: camera_infra2_opt...
 * /camera/realsense2_camera/infra_fps: 30
 * /camera/realsense2_camera/infra_height: 480
 * /camera/realsense2_camera/infra_rgb: False
 * /camera/realsense2_camera/infra_width: 848
 * /camera/realsense2_camera/initial_reset: False
 * /camera/realsense2_camera/json_file_path: 
 * /camera/realsense2_camera/linear_accel_cov: 0.01
 * /camera/realsense2_camera/odom_frame_id: camera_odom_frame
 * /camera/realsense2_camera/ordered_pc: False
 * /camera/realsense2_camera/pointcloud_texture_index: 0
 * /camera/realsense2_camera/pointcloud_texture_stream: RS2_STREAM_ANY
 * /camera/realsense2_camera/pose_frame_id: camera_pose_frame
 * /camera/realsense2_camera/pose_optical_frame_id: camera_pose_optic...
 * /camera/realsense2_camera/publish_odom_tf: True
 * /camera/realsense2_camera/publish_tf: True
 * /camera/realsense2_camera/reconnect_timeout: 6.0
 * /camera/realsense2_camera/rosbag_filename: 
 * /camera/realsense2_camera/serial_no: 234222302617
 * /camera/realsense2_camera/stereo_module/exposure/1: 7500
 * /camera/realsense2_camera/stereo_module/exposure/2: 1
 * /camera/realsense2_camera/stereo_module/gain/1: 16
 * /camera/realsense2_camera/stereo_module/gain/2: 16
 * /camera/realsense2_camera/tf_publish_rate: 0.0
 * /camera/realsense2_camera/topic_odom_in: odom_in
 * /camera/realsense2_camera/unite_imu_method: none
 * /camera/realsense2_camera/usb_port_id: 2-3
 * /camera/realsense2_camera/wait_for_device_timeout: 8.0
 * /elfin_vision/citrus_rgbd_node/backend: onnxruntime
 * /elfin_vision/citrus_rgbd_node/class_names/0: citrus
 * /elfin_vision/citrus_rgbd_node/class_names/1: tree
 * /elfin_vision/citrus_rgbd_node/confidence: 0.35
 * /elfin_vision/citrus_rgbd_node/depth_max_m: 4.0
 * /elfin_vision/citrus_rgbd_node/depth_min_m: 0.2
 * /elfin_vision/citrus_rgbd_node/depth_min_samples: 20
 * /elfin_vision/citrus_rgbd_node/depth_roi_scale: 0.35
 * /elfin_vision/citrus_rgbd_node/device: auto
 * /elfin_vision/citrus_rgbd_node/engine_path: 
 * /elfin_vision/citrus_rgbd_node/engine_sha256: 
 * /elfin_vision/citrus_rgbd_node/image_size: 640
 * /elfin_vision/citrus_rgbd_node/iou: 0.45
 * /elfin_vision/citrus_rgbd_node/max_inference_hz: 8.0
 * /elfin_vision/citrus_rgbd_node/model_path: /home/catas/elfin...
 * /elfin_vision/citrus_rgbd_node/model_repo: 
 * /elfin_vision/citrus_rgbd_node/model_sha256: 371c56e82f2452cc9...
 * /elfin_vision/citrus_rgbd_node/publish_annotated_image: False
 * /elfin_vision/citrus_rgbd_node/remote_preferred: False
 * /elfin_vision/citrus_rgbd_node/remote_timeout_s: 0.8
 * /elfin_vision/citrus_rgbd_node/remote_token_file: /home/catas/.conf...
 * /elfin_vision/citrus_rgbd_node/remote_url: http://aiseon.loc...
 * /elfin_vision/citrus_rgbd_node/semantic_class_ids: []
 * /elfin_vision/citrus_rgbd_node/semantic_labels: ['citrus', 'tree']
 * /elfin_vision/citrus_rgbd_node/target_class_ids: []
 * /elfin_vision/citrus_rgbd_node/target_frame: elfin_base_link
 * /elfin_vision/citrus_rgbd_node/target_labels: ['citrus', 'orang...
 * /rosdistro: noetic
 * /rosversion: 1.17.4

NODES
  /camera/
    realsense2_camera (nodelet/nodelet)
    realsense2_camera_manager (nodelet/nodelet)
  /elfin_vision/
    citrus_rgbd_node (elfin_vision/citrus_rgbd_node.py)

[1mROS_MASTER_URI=http://127.0.0.1:11311[0m
]2;/home/catas/ros_ws/src/elfin_vision/launch/citrus_sensor_runtime.launch http://127.0.0.1:11311
[1mprocess[camera/realsense2_camera_manager-1]: started with pid [3126][0m
[1mprocess[camera/realsense2_camera-2]: started with pid [3127][0m
[1mprocess[elfin_vision/citrus_rgbd_node-3]: started with pid [3128][0m
[elfin_vision/citrus_rgbd_node-3] killing on exit
[camera/realsense2_camera-2] killing on exit
[camera/realsense2_camera_manager-1] killing on exit
shutting down processing monitor...
... shutting down processing monitor complete
[1mdone[0m
... logging to /home/catas/.ros/log/42a7a99c-955b-11f1-a517-c4c6e661f1ab/roslaunch-catas-2154.log
Checking log directory for disk usage. This may take a while.
Press Ctrl-C to interrupt
Done checking log file disk usage. Usage is <1GB.
]2;/home/catas/ros_ws/src/elfin_vision/launch/citrus_imu.launch
[1mstarted roslaunch server http://127.0.0.1:37497/[0m

SUMMARY
========

PARAMETERS
 * /camera_imu/realsense2_camera/accel_fps: 100
 * /camera_imu/realsense2_camera/accel_frame_id: camera_accel_frame
 * /camera_imu/realsense2_camera/accel_optical_frame_id: camera_accel_opti...
 * /camera_imu/realsense2_camera/align_depth: False
 * /camera_imu/realsense2_camera/aligned_depth_to_color_frame_id: camera_aligned_de...
 * /camera_imu/realsense2_camera/aligned_depth_to_fisheye1_frame_id: camera_aligned_de...
 * /camera_imu/realsense2_camera/aligned_depth_to_fisheye2_frame_id: camera_aligned_de...
 * /camera_imu/realsense2_camera/aligned_depth_to_fisheye_frame_id: camera_aligned_de...
 * /camera_imu/realsense2_camera/aligned_depth_to_infra1_frame_id: camera_aligned_de...
 * /camera_imu/realsense2_camera/aligned_depth_to_infra2_frame_id: camera_aligned_de...
 * /camera_imu/realsense2_camera/allow_no_texture_points: False
 * /camera_imu/realsense2_camera/base_frame_id: camera_link
 * /camera_imu/realsense2_camera/calib_odom_file: 
 * /camera_imu/realsense2_camera/clip_distance: -2.0
 * /camera_imu/realsense2_camera/color_fps: -1
 * /camera_imu/realsense2_camera/color_frame_id: camera_color_frame
 * /camera_imu/realsense2_camera/color_height: -1
 * /camera_imu/realsense2_camera/color_optical_frame_id: camera_color_opti...
 * /camera_imu/realsense2_camera/color_width: -1
 * /camera_imu/realsense2_camera/confidence_fps: -1
 * /camera_imu/realsense2_camera/confidence_height: -1
 * /camera_imu/realsense2_camera/confidence_width: -1
 * /camera_imu/realsense2_camera/depth_fps: -1
 * /camera_imu/realsense2_camera/depth_frame_id: camera_depth_frame
 * /camera_imu/realsense2_camera/depth_height: -1
 * /camera_imu/realsense2_camera/depth_optical_frame_id: camera_depth_opti...
 * /camera_imu/realsense2_camera/depth_width: -1
 * /camera_imu/realsense2_camera/device_type: d455
 * /camera_imu/realsense2_camera/enable_accel: True
 * /camera_imu/realsense2_camera/enable_color: False
 * /camera_imu/realsense2_camera/enable_confidence: False
 * /camera_imu/realsense2_camera/enable_depth: False
 * /camera_imu/realsense2_camera/enable_fisheye1: False
 * /camera_imu/realsense2_camera/enable_fisheye2: False
 * /camera_imu/realsense2_camera/enable_fisheye: False
 * /camera_imu/realsense2_camera/enable_gyro: True
 * /camera_imu/realsense2_camera/enable_infra1: False
 * /camera_imu/realsense2_camera/enable_infra2: False
 * /camera_imu/realsense2_camera/enable_infra: False
 * /camera_imu/realsense2_camera/enable_pointcloud: False
 * /camera_imu/realsense2_camera/enable_pose: False
 * /camera_imu/realsense2_camera/enable_sync: False
 * /camera_imu/realsense2_camera/filters: 
 * /camera_imu/realsense2_camera/fisheye1_frame_id: camera_fisheye1_f...
 * /camera_imu/realsense2_camera/fisheye1_optical_frame_id: camera_fisheye1_o...
 * /camera_imu/realsense2_camera/fisheye2_frame_id: camera_fisheye2_f...
 * /camera_imu/realsense2_camera/fisheye2_optical_frame_id: camera_fisheye2_o...
 * /camera_imu/realsense2_camera/fisheye_fps: -1
 * /camera_imu/realsense2_camera/fisheye_frame_id: camera_fisheye_frame
 * /camera_imu/realsense2_camera/fisheye_height: -1
 * /camera_imu/realsense2_camera/fisheye_optical_frame_id: camera_fisheye_op...
 * /camera_imu/realsense2_camera/fisheye_width: -1
 * /camera_imu/realsense2_camera/gyro_fps: 200
 * /camera_imu/realsense2_camera/gyro_frame_id: camera_gyro_frame
 * /camera_imu/realsense2_camera/gyro_optical_frame_id: camera_gyro_optic...
 * /camera_imu/realsense2_camera/imu_optical_frame_id: camera_imu_optica...
 * /camera_imu/realsense2_camera/infra1_frame_id: camera_infra1_frame
 * /camera_imu/realsense2_camera/infra1_optical_frame_id: camera_infra1_opt...
 * /camera_imu/realsense2_camera/infra2_frame_id: camera_infra2_frame
 * /camera_imu/realsense2_camera/infra2_optical_frame_id: camera_infra2_opt...
 * /camera_imu/realsense2_camera/infra_fps: 30
 * /camera_imu/realsense2_camera/infra_height: 480
 * /camera_imu/realsense2_camera/infra_rgb: False
 * /camera_imu/realsense2_camera/infra_width: 848
 * /camera_imu/realsense2_camera/initial_reset: False
 * /camera_imu/realsense2_camera/json_file_path: 
 * /camera_imu/realsense2_camera/linear_accel_cov: 0.01
 * /camera_imu/realsense2_camera/odom_frame_id: camera_odom_frame
 * /camera_imu/realsense2_camera/ordered_pc: False
 * /camera_imu/realsense2_camera/pointcloud_texture_index: 0
 * /camera_imu/realsense2_camera/pointcloud_texture_stream: RS2_STREAM_COLOR
 * /camera_imu/realsense2_camera/pose_frame_id: camera_pose_frame
 * /camera_imu/realsense2_camera/pose_optical_frame_id: camera_pose_optic...
 * /camera_imu/realsense2_camera/publish_odom_tf: True
 * /camera_imu/realsense2_camera/publish_tf: False
 * /camera_imu/realsense2_camera/reconnect_timeout: 10.0
 * /camera_imu/realsense2_camera/rosbag_filename: 
 * /camera_imu/realsense2_camera/serial_no: 234222302617
 * /camera_imu/realsense2_camera/stereo_module/exposure/1: 7500
 * /camera_imu/realsense2_camera/stereo_module/exposure/2: 1
 * /camera_imu/realsense2_camera/stereo_module/gain/1: 16
 * /camera_imu/realsense2_camera/stereo_module/gain/2: 16
 * /camera_imu/realsense2_camera/tf_publish_rate: 0.0
 * /camera_imu/realsense2_camera/topic_odom_in: odom_in
 * /camera_imu/realsense2_camera/unite_imu_method: none
 * /camera_imu/realsense2_camera/usb_port_id: 2-3
 * /camera_imu/realsense2_camera/wait_for_device_timeout: 15.0
 * /rosdistro: noetic
 * /rosversion: 1.17.4

NODES
  /camera_imu/
    realsense2_camera (nodelet/nodelet)
    realsense2_camera_imu_manager (nodelet/nodelet)

[1mROS_MASTER_URI=http://127.0.0.1:11311[0m
]2;/home/catas/ros_ws/src/elfin_vision/launch/citrus_imu.launch http://127.0.0.1:11311
[1mprocess[camera_imu/realsense2_camera_imu_manager-1]: started with pid [2354][0m
[1mprocess[camera_imu/realsense2_camera-2]: started with pid [2356][0m
[camera_imu/realsense2_camera-2] killing on exit
[camera_imu/realsense2_camera_imu_manager-1] killing on exit
shutting down processing monitor...
... shutting down processing monitor complete
[1mdone[0m
