[ INFO] [1785244911.407161006]: Initializing nodelet with 8 worker threads.
[ INFO] [1785244911.811709544]: RealSense ROS v2.3.2
[ INFO] [1785244911.811970096]: Built with LibRealSense v2.55.1
[ INFO] [1785244911.812110485]: Running with LibRealSense v2.55.1
[ INFO] [1785244911.904341806]:  
[ INFO] [1785244911.946401238]: Device with serial number 233522078111 was found.

[ INFO] [1785244911.946778370]: Device with physical ID /sys/devices/platform/3610000.xhci/usb2/2-1/2-1.4/2-1.4:1.0/video4linux/video0 was found.
[ INFO] [1785244911.946801827]: Device with name Intel RealSense D435 was found.
[ INFO] [1785244911.947795172]: Device with port number 2-1.4 was found.
[ INFO] [1785244911.947862374]: Device USB type: 3.2
[ INFO] [1785244911.950894089]: getParameters...
[ INFO] [1785244912.073627886]: setupDevice...
[ INFO] [1785244912.073903607]: JSON file is not provided
[ INFO] [1785244912.074043932]: ROS Node Namespace: camera
[ INFO] [1785244912.074378407]: Device Name: Intel RealSense D435
[ INFO] [1785244912.075254275]: Device Serial No: 233522078111
[ INFO] [1785244912.075405416]: Device physical port: /sys/devices/platform/3610000.xhci/usb2/2-1/2-1.4/2-1.4:1.0/video4linux/video0
[ INFO] [1785244912.075712786]: Device FW version: 5.13.0.55
[ INFO] [1785244912.075840727]: Device Product ID: 0x0B07
[ INFO] [1785244912.076125824]: Enable PointCloud: On
[ INFO] [1785244912.076329639]: Align Depth: On
[ INFO] [1785244912.076496620]: Sync Mode: On
[ INFO] [1785244912.077060319]: Device Sensors: 
[ INFO] [1785244912.089928678]: Stereo Module was found.
[ INFO] [1785244912.105127258]: RGB Camera was found.
[ INFO] [1785244912.106488135]: Add Filter: pointcloud
[ INFO] [1785244912.114053631]: num_filters: 2
[ INFO] [1785244912.115421228]: Setting Dynamic reconfig parameters.
[ WARN] [1785244912.262914431]: Param '/camera/rgb_camera/power_line_frequency' has value 3 that is not in the enum { {50Hz: 1} {60Hz: 2} {Disabled: 0} }. Removing this parameter from dynamic reconfigure options.
[ INFO] [1785244912.281762923]: Done Setting Dynamic reconfig parameters.
[ INFO] [1785244912.283005331]: depth stream is enabled - width: 640, height: 480, fps: 15, Format: Z16
[ INFO] [1785244912.284129880]: color stream is enabled - width: 640, height: 480, fps: 30, Format: RGB8
[ INFO] [1785244912.288054105]: setupPublishers...
[ INFO] [1785244912.293856792]: Expected frequency for depth = 15.00000
[ INFO] [1785244912.451832707]: Expected frequency for color = 30.00000
[ INFO] [1785244912.499705418]: Expected frequency for aligned_depth_to_color = 30.00000
[ INFO] [1785244912.540251839]: setupStreams...
[ INFO] [1785244912.568915214]: SELECTED BASE:Depth, 0
[ INFO] [1785244912.585009791]: RealSense Node Is Up!
[ WARN] [1785244912.757012471]: 
[ INFO] [1785244912.993952935]: publishing unordered pointcloud.
[INFO] [1785244912.748228]: RGB-D vision status: starting:model_loading
[INFO] [1785244913.251146]: Connected to remote citrus inference http://aiseon.local:8765; providers=['CUDAExecutionProvider', 'CPUExecutionProvider']
[INFO] [1785244913.273167]: Citrus model loading finished in 0.40 s: model_ready:remote
[INFO] [1785244917.788584]: RGB-D vision status: model_ready:remote targets:2 depth:2 tf:2
[INFO] [1785244923.373134]: RGB-D vision status: model_ready:remote targets:0 depth:0 tf:0
[INFO] [1785244941.485184]: RGB-D vision status: model_ready:remote targets:0 depth:0 tf:0
[INFO] [1785244954.679450]: RGB-D vision status: model_ready:remote targets:2 depth:2 tf:2
[INFO] [1785244961.130081]: RGB-D vision status: model_ready:remote targets:2 depth:2 tf:2
[INFO] [1785244966.664560]: RGB-D vision status: model_ready:remote targets:0 depth:0 tf:0
[INFO] [1785244972.231292]: RGB-D vision status: model_ready:remote targets:2 depth:2 tf:2
[INFO] [1785244977.308877]: RGB-D vision status: model_ready:remote targets:0 depth:0 tf:0
[INFO] [1785244983.440888]: RGB-D vision status: model_ready:remote targets:0 depth:0 tf:0
[INFO] [1785244988.956031]: Remote inference recovered after 1 transient failure(s)
[INFO] [1785244988.972399]: RGB-D vision status: model_ready:remote targets:2 depth:2 tf:2
[INFO] [1785244994.803601]: RGB-D vision status: model_ready:remote targets:1 depth:1 tf:1
[INFO] [1785244999.795788]: Remote inference recovered after 1 transient failure(s)
[INFO] [1785244999.808645]: RGB-D vision status: model_ready:remote targets:1 depth:1 tf:1
[INFO] [1785245004.852927]: RGB-D vision status: model_ready:remote targets:0 depth:0 tf:0
[INFO] [1785245010.247670]: RGB-D vision status: model_ready:remote targets:1 depth:1 tf:1
[INFO] [1785245016.135493]: RGB-D vision status: model_ready:remote targets:0 depth:0 tf:0
[INFO] [1785245021.926868]: RGB-D vision status: model_ready:remote targets:0 depth:0 tf:0
[INFO] [1785245027.051726]: RGB-D vision status: model_ready:remote targets:1 depth:1 tf:1
[INFO] [1785245032.189108]: RGB-D vision status: model_ready:remote targets:1 depth:1 tf:1
[INFO] [1785245037.389566]: RGB-D vision status: model_ready:remote targets:1 depth:1 tf:1
[INFO] [1785245042.925999]: RGB-D vision status: model_ready:remote targets:0 depth:0 tf:0
[INFO] [1785245048.277149]: RGB-D vision status: model_ready:remote targets:2 depth:1 tf:1
[INFO] [1785245053.352191]: RGB-D vision status: model_ready:remote targets:0 depth:0 tf:0
[INFO] [1785245058.608333]: RGB-D vision status: model_ready:remote targets:0 depth:0 tf:0
[INFO] [1785245069.128718]: RGB-D vision status: model_ready:remote targets:0 depth:0 tf:0
[INFO] [1785245074.488307]: RGB-D vision status: model_ready:remote targets:0 depth:0 tf:0
[INFO] [1785245079.639234]: RGB-D vision status: model_ready:remote targets:1 depth:1 tf:1
[INFO] [1785245086.335371]: RGB-D vision status: model_ready:remote targets:0 depth:0 tf:0
[INFO] [1785245091.978092]: RGB-D vision status: model_ready:remote targets:0 depth:0 tf:0
[INFO] [1785245097.592342]: RGB-D vision status: model_ready:remote targets:0 depth:0 tf:0
[INFO] [1785245105.154102]: RGB-D vision status: model_ready:remote targets:2 depth:2 tf:2
[INFO] [1785245110.206579]: RGB-D vision status: model_ready:remote targets:0 depth:0 tf:0
[INFO] [1785245120.663792]: RGB-D vision status: model_ready:remote targets:0 depth:0 tf:0
[INFO] [1785245129.863999]: RGB-D vision status: model_ready:remote targets:0 depth:0 tf:0
[INFO] [1785245138.026513]: RGB-D vision status: model_ready:remote targets:0 depth:0 tf:0
[INFO] [1785245147.708996]: RGB-D vision status: model_ready:remote targets:0 depth:0 tf:0
[INFO] [1785245157.963886]: Remote inference recovered after 1 transient failure(s)
[INFO] [1785245158.040180]: RGB-D vision status: model_ready:remote targets:1 depth:1 tf:0
[INFO] [1785245169.270064]: RGB-D vision status: model_ready:remote targets:2 depth:2 tf:2
[INFO] [1785245184.800158]: RGB-D vision status: model_ready:remote targets:0 depth:0 tf:0
[INFO] [1785245190.729316]: RGB-D vision status: model_ready:remote targets:0 depth:0 tf:0
[INFO] [1785245197.878878]: RGB-D vision status: model_ready:remote targets:0 depth:0 tf:0
[INFO] [1785245204.099446]: Remote inference recovered after 1 transient failure(s)
[INFO] [1785245204.115276]: RGB-D vision status: model_ready:remote targets:1 depth:1 tf:1
[INFO] [1785245221.350248]: RGB-D vision status: model_ready:remote targets:0 depth:0 tf:0
[INFO] [1785245242.661103]: RGB-D vision status: model_ready:remote targets:0 depth:0 tf:0
[INFO] [1785245242.914083]: Remote inference recovered after 1 transient failure(s)
[INFO] [1785245247.819360]: RGB-D vision status: model_ready:remote targets:0 depth:0 tf:0
[INFO] [1785245250.035829]: Remote inference recovered after 1 transient failure(s)
[INFO] [1785245256.132730]: RGB-D vision status: model_ready:remote targets:0 depth:0 tf:0
[INFO] [1785245263.206213]: Remote inference recovered after 1 transient failure(s)
[INFO] [1785245263.216460]: RGB-D vision status: model_ready:remote targets:1 depth:1 tf:1
[INFO] [1785245287.016536]: RGB-D vision status: model_ready:remote targets:0 depth:0 tf:0
[INFO] [1785245295.551093]: RGB-D vision status: model_ready:remote targets:0 depth:0 tf:0
[INFO] [1785245300.678705]: RGB-D vision status: model_ready:remote targets:1 depth:1 tf:1
[INFO] [1785245313.348246]: RGB-D vision status: model_ready:remote targets:0 depth:0 tf:0
[INFO] [1785245338.367314]: RGB-D vision status: model_ready:remote targets:0 depth:0 tf:0
[INFO] [1785245390.673685]: RGB-D vision status: model_ready:remote targets:0 depth:0 tf:0
[INFO] [1785245415.630483]: RGB-D vision status: model_ready:remote targets:0 depth:0 tf:0
[INFO] [1785245421.620322]: RGB-D vision status: model_ready:remote targets:2 depth:2 tf:2
[INFO] [1785245426.688401]: RGB-D vision status: model_ready:remote targets:1 depth:1 tf:1
[INFO] [1785245432.342144]: RGB-D vision status: model_ready:remote targets:2 depth:2 tf:2
[INFO] [1785245439.070781]: RGB-D vision status: model_ready:remote targets:2 depth:2 tf:2
[INFO] [1785245444.194606]: RGB-D vision status: model_ready:remote targets:1 depth:1 tf:1
[INFO] [1785245449.377951]: RGB-D vision status: model_ready:remote targets:2 depth:2 tf:2
[INFO] [1785245455.177497]: RGB-D vision status: model_ready:remote targets:2 depth:2 tf:2
[INFO] [1785245460.511745]: RGB-D vision status: model_ready:remote targets:2 depth:2 tf:2
[INFO] [1785245466.016296]: RGB-D vision status: model_ready:remote targets:2 depth:2 tf:2
[INFO] [1785245471.330540]: RGB-D vision status: model_ready:remote targets:2 depth:2 tf:2
[INFO] [1785245476.474452]: RGB-D vision status: model_ready:remote targets:2 depth:2 tf:2
[INFO] [1785245481.703422]: RGB-D vision status: model_ready:remote targets:1 depth:1 tf:1
[INFO] [1785245487.378345]: RGB-D vision status: model_ready:remote targets:2 depth:2 tf:2
[INFO] [1785245493.007510]: RGB-D vision status: model_ready:remote targets:2 depth:2 tf:2
[INFO] [1785245498.080391]: RGB-D vision status: model_ready:remote targets:2 depth:2 tf:2
[INFO] [1785245503.125092]: RGB-D vision status: model_ready:remote targets:2 depth:2 tf:2
[INFO] [1785245508.269294]: RGB-D vision status: model_ready:remote targets:2 depth:2 tf:2
[INFO] [1785245513.799399]: RGB-D vision status: model_ready:remote targets:2 depth:2 tf:2
[INFO] [1785245518.911832]: RGB-D vision status: model_ready:remote targets:1 depth:1 tf:1
[INFO] [1785245524.162356]: RGB-D vision status: model_ready:remote targets:1 depth:1 tf:1
[INFO] [1785245531.978449]: RGB-D vision status: model_ready:remote targets:2 depth:2 tf:2
[INFO] [1785245537.353386]: RGB-D vision status: model_ready:remote targets:2 depth:2 tf:2
[INFO] [1785245542.458453]: RGB-D vision status: model_ready:remote targets:1 depth:1 tf:1
[INFO] [1785245548.065972]: RGB-D vision status: model_ready:remote targets:2 depth:2 tf:2
[INFO] [1785245554.032644]: RGB-D vision status: model_ready:remote targets:2 depth:2 tf:2
[INFO] [1785245559.323560]: RGB-D vision status: model_ready:remote targets:2 depth:2 tf:2
[INFO] [1785245565.247252]: RGB-D vision status: model_ready:remote targets:2 depth:2 tf:2
[WARN] [1785244983.435946]: Remote inference transient failure 1/3; dropping this frame and retaining the remote backend: timed out
[WARN] [1785244999.331605]: Remote inference transient failure 1/3; dropping this frame and retaining the remote backend: timed out
[WARN] [1785245147.702980]: Remote inference transient failure 1/3; dropping this frame and retaining the remote backend: timed out
[WARN] [1785245198.771230]: Remote inference transient failure 1/3; dropping this frame and retaining the remote backend: timed out
[WARN] [1785245242.654593]: Remote inference transient failure 1/3; dropping this frame and retaining the remote backend: timed out
[WARN] [1785245249.707301]: Remote inference transient failure 1/3; dropping this frame and retaining the remote backend: timed out
[WARN] [1785245257.713720]: Remote inference transient failure 1/3; dropping this frame and retaining the remote backend: timed out
[WARN] [1785245728.231751]: Remote inference transient failure 1/3; dropping this frame and retaining the remote backend: timed out
[WARN] [1785245789.299651]: Remote inference transient failure 1/3; dropping this frame and retaining the remote backend: timed out
[WARN] [1785245801.315219]: Remote inference transient failure 1/3; dropping this frame and retaining the remote backend: timed out
[WARN] [1785245810.324014]: Remote inference transient failure 1/3; dropping this frame and retaining the remote backend: timed out
[WARN] [1785245822.295087]: Remote inference transient failure 1/3; dropping this frame and retaining the remote backend: timed out
[WARN] [1785245982.450736]: Remote inference transient failure 1/3; dropping this frame and retaining the remote backend: timed out
[WARN] [1785245993.457092]: Remote inference transient failure 1/3; dropping this frame and retaining the remote backend: timed out
[WARN] [1785246001.375568]: Remote inference transient failure 1/3; dropping this frame and retaining the remote backend: timed out
[WARN] [1785246006.396822]: Remote inference transient failure 1/3; dropping this frame and retaining the remote backend: timed out
[WARN] [1785246014.402860]: Remote inference transient failure 1/3; dropping this frame and retaining the remote backend: timed out
[WARN] [1785246049.467217]: Remote inference transient failure 1/3; dropping this frame and retaining the remote backend: timed out
[WARN] [1785246095.585814]: Remote inference transient failure 1/3; dropping this frame and retaining the remote backend: timed out
[WARN] [1785246144.596464]: Remote inference transient failure 1/3; dropping this frame and retaining the remote backend: timed out
[WARN] [1785246262.601045]: Remote inference transient failure 1/3; dropping this frame and retaining the remote backend: timed out
[WARN] [1785246267.718220]: Remote inference transient failure 1/3; dropping this frame and retaining the remote backend: timed out
[WARN] [1785246277.690808]: Remote inference transient failure 1/3; dropping this frame and retaining the remote backend: timed out
[WARN] [1785246293.751184]: Remote inference transient failure 1/3; dropping this frame and retaining the remote backend: timed out
[WARN] [1785246342.670901]: Remote inference transient failure 1/3; dropping this frame and retaining the remote backend: timed out
[WARN] [1785246382.843492]: Remote inference transient failure 1/3; dropping this frame and retaining the remote backend: timed out
[WARN] [1785246443.856193]: Remote inference transient failure 1/3; dropping this frame and retaining the remote backend: timed out
[INFO] [1785245570.254731]: RGB-D vision status: model_ready:remote targets:2 depth:2 tf:2
[INFO] [1785245575.309461]: RGB-D vision status: model_ready:remote targets:2 depth:2 tf:2
[INFO] [1785245580.674922]: RGB-D vision status: model_ready:remote targets:2 depth:2 tf:2
[INFO] [1785245585.685316]: RGB-D vision status: model_ready:remote targets:1 depth:1 tf:1
[INFO] [1785245590.744398]: RGB-D vision status: model_ready:remote targets:0 depth:0 tf:0
[INFO] [1785245733.870771]: Remote inference recovered after 1 transient failure(s)
[INFO] [1785245789.753769]: Remote inference recovered after 1 transient failure(s)
[INFO] [1785245806.578561]: Remote inference recovered after 1 transient failure(s)
[INFO] [1785245815.815079]: Remote inference recovered after 1 transient failure(s)
[INFO] [1785245822.755302]: Remote inference recovered after 1 transient failure(s)
[INFO] [1785245982.997671]: Remote inference recovered after 1 transient failure(s)
[INFO] [1785245993.908431]: Remote inference recovered after 1 transient failure(s)
[INFO] [1785246001.808604]: Remote inference recovered after 1 transient failure(s)
[INFO] [1785246006.848440]: Remote inference recovered after 1 transient failure(s)
[INFO] [1785246014.864129]: Remote inference recovered after 1 transient failure(s)
[INFO] [1785246049.975126]: Remote inference recovered after 1 transient failure(s)
[INFO] [1785246096.042752]: Remote inference recovered after 1 transient failure(s)
[INFO] [1785246145.177721]: Remote inference recovered after 1 transient failure(s)
[INFO] [1785246263.053488]: Remote inference recovered after 1 transient failure(s)
[INFO] [1785246268.275604]: Remote inference recovered after 1 transient failure(s)
[INFO] [1785246278.335069]: Remote inference recovered after 1 transient failure(s)
[INFO] [1785246294.190792]: Remote inference recovered after 1 transient failure(s)
[INFO] [1785246343.118911]: Remote inference recovered after 1 transient failure(s)
[INFO] [1785246388.426451]: Remote inference recovered after 1 transient failure(s)
[INFO] [1785246449.437323]: Remote inference recovered after 1 transient failure(s)
... logging to /home/jetson/.ros/log/325ac63e-8a87-11f1-8c9a-d0c637ebfba4/roslaunch-ubuntu-323733.log
Checking log directory for disk usage. This may take a while.
Press Ctrl-C to interrupt
Done checking log file disk usage. Usage is <1GB.
]2;/home/jetson/ros_ws/src/elfin_vision/launch/citrus_sensor_runtime.launch
[1mstarted roslaunch server http://ubuntu:34705/[0m

SUMMARY
========

PARAMETERS
 * /camera/realsense2_camera/accel_fps: -1
 * /camera/realsense2_camera/accel_frame_id: camera_accel_frame
 * /camera/realsense2_camera/accel_optical_frame_id: camera_accel_opti...
 * /camera/realsense2_camera/align_depth: True
 * /camera/realsense2_camera/aligned_depth_to_color_frame_id: camera_aligned_de...
 * /camera/realsense2_camera/aligned_depth_to_fisheye1_frame_id: camera_aligned_de...
 * /camera/realsense2_camera/aligned_depth_to_fisheye2_frame_id: camera_aligned_de...
 * /camera/realsense2_camera/aligned_depth_to_fisheye_frame_id: camera_aligned_de...
 * /camera/realsense2_camera/aligned_depth_to_infra1_frame_id: camera_aligned_de...
 * /camera/realsense2_camera/aligned_depth_to_infra2_frame_id: camera_aligned_de...
 * /camera/realsense2_camera/allow_no_texture_points: False
 * /camera/realsense2_camera/base_frame_id: camera_link
 * /camera/realsense2_camera/calib_odom_file: 
 * /camera/realsense2_camera/clip_distance: -2.0
 * /camera/realsense2_camera/color_fps: 30
 * /camera/realsense2_camera/color_frame_id: camera_color_frame
 * /camera/realsense2_camera/color_height: 480
 * /camera/realsense2_camera/color_optical_frame_id: camera_color_opti...
 * /camera/realsense2_camera/color_width: 640
 * /camera/realsense2_camera/confidence_fps: -1
 * /camera/realsense2_camera/confidence_height: -1
 * /camera/realsense2_camera/confidence_width: -1
 * /camera/realsense2_camera/depth_fps: 15
 * /camera/realsense2_camera/depth_frame_id: camera_depth_frame
 * /camera/realsense2_camera/depth_height: 480
 * /camera/realsense2_camera/depth_optical_frame_id: camera_depth_opti...
 * /camera/realsense2_camera/depth_width: 640
 * /camera/realsense2_camera/device_type: d435
 * /camera/realsense2_camera/enable_accel: False
 * /camera/realsense2_camera/enable_color: True
 * /camera/realsense2_camera/enable_confidence: False
 * /camera/realsense2_camera/enable_depth: True
 * /camera/realsense2_camera/enable_fisheye1: False
 * /camera/realsense2_camera/enable_fisheye2: False
 * /camera/realsense2_camera/enable_fisheye: False
 * /camera/realsense2_camera/enable_gyro: False
 * /camera/realsense2_camera/enable_infra1: False
 * /camera/realsense2_camera/enable_infra2: False
 * /camera/realsense2_camera/enable_infra: False
 * /camera/realsense2_camera/enable_pointcloud: True
 * /camera/realsense2_camera/enable_pose: False
 * /camera/realsense2_camera/enable_sync: True
 * /camera/realsense2_camera/filters: 
 * /camera/realsense2_camera/fisheye1_frame_id: camera_fisheye1_f...
 * /camera/realsense2_camera/fisheye1_optical_frame_id: camera_fisheye1_o...
 * /camera/realsense2_camera/fisheye2_frame_id: camera_fisheye2_f...
 * /camera/realsense2_camera/fisheye2_optical_frame_id: camera_fisheye2_o...
 * /camera/realsense2_camera/fisheye_fps: -1
 * /camera/realsense2_camera/fisheye_frame_id: camera_fisheye_frame
 * /camera/realsense2_camera/fisheye_height: -1
 * /camera/realsense2_camera/fisheye_optical_frame_id: camera_fisheye_op...
 * /camera/realsense2_camera/fisheye_width: -1
 * /camera/realsense2_camera/gyro_fps: -1
 * /camera/realsense2_camera/gyro_frame_id: camera_gyro_frame
 * /camera/realsense2_camera/gyro_optical_frame_id: camera_gyro_optic...
 * /camera/realsense2_camera/imu_optical_frame_id: camera_imu_optica...
 * /camera/realsense2_camera/infra1_frame_id: camera_infra1_frame
 * /camera/realsense2_camera/infra1_optical_frame_id: camera_infra1_opt...
 * /camera/realsense2_camera/infra2_frame_id: camera_infra2_frame
 * /camera/realsense2_camera/infra2_optical_frame_id: camera_infra2_opt...
 * /camera/realsense2_camera/infra_fps: 30
 * /camera/realsense2_camera/infra_height: 480
 * /camera/realsense2_camera/infra_rgb: False
 * /camera/realsense2_camera/infra_width: 848
 * /camera/realsense2_camera/initial_reset: False
 * /camera/realsense2_camera/json_file_path: 
 * /camera/realsense2_camera/linear_accel_cov: 0.01
 * /camera/realsense2_camera/odom_frame_id: camera_odom_frame
 * /camera/realsense2_camera/ordered_pc: False
 * /camera/realsense2_camera/pointcloud_texture_index: 0
 * /camera/realsense2_camera/pointcloud_texture_stream: RS2_STREAM_ANY
 * /camera/realsense2_camera/pose_frame_id: camera_pose_frame
 * /camera/realsense2_camera/pose_optical_frame_id: camera_pose_optic...
 * /camera/realsense2_camera/publish_odom_tf: True
 * /camera/realsense2_camera/publish_tf: True
 * /camera/realsense2_camera/reconnect_timeout: 6.0
 * /camera/realsense2_camera/rosbag_filename: 
 * /camera/realsense2_camera/serial_no: 233522078111
 * /camera/realsense2_camera/stereo_module/exposure/1: 7500
 * /camera/realsense2_camera/stereo_module/exposure/2: 1
 * /camera/realsense2_camera/stereo_module/gain/1: 16
 * /camera/realsense2_camera/stereo_module/gain/2: 16
 * /camera/realsense2_camera/tf_publish_rate: 0.0
 * /camera/realsense2_camera/topic_odom_in: odom_in
 * /camera/realsense2_camera/unite_imu_method: 
 * /camera/realsense2_camera/usb_port_id: 2-1.4
 * /camera/realsense2_camera/wait_for_device_timeout: 8.0
 * /elfin_vision/citrus_rgbd_node/backend: auto
 * /elfin_vision/citrus_rgbd_node/class_names/0: citrus
 * /elfin_vision/citrus_rgbd_node/class_names/1: tree
 * /elfin_vision/citrus_rgbd_node/confidence: 0.35
 * /elfin_vision/citrus_rgbd_node/depth_max_m: 4.0
 * /elfin_vision/citrus_rgbd_node/depth_min_m: 0.2
 * /elfin_vision/citrus_rgbd_node/depth_min_samples: 20
 * /elfin_vision/citrus_rgbd_node/depth_roi_scale: 0.35
 * /elfin_vision/citrus_rgbd_node/device: auto
 * /elfin_vision/citrus_rgbd_node/engine_path: /home/jetson/elfi...
 * /elfin_vision/citrus_rgbd_node/engine_sha256: c876f0927ac1eb12e...
 * /elfin_vision/citrus_rgbd_node/image_size: 640
 * /elfin_vision/citrus_rgbd_node/iou: 0.45
 * /elfin_vision/citrus_rgbd_node/max_inference_hz: 8.0
 * /elfin_vision/citrus_rgbd_node/model_path: /home/jetson/elfi...
 * /elfin_vision/citrus_rgbd_node/model_repo: 
 * /elfin_vision/citrus_rgbd_node/model_sha256: 507821ee21f312497...
 * /elfin_vision/citrus_rgbd_node/publish_annotated_image: True
 * /elfin_vision/citrus_rgbd_node/remote_failure_limit: 3
 * /elfin_vision/citrus_rgbd_node/remote_preferred: True
 * /elfin_vision/citrus_rgbd_node/remote_retry_interval_s: 5.0
 * /elfin_vision/citrus_rgbd_node/remote_timeout_s: 0.8
 * /elfin_vision/citrus_rgbd_node/remote_token_file: /home/jetson/.con...
 * /elfin_vision/citrus_rgbd_node/remote_url: http://aiseon.loc...
 * /elfin_vision/citrus_rgbd_node/target_class_ids: []
 * /elfin_vision/citrus_rgbd_node/target_frame: elfin_base_link
 * /elfin_vision/citrus_rgbd_node/target_labels: ['citrus', 'orang...
 * /rosdistro: noetic
 * /rosversion: 1.16.0

NODES
  /camera/
    realsense2_camera (nodelet/nodelet)
    realsense2_camera_manager (nodelet/nodelet)
  /elfin_vision/
    citrus_rgbd_node (elfin_vision/citrus_rgbd_node.py)

[1mROS_MASTER_URI=http://localhost:11311[0m
]2;/home/jetson/ros_ws/src/elfin_vision/launch/citrus_sensor_runtime.launch http://localhost:11311
[1mprocess[camera/realsense2_camera_manager-1]: started with pid [324044][0m
[1mprocess[camera/realsense2_camera-2]: started with pid [324048][0m
[1mprocess[elfin_vision/citrus_rgbd_node-3]: started with pid [324056][0m
[elfin_vision/citrus_rgbd_node-3] killing on exit
[camera/realsense2_camera-2] killing on exit
[camera/realsense2_camera_manager-1] killing on exit
shutting down processing monitor...
... shutting down processing monitor complete
[1mdone[0m
