Starting isolated D455 motion stream without reset.
[0m[INFO] [1786436268.264658734]: Initializing nodelet with 32 worker threads.[0m
[0m[INFO] [1786436268.433179045]: RealSense ROS v2.3.2[0m
[0m[INFO] [1786436268.433213821]: Built with LibRealSense v2.55.1[0m
[0m[INFO] [1786436268.433227849]: Running with LibRealSense v2.55.1[0m
[0m[INFO] [1786436268.459296500]:  [0m
[0m[INFO] [1786436268.464318615]: Device with serial number 234222302617 was found.
[0m
[0m[INFO] [1786436268.464338677]: Device with physical ID /sys/devices/pci0000:00/0000:00:14.0/usb2/2-3/2-3:1.0/video4linux/video0 was found.[0m
[0m[INFO] [1786436268.464342636]: Device with name Intel RealSense D455 was found.[0m
[0m[INFO] [1786436268.464466370]: Device with port number 2-3 was found.[0m
[0m[INFO] [1786436268.464478185]: Device USB type: 3.2[0m
[0m[INFO] [1786436268.465380454]: getParameters...[0m
[0m[INFO] [1786436268.484304948]: setupDevice...[0m
[0m[INFO] [1786436268.484328626]: JSON file is not provided[0m
[0m[INFO] [1786436268.484337548]: ROS Node Namespace: camera_imu[0m
[0m[INFO] [1786436268.484348731]: Device Name: Intel RealSense D455[0m
[0m[INFO] [1786436268.484355891]: Device Serial No: 234222302617[0m
[0m[INFO] [1786436268.484378768]: Device physical port: /sys/devices/pci0000:00/0000:00:14.0/usb2/2-3/2-3:1.0/video4linux/video0[0m
[0m[INFO] [1786436268.484386599]: Device FW version: 5.17.3.10[0m
[0m[INFO] [1786436268.484393963]: Device Product ID: 0x0B5C[0m
[0m[INFO] [1786436268.484400678]: Enable PointCloud: Off[0m
[0m[INFO] [1786436268.484407804]: Align Depth: Off[0m
[0m[INFO] [1786436268.484417181]: Sync Mode: Off[0m
[0m[INFO] [1786436268.484446695]: Device Sensors: [0m
[0m[INFO] [1786436268.489281546]: Stereo Module was found.[0m
[0m[INFO] [1786436268.492392291]: RGB Camera was found.[0m
[0m[INFO] [1786436268.492534372]: Motion Module was found.[0m
[0m[INFO] [1786436268.492556175]: num_filters: 0[0m
[0m[INFO] [1786436268.492567575]: Setting Dynamic reconfig parameters.[0m
[0m[INFO] [1786436268.531366542]: Done Setting Dynamic reconfig parameters.[0m
[0m[INFO] [1786436268.531457652]: gyro stream is enabled - fps: 200[0m
[0m[INFO] [1786436268.531474662]: accel stream is enabled - fps: 100[0m
[0m[INFO] [1786436268.531492488]: setupPublishers...[0m
[0m[INFO] [1786436268.533648555]: setupStreams...[0m
 11/08 08:17:48,534 WARNING [140598566913792] (ds-calib-parsers.cpp:35) IMU Calibration is not available, default intrinsic and extrinsic will be used.
[0m[INFO] [1786436268.535974066]: SELECTED BASE:Depth, 0[0m
[0m[INFO] [1786436268.538425137]: RealSense Node Is Up![0m
[33m[WARN] [1786436268.643171930]: [0m
D455 motion stream ready: /camera_imu/gyro/sample + /camera_imu/accel/sample
[0m[INFO] [1786436271.894872197]: Initializing nodelet with 32 worker threads.[0m
[0m[INFO] [1786436271.943042424]: RealSense ROS v2.3.2[0m
[0m[INFO] [1786436271.943063373]: Built with LibRealSense v2.55.1[0m
[0m[INFO] [1786436271.943069326]: Running with LibRealSense v2.55.1[0m
[0m[INFO] [1786436271.963411541]:  [0m
[0m[INFO] [1786436271.981683509]: Device with serial number 234222302617 was found.
[0m
[0m[INFO] [1786436271.981724283]: Device with physical ID /sys/devices/pci0000:00/0000:00:14.0/usb2/2-3/2-3:1.0/video4linux/video0 was found.[0m
[0m[INFO] [1786436271.981734704]: Device with name Intel RealSense D455 was found.[0m
[0m[INFO] [1786436271.981949757]: Device with port number 2-3 was found.[0m
[0m[INFO] [1786436271.981977331]: Device USB type: 3.2[0m
[0m[INFO] [1786436271.983146278]: getParameters...[0m
[0m[INFO] [1786436272.010214921]: setupDevice...[0m
[0m[INFO] [1786436272.010235158]: JSON file is not provided[0m
[0m[INFO] [1786436272.010241087]: ROS Node Namespace: camera[0m
[0m[INFO] [1786436272.010249470]: Device Name: Intel RealSense D455[0m
[0m[INFO] [1786436272.010254978]: Device Serial No: 234222302617[0m
[0m[INFO] [1786436272.010261643]: Device physical port: /sys/devices/pci0000:00/0000:00:14.0/usb2/2-3/2-3:1.0/video4linux/video0[0m
[0m[INFO] [1786436272.010267564]: Device FW version: 5.17.3.10[0m
[0m[INFO] [1786436272.010273280]: Device Product ID: 0x0B5C[0m
[0m[INFO] [1786436272.010279488]: Enable PointCloud: On[0m
[0m[INFO] [1786436272.010285112]: Align Depth: On[0m
[0m[INFO] [1786436272.010290017]: Sync Mode: On[0m
[0m[INFO] [1786436272.010316960]: Device Sensors: [0m
[0m[INFO] [1786436272.013853423]: Stereo Module was found.[0m
[0m[INFO] [1786436272.016398731]: RGB Camera was found.[0m
[0m[INFO] [1786436272.016509404]: Motion Module was found.[0m
[0m[INFO] [1786436272.016548716]: Add Filter: pointcloud[0m
[0m[INFO] [1786436272.016586986]: num_filters: 2[0m
[0m[INFO] [1786436272.016594771]: Setting Dynamic reconfig parameters.[0m
[0m[INFO] [1786436272.055240789]: Done Setting Dynamic reconfig parameters.[0m
[0m[INFO] [1786436272.055571270]: depth stream is enabled - width: 640, height: 480, fps: 5, Format: Z16[0m
[0m[INFO] [1786436272.055857522]: color stream is enabled - width: 640, height: 480, fps: 15, Format: RGB8[0m
[0m[INFO] [1786436272.056589842]: setupPublishers...[0m
[0m[INFO] [1786436272.057983116]: Expected frequency for depth = 5.00000[0m
[0m[INFO] [1786436272.079290200]: Expected frequency for color = 15.00000[0m
[0m[INFO] [1786436272.090991678]: Expected frequency for aligned_depth_to_color = 15.00000[0m
[0m[INFO] [1786436272.101461005]: setupStreams...[0m
[0m[INFO] [1786436272.115883643]: SELECTED BASE:Depth, 0[0m
[0m[INFO] [1786436272.124204435]: RealSense Node Is Up![0m
[33m[WARN] [1786436272.679203045]: [0m
[0m[INFO] [1786436272.682642843]: publishing unordered pointcloud.[0m
[INFO] [1786436272.184747]: RGB-D vision status: starting:model_loading
[INFO] [1786436272.281863]: Loaded ONNX citrus model /home/catas/elfin_citrus_data/models/yolo26n_seg_converged_20260806/yolo26n_citrus_tree_best.onnx; classes={0: 'citrus', 1: 'tree'}; providers=['CPUExecutionProvider']
[INFO] [1786436272.282951]: Citrus model loading finished in 0.09 s: model_ready:onnxruntime
[INFO] [1786436285.026546]: RGB-D vision status: model_ready:onnxruntime targets:2 depth:2 tf:2 semantic_masks:4
