Starting isolated D455 motion stream without reset.
[0m[INFO] [1786419110.669640433]: Initializing nodelet with 32 worker threads.[0m
[0m[INFO] [1786419110.741939052]: RealSense ROS v2.3.2[0m
[0m[INFO] [1786419110.741961433]: Built with LibRealSense v2.55.1[0m
[0m[INFO] [1786419110.741975009]: Running with LibRealSense v2.55.1[0m
[0m[INFO] [1786419110.763315431]:  [0m
[0m[INFO] [1786419110.769396633]: Device with serial number 234222302617 was found.
[0m
[0m[INFO] [1786419110.769412860]: Device with physical ID /sys/devices/pci0000:00/0000:00:14.0/usb2/2-3/2-3:1.0/video4linux/video0 was found.[0m
[0m[INFO] [1786419110.769421313]: Device with name Intel RealSense D455 was found.[0m
[0m[INFO] [1786419110.769560970]: Device with port number 2-3 was found.[0m
[0m[INFO] [1786419110.769574732]: Device USB type: 3.2[0m
[0m[INFO] [1786419110.770794883]: getParameters...[0m
[0m[INFO] [1786419110.808941722]: setupDevice...[0m
[0m[INFO] [1786419110.808982771]: JSON file is not provided[0m
[0m[INFO] [1786419110.809001598]: ROS Node Namespace: camera_imu[0m
[0m[INFO] [1786419110.809021255]: Device Name: Intel RealSense D455[0m
[0m[INFO] [1786419110.809036341]: Device Serial No: 234222302617[0m
[0m[INFO] [1786419110.809068899]: Device physical port: /sys/devices/pci0000:00/0000:00:14.0/usb2/2-3/2-3:1.0/video4linux/video0[0m
[0m[INFO] [1786419110.809086737]: Device FW version: 5.17.3.10[0m
[0m[INFO] [1786419110.809112029]: Device Product ID: 0x0B5C[0m
[0m[INFO] [1786419110.809131448]: Enable PointCloud: Off[0m
[0m[INFO] [1786419110.809151262]: Align Depth: Off[0m
[0m[INFO] [1786419110.809170529]: Sync Mode: Off[0m
[0m[INFO] [1786419110.809226438]: Device Sensors: [0m
[0m[INFO] [1786419110.820469872]: Stereo Module was found.[0m
[0m[INFO] [1786419110.824867315]: RGB Camera was found.[0m
[0m[INFO] [1786419110.824999808]: Motion Module was found.[0m
[0m[INFO] [1786419110.825034658]: num_filters: 0[0m
[0m[INFO] [1786419110.825050112]: Setting Dynamic reconfig parameters.[0m
[0m[INFO] [1786419110.858035843]: Done Setting Dynamic reconfig parameters.[0m
[0m[INFO] [1786419110.858128920]: gyro stream is enabled - fps: 200[0m
[0m[INFO] [1786419110.858143861]: accel stream is enabled - fps: 100[0m
[0m[INFO] [1786419110.858162743]: setupPublishers...[0m
[0m[INFO] [1786419110.859838892]: setupStreams...[0m
 11/08 03:31:50,860 WARNING [140566260561664] (ds-calib-parsers.cpp:35) IMU Calibration is not available, default intrinsic and extrinsic will be used.
[0m[INFO] [1786419110.861658390]: SELECTED BASE:Depth, 0[0m
[0m[INFO] [1786419110.863136547]: RealSense Node Is Up![0m
[33m[WARN] [1786419110.968456583]: [0m
D455 motion stream ready: /camera_imu/gyro/sample + /camera_imu/accel/sample
[0m[INFO] [1786419114.065586001]: Initializing nodelet with 32 worker threads.[0m
[0m[INFO] [1786419114.133593470]: RealSense ROS v2.3.2[0m
[0m[INFO] [1786419114.133616553]: Built with LibRealSense v2.55.1[0m
[0m[INFO] [1786419114.133628358]: Running with LibRealSense v2.55.1[0m
[0m[INFO] [1786419114.151225096]:  [0m
[0m[INFO] [1786419114.166029133]: Device with serial number 234222302617 was found.
[0m
[0m[INFO] [1786419114.166049088]: Device with physical ID /sys/devices/pci0000:00/0000:00:14.0/usb2/2-3/2-3:1.0/video4linux/video0 was found.[0m
[0m[INFO] [1786419114.166053271]: Device with name Intel RealSense D455 was found.[0m
[0m[INFO] [1786419114.166171006]: Device with port number 2-3 was found.[0m
[0m[INFO] [1786419114.166183284]: Device USB type: 3.2[0m
[0m[INFO] [1786419114.166992480]: getParameters...[0m
[0m[INFO] [1786419114.186298879]: setupDevice...[0m
[0m[INFO] [1786419114.186311974]: JSON file is not provided[0m
[0m[INFO] [1786419114.186316260]: ROS Node Namespace: camera[0m
[0m[INFO] [1786419114.186321178]: Device Name: Intel RealSense D455[0m
[0m[INFO] [1786419114.186324424]: Device Serial No: 234222302617[0m
[0m[INFO] [1786419114.186328889]: Device physical port: /sys/devices/pci0000:00/0000:00:14.0/usb2/2-3/2-3:1.0/video4linux/video0[0m
[0m[INFO] [1786419114.186333325]: Device FW version: 5.17.3.10[0m
[0m[INFO] [1786419114.186336802]: Device Product ID: 0x0B5C[0m
[0m[INFO] [1786419114.186339884]: Enable PointCloud: On[0m
[0m[INFO] [1786419114.186343073]: Align Depth: On[0m
[0m[INFO] [1786419114.186346089]: Sync Mode: On[0m
[0m[INFO] [1786419114.186365910]: Device Sensors: [0m
[0m[INFO] [1786419114.189119331]: Stereo Module was found.[0m
[0m[INFO] [1786419114.191114659]: RGB Camera was found.[0m
[0m[INFO] [1786419114.191183933]: Motion Module was found.[0m
[0m[INFO] [1786419114.191207083]: Add Filter: pointcloud[0m
[0m[INFO] [1786419114.191234934]: num_filters: 2[0m
[0m[INFO] [1786419114.191242534]: Setting Dynamic reconfig parameters.[0m
[0m[INFO] [1786419114.221882815]: Done Setting Dynamic reconfig parameters.[0m
[33m[WARN] [1786419114.221992112]: Given stream configuration is not supported by the device!  Stream: Depth, Stream Index: 0, Width: 640, Height: 480, FPS: 10, Format: Z16[0m
[33m[WARN] [1786419114.222000362]: Using default profile instead.[0m
[0m[INFO] [1786419114.222226495]: depth stream is enabled - width: 848, height: 480, fps: 30, Format: Z16[0m
[0m[INFO] [1786419114.222454607]: color stream is enabled - width: 640, height: 480, fps: 15, Format: RGB8[0m
[0m[INFO] [1786419114.223208828]: setupPublishers...[0m
[0m[INFO] [1786419114.224315253]: Expected frequency for depth = 30.00000[0m
[0m[INFO] [1786419114.239370467]: Expected frequency for color = 15.00000[0m
[0m[INFO] [1786419114.252179452]: Expected frequency for aligned_depth_to_color = 15.00000[0m
[0m[INFO] [1786419114.261786490]: setupStreams...[0m
[0m[INFO] [1786419114.292474355]: SELECTED BASE:Depth, 0[0m
[0m[INFO] [1786419114.295004448]: RealSense Node Is Up![0m
[33m[WARN] [1786419114.535092151]: [0m
[0m[INFO] [1786419114.545462679]: publishing unordered pointcloud.[0m
[INFO] [1786419114.334237]: RGB-D vision status: starting:model_loading
[INFO] [1786419114.474291]: Loaded ONNX citrus model /home/catas/elfin_citrus_data/models/yolo26n_seg_converged_20260806/yolo26n_citrus_tree_best.onnx; classes={0: 'citrus', 1: 'tree'}; providers=['CPUExecutionProvider']
[INFO] [1786419114.475438]: Citrus model loading finished in 0.13 s: model_ready:onnxruntime
[INFO] [1786419119.903346]: RGB-D vision status: model_ready:onnxruntime targets:0 depth:0 tf:0 semantic_masks:1
[INFO] [1786419124.945200]: RGB-D vision status: model_ready:onnxruntime targets:0 depth:0 tf:0 semantic_masks:1
[INFO] [1786419130.433695]: RGB-D vision status: model_ready:onnxruntime targets:0 depth:0 tf:0 semantic_masks:0
[INFO] [1786419135.698298]: RGB-D vision status: model_ready:onnxruntime targets:0 depth:0 tf:0 semantic_masks:0
[INFO] [1786419141.296906]: RGB-D vision status: model_ready:onnxruntime targets:0 depth:0 tf:0 semantic_masks:0
[INFO] [1786419146.551950]: RGB-D vision status: model_ready:onnxruntime targets:0 depth:0 tf:0 semantic_masks:1
[INFO] [1786419151.604505]: RGB-D vision status: model_ready:onnxruntime targets:0 depth:0 tf:0 semantic_masks:0
[INFO] [1786419156.838957]: RGB-D vision status: model_ready:onnxruntime targets:0 depth:0 tf:0 semantic_masks:0
[INFO] [1786419161.847146]: RGB-D vision status: model_ready:onnxruntime targets:0 depth:0 tf:0 semantic_masks:1
[INFO] [1786419166.864864]: RGB-D vision status: model_ready:onnxruntime targets:1 depth:1 tf:1 semantic_masks:2
[INFO] [1786419172.260338]: RGB-D vision status: model_ready:onnxruntime targets:0 depth:0 tf:0 semantic_masks:0
[INFO] [1786419177.345259]: RGB-D vision status: model_ready:onnxruntime targets:0 depth:0 tf:0 semantic_masks:1
[INFO] [1786419182.625493]: RGB-D vision status: model_ready:onnxruntime targets:0 depth:0 tf:0 semantic_masks:1
[INFO] [1786419187.817842]: RGB-D vision status: model_ready:onnxruntime targets:0 depth:0 tf:0 semantic_masks:0
[INFO] [1786419192.849376]: RGB-D vision status: model_ready:onnxruntime targets:0 depth:0 tf:0 semantic_masks:0
[INFO] [1786419198.550195]: RGB-D vision status: model_ready:onnxruntime targets:0 depth:0 tf:0 semantic_masks:0
[INFO] [1786419203.750252]: RGB-D vision status: model_ready:onnxruntime targets:0 depth:0 tf:0 semantic_masks:1
[INFO] [1786419209.370376]: RGB-D vision status: model_ready:onnxruntime targets:0 depth:0 tf:0 semantic_masks:1
[INFO] [1786419214.386597]: RGB-D vision status: model_ready:onnxruntime targets:0 depth:0 tf:0 semantic_masks:1
[INFO] [1786419219.579346]: RGB-D vision status: model_ready:onnxruntime targets:0 depth:0 tf:0 semantic_masks:1
[INFO] [1786419224.701249]: RGB-D vision status: model_ready:onnxruntime targets:0 depth:0 tf:0 semantic_masks:0
[INFO] [1786419229.718896]: RGB-D vision status: model_ready:onnxruntime targets:0 depth:0 tf:0 semantic_masks:0
[INFO] [1786419235.010470]: RGB-D vision status: model_ready:onnxruntime targets:0 depth:0 tf:0 semantic_masks:1
[INFO] [1786419240.058546]: RGB-D vision status: model_ready:onnxruntime targets:0 depth:0 tf:0 semantic_masks:0
[INFO] [1786419247.536589]: RGB-D vision status: model_ready:onnxruntime targets:0 depth:0 tf:0 semantic_masks:1
[INFO] [1786419252.603627]: RGB-D vision status: model_ready:onnxruntime targets:0 depth:0 tf:0 semantic_masks:0
[INFO] [1786419257.857821]: RGB-D vision status: model_ready:onnxruntime targets:0 depth:0 tf:0 semantic_masks:1
[INFO] [1786419262.878851]: RGB-D vision status: model_ready:onnxruntime targets:0 depth:0 tf:0 semantic_masks:1
[INFO] [1786419268.223462]: RGB-D vision status: model_ready:onnxruntime targets:0 depth:0 tf:0 semantic_masks:1
[INFO] [1786419273.493134]: RGB-D vision status: model_ready:onnxruntime targets:0 depth:0 tf:0 semantic_masks:1
[INFO] [1786419278.561623]: RGB-D vision status: model_ready:onnxruntime targets:0 depth:0 tf:0 semantic_masks:1
[INFO] [1786419283.773709]: RGB-D vision status: model_ready:onnxruntime targets:0 depth:0 tf:0 semantic_masks:2
[INFO] [1786419288.836732]: RGB-D vision status: model_ready:onnxruntime targets:0 depth:0 tf:0 semantic_masks:2
[INFO] [1786419293.976659]: RGB-D vision status: model_ready:onnxruntime targets:0 depth:0 tf:0 semantic_masks:0
[INFO] [1786419298.991648]: RGB-D vision status: model_ready:onnxruntime targets:0 depth:0 tf:0 semantic_masks:1
[INFO] [1786419304.579163]: RGB-D vision status: model_ready:onnxruntime targets:0 depth:0 tf:0 semantic_masks:0
[INFO] [1786419309.790512]: RGB-D vision status: model_ready:onnxruntime targets:0 depth:0 tf:0 semantic_masks:1
[INFO] [1786419314.930328]: RGB-D vision status: model_ready:onnxruntime targets:0 depth:0 tf:0 semantic_masks:0
[INFO] [1786419320.123847]: RGB-D vision status: model_ready:onnxruntime targets:0 depth:0 tf:0 semantic_masks:0
[INFO] [1786419325.133676]: RGB-D vision status: model_ready:onnxruntime targets:0 depth:0 tf:0 semantic_masks:1
[INFO] [1786419330.595249]: RGB-D vision status: model_ready:onnxruntime targets:0 depth:0 tf:0 semantic_masks:0
[INFO] [1786419335.744473]: RGB-D vision status: model_ready:onnxruntime targets:0 depth:0 tf:0 semantic_masks:0
[INFO] [1786419341.485115]: RGB-D vision status: model_ready:onnxruntime targets:0 depth:0 tf:0 semantic_masks:0
[INFO] [1786419346.815888]: RGB-D vision status: model_ready:onnxruntime targets:0 depth:0 tf:0 semantic_masks:2
[INFO] [1786419352.490174]: RGB-D vision status: model_ready:onnxruntime targets:0 depth:0 tf:0 semantic_masks:0
[INFO] [1786419357.560755]: RGB-D vision status: model_ready:onnxruntime targets:0 depth:0 tf:0 semantic_masks:0
[INFO] [1786419362.610291]: RGB-D vision status: model_ready:onnxruntime targets:0 depth:0 tf:0 semantic_masks:1
[INFO] [1786419367.696709]: RGB-D vision status: model_ready:onnxruntime targets:0 depth:0 tf:0 semantic_masks:1
[INFO] [1786419372.709307]: RGB-D vision status: model_ready:onnxruntime targets:0 depth:0 tf:0 semantic_masks:1
[INFO] [1786419378.313942]: RGB-D vision status: model_ready:onnxruntime targets:0 depth:0 tf:0 semantic_masks:0
[INFO] [1786419383.437310]: RGB-D vision status: model_ready:onnxruntime targets:0 depth:0 tf:0 semantic_masks:1
[INFO] [1786419388.467835]: RGB-D vision status: model_ready:onnxruntime targets:0 depth:0 tf:0 semantic_masks:2
[INFO] [1786419393.542470]: RGB-D vision status: model_ready:onnxruntime targets:0 depth:0 tf:0 semantic_masks:0
[INFO] [1786419398.668250]: RGB-D vision status: model_ready:onnxruntime targets:0 depth:0 tf:0 semantic_masks:1
[INFO] [1786419404.217410]: RGB-D vision status: model_ready:onnxruntime targets:1 depth:1 tf:1 semantic_masks:2
[INFO] [1786419409.275851]: RGB-D vision status: model_ready:onnxruntime targets:2 depth:1 tf:1 semantic_masks:3
[INFO] [1786419415.546003]: RGB-D vision status: model_ready:onnxruntime targets:1 depth:0 tf:0 semantic_masks:2
[INFO] [1786419420.876892]: RGB-D vision status: model_ready:onnxruntime targets:1 depth:0 tf:0 semantic_masks:2
[INFO] [1786419426.026806]: RGB-D vision status: model_ready:onnxruntime targets:0 depth:0 tf:0 semantic_masks:2
[INFO] [1786419431.093688]: RGB-D vision status: model_ready:onnxruntime targets:0 depth:0 tf:0 semantic_masks:0
[INFO] [1786419436.174171]: RGB-D vision status: model_ready:onnxruntime targets:0 depth:0 tf:0 semantic_masks:2
[INFO] [1786419441.512281]: RGB-D vision status: model_ready:onnxruntime targets:0 depth:0 tf:0 semantic_masks:1
[INFO] [1786419446.585056]: RGB-D vision status: model_ready:onnxruntime targets:0 depth:0 tf:0 semantic_masks:1
[INFO] [1786419451.698549]: RGB-D vision status: model_ready:onnxruntime targets:0 depth:0 tf:0 semantic_masks:1
[INFO] [1786419456.785450]: RGB-D vision status: model_ready:onnxruntime targets:0 depth:0 tf:0 semantic_masks:1
[INFO] [1786419461.800081]: RGB-D vision status: model_ready:onnxruntime targets:0 depth:0 tf:0 semantic_masks:2
[INFO] [1786419467.111288]: RGB-D vision status: model_ready:onnxruntime targets:0 depth:0 tf:0 semantic_masks:2
[INFO] [1786419473.050475]: RGB-D vision status: model_ready:onnxruntime targets:0 depth:0 tf:0 semantic_masks:0
[INFO] [1786419478.392454]: RGB-D vision status: model_ready:onnxruntime targets:0 depth:0 tf:0 semantic_masks:0
 11/08 03:38:23,284 ERROR [139808198670080] (ds-options.cpp:93) Asic Temperature value is not valid!
 11/08 03:38:24,287 ERROR [139808198670080] (ds-options.cpp:93) Asic Temperature value is not valid!
 11/08 03:38:24,340 ERROR [139808349345536] (ds-options.cpp:93) Asic Temperature value is not valid!
 11/08 03:38:25,290 ERROR [139808198670080] (ds-options.cpp:93) Asic Temperature value is not valid!
[INFO] [1786419483.456952]: RGB-D vision status: model_ready:onnxruntime targets:0 depth:0 tf:0 semantic_masks:0
[INFO] [1786419488.808754]: RGB-D vision status: model_ready:onnxruntime targets:0 depth:0 tf:0 semantic_masks:1
[INFO] [1786419494.807387]: RGB-D vision status: model_ready:onnxruntime targets:0 depth:0 tf:0 semantic_masks:2
[INFO] [1786419501.952020]: RGB-D vision status: model_ready:onnxruntime targets:0 depth:0 tf:0 semantic_masks:1
[INFO] [1786419511.539294]: RGB-D vision status: model_ready:onnxruntime targets:0 depth:0 tf:0 semantic_masks:1
[INFO] [1786419516.809835]: RGB-D vision status: model_ready:onnxruntime targets:0 depth:0 tf:0 semantic_masks:0
[INFO] [1786419522.164175]: RGB-D vision status: model_ready:onnxruntime targets:0 depth:0 tf:0 semantic_masks:1
[INFO] [1786419527.252927]: RGB-D vision status: model_ready:onnxruntime targets:0 depth:0 tf:0 semantic_masks:1
[INFO] [1786419532.312646]: RGB-D vision status: model_ready:onnxruntime targets:0 depth:0 tf:0 semantic_masks:2
[INFO] [1786419539.238360]: RGB-D vision status: model_ready:onnxruntime targets:0 depth:0 tf:0 semantic_masks:1
[INFO] [1786419544.248143]: RGB-D vision status: model_ready:onnxruntime targets:0 depth:0 tf:0 semantic_masks:2
[INFO] [1786419550.179816]: RGB-D vision status: model_ready:onnxruntime targets:0 depth:0 tf:0 semantic_masks:0
[INFO] [1786419555.727846]: RGB-D vision status: model_ready:onnxruntime targets:0 depth:0 tf:0 semantic_masks:1
[INFO] [1786419560.747267]: RGB-D vision status: model_ready:onnxruntime targets:0 depth:0 tf:0 semantic_masks:1
[INFO] [1786419566.064816]: RGB-D vision status: model_ready:onnxruntime targets:0 depth:0 tf:0 semantic_masks:3
[INFO] [1786419571.130499]: RGB-D vision status: model_ready:onnxruntime targets:0 depth:0 tf:0 semantic_masks:1
[INFO] [1786419576.144157]: RGB-D vision status: model_ready:onnxruntime targets:1 depth:1 tf:1 semantic_masks:2
[INFO] [1786419581.268496]: RGB-D vision status: model_ready:onnxruntime targets:0 depth:0 tf:0 semantic_masks:0
[INFO] [1786419586.619881]: RGB-D vision status: model_ready:onnxruntime targets:0 depth:0 tf:0 semantic_masks:1
[INFO] [1786419591.751003]: RGB-D vision status: model_ready:onnxruntime targets:0 depth:0 tf:0 semantic_masks:1
[INFO] [1786419596.893863]: RGB-D vision status: model_ready:onnxruntime targets:0 depth:0 tf:0 semantic_masks:1
[INFO] [1786419601.969043]: RGB-D vision status: model_ready:onnxruntime targets:0 depth:0 tf:0 semantic_masks:0
[INFO] [1786419607.184250]: RGB-D vision status: model_ready:onnxruntime targets:0 depth:0 tf:0 semantic_masks:0
[INFO] [1786419612.643119]: RGB-D vision status: model_ready:onnxruntime targets:0 depth:0 tf:0 semantic_masks:0
[INFO] [1786419617.646375]: RGB-D vision status: model_ready:onnxruntime targets:0 depth:0 tf:0 semantic_masks:1
[INFO] [1786419623.036150]: RGB-D vision status: model_ready:onnxruntime targets:0 depth:0 tf:0 semantic_masks:0
[INFO] [1786419628.116504]: RGB-D vision status: model_ready:onnxruntime targets:0 depth:0 tf:0 semantic_masks:1
[INFO] [1786419634.523430]: RGB-D vision status: model_ready:onnxruntime targets:0 depth:0 tf:0 semantic_masks:1
[INFO] [1786419639.788092]: RGB-D vision status: model_ready:onnxruntime targets:1 depth:0 tf:0 semantic_masks:2
[INFO] [1786419645.072158]: RGB-D vision status: model_ready:onnxruntime targets:0 depth:0 tf:0 semantic_masks:3
[INFO] [1786419650.236470]: RGB-D vision status: model_ready:onnxruntime targets:0 depth:0 tf:0 semantic_masks:2
[INFO] [1786419655.661573]: RGB-D vision status: model_ready:onnxruntime targets:0 depth:0 tf:0 semantic_masks:3
[INFO] [1786419661.027697]: RGB-D vision status: model_ready:onnxruntime targets:0 depth:0 tf:0 semantic_masks:1
[INFO] [1786419667.894780]: RGB-D vision status: model_ready:onnxruntime targets:0 depth:0 tf:0 semantic_masks:2
[INFO] [1786419675.486580]: RGB-D vision status: model_ready:onnxruntime targets:0 depth:0 tf:0 semantic_masks:1
[INFO] [1786419681.304369]: RGB-D vision status: model_ready:onnxruntime targets:0 depth:0 tf:0 semantic_masks:0
[INFO] [1786419686.504776]: RGB-D vision status: model_ready:onnxruntime targets:0 depth:0 tf:0 semantic_masks:0
[INFO] [1786419691.710260]: RGB-D vision status: model_ready:onnxruntime targets:0 depth:0 tf:0 semantic_masks:2
[INFO] [1786419697.033811]: RGB-D vision status: model_ready:onnxruntime targets:0 depth:0 tf:0 semantic_masks:1
[INFO] [1786419702.259236]: RGB-D vision status: model_ready:onnxruntime targets:0 depth:0 tf:0 semantic_masks:0
[INFO] [1786419707.542989]: RGB-D vision status: model_ready:onnxruntime targets:0 depth:0 tf:0 semantic_masks:1
[INFO] [1786419712.879379]: RGB-D vision status: model_ready:onnxruntime targets:0 depth:0 tf:0 semantic_masks:1
[INFO] [1786419718.074952]: RGB-D vision status: model_ready:onnxruntime targets:0 depth:0 tf:0 semantic_masks:0
[INFO] [1786419723.149155]: RGB-D vision status: model_ready:onnxruntime targets:0 depth:0 tf:0 semantic_masks:2
[INFO] [1786419730.126572]: RGB-D vision status: model_ready:onnxruntime targets:0 depth:0 tf:0 semantic_masks:2
[INFO] [1786419735.224516]: RGB-D vision status: model_ready:onnxruntime targets:0 depth:0 tf:0 semantic_masks:2
[INFO] [1786419740.279929]: RGB-D vision status: model_ready:onnxruntime targets:0 depth:0 tf:0 semantic_masks:2
[INFO] [1786419745.384637]: RGB-D vision status: model_ready:onnxruntime targets:0 depth:0 tf:0 semantic_masks:0
[INFO] [1786419750.974502]: RGB-D vision status: model_ready:onnxruntime targets:0 depth:0 tf:0 semantic_masks:2
[INFO] [1786419756.427289]: RGB-D vision status: model_ready:onnxruntime targets:0 depth:0 tf:0 semantic_masks:1
[INFO] [1786419761.507107]: RGB-D vision status: model_ready:onnxruntime targets:0 depth:0 tf:0 semantic_masks:2
[INFO] [1786419769.323406]: RGB-D vision status: model_ready:onnxruntime targets:0 depth:0 tf:0 semantic_masks:0
[INFO] [1786419774.796870]: RGB-D vision status: model_ready:onnxruntime targets:1 depth:1 tf:1 semantic_masks:3
[INFO] [1786419780.127643]: RGB-D vision status: model_ready:onnxruntime targets:0 depth:0 tf:0 semantic_masks:1
[INFO] [1786419805.814800]: RGB-D vision status: model_ready:onnxruntime targets:1 depth:1 tf:1 semantic_masks:2
[INFO] [1786419871.071114]: RGB-D vision status: model_ready:onnxruntime targets:0 depth:0 tf:0 semantic_masks:2
[INFO] [1786419898.277745]: RGB-D vision status: model_ready:onnxruntime targets:0 depth:0 tf:0 semantic_masks:2
