[0m[ INFO] [1785285960.597175339]: Initializing nodelet with 8 worker threads.[0m
[0m[ INFO] [1785285960.854594088]: RealSense ROS v2.3.2[0m
[0m[ INFO] [1785285960.854797002]: Built with LibRealSense v2.55.1[0m
[0m[ INFO] [1785285960.854881643]: Running with LibRealSense v2.55.1[0m
[0m[ INFO] [1785285960.900168607]:  [0m
[0m[ INFO] [1785285960.940423025]: Device with serial number 233522078111 was found.
[0m
[0m[ INFO] [1785285960.941490175]: Device with physical ID /sys/devices/platform/3610000.xhci/usb2/2-1/2-1.4/2-1.4:1.0/video4linux/video0 was found.[0m
[0m[ INFO] [1785285960.941610145]: Device with name Intel RealSense D435 was found.[0m
[0m[ INFO] [1785285960.942380235]: Device with port number 2-1.4 was found.[0m
[0m[ INFO] [1785285960.942531437]: Device USB type: 3.2[0m
[0m[ INFO] [1785285960.946143293]: getParameters...[0m
[0m[ INFO] [1785285961.030460946]: setupDevice...[0m
[0m[ INFO] [1785285961.030663733]: JSON file is not provided[0m
[0m[ INFO] [1785285961.030741814]: ROS Node Namespace: camera[0m
[0m[ INFO] [1785285961.030827991]: Device Name: Intel RealSense D435[0m
[0m[ INFO] [1785285961.030908280]: Device Serial No: 233522078111[0m
[0m[ INFO] [1785285961.030980505]: Device physical port: /sys/devices/platform/3610000.xhci/usb2/2-1/2-1.4/2-1.4:1.0/video4linux/video0[0m
[0m[ INFO] [1785285961.031073050]: Device FW version: 5.13.0.55[0m
[0m[ INFO] [1785285961.031144219]: Device Product ID: 0x0B07[0m
[0m[ INFO] [1785285961.031210108]: Enable PointCloud: On[0m
[0m[ INFO] [1785285961.031273469]: Align Depth: On[0m
[0m[ INFO] [1785285961.031391551]: Sync Mode: On[0m
[0m[ INFO] [1785285961.031517312]: Device Sensors: [0m
[0m[ INFO] [1785285961.035677239]: Stereo Module was found.[0m
[0m[ INFO] [1785285961.040349524]: RGB Camera was found.[0m
[0m[ INFO] [1785285961.040594584]: Add Filter: pointcloud[0m
[0m[ INFO] [1785285961.040756154]: num_filters: 2[0m
[0m[ INFO] [1785285961.040851387]: Setting Dynamic reconfig parameters.[0m
[33m[ WARN] [1785285961.226047873]: Param '/camera/rgb_camera/power_line_frequency' has value 3 that is not in the enum { {50Hz: 1} {60Hz: 2} {Disabled: 0} }. Removing this parameter from dynamic reconfigure options.[0m
[0m[ INFO] [1785285961.248397127]: Done Setting Dynamic reconfig parameters.[0m
[0m[ INFO] [1785285961.249314483]: depth stream is enabled - width: 640, height: 480, fps: 6, Format: Z16[0m
[0m[ INFO] [1785285961.250006812]: color stream is enabled - width: 640, height: 480, fps: 6, Format: RGB8[0m
[0m[ INFO] [1785285961.250984041]: setupPublishers...[0m
[0m[ INFO] [1785285961.261217552]: Expected frequency for depth = 6.00000[0m
[0m[ INFO] [1785285961.313790180]: Expected frequency for color = 6.00000[0m
[0m[ INFO] [1785285961.371225208]: Expected frequency for aligned_depth_to_color = 6.00000[0m
[0m[ INFO] [1785285961.451613786]: setupStreams...[0m
[0m[ INFO] [1785285961.489671119]: SELECTED BASE:Depth, 0[0m
[0m[ INFO] [1785285961.510421216]: RealSense Node Is Up![0m
[33m[ WARN] [1785285961.881972794]: [0m
[0m[ INFO] [1785285962.207855419]: publishing unordered pointcloud.[0m
[33m[ WARN] [1785285964.255631045]: Hardware Notification:Depth stream start failure,1.78529e+12,Error,Hardware Error[0m
