[0m[INFO] [1785577847.200352606]: Initializing nodelet with 32 worker threads.[0m
[0m[INFO] [1785577847.253566272]: RealSense ROS v2.3.2[0m
[0m[INFO] [1785577847.253584325]: Built with LibRealSense v2.50.0[0m
[0m[INFO] [1785577847.253590796]: Running with LibRealSense v2.50.0[0m
[0m[INFO] [1785577847.275879590]:  [0m
[0m[INFO] [1785577847.348328978]: Device with serial number 233522078111 was found.
[0m
[0m[INFO] [1785577847.348361654]: Device with physical ID 2-3-10 was found.[0m
[0m[INFO] [1785577847.348391705]: Device with name Intel RealSense D435 was found.[0m
[0m[INFO] [1785577847.348705580]: Device with port number 2-3 was found.[0m
[0m[INFO] [1785577847.348734071]: Device USB type: 3.2[0m
[0m[INFO] [1785577847.349999059]: getParameters...[0m
[0m[INFO] [1785577847.366792613]: setupDevice...[0m
[0m[INFO] [1785577847.366809431]: JSON file is not provided[0m
[0m[INFO] [1785577847.366814785]: ROS Node Namespace: camera[0m
[0m[INFO] [1785577847.366821092]: Device Name: Intel RealSense D435[0m
[0m[INFO] [1785577847.366825185]: Device Serial No: 233522078111[0m
[0m[INFO] [1785577847.366829750]: Device physical port: 2-3-10[0m
[0m[INFO] [1785577847.366833559]: Device FW version: 05.13.00.55[0m
[0m[INFO] [1785577847.366837330]: Device Product ID: 0x0B07[0m
[0m[INFO] [1785577847.366840901]: Enable PointCloud: On[0m
[0m[INFO] [1785577847.366844714]: Align Depth: On[0m
[0m[INFO] [1785577847.366848251]: Sync Mode: On[0m
[0m[INFO] [1785577847.366872174]: Device Sensors: [0m
[0m[INFO] [1785577847.435062610]: Stereo Module was found.[0m
[0m[INFO] [1785577847.443409499]: RGB Camera was found.[0m
[0m[INFO] [1785577847.443886905]: Add Filter: pointcloud[0m
[0m[INFO] [1785577847.444566304]: num_filters: 2[0m
[0m[INFO] [1785577847.444597729]: Setting Dynamic reconfig parameters.[0m
[0m[INFO] [1785577850.561817109]: Done Setting Dynamic reconfig parameters.[0m
[33m[WARN] [1785577850.561964290]: Given stream configuration is not supported by the device!  Stream: Depth, Stream Index: 0, Width: 640, Height: 480, FPS: 10, Format: Z16[0m
[33m[WARN] [1785577850.561983912]: Using default profile instead.[0m
[0m[INFO] [1785577850.562387417]: depth stream is enabled - width: 848, height: 480, fps: 30, Format: Z16[0m
[0m[INFO] [1785577850.562848715]: color stream is enabled - width: 640, height: 480, fps: 15, Format: RGB8[0m
[0m[INFO] [1785577850.564172185]: setupPublishers...[0m
[0m[INFO] [1785577850.566197690]: Expected frequency for depth = 30.00000[0m
[0m[INFO] [1785577850.592354809]: Expected frequency for color = 15.00000[0m
[0m[INFO] [1785577850.606416469]: Expected frequency for aligned_depth_to_color = 15.00000[0m
[0m[INFO] [1785577850.625196797]: setupStreams...[0m
 01/08 09:50:50,869 WARNING [140161341970176] (messenger-libusb.cpp:42) control_transfer returned error, index: 768, error: Resource temporarily unavailable, number: 11
[0m[INFO] [1785577850.919874193]: SELECTED BASE:Depth, 0[0m
[0m[INFO] [1785577850.925957959]: RealSense Node Is Up![0m
[33m[WARN] [1785577850.987297864]: [0m
 01/08 09:50:50,987 WARNING [140161341970176] (messenger-libusb.cpp:42) control_transfer returned error, index: 768, error: Resource temporarily unavailable, number: 11
[0m[INFO] [1785577850.995070812]: publishing unordered pointcloud.[0m
 01/08 09:50:51,038 WARNING [140161341970176] (messenger-libusb.cpp:42) control_transfer returned error, index: 768, error: Resource temporarily unavailable, number: 11
 01/08 09:50:51,088 WARNING [140161341970176] (messenger-libusb.cpp:42) control_transfer returned error, index: 768, error: Resource temporarily unavailable, number: 11
 01/08 09:50:51,240 WARNING [140161341970176] (messenger-libusb.cpp:42) control_transfer returned error, index: 768, error: Resource temporarily unavailable, number: 11
 01/08 09:50:51,337 WARNING [140161341970176] (messenger-libusb.cpp:42) control_transfer returned error, index: 768, error: Resource temporarily unavailable, number: 11
 01/08 09:50:51,387 WARNING [140161341970176] (messenger-libusb.cpp:42) control_transfer returned error, index: 768, error: Resource temporarily unavailable, number: 11
 01/08 09:50:51,438 WARNING [140161341970176] (messenger-libusb.cpp:42) control_transfer returned error, index: 768, error: Resource temporarily unavailable, number: 11
 01/08 09:50:51,488 WARNING [140161341970176] (messenger-libusb.cpp:42) control_transfer returned error, index: 768, error: Resource temporarily unavailable, number: 11
 01/08 09:50:52,344 WARNING [140161341970176] (messenger-libusb.cpp:42) control_transfer returned error, index: 768, error: Resource temporarily unavailable, number: 11
 01/08 09:50:52,395 WARNING [140161341970176] (messenger-libusb.cpp:42) control_transfer returned error, index: 768, error: Resource temporarily unavailable, number: 11
 01/08 09:50:52,546 WARNING [140161341970176] (messenger-libusb.cpp:42) control_transfer returned error, index: 768, error: Resource temporarily unavailable, number: 11
 01/08 09:50:52,596 WARNING [140161341970176] (messenger-libusb.cpp:42) control_transfer returned error, index: 768, error: Resource temporarily unavailable, number: 11
 01/08 09:50:53,748 WARNING [140161341970176] (messenger-libusb.cpp:42) control_transfer returned error, index: 768, error: Resource temporarily unavailable, number: 11
 01/08 09:50:53,798 WARNING [140161341970176] (messenger-libusb.cpp:42) control_transfer returned error, index: 768, error: Resource temporarily unavailable, number: 11
 01/08 09:50:57,851 WARNING [140161341970176] (messenger-libusb.cpp:42) control_transfer returned error, index: 768, error: Resource temporarily unavailable, number: 11
 01/08 09:50:57,901 WARNING [140161341970176] (messenger-libusb.cpp:42) control_transfer returned error, index: 768, error: Resource temporarily unavailable, number: 11
 01/08 09:51:16,963 WARNING [140161341970176] (messenger-libusb.cpp:42) control_transfer returned error, index: 768, error: Resource temporarily unavailable, number: 11
 01/08 09:51:17,013 WARNING [140161341970176] (messenger-libusb.cpp:42) control_transfer returned error, index: 768, error: Resource temporarily unavailable, number: 11
 01/08 09:51:18,064 WARNING [140161341970176] (messenger-libusb.cpp:42) control_transfer returned error, index: 768, error: Resource temporarily unavailable, number: 11
 01/08 09:51:18,115 WARNING [140161341970176] (messenger-libusb.cpp:42) control_transfer returned error, index: 768, error: Resource temporarily unavailable, number: 11
 01/08 09:51:55,185 WARNING [140161341970176] (messenger-libusb.cpp:42) control_transfer returned error, index: 768, error: Resource temporarily unavailable, number: 11
[WARN] [1785577847.544408]: Remote inference unavailable, loading local fallback: [Errno -2] Name or service not known
[WARN] [1785577847.565419]: TensorRT unavailable, falling back to ONNX Runtime: No module named 'pycuda'
[WARN] [1785577851.419755]: Remote inference recovery probe failed; local inference continues and another probe will run in 5.0 s: [Errno -2] Name or service not known
[WARN] [1785577856.616189]: Remote inference recovery probe failed; local inference continues and another probe will run in 5.0 s: [Errno -2] Name or service not known
[WARN] [1785577861.694223]: Remote inference recovery probe failed; local inference continues and another probe will run in 5.0 s: [Errno -2] Name or service not known
[WARN] [1785577866.879534]: Remote inference recovery probe failed; local inference continues and another probe will run in 5.0 s: [Errno -2] Name or service not known
[WARN] [1785577871.947918]: Remote inference recovery probe failed; local inference continues and another probe will run in 5.0 s: [Errno -2] Name or service not known
[WARN] [1785577877.044428]: Remote inference recovery probe failed; local inference continues and another probe will run in 5.0 s: [Errno -2] Name or service not known
[WARN] [1785577882.250263]: Remote inference recovery probe failed; local inference continues and another probe will run in 5.0 s: [Errno -2] Name or service not known
[WARN] [1785577887.450296]: Remote inference recovery probe failed; local inference continues and another probe will run in 5.0 s: [Errno -2] Name or service not known
[WARN] [1785577892.633629]: Remote inference recovery probe failed; local inference continues and another probe will run in 5.0 s: [Errno -2] Name or service not known
[WARN] [1785577897.784133]: Remote inference recovery probe failed; local inference continues and another probe will run in 5.0 s: [Errno -2] Name or service not known
[WARN] [1785577902.846648]: Remote inference recovery probe failed; local inference continues and another probe will run in 5.0 s: [Errno -2] Name or service not known
[WARN] [1785577907.908531]: Remote inference recovery probe failed; local inference continues and another probe will run in 5.0 s: [Errno -2] Name or service not known
[WARN] [1785577912.995265]: Remote inference recovery probe failed; local inference continues and another probe will run in 5.0 s: [Errno -2] Name or service not known
[WARN] [1785577918.061286]: Remote inference recovery probe failed; local inference continues and another probe will run in 5.0 s: [Errno -2] Name or service not known
[WARN] [1785577923.150203]: Remote inference recovery probe failed; local inference continues and another probe will run in 5.0 s: [Errno -2] Name or service not known
[INFO] [1785577847.532798]: RGB-D vision status: starting:model_loading
[INFO] [1785577847.639383]: Loaded ONNX citrus model /home/catas/elfin_citrus_data/server_bundle_20260722/best_citrus_seg.onnx; classes={0: 'citrus', 1: 'tree'}; providers=['CPUExecutionProvider']
[INFO] [1785577847.640491]: Citrus model loading finished in 0.10 s: model_ready:onnxruntime
[INFO] [1785577864.897502]: RGB-D vision status: model_ready:onnxruntime targets:1 depth:0 tf:0
[INFO] [1785577872.220984]: RGB-D vision status: model_ready:onnxruntime targets:1 depth:0 tf:0
[INFO] [1785577878.647199]: RGB-D vision status: model_ready:onnxruntime targets:1 depth:1 tf:1
[INFO] [1785577887.025094]: RGB-D vision status: model_ready:onnxruntime targets:1 depth:1 tf:1
[INFO] [1785577893.182653]: RGB-D vision status: model_ready:onnxruntime targets:1 depth:1 tf:1
[INFO] [1785577898.189641]: RGB-D vision status: model_ready:onnxruntime targets:1 depth:1 tf:1
[INFO] [1785577903.538007]: RGB-D vision status: model_ready:onnxruntime targets:1 depth:1 tf:1
[INFO] [1785577908.616128]: RGB-D vision status: model_ready:onnxruntime targets:1 depth:1 tf:1
[INFO] [1785577913.682498]: RGB-D vision status: model_ready:onnxruntime targets:1 depth:1 tf:1
[INFO] [1785577919.288234]: RGB-D vision status: model_ready:onnxruntime targets:1 depth:1 tf:1
... logging to /home/catas/.ros/log/49378f6c-8d8a-11f1-a782-c4c6e661f1ab/roslaunch-catas-851.log
Checking log directory for disk usage. This may take a while.
Press Ctrl-C to interrupt
Done checking log file disk usage. Usage is <1GB.
]2;/home/catas/ros_ws/src/elfin_vision/launch/citrus_sensor_runtime.launch
[1mstarted roslaunch server http://127.0.0.1:34049/[0m

SUMMARY
========

PARAMETERS
 * /camera/realsense2_camera/accel_fps: -1
 * /camera/realsense2_camera/accel_frame_id: camera_accel_frame
 * /camera/realsense2_camera/accel_optical_frame_id: camera_accel_opti...
 * /camera/realsense2_camera/align_depth: True
 * /camera/realsense2_camera/aligned_depth_to_color_frame_id: camera_aligned_de...
 * /camera/realsense2_camera/aligned_depth_to_fisheye1_frame_id: camera_aligned_de...
 * /camera/realsense2_camera/aligned_depth_to_fisheye2_frame_id: camera_aligned_de...
 * /camera/realsense2_camera/aligned_depth_to_fisheye_frame_id: camera_aligned_de...
 * /camera/realsense2_camera/aligned_depth_to_infra1_frame_id: camera_aligned_de...
 * /camera/realsense2_camera/aligned_depth_to_infra2_frame_id: camera_aligned_de...
 * /camera/realsense2_camera/allow_no_texture_points: False
 * /camera/realsense2_camera/base_frame_id: camera_link
 * /camera/realsense2_camera/calib_odom_file: 
 * /camera/realsense2_camera/clip_distance: -2.0
 * /camera/realsense2_camera/color_fps: 15
 * /camera/realsense2_camera/color_frame_id: camera_color_frame
 * /camera/realsense2_camera/color_height: 480
 * /camera/realsense2_camera/color_optical_frame_id: camera_color_opti...
 * /camera/realsense2_camera/color_width: 640
 * /camera/realsense2_camera/confidence_fps: -1
 * /camera/realsense2_camera/confidence_height: -1
 * /camera/realsense2_camera/confidence_width: -1
 * /camera/realsense2_camera/depth_fps: 10
 * /camera/realsense2_camera/depth_frame_id: camera_depth_frame
 * /camera/realsense2_camera/depth_height: 480
 * /camera/realsense2_camera/depth_optical_frame_id: camera_depth_opti...
 * /camera/realsense2_camera/depth_width: 640
 * /camera/realsense2_camera/device_type: d435
 * /camera/realsense2_camera/enable_accel: False
 * /camera/realsense2_camera/enable_color: True
 * /camera/realsense2_camera/enable_confidence: False
 * /camera/realsense2_camera/enable_depth: True
 * /camera/realsense2_camera/enable_fisheye1: False
 * /camera/realsense2_camera/enable_fisheye2: False
 * /camera/realsense2_camera/enable_fisheye: False
 * /camera/realsense2_camera/enable_gyro: False
 * /camera/realsense2_camera/enable_infra1: False
 * /camera/realsense2_camera/enable_infra2: False
 * /camera/realsense2_camera/enable_infra: False
 * /camera/realsense2_camera/enable_pointcloud: True
 * /camera/realsense2_camera/enable_pose: False
 * /camera/realsense2_camera/enable_sync: True
 * /camera/realsense2_camera/filters: 
 * /camera/realsense2_camera/fisheye1_frame_id: camera_fisheye1_f...
 * /camera/realsense2_camera/fisheye1_optical_frame_id: camera_fisheye1_o...
 * /camera/realsense2_camera/fisheye2_frame_id: camera_fisheye2_f...
 * /camera/realsense2_camera/fisheye2_optical_frame_id: camera_fisheye2_o...
 * /camera/realsense2_camera/fisheye_fps: -1
 * /camera/realsense2_camera/fisheye_frame_id: camera_fisheye_frame
 * /camera/realsense2_camera/fisheye_height: -1
 * /camera/realsense2_camera/fisheye_optical_frame_id: camera_fisheye_op...
 * /camera/realsense2_camera/fisheye_width: -1
 * /camera/realsense2_camera/gyro_fps: -1
 * /camera/realsense2_camera/gyro_frame_id: camera_gyro_frame
 * /camera/realsense2_camera/gyro_optical_frame_id: camera_gyro_optic...
 * /camera/realsense2_camera/imu_optical_frame_id: camera_imu_optica...
 * /camera/realsense2_camera/infra1_frame_id: camera_infra1_frame
 * /camera/realsense2_camera/infra1_optical_frame_id: camera_infra1_opt...
 * /camera/realsense2_camera/infra2_frame_id: camera_infra2_frame
 * /camera/realsense2_camera/infra2_optical_frame_id: camera_infra2_opt...
 * /camera/realsense2_camera/infra_fps: 30
 * /camera/realsense2_camera/infra_height: 480
 * /camera/realsense2_camera/infra_rgb: False
 * /camera/realsense2_camera/infra_width: 848
 * /camera/realsense2_camera/initial_reset: False
 * /camera/realsense2_camera/json_file_path: 
 * /camera/realsense2_camera/linear_accel_cov: 0.01
 * /camera/realsense2_camera/odom_frame_id: camera_odom_frame
 * /camera/realsense2_camera/ordered_pc: False
 * /camera/realsense2_camera/pointcloud_texture_index: 0
 * /camera/realsense2_camera/pointcloud_texture_stream: RS2_STREAM_ANY
 * /camera/realsense2_camera/pose_frame_id: camera_pose_frame
 * /camera/realsense2_camera/pose_optical_frame_id: camera_pose_optic...
 * /camera/realsense2_camera/publish_odom_tf: True
 * /camera/realsense2_camera/publish_tf: True
 * /camera/realsense2_camera/reconnect_timeout: 6.0
 * /camera/realsense2_camera/rosbag_filename: 
 * /camera/realsense2_camera/serial_no: 233522078111
 * /camera/realsense2_camera/stereo_module/exposure/1: 7500
 * /camera/realsense2_camera/stereo_module/exposure/2: 1
 * /camera/realsense2_camera/stereo_module/gain/1: 16
 * /camera/realsense2_camera/stereo_module/gain/2: 16
 * /camera/realsense2_camera/tf_publish_rate: 0.0
 * /camera/realsense2_camera/topic_odom_in: odom_in
 * /camera/realsense2_camera/unite_imu_method: 
 * /camera/realsense2_camera/usb_port_id: 2-3
 * /camera/realsense2_camera/wait_for_device_timeout: 8.0
 * /elfin_vision/citrus_rgbd_node/backend: auto
 * /elfin_vision/citrus_rgbd_node/class_names/0: citrus
 * /elfin_vision/citrus_rgbd_node/class_names/1: tree
 * /elfin_vision/citrus_rgbd_node/confidence: 0.35
 * /elfin_vision/citrus_rgbd_node/depth_max_m: 4.0
 * /elfin_vision/citrus_rgbd_node/depth_min_m: 0.2
 * /elfin_vision/citrus_rgbd_node/depth_min_samples: 20
 * /elfin_vision/citrus_rgbd_node/depth_roi_scale: 0.35
 * /elfin_vision/citrus_rgbd_node/device: auto
 * /elfin_vision/citrus_rgbd_node/engine_path: /home/catas/elfin...
 * /elfin_vision/citrus_rgbd_node/engine_sha256: c876f0927ac1eb12e...
 * /elfin_vision/citrus_rgbd_node/image_size: 640
 * /elfin_vision/citrus_rgbd_node/iou: 0.45
 * /elfin_vision/citrus_rgbd_node/max_inference_hz: 8.0
 * /elfin_vision/citrus_rgbd_node/model_path: /home/catas/elfin...
 * /elfin_vision/citrus_rgbd_node/model_repo: 
 * /elfin_vision/citrus_rgbd_node/model_sha256: 507821ee21f312497...
 * /elfin_vision/citrus_rgbd_node/publish_annotated_image: True
 * /elfin_vision/citrus_rgbd_node/remote_failure_limit: 3
 * /elfin_vision/citrus_rgbd_node/remote_preferred: True
 * /elfin_vision/citrus_rgbd_node/remote_retry_interval_s: 5.0
 * /elfin_vision/citrus_rgbd_node/remote_timeout_s: 0.8
 * /elfin_vision/citrus_rgbd_node/remote_token_file: /home/catas/.conf...
 * /elfin_vision/citrus_rgbd_node/remote_url: http://aiseon.loc...
 * /elfin_vision/citrus_rgbd_node/target_class_ids: []
 * /elfin_vision/citrus_rgbd_node/target_frame: elfin_base_link
 * /elfin_vision/citrus_rgbd_node/target_labels: ['citrus', 'orang...
 * /rosdistro: noetic
 * /rosversion: 1.17.4

NODES
  /camera/
    realsense2_camera (nodelet/nodelet)
    realsense2_camera_manager (nodelet/nodelet)
  /elfin_vision/
    citrus_rgbd_node (elfin_vision/citrus_rgbd_node.py)

[1mROS_MASTER_URI=http://localhost:11311[0m
]2;/home/catas/ros_ws/src/elfin_vision/launch/citrus_sensor_runtime.launch http://localhost:11311
[1mprocess[camera/realsense2_camera_manager-1]: started with pid [901][0m
[1mprocess[camera/realsense2_camera-2]: started with pid [902][0m
[1mprocess[elfin_vision/citrus_rgbd_node-3]: started with pid [903][0m
[elfin_vision/citrus_rgbd_node-3] killing on exit
[camera/realsense2_camera-2] killing on exit
[camera/realsense2_camera_manager-1] killing on exit
shutting down processing monitor...
... shutting down processing monitor complete
[1mdone[0m
