Starting isolated D455 motion stream without reset.
[0m[INFO] [1786453746.809873180]: Initializing nodelet with 32 worker threads.[0m
[0m[INFO] [1786453746.864147838]: RealSense ROS v2.3.2[0m
[0m[INFO] [1786453746.864164196]: Built with LibRealSense v2.55.1[0m
[0m[INFO] [1786453746.864168979]: Running with LibRealSense v2.55.1[0m
[0m[INFO] [1786453746.883788211]:  [0m
[0m[INFO] [1786453746.890193592]: Device with serial number 234222302617 was found.
[0m
[0m[INFO] [1786453746.890213518]: Device with physical ID /sys/devices/pci0000:00/0000:00:14.0/usb2/2-3/2-3:1.0/video4linux/video0 was found.[0m
[0m[INFO] [1786453746.890217377]: Device with name Intel RealSense D455 was found.[0m
[0m[INFO] [1786453746.890326621]: Device with port number 2-3 was found.[0m
[0m[INFO] [1786453746.890338061]: Device USB type: 3.2[0m
[0m[INFO] [1786453746.891344987]: getParameters...[0m
[0m[INFO] [1786453746.907064433]: setupDevice...[0m
[0m[INFO] [1786453746.907080142]: JSON file is not provided[0m
[0m[INFO] [1786453746.907083987]: ROS Node Namespace: camera_imu[0m
[0m[INFO] [1786453746.907089039]: Device Name: Intel RealSense D455[0m
[0m[INFO] [1786453746.907092217]: Device Serial No: 234222302617[0m
[0m[INFO] [1786453746.907107364]: Device physical port: /sys/devices/pci0000:00/0000:00:14.0/usb2/2-3/2-3:1.0/video4linux/video0[0m
[0m[INFO] [1786453746.907110852]: Device FW version: 5.17.3.10[0m
[0m[INFO] [1786453746.907114023]: Device Product ID: 0x0B5C[0m
[0m[INFO] [1786453746.907116932]: Enable PointCloud: Off[0m
[0m[INFO] [1786453746.907119927]: Align Depth: Off[0m
[0m[INFO] [1786453746.907124076]: Sync Mode: Off[0m
[0m[INFO] [1786453746.907137211]: Device Sensors: [0m
[0m[INFO] [1786453746.909838589]: Stereo Module was found.[0m
[0m[INFO] [1786453746.911806032]: RGB Camera was found.[0m
[0m[INFO] [1786453746.911875963]: Motion Module was found.[0m
[0m[INFO] [1786453746.911885598]: num_filters: 0[0m
[0m[INFO] [1786453746.911915882]: Setting Dynamic reconfig parameters.[0m
[0m[INFO] [1786453746.940819411]: Done Setting Dynamic reconfig parameters.[0m
[0m[INFO] [1786453746.940875901]: gyro stream is enabled - fps: 200[0m
[0m[INFO] [1786453746.940880920]: accel stream is enabled - fps: 100[0m
[0m[INFO] [1786453746.940885609]: setupPublishers...[0m
[0m[INFO] [1786453746.941786828]: setupStreams...[0m
 11/08 13:09:06,942 WARNING [139796106749696] (ds-calib-parsers.cpp:35) IMU Calibration is not available, default intrinsic and extrinsic will be used.
[0m[INFO] [1786453746.942928442]: SELECTED BASE:Depth, 0[0m
[0m[INFO] [1786453746.943730265]: RealSense Node Is Up![0m
[33m[WARN] [1786453747.052945523]: [0m
D455 motion stream ready: /camera_imu/gyro/sample + /camera_imu/accel/sample
[0m[INFO] [1786453750.227768002]: Initializing nodelet with 32 worker threads.[0m
[0m[INFO] [1786453750.286159244]: RealSense ROS v2.3.2[0m
[0m[INFO] [1786453750.286178505]: Built with LibRealSense v2.55.1[0m
[0m[INFO] [1786453750.286185566]: Running with LibRealSense v2.55.1[0m
[0m[INFO] [1786453750.304995604]:  [0m
[0m[INFO] [1786453750.309587716]: Device with serial number 234222302617 was found.
[0m
[0m[INFO] [1786453750.309600976]: Device with physical ID /sys/devices/pci0000:00/0000:00:14.0/usb2/2-3/2-3:1.0/video4linux/video0 was found.[0m
[0m[INFO] [1786453750.309604896]: Device with name Intel RealSense D455 was found.[0m
[0m[INFO] [1786453750.309712621]: Device with port number 2-3 was found.[0m
[0m[INFO] [1786453750.309724362]: Device USB type: 3.2[0m
[0m[INFO] [1786453750.310298626]: getParameters...[0m
[0m[INFO] [1786453750.329186942]: setupDevice...[0m
[0m[INFO] [1786453750.329208852]: JSON file is not provided[0m
[0m[INFO] [1786453750.329217728]: ROS Node Namespace: camera[0m
[0m[INFO] [1786453750.329227686]: Device Name: Intel RealSense D455[0m
[0m[INFO] [1786453750.329235092]: Device Serial No: 234222302617[0m
[0m[INFO] [1786453750.329246717]: Device physical port: /sys/devices/pci0000:00/0000:00:14.0/usb2/2-3/2-3:1.0/video4linux/video0[0m
[0m[INFO] [1786453750.329254702]: Device FW version: 5.17.3.10[0m
[0m[INFO] [1786453750.329262211]: Device Product ID: 0x0B5C[0m
[0m[INFO] [1786453750.329269188]: Enable PointCloud: On[0m
[0m[INFO] [1786453750.329276368]: Align Depth: On[0m
[0m[INFO] [1786453750.329283341]: Sync Mode: On[0m
[0m[INFO] [1786453750.329311582]: Device Sensors: [0m
[0m[INFO] [1786453750.333981480]: Stereo Module was found.[0m
[0m[INFO] [1786453750.337098533]: RGB Camera was found.[0m
[0m[INFO] [1786453750.337214510]: Motion Module was found.[0m
[0m[INFO] [1786453750.337251788]: Add Filter: pointcloud[0m
[0m[INFO] [1786453750.337303043]: num_filters: 2[0m
[0m[INFO] [1786453750.337315794]: Setting Dynamic reconfig parameters.[0m
[0m[INFO] [1786453750.373654928]: Done Setting Dynamic reconfig parameters.[0m
[0m[INFO] [1786453750.374060621]: depth stream is enabled - width: 640, height: 480, fps: 5, Format: Z16[0m
[0m[INFO] [1786453750.374434199]: color stream is enabled - width: 640, height: 480, fps: 15, Format: RGB8[0m
[0m[INFO] [1786453750.375226678]: setupPublishers...[0m
[0m[INFO] [1786453750.376544333]: Expected frequency for depth = 5.00000[0m
[0m[INFO] [1786453750.406718820]: Expected frequency for color = 15.00000[0m
[0m[INFO] [1786453750.417659306]: Expected frequency for aligned_depth_to_color = 15.00000[0m
[0m[INFO] [1786453750.427978535]: setupStreams...[0m
[0m[INFO] [1786453750.460231761]: SELECTED BASE:Depth, 0[0m
[0m[INFO] [1786453750.467977235]: RealSense Node Is Up![0m
[33m[WARN] [1786453751.041279098]: [0m
[0m[INFO] [1786453751.044771989]: publishing unordered pointcloud.[0m
[INFO] [1786453750.515746]: RGB-D vision status: starting:model_loading
[INFO] [1786453750.598007]: Loaded ONNX citrus model /home/catas/elfin_citrus_data/models/yolo26n_seg_converged_20260806/yolo26n_citrus_tree_best.onnx; classes={0: 'citrus', 1: 'tree'}; providers=['CPUExecutionProvider']
[INFO] [1786453750.598888]: Citrus model loading finished in 0.07 s: model_ready:onnxruntime
[INFO] [1786453755.564399]: RGB-D vision status: model_ready:onnxruntime targets:0 depth:0 tf:0 semantic_masks:1
[INFO] [1786453760.660496]: RGB-D vision status: model_ready:onnxruntime targets:1 depth:0 tf:0 semantic_masks:1
[INFO] [1786453765.811588]: RGB-D vision status: model_ready:onnxruntime targets:0 depth:0 tf:0 semantic_masks:0
[INFO] [1786453773.788532]: RGB-D vision status: model_ready:onnxruntime targets:1 depth:1 tf:1 semantic_masks:1
[INFO] [1786453778.875984]: RGB-D vision status: model_ready:onnxruntime targets:0 depth:0 tf:0 semantic_masks:0
[INFO] [1786453784.695751]: RGB-D vision status: model_ready:onnxruntime targets:1 depth:0 tf:0 semantic_masks:1
[INFO] [1786453798.687134]: RGB-D vision status: model_ready:onnxruntime targets:1 depth:1 tf:1 semantic_masks:1
[INFO] [1786453803.705891]: RGB-D vision status: model_ready:onnxruntime targets:1 depth:1 tf:1 semantic_masks:1
[INFO] [1786453808.895964]: RGB-D vision status: model_ready:onnxruntime targets:0 depth:0 tf:0 semantic_masks:0
[INFO] [1786453814.117104]: RGB-D vision status: model_ready:onnxruntime targets:2 depth:0 tf:0 semantic_masks:2
[INFO] [1786453819.156544]: RGB-D vision status: model_ready:onnxruntime targets:1 depth:0 tf:0 semantic_masks:2
[INFO] [1786453824.558330]: RGB-D vision status: model_ready:onnxruntime targets:1 depth:0 tf:0 semantic_masks:2
[INFO] [1786453829.955983]: RGB-D vision status: model_ready:onnxruntime targets:1 depth:0 tf:0 semantic_masks:2
[INFO] [1786453835.856504]: RGB-D vision status: model_ready:onnxruntime targets:1 depth:0 tf:0 semantic_masks:2
